Archive member included because of file (symbol)

/home/z00250609/hybrid/5115_GPL/Hybrid_security_baseline/output/host/usr/lib/libsecapi.a(secapi.o)
                              /home/z00250609/hybrid/5115_GPL/Hybrid_security_baseline/output/package/host-cfgcodec/cfgcodec.o (ATP_SEC_DeleteContext)
/home/z00250609/hybrid/5115_GPL/Hybrid_security_baseline/output/host/usr/lib/libsecapi.a(seckmapi.o)
                              /home/z00250609/hybrid/5115_GPL/Hybrid_security_baseline/output/package/host-cfgcodec/cfgcodec.o (ATP_SEC_KM_GetKey)
/home/z00250609/hybrid/5115_GPL/Hybrid_security_baseline/output/host/usr/lib/libkey.a(key1.o)
                              /home/z00250609/hybrid/5115_GPL/Hybrid_security_baseline/output/host/usr/lib/libsecapi.a(seckmapi.o) (ATP_GetInfo1)
/home/z00250609/hybrid/5115_GPL/Hybrid_security_baseline/output/host/usr/lib/libkey.a(key2.o)
                              /home/z00250609/hybrid/5115_GPL/Hybrid_security_baseline/output/host/usr/lib/libsecapi.a(seckmapi.o) (ATP_GetInfo2)
/home/z00250609/hybrid/5115_GPL/Hybrid_security_baseline/output/host/usr/lib/libkey.a(key3.o)
                              /home/z00250609/hybrid/5115_GPL/Hybrid_security_baseline/output/host/usr/lib/libsecapi.a(seckmapi.o) (ATP_GetInfo3)
/home/z00250609/hybrid/5115_GPL/Hybrid_security_baseline/output/host/usr/lib/libkey.a(key4.o)
                              /home/z00250609/hybrid/5115_GPL/Hybrid_security_baseline/output/host/usr/lib/libsecapi.a(seckmapi.o) (ATP_GetInfo4)
/usr/lib/libc_nonshared.a(elf-init.oS)
                              /usr/lib/gcc/i586-suse-linux/4.3/../../../crt1.o (__libc_csu_fini)

Discarded input sections

 .note.GNU-stack
                0x0000000000000000        0x0 /usr/lib/gcc/i586-suse-linux/4.3/../../../crt1.o
 .debug_aranges
                0x0000000000000000       0x20 /usr/lib/gcc/i586-suse-linux/4.3/../../../crt1.o
 .debug_pubnames
                0x0000000000000000       0x25 /usr/lib/gcc/i586-suse-linux/4.3/../../../crt1.o
 .debug_info    0x0000000000000000       0xfa /usr/lib/gcc/i586-suse-linux/4.3/../../../crt1.o
 .debug_abbrev  0x0000000000000000       0x5f /usr/lib/gcc/i586-suse-linux/4.3/../../../crt1.o
 .debug_line    0x0000000000000000       0x82 /usr/lib/gcc/i586-suse-linux/4.3/../../../crt1.o
 .debug_str     0x0000000000000000       0xf5 /usr/lib/gcc/i586-suse-linux/4.3/../../../crt1.o
 .note.GNU-stack
                0x0000000000000000        0x0 /usr/lib/gcc/i586-suse-linux/4.3/../../../crti.o
 .note.GNU-stack
                0x0000000000000000        0x0 /usr/lib/gcc/i586-suse-linux/4.3/crtbegin.o
 .note.GNU-stack
                0x0000000000000000        0x0 /home/z00250609/hybrid/5115_GPL/Hybrid_security_baseline/output/package/host-cfgcodec/cfgcodec.o
 .note.GNU-stack
                0x0000000000000000        0x0 /home/z00250609/hybrid/5115_GPL/Hybrid_security_baseline/output/package/host-cfgcodec/ziputil.o
 .group         0x0000000000000000        0x8 /home/z00250609/hybrid/5115_GPL/Hybrid_security_baseline/output/host/usr/lib/libsecapi.a(secapi.o)
 .note.GNU-stack
                0x0000000000000000        0x0 /home/z00250609/hybrid/5115_GPL/Hybrid_security_baseline/output/host/usr/lib/libsecapi.a(secapi.o)
 .group         0x0000000000000000        0x8 /home/z00250609/hybrid/5115_GPL/Hybrid_security_baseline/output/host/usr/lib/libsecapi.a(seckmapi.o)
 .text.__i686.get_pc_thunk.bx
                0x0000000000000000        0x4 /home/z00250609/hybrid/5115_GPL/Hybrid_security_baseline/output/host/usr/lib/libsecapi.a(seckmapi.o)
 .note.GNU-stack
                0x0000000000000000        0x0 /home/z00250609/hybrid/5115_GPL/Hybrid_security_baseline/output/host/usr/lib/libsecapi.a(seckmapi.o)
 .group         0x0000000000000000        0x8 /home/z00250609/hybrid/5115_GPL/Hybrid_security_baseline/output/host/usr/lib/libkey.a(key1.o)
 .note.GNU-stack
                0x0000000000000000        0x0 /home/z00250609/hybrid/5115_GPL/Hybrid_security_baseline/output/host/usr/lib/libkey.a(key1.o)
 .group         0x0000000000000000        0x8 /home/z00250609/hybrid/5115_GPL/Hybrid_security_baseline/output/host/usr/lib/libkey.a(key2.o)
 .text.__i686.get_pc_thunk.cx
                0x0000000000000000        0x4 /home/z00250609/hybrid/5115_GPL/Hybrid_security_baseline/output/host/usr/lib/libkey.a(key2.o)
 .note.GNU-stack
                0x0000000000000000        0x0 /home/z00250609/hybrid/5115_GPL/Hybrid_security_baseline/output/host/usr/lib/libkey.a(key2.o)
 .group         0x0000000000000000        0x8 /home/z00250609/hybrid/5115_GPL/Hybrid_security_baseline/output/host/usr/lib/libkey.a(key3.o)
 .text.__i686.get_pc_thunk.cx
                0x0000000000000000        0x4 /home/z00250609/hybrid/5115_GPL/Hybrid_security_baseline/output/host/usr/lib/libkey.a(key3.o)
 .note.GNU-stack
                0x0000000000000000        0x0 /home/z00250609/hybrid/5115_GPL/Hybrid_security_baseline/output/host/usr/lib/libkey.a(key3.o)
 .group         0x0000000000000000        0x8 /home/z00250609/hybrid/5115_GPL/Hybrid_security_baseline/output/host/usr/lib/libkey.a(key4.o)
 .text.__i686.get_pc_thunk.cx
                0x0000000000000000        0x4 /home/z00250609/hybrid/5115_GPL/Hybrid_security_baseline/output/host/usr/lib/libkey.a(key4.o)
 .note.GNU-stack
                0x0000000000000000        0x0 /home/z00250609/hybrid/5115_GPL/Hybrid_security_baseline/output/host/usr/lib/libkey.a(key4.o)
 .group         0x0000000000000000        0x8 /usr/lib/libc_nonshared.a(elf-init.oS)
 .debug_abbrev  0x0000000000000000       0xd6 /usr/lib/libc_nonshared.a(elf-init.oS)
 .debug_info    0x0000000000000000      0x11a /usr/lib/libc_nonshared.a(elf-init.oS)
 .debug_line    0x0000000000000000       0x7e /usr/lib/libc_nonshared.a(elf-init.oS)
 .debug_frame   0x0000000000000000       0x4c /usr/lib/libc_nonshared.a(elf-init.oS)
 .debug_loc     0x0000000000000000       0x6b /usr/lib/libc_nonshared.a(elf-init.oS)
 .debug_pubnames
                0x0000000000000000       0x3a /usr/lib/libc_nonshared.a(elf-init.oS)
 .debug_aranges
                0x0000000000000000       0x20 /usr/lib/libc_nonshared.a(elf-init.oS)
 .debug_str     0x0000000000000000       0xdb /usr/lib/libc_nonshared.a(elf-init.oS)
 .text.__i686.get_pc_thunk.bx
                0x0000000000000000        0x4 /usr/lib/libc_nonshared.a(elf-init.oS)
 .note.GNU-stack
                0x0000000000000000        0x0 /usr/lib/libc_nonshared.a(elf-init.oS)
 .note.GNU-stack
                0x0000000000000000        0x0 /usr/lib/gcc/i586-suse-linux/4.3/crtend.o
 .note.GNU-stack
                0x0000000000000000        0x0 /usr/lib/gcc/i586-suse-linux/4.3/../../../crtn.o

Memory Configuration

Name             Origin             Length             Attributes
*default*        0x0000000000000000 0xffffffffffffffff

Linker script and memory map

LOAD /usr/lib/gcc/i586-suse-linux/4.3/../../../crt1.o
LOAD /usr/lib/gcc/i586-suse-linux/4.3/../../../crti.o
LOAD /usr/lib/gcc/i586-suse-linux/4.3/crtbegin.o
LOAD /home/z00250609/hybrid/5115_GPL/Hybrid_security_baseline/output/package/host-cfgcodec/cfgcodec.o
LOAD /home/z00250609/hybrid/5115_GPL/Hybrid_security_baseline/output/package/host-cfgcodec/ziputil.o
LOAD /home/z00250609/hybrid/5115_GPL/Hybrid_security_baseline/output/host/usr/lib/libcrypto.so
LOAD /home/z00250609/hybrid/5115_GPL/Hybrid_security_baseline/output/host/usr/lib/libsecapi.a
LOAD /home/z00250609/hybrid/5115_GPL/Hybrid_security_baseline/output/host/usr/lib/libkey.a
LOAD /usr/lib/gcc/i586-suse-linux/4.3/../../../libz.so
LOAD /usr/lib/gcc/i586-suse-linux/4.3/libgcc.a
LOAD /usr/lib/gcc/i586-suse-linux/4.3/libgcc_s.so
LOAD /usr/lib/gcc/i586-suse-linux/4.3/../../../libc.so
START GROUP
LOAD /lib/libc.so.6
LOAD /usr/lib/libc_nonshared.a
LOAD /lib/ld-linux.so.2
END GROUP
LOAD /usr/lib/gcc/i586-suse-linux/4.3/libgcc.a
LOAD /usr/lib/gcc/i586-suse-linux/4.3/libgcc_s.so
LOAD /usr/lib/gcc/i586-suse-linux/4.3/crtend.o
LOAD /usr/lib/gcc/i586-suse-linux/4.3/../../../crtn.o
                0x0000000008048000                PROVIDE (__executable_start, 0x8048000)
                0x0000000008048154                . = (0x8048000 + SIZEOF_HEADERS)

.interp         0x0000000008048154       0x13
 *(.interp)
 .interp        0x0000000008048154       0x13 /usr/lib/gcc/i586-suse-linux/4.3/../../../crt1.o

.note.ABI-tag   0x0000000008048168       0x20
 .note.ABI-tag  0x0000000008048168       0x20 /usr/lib/gcc/i586-suse-linux/4.3/../../../crt1.o

.note.SuSE      0x0000000008048188       0x18
 .note.SuSE     0x0000000008048188       0x18 /usr/lib/gcc/i586-suse-linux/4.3/../../../crt1.o

.note.gnu.build-id
                0x00000000080481a0       0x24
 *(.note.gnu.build-id)
 .note.gnu.build-id
                0x00000000080481a0       0x24 /usr/lib/gcc/i586-suse-linux/4.3/../../../crt1.o

.hash           0x00000000080481c4      0x16c
 *(.hash)
 .hash          0x00000000080481c4      0x16c /usr/lib/gcc/i586-suse-linux/4.3/../../../crt1.o

.gnu.hash       0x0000000008048330       0x44
 *(.gnu.hash)
 .gnu.hash      0x0000000008048330       0x44 /usr/lib/gcc/i586-suse-linux/4.3/../../../crt1.o

.dynsym         0x0000000008048374      0x340
 *(.dynsym)
 .dynsym        0x0000000008048374      0x340 /usr/lib/gcc/i586-suse-linux/4.3/../../../crt1.o

.dynstr         0x00000000080486b4      0x295
 *(.dynstr)
 .dynstr        0x00000000080486b4      0x295 /usr/lib/gcc/i586-suse-linux/4.3/../../../crt1.o

.gnu.version    0x000000000804894a       0x68
 *(.gnu.version)
 .gnu.version   0x000000000804894a       0x68 /usr/lib/gcc/i586-suse-linux/4.3/../../../crt1.o

.gnu.version_d  0x00000000080489b4        0x0 load address 0x00000000080489b2
 *(.gnu.version_d)
 .gnu.version_d
                0x0000000000000000        0x0 /usr/lib/gcc/i586-suse-linux/4.3/../../../crt1.o

.gnu.version_r  0x00000000080489b4       0x40
 *(.gnu.version_r)
 .gnu.version_r
                0x00000000080489b4       0x40 /usr/lib/gcc/i586-suse-linux/4.3/../../../crt1.o

.rel.dyn        0x00000000080489f4       0x90
 *(.rel.init)
 *(.rel.text .rel.text.* .rel.gnu.linkonce.t.*)
 .rel.text      0x0000000000000000        0x0 /usr/lib/gcc/i586-suse-linux/4.3/../../../crt1.o
 *(.rel.fini)
 *(.rel.rodata .rel.rodata.* .rel.gnu.linkonce.r.*)
 *(.rel.data.rel.ro* .rel.gnu.linkonce.d.rel.ro.*)
 *(.rel.data .rel.data.* .rel.gnu.linkonce.d.*)
 *(.rel.tdata .rel.tdata.* .rel.gnu.linkonce.td.*)
 *(.rel.tbss .rel.tbss.* .rel.gnu.linkonce.tb.*)
 *(.rel.ctors)
 *(.rel.dtors)
 *(.rel.got)
 .rel.got       0x00000000080489f4       0x88 /usr/lib/gcc/i586-suse-linux/4.3/../../../crt1.o
 *(.rel.bss .rel.bss.* .rel.gnu.linkonce.b.*)
 .rel.bss       0x0000000008048a7c        0x8 /usr/lib/gcc/i586-suse-linux/4.3/../../../crt1.o
 *(.rel.ifunc)

.rel.plt        0x0000000008048a84       0xd8
 *(.rel.plt)
 .rel.plt       0x0000000008048a84       0xd8 /usr/lib/gcc/i586-suse-linux/4.3/../../../crt1.o
                0x0000000008048b5c                PROVIDE (__rel_iplt_start, .)
 *(.rel.iplt)
 .rel.iplt      0x0000000000000000        0x0 /usr/lib/gcc/i586-suse-linux/4.3/../../../crt1.o
                0x0000000008048b5c                PROVIDE (__rel_iplt_end, .)

.init           0x0000000008048b5c       0x30
 *(.init)
 .init          0x0000000008048b5c       0x22 /usr/lib/gcc/i586-suse-linux/4.3/../../../crti.o
                0x0000000008048b5c                _init
 .init          0x0000000008048b7e        0x5 /usr/lib/gcc/i586-suse-linux/4.3/crtbegin.o
 .init          0x0000000008048b83        0x5 /usr/lib/gcc/i586-suse-linux/4.3/crtend.o
 .init          0x0000000008048b88        0x4 /usr/lib/gcc/i586-suse-linux/4.3/../../../crtn.o

.plt            0x0000000008048b8c      0x1c0
 *(.plt)
 .plt           0x0000000008048b8c      0x1c0 /usr/lib/gcc/i586-suse-linux/4.3/../../../crt1.o
                0x0000000008048b9c                fputs@@GLIBC_2.0
                0x0000000008048bbc                __isoc99_sscanf@@GLIBC_2.7
                0x0000000008048bcc                strchr@@GLIBC_2.0
                0x0000000008048bdc                system@@GLIBC_2.0
                0x0000000008048bec                __libc_start_main@@GLIBC_2.0
                0x0000000008048bfc                free@@GLIBC_2.0
                0x0000000008048c0c                compress2
                0x0000000008048c1c                getopt_long@@GLIBC_2.0
                0x0000000008048c2c                rsa_free
                0x0000000008048c3c                fseek@@GLIBC_2.0
                0x0000000008048c4c                fclose@@GLIBC_2.1
                0x0000000008048c5c                strtoul@@GLIBC_2.0
                0x0000000008048c6c                fopen@@GLIBC_2.1
                0x0000000008048c7c                ftell@@GLIBC_2.0
                0x0000000008048c8c                printf@@GLIBC_2.0
                0x0000000008048c9c                fwrite@@GLIBC_2.0
                0x0000000008048cac                strstr@@GLIBC_2.0
                0x0000000008048cbc                mpi_read_binary
                0x0000000008048ccc                malloc@@GLIBC_2.0
                0x0000000008048cdc                mpi_msb
                0x0000000008048cec                rsa_init
                0x0000000008048cfc                puts@@GLIBC_2.0
                0x0000000008048d0c                strncmp@@GLIBC_2.0
                0x0000000008048d1c                fread@@GLIBC_2.0
                0x0000000008048d2c                snprintf@@GLIBC_2.0
                0x0000000008048d3c                uncompress
 *(.iplt)
 .iplt          0x0000000000000000        0x0 /usr/lib/gcc/i586-suse-linux/4.3/../../../crt1.o

.text           0x0000000008048d50     0x217c
 *(.text.unlikely .text.*_unlikely)
 *(.text .stub .text.* .gnu.linkonce.t.*)
 .text          0x0000000008048d50       0x24 /usr/lib/gcc/i586-suse-linux/4.3/../../../crt1.o
                0x0000000008048d50                _start
 .text          0x0000000008048d74        0x0 /usr/lib/gcc/i586-suse-linux/4.3/../../../crti.o
 *fill*         0x0000000008048d74        0xc 90909090
 .text          0x0000000008048d80       0x83 /usr/lib/gcc/i586-suse-linux/4.3/crtbegin.o
 *fill*         0x0000000008048e03        0x1 90909090
 .text          0x0000000008048e04      0x3e0 /home/z00250609/hybrid/5115_GPL/Hybrid_security_baseline/output/package/host-cfgcodec/cfgcodec.o
                0x0000000008048e04                main
 .text          0x00000000080491e4      0x129 /home/z00250609/hybrid/5115_GPL/Hybrid_security_baseline/output/package/host-cfgcodec/ziputil.o
                0x00000000080491e4                ATP_UTIL_Uncompress
                0x0000000008049270                ATP_UTIL_Compress
 *fill*         0x000000000804930d        0x3 90909090
 .text          0x0000000008049310      0xec5 /home/z00250609/hybrid/5115_GPL/Hybrid_security_baseline/output/host/usr/lib/libsecapi.a(secapi.o)
                0x0000000008049310                ATP_SEC_CreateAsymmetricContext
                0x000000000804933c                ATP_SEC_DeleteContext
                0x000000000804936a                ATP_SEC_CreateDigestContext
                0x00000000080494a6                ATP_SEC_DeleteData
                0x00000000080494e1                ATP_SEC_CreateData
                0x0000000008049549                ATP_SEC_DigestDataEx
                0x00000000080495c9                ATP_SEC_VerifyData
                0x0000000008049681                ATP_SEC_SignData
                0x0000000008049765                ATP_SEC_DigestData
                0x0000000008049804                ATP_SEC_CreateSymmetricContext
                0x0000000008049984                ATP_SEC_CreateSignatureContext
                0x0000000008049d54                ATP_SEC_DecryptData
                0x0000000008049dd6                ATP_SEC_DecryptDataEx
                0x0000000008049e57                ATP_SEC_EncryptData
                0x0000000008049fb6                ATP_SEC_EncryptDataEx
                0x000000000804a00c                ATP_SEC_DigestString
                0x000000000804a0ef                ATP_SEC_ReadFileToData
 .text.__i686.get_pc_thunk.bx
                0x000000000804a1d5        0x4 /home/z00250609/hybrid/5115_GPL/Hybrid_security_baseline/output/host/usr/lib/libsecapi.a(secapi.o)
                0x000000000804a1d5                __i686.get_pc_thunk.bx
 *fill*         0x000000000804a1d9        0x3 90909090
 .text          0x000000000804a1dc      0xbb3 /home/z00250609/hybrid/5115_GPL/Hybrid_security_baseline/output/host/usr/lib/libsecapi.a(seckmapi.o)
                0x000000000804a1dc                ATP_UTIL_ListAppend
                0x000000000804a1f1                ATP_UTIL_ListFindItem
                0x000000000804a225                ATP_SEC_KM_LoadDeviceRuntimeKeys
                0x000000000804a228                ATP_SEC_SSL_GetCert
                0x000000000804a275                ATP_SEC_KM_GetKey
                0x000000000804a2b6                ATP_SEC_KM_InsertKeyList
                0x000000000804a2f4                ATP_SEC_KM_GetKeyAttribute
                0x000000000804a311                ATP_SEC_KM_DeleteLoadKeyDriver
                0x000000000804a338                ATP_SEC_KM_DeleteKeyData
                0x000000000804a373                ATP_SEC_KM_DeleteKey
                0x000000000804a3c4                ATP_SEC_KM_RemoveKey
                0x000000000804a41e                ATP_SEC_KM_RemoveAllKey
                0x000000000804a454                ATP_SEC_KM_Destroy
                0x000000000804a4d9                ATP_SEC_KM_AddKey
                0x000000000804a51a                ATP_SEC_KM_AppendKeyAttribute
                0x000000000804a589                ATP_SEC_KM_CreateKeyData
                0x000000000804a5ec                ATP_SEC_KM_CreateKey
                0x000000000804a634                ATP_SEC_KM_LoadKey
                0x000000000804a8f1                ATP_SEC_KM_CreateLoadKeyDriver
                0x000000000804aa18                ATP_SEC_KM_Init
 *fill*         0x000000000804ad8f        0x1 90909090
 .text          0x000000000804ad90       0x24 /home/z00250609/hybrid/5115_GPL/Hybrid_security_baseline/output/host/usr/lib/libkey.a(key1.o)
                0x000000000804ad90                ATP_GetInfo1
 .text.__i686.get_pc_thunk.cx
                0x000000000804adb4        0x4 /home/z00250609/hybrid/5115_GPL/Hybrid_security_baseline/output/host/usr/lib/libkey.a(key1.o)
                0x000000000804adb4                __i686.get_pc_thunk.cx
 .text          0x000000000804adb8       0x24 /home/z00250609/hybrid/5115_GPL/Hybrid_security_baseline/output/host/usr/lib/libkey.a(key2.o)
                0x000000000804adb8                ATP_GetInfo2
 .text          0x000000000804addc       0x24 /home/z00250609/hybrid/5115_GPL/Hybrid_security_baseline/output/host/usr/lib/libkey.a(key3.o)
                0x000000000804addc                ATP_GetInfo3
 .text          0x000000000804ae00       0x24 /home/z00250609/hybrid/5115_GPL/Hybrid_security_baseline/output/host/usr/lib/libkey.a(key4.o)
                0x000000000804ae00                ATP_GetInfo4
 *fill*         0x000000000804ae24        0xc 90909090
 .text          0x000000000804ae30       0x6a /usr/lib/libc_nonshared.a(elf-init.oS)
                0x000000000804ae30                __libc_csu_fini
                0x000000000804ae40                __libc_csu_init
 *fill*         0x000000000804ae9a        0x6 90909090
 .text          0x000000000804aea0       0x2a /usr/lib/gcc/i586-suse-linux/4.3/crtend.o
 *fill*         0x000000000804aeca        0x2 90909090
 .text          0x000000000804aecc        0x0 /usr/lib/gcc/i586-suse-linux/4.3/../../../crtn.o
 *(.gnu.warning)

.fini           0x000000000804aecc       0x1c
 *(.fini)
 .fini          0x000000000804aecc       0x13 /usr/lib/gcc/i586-suse-linux/4.3/../../../crti.o
                0x000000000804aecc                _fini
 .fini          0x000000000804aedf        0x5 /usr/lib/gcc/i586-suse-linux/4.3/crtbegin.o
 .fini          0x000000000804aee4        0x4 /usr/lib/gcc/i586-suse-linux/4.3/../../../crtn.o
                0x000000000804aee8                PROVIDE (__etext, .)
                0x000000000804aee8                PROVIDE (_etext, .)
                0x000000000804aee8                PROVIDE (etext, .)

.rodata         0x000000000804aee8      0x1da
 *(.rodata .rodata.* .gnu.linkonce.r.*)
 .rodata        0x000000000804aee8        0x4 /usr/lib/gcc/i586-suse-linux/4.3/../../../crt1.o
                0x000000000804aee8                _fp_hw
 .rodata.cst4   0x000000000804aeec        0x4 /usr/lib/gcc/i586-suse-linux/4.3/../../../crt1.o
                0x000000000804aeec                _IO_stdin_used
 .rodata.str1.1
                0x000000000804aef0      0x12e /home/z00250609/hybrid/5115_GPL/Hybrid_security_baseline/output/package/host-cfgcodec/cfgcodec.o
                                        0x13b (size before relaxing)
 .rodata.str1.1
                0x000000000804b01e        0x8 /home/z00250609/hybrid/5115_GPL/Hybrid_security_baseline/output/host/usr/lib/libsecapi.a(secapi.o)
 .rodata.str1.1
                0x000000000804b026       0x9c /home/z00250609/hybrid/5115_GPL/Hybrid_security_baseline/output/host/usr/lib/libsecapi.a(seckmapi.o)
                                         0x9f (size before relaxing)

.rodata1
 *(.rodata1)

.eh_frame_hdr   0x000000000804b0c4       0x1c
 *(.eh_frame_hdr)
 .eh_frame_hdr  0x000000000804b0c4       0x1c /usr/lib/libc_nonshared.a(elf-init.oS)

.eh_frame       0x000000000804b0e0       0x58
 *(.eh_frame)
 .eh_frame      0x000000000804b0e0       0x54 /usr/lib/libc_nonshared.a(elf-init.oS)
 .eh_frame      0x000000000804b134        0x4 /usr/lib/gcc/i586-suse-linux/4.3/crtend.o

.gcc_except_table
 *(.gcc_except_table .gcc_except_table.*)
                0x000000000804b138                . = (ALIGN (0x1000) - ((0x1000 - .) & 0xfff))
                0x000000000804ceac                . = (0x1000 DATA_SEGMENT_ALIGN 0x1000)

.eh_frame
 *(.eh_frame)

.gcc_except_table
 *(.gcc_except_table .gcc_except_table.*)

.tdata
 *(.tdata .tdata.* .gnu.linkonce.td.*)

.tbss
 *(.tbss .tbss.* .gnu.linkonce.tb.*)
 *(.tcommon)

.preinit_array  0x000000000804ceac        0x0
                0x000000000804ceac                PROVIDE (__preinit_array_start, .)
 *(.preinit_array)
                0x000000000804ceac                PROVIDE (__preinit_array_end, .)

.init_array     0x000000000804ceac        0x0
                0x000000000804ceac                PROVIDE (__init_array_start, .)
 *(SORT(.init_array.*))
 *(.init_array)
                0x000000000804ceac                PROVIDE (__init_array_end, .)

.fini_array     0x000000000804ceac        0x0
                0x000000000804ceac                PROVIDE (__fini_array_start, .)
 *(.fini_array)
 *(SORT(.fini_array.*))
                0x000000000804ceac                PROVIDE (__fini_array_end, .)

.ctors          0x000000000804ceac        0x8
 *crtbegin.o(.ctors)
 .ctors         0x000000000804ceac        0x4 /usr/lib/gcc/i586-suse-linux/4.3/crtbegin.o
 *crtbegin?.o(.ctors)
 *(EXCLUDE_FILE(*crtend?.o *crtend.o) .ctors)
 *(SORT(.ctors.*))
 *(.ctors)
 .ctors         0x000000000804ceb0        0x4 /usr/lib/gcc/i586-suse-linux/4.3/crtend.o

.dtors          0x000000000804ceb4        0x8
 *crtbegin.o(.dtors)
 .dtors         0x000000000804ceb4        0x4 /usr/lib/gcc/i586-suse-linux/4.3/crtbegin.o
 *crtbegin?.o(.dtors)
 *(EXCLUDE_FILE(*crtend?.o *crtend.o) .dtors)
 *(SORT(.dtors.*))
 *(.dtors)
 .dtors         0x000000000804ceb8        0x4 /usr/lib/gcc/i586-suse-linux/4.3/crtend.o
                0x000000000804ceb8                __DTOR_END__

.jcr            0x000000000804cebc        0x4
 *(.jcr)
 .jcr           0x000000000804cebc        0x0 /usr/lib/gcc/i586-suse-linux/4.3/crtbegin.o
 .jcr           0x000000000804cebc        0x4 /usr/lib/gcc/i586-suse-linux/4.3/crtend.o

.data.rel.ro
 *(.data.rel.ro.local* .gnu.linkonce.d.rel.ro.local.*)
 *(.data.rel.ro* .gnu.linkonce.d.rel.ro.*)

.dynamic        0x000000000804cec0       0xf0
 *(.dynamic)
 .dynamic       0x000000000804cec0       0xf0 /usr/lib/gcc/i586-suse-linux/4.3/../../../crt1.o
                0x000000000804cec0                _DYNAMIC

.got            0x000000000804cfb0       0x44
 *(.got)
 .got           0x000000000804cfb0       0x44 /usr/lib/gcc/i586-suse-linux/4.3/../../../crt1.o
 *(.igot)
                0x000000000804cff4                . = (. DATA_SEGMENT_RELRO_END 0xc)

.got.plt        0x000000000804cff4       0x78
 *(.got.plt)
 .got.plt       0x000000000804cff4       0x78 /usr/lib/gcc/i586-suse-linux/4.3/../../../crt1.o
                0x000000000804cff4                _GLOBAL_OFFSET_TABLE_
 *(.igot.plt)
 .igot.plt      0x0000000000000000        0x0 /usr/lib/gcc/i586-suse-linux/4.3/../../../crt1.o

.data           0x000000000804d06c      0x8f8
 *(.data .data.* .gnu.linkonce.d.*)
 .data          0x000000000804d06c        0x4 /usr/lib/gcc/i586-suse-linux/4.3/../../../crt1.o
                0x000000000804d06c                data_start
                0x000000000804d06c                __data_start
 .data          0x000000000804d070        0x0 /usr/lib/gcc/i586-suse-linux/4.3/../../../crti.o
 .data          0x000000000804d070        0x4 /usr/lib/gcc/i586-suse-linux/4.3/crtbegin.o
                0x000000000804d070                __dso_handle
 .data          0x000000000804d074       0x60 /home/z00250609/hybrid/5115_GPL/Hybrid_security_baseline/output/package/host-cfgcodec/cfgcodec.o
 .data          0x000000000804d0d4        0x0 /home/z00250609/hybrid/5115_GPL/Hybrid_security_baseline/output/package/host-cfgcodec/ziputil.o
 .data          0x000000000804d0d4        0x0 /home/z00250609/hybrid/5115_GPL/Hybrid_security_baseline/output/host/usr/lib/libsecapi.a(secapi.o)
 .data          0x000000000804d0d4        0x0 /home/z00250609/hybrid/5115_GPL/Hybrid_security_baseline/output/host/usr/lib/libsecapi.a(seckmapi.o)
 .data          0x000000000804d0d4      0x224 /home/z00250609/hybrid/5115_GPL/Hybrid_security_baseline/output/host/usr/lib/libkey.a(key1.o)
 .data          0x000000000804d2f8      0x224 /home/z00250609/hybrid/5115_GPL/Hybrid_security_baseline/output/host/usr/lib/libkey.a(key2.o)
 .data          0x000000000804d51c      0x224 /home/z00250609/hybrid/5115_GPL/Hybrid_security_baseline/output/host/usr/lib/libkey.a(key3.o)
 .data          0x000000000804d740      0x224 /home/z00250609/hybrid/5115_GPL/Hybrid_security_baseline/output/host/usr/lib/libkey.a(key4.o)
 .data          0x000000000804d964        0x0 /usr/lib/libc_nonshared.a(elf-init.oS)
 .data          0x000000000804d964        0x0 /usr/lib/gcc/i586-suse-linux/4.3/crtend.o
 .data          0x000000000804d964        0x0 /usr/lib/gcc/i586-suse-linux/4.3/../../../crtn.o

.data1
 *(.data1)
                0x000000000804d964                _edata = .
                0x000000000804d964                PROVIDE (edata, .)
                0x000000000804d964                __bss_start = .

.bss            0x000000000804d964       0x18
 *(.dynbss)
 .dynbss        0x000000000804d964        0x4 /usr/lib/gcc/i586-suse-linux/4.3/../../../crt1.o
                0x000000000804d964                optarg@@GLIBC_2.0
 *(.bss .bss.* .gnu.linkonce.b.*)
 .bss           0x000000000804d968        0x0 /usr/lib/gcc/i586-suse-linux/4.3/../../../crt1.o
 .bss           0x000000000804d968        0x0 /usr/lib/gcc/i586-suse-linux/4.3/../../../crti.o
 .bss           0x000000000804d968        0x8 /usr/lib/gcc/i586-suse-linux/4.3/crtbegin.o
 .bss           0x000000000804d970        0x0 /home/z00250609/hybrid/5115_GPL/Hybrid_security_baseline/output/package/host-cfgcodec/cfgcodec.o
 .bss           0x000000000804d970        0x0 /home/z00250609/hybrid/5115_GPL/Hybrid_security_baseline/output/package/host-cfgcodec/ziputil.o
 .bss           0x000000000804d970        0x0 /home/z00250609/hybrid/5115_GPL/Hybrid_security_baseline/output/host/usr/lib/libsecapi.a(secapi.o)
 .bss           0x000000000804d970        0xc /home/z00250609/hybrid/5115_GPL/Hybrid_security_baseline/output/host/usr/lib/libsecapi.a(seckmapi.o)
                0x000000000804d970                g_pfSecLoadStaticKeysProc
 .bss           0x000000000804d97c        0x0 /home/z00250609/hybrid/5115_GPL/Hybrid_security_baseline/output/host/usr/lib/libkey.a(key1.o)
 .bss           0x000000000804d97c        0x0 /home/z00250609/hybrid/5115_GPL/Hybrid_security_baseline/output/host/usr/lib/libkey.a(key2.o)
 .bss           0x000000000804d97c        0x0 /home/z00250609/hybrid/5115_GPL/Hybrid_security_baseline/output/host/usr/lib/libkey.a(key3.o)
 .bss           0x000000000804d97c        0x0 /home/z00250609/hybrid/5115_GPL/Hybrid_security_baseline/output/host/usr/lib/libkey.a(key4.o)
 .bss           0x000000000804d97c        0x0 /usr/lib/libc_nonshared.a(elf-init.oS)
 .bss           0x000000000804d97c        0x0 /usr/lib/gcc/i586-suse-linux/4.3/crtend.o
 .bss           0x000000000804d97c        0x0 /usr/lib/gcc/i586-suse-linux/4.3/../../../crtn.o
 *(COMMON)
                0x000000000804d97c                . = ALIGN ((. != 0x0)?0x4:0x1)
                0x000000000804d97c                . = ALIGN (0x4)
                0x000000000804d97c                . = ALIGN (0x4)
                0x000000000804d97c                _end = .
                0x000000000804d97c                PROVIDE (end, .)
                0x000000000804d97c                . = DATA_SEGMENT_END (.)

.stab
 *(.stab)

.stabstr
 *(.stabstr)

.stab.excl
 *(.stab.excl)

.stab.exclstr
 *(.stab.exclstr)

.stab.index
 *(.stab.index)

.stab.indexstr
 *(.stab.indexstr)

.comment.SUSE.OPTs
                0x0000000000000000        0x6
 .comment.SUSE.OPTs
                0x0000000000000000        0x6 /home/z00250609/hybrid/5115_GPL/Hybrid_security_baseline/output/package/host-cfgcodec/cfgcodec.o
 .comment.SUSE.OPTs
                0x0000000000000000        0x6 /home/z00250609/hybrid/5115_GPL/Hybrid_security_baseline/output/package/host-cfgcodec/ziputil.o
 .comment.SUSE.OPTs
                0x0000000000000000        0x6 /home/z00250609/hybrid/5115_GPL/Hybrid_security_baseline/output/host/usr/lib/libsecapi.a(secapi.o)
 .comment.SUSE.OPTs
                0x0000000000000000        0x6 /home/z00250609/hybrid/5115_GPL/Hybrid_security_baseline/output/host/usr/lib/libsecapi.a(seckmapi.o)
 .comment.SUSE.OPTs
                0x0000000000000000        0x6 /home/z00250609/hybrid/5115_GPL/Hybrid_security_baseline/output/host/usr/lib/libkey.a(key1.o)
 .comment.SUSE.OPTs
                0x0000000000000000        0x6 /home/z00250609/hybrid/5115_GPL/Hybrid_security_baseline/output/host/usr/lib/libkey.a(key2.o)
 .comment.SUSE.OPTs
                0x0000000000000000        0x6 /home/z00250609/hybrid/5115_GPL/Hybrid_security_baseline/output/host/usr/lib/libkey.a(key3.o)
 .comment.SUSE.OPTs
                0x0000000000000000        0x6 /home/z00250609/hybrid/5115_GPL/Hybrid_security_baseline/output/host/usr/lib/libkey.a(key4.o)

.comment        0x0000000000000000       0x39
 *(.comment)
 .comment       0x0000000000000000       0x39 /usr/lib/gcc/i586-suse-linux/4.3/../../../crt1.o
                                         0x3a (size before relaxing)
 .comment       0x0000000000000000       0x3a /usr/lib/gcc/i586-suse-linux/4.3/../../../crti.o
 .comment       0x0000000000000000       0x3a /usr/lib/gcc/i586-suse-linux/4.3/crtbegin.o
 .comment       0x0000000000000000       0x3a /home/z00250609/hybrid/5115_GPL/Hybrid_security_baseline/output/package/host-cfgcodec/cfgcodec.o
 .comment       0x0000000000000000       0x3a /home/z00250609/hybrid/5115_GPL/Hybrid_security_baseline/output/package/host-cfgcodec/ziputil.o
 .comment       0x0000000000000000       0x3a /home/z00250609/hybrid/5115_GPL/Hybrid_security_baseline/output/host/usr/lib/libsecapi.a(secapi.o)
 .comment       0x0000000000000000       0x3a /home/z00250609/hybrid/5115_GPL/Hybrid_security_baseline/output/host/usr/lib/libsecapi.a(seckmapi.o)
 .comment       0x0000000000000000       0x3a /home/z00250609/hybrid/5115_GPL/Hybrid_security_baseline/output/host/usr/lib/libkey.a(key1.o)
 .comment       0x0000000000000000       0x3a /home/z00250609/hybrid/5115_GPL/Hybrid_security_baseline/output/host/usr/lib/libkey.a(key2.o)
 .comment       0x0000000000000000       0x3a /home/z00250609/hybrid/5115_GPL/Hybrid_security_baseline/output/host/usr/lib/libkey.a(key3.o)
 .comment       0x0000000000000000       0x3a /home/z00250609/hybrid/5115_GPL/Hybrid_security_baseline/output/host/usr/lib/libkey.a(key4.o)
 .comment       0x0000000000000000       0x3a /usr/lib/gcc/i586-suse-linux/4.3/crtend.o
 .comment       0x0000000000000000       0x3a /usr/lib/gcc/i586-suse-linux/4.3/../../../crtn.o

.debug
 *(.debug)

.line
 *(.line)

.debug_srcinfo
 *(.debug_srcinfo)

.debug_sfnames
 *(.debug_sfnames)

.debug_aranges
 *(.debug_aranges)

.debug_pubnames
 *(.debug_pubnames)

.debug_info
 *(.debug_info .gnu.linkonce.wi.*)

.debug_abbrev
 *(.debug_abbrev)

.debug_line
 *(.debug_line)

.debug_frame
 *(.debug_frame)

.debug_str
 *(.debug_str)

.debug_loc
 *(.debug_loc)

.debug_macinfo
 *(.debug_macinfo)

.debug_weaknames
 *(.debug_weaknames)

.debug_funcnames
 *(.debug_funcnames)

.debug_typenames
 *(.debug_typenames)

.debug_varnames
 *(.debug_varnames)

.debug_pubtypes
 *(.debug_pubtypes)

.debug_ranges
 *(.debug_ranges)

.gnu.attributes
 *(.gnu.attributes)

/DISCARD/
 *(.note.GNU-stack)
 *(.gnu_debuglink)
 *(.gnu.lto_*)
OUTPUT(/home/z00250609/hybrid/5115_GPL/Hybrid_security_baseline/output/package/host-cfgcodec/cfgcodec elf32-i386)
