Archive member included because of file (symbol)

/opt/toolchains/crosstools-mips-gcc-4.6-linux-3.4-uclibc-0.9.32-binutils-2.21/usr/lib/gcc/mips-unknown-linux-uclibc/4.6.2/libgcc.a(_divdi3.o)
                              /usr1/xuhui/DT-W724V-20140311/output/package/atp/libraries/opensrc/libupnp/iupnp/genlib/net/http/webserver.o (__divdi3)
/opt/toolchains/crosstools-mips-gcc-4.6-linux-3.4-uclibc-0.9.32-binutils-2.21/usr/lib/gcc/mips-unknown-linux-uclibc/4.6.2/libgcc.a(_moddi3.o)
                              /usr1/xuhui/DT-W724V-20140311/output/package/atp/libraries/opensrc/libupnp/iupnp/genlib/net/http/webserver.o (__moddi3)

Allocating common symbols
Common symbol       size              file

gRecvThreadPool     0x190             /usr1/xuhui/DT-W724V-20140311/output/package/atp/libraries/opensrc/libupnp/iupnp/api/upnpapi.o
LOCAL_PORT_V6       0x2               /usr1/xuhui/DT-W724V-20140311/output/package/atp/libraries/opensrc/libupnp/iupnp/api/upnpapi.o
gTimerThread        0x74              /usr1/xuhui/DT-W724V-20140311/output/package/atp/libraries/opensrc/libupnp/iupnp/api/upnpapi.o
gMiniServerThreadPool
                    0x190             /usr1/xuhui/DT-W724V-20140311/output/package/atp/libraries/opensrc/libupnp/iupnp/api/upnpapi.o
LOCAL_FILE_PORT_V4  0x2               /usr1/xuhui/DT-W724V-20140311/output/package/atp/libraries/opensrc/libupnp/iupnp/api/upnpapi.o
pVirtualDirList     0x4               /usr1/xuhui/DT-W724V-20140311/output/package/atp/libraries/opensrc/libupnp/iupnp/api/upnpapi.o
gUUIDMutex          0x18              /usr1/xuhui/DT-W724V-20140311/output/package/atp/libraries/opensrc/libupnp/iupnp/api/upnpapi.o
gDocumentRootDir    0x10              /usr1/xuhui/DT-W724V-20140311/output/package/atp/libraries/opensrc/libupnp/iupnp/genlib/net/http/webserver.o
GlobalHndRWLock     0x20              /usr1/xuhui/DT-W724V-20140311/output/package/atp/libraries/opensrc/libupnp/iupnp/api/upnpapi.o
gUpnpSdkNLSuuid     0x2c              /usr1/xuhui/DT-W724V-20140311/output/package/atp/libraries/opensrc/libupnp/iupnp/api/upnpapi.o
GlobalClientSubscribeMutex
                    0x18              /usr1/xuhui/DT-W724V-20140311/output/package/atp/libraries/opensrc/libupnp/iupnp/api/upnpapi.o
LOCAL_PORT_V4       0x2               /usr1/xuhui/DT-W724V-20140311/output/package/atp/libraries/opensrc/libupnp/iupnp/api/upnpapi.o
miniStopSockPort    0x2               /usr1/xuhui/DT-W724V-20140311/output/package/atp/libraries/opensrc/libupnp/iupnp/genlib/miniserver/miniserver.o
LOCAL_FILE_PORT_V6  0x2               /usr1/xuhui/DT-W724V-20140311/output/package/atp/libraries/opensrc/libupnp/iupnp/api/upnpapi.o
virtualDirCallback  0x18              /usr1/xuhui/DT-W724V-20140311/output/package/atp/libraries/opensrc/libupnp/iupnp/api/upnpapi.o
gMiniFileServerThreadPool
                    0x190             /usr1/xuhui/DT-W724V-20140311/output/package/atp/libraries/opensrc/libupnp/iupnp/api/upnpapi.o
gSendThreadPool     0x190             /usr1/xuhui/DT-W724V-20140311/output/package/atp/libraries/opensrc/libupnp/iupnp/api/upnpapi.o

Discarded input sections

 .reginfo       0x0000000000000000       0x18 /opt/toolchains/crosstools-mips-gcc-4.6-linux-3.4-uclibc-0.9.32-binutils-2.21/usr/lib/gcc/mips-unknown-linux-uclibc/4.6.2/crtbeginS.o
 .reginfo       0x0000000000000000       0x18 /usr1/xuhui/DT-W724V-20140311/output/package/atp/libraries/opensrc/libupnp/iupnp/inet_pton.o
 .reginfo       0x0000000000000000       0x18 /usr1/xuhui/DT-W724V-20140311/output/package/atp/libraries/opensrc/libupnp/iupnp/api/UpnpString.o
 .reginfo       0x0000000000000000       0x18 /usr1/xuhui/DT-W724V-20140311/output/package/atp/libraries/opensrc/libupnp/iupnp/api/upnpapi.o
 .reginfo       0x0000000000000000       0x18 /usr1/xuhui/DT-W724V-20140311/output/package/atp/libraries/opensrc/libupnp/iupnp/api/upnpdebug.o
 .reginfo       0x0000000000000000       0x18 /usr1/xuhui/DT-W724V-20140311/output/package/atp/libraries/opensrc/libupnp/iupnp/api/upnptools.o
 .reginfo       0x0000000000000000       0x18 /usr1/xuhui/DT-W724V-20140311/output/package/atp/libraries/opensrc/libupnp/iupnp/gena/gena_callback2.o
 .reginfo       0x0000000000000000       0x18 /usr1/xuhui/DT-W724V-20140311/output/package/atp/libraries/opensrc/libupnp/iupnp/gena/gena_ctrlpt.o
 .reginfo       0x0000000000000000       0x18 /usr1/xuhui/DT-W724V-20140311/output/package/atp/libraries/opensrc/libupnp/iupnp/gena/gena_device.o
 .reginfo       0x0000000000000000       0x18 /usr1/xuhui/DT-W724V-20140311/output/package/atp/libraries/opensrc/libupnp/iupnp/soap/soap_common.o
 .reginfo       0x0000000000000000       0x18 /usr1/xuhui/DT-W724V-20140311/output/package/atp/libraries/opensrc/libupnp/iupnp/soap/soap_ctrlpt.o
 .reginfo       0x0000000000000000       0x18 /usr1/xuhui/DT-W724V-20140311/output/package/atp/libraries/opensrc/libupnp/iupnp/soap/soap_device.o
[...]
Memory Configuration

Name             Origin             Length             Attributes
*default*        0x0000000000000000 0xffffffffffffffff

Linker script and memory map

LOAD /usr1/xuhui/DT-W724V-20140311/output/host/usr/mips-unknown-linux-uclibc/sysroot/usr/lib/crti.o
LOAD /opt/toolchains/crosstools-mips-gcc-4.6-linux-3.4-uclibc-0.9.32-binutils-2.21/usr/lib/gcc/mips-unknown-linux-uclibc/4.6.2/crtbeginS.o
LOAD /usr1/xuhui/DT-W724V-20140311/output/package/atp/libraries/opensrc/libupnp/iupnp/inet_pton.o
LOAD /usr1/xuhui/DT-W724V-20140311/output/package/atp/libraries/opensrc/libupnp/iupnp/api/UpnpString.o
LOAD /usr1/xuhui/DT-W724V-20140311/output/package/atp/libraries/opensrc/libupnp/iupnp/api/upnpapi.o
LOAD /usr1/xuhui/DT-W724V-20140311/output/package/atp/libraries/opensrc/libupnp/iupnp/api/upnpdebug.o
LOAD /usr1/xuhui/DT-W724V-20140311/output/package/atp/libraries/opensrc/libupnp/iupnp/api/upnptools.o
LOAD /usr1/xuhui/DT-W724V-20140311/output/package/atp/libraries/opensrc/libupnp/iupnp/gena/gena_callback2.o
LOAD /usr1/xuhui/DT-W724V-20140311/output/package/atp/libraries/opensrc/libupnp/iupnp/gena/gena_ctrlpt.o
LOAD /usr1/xuhui/DT-W724V-20140311/output/package/atp/libraries/opensrc/libupnp/iupnp/gena/gena_device.o
LOAD /usr1/xuhui/DT-W724V-20140311/output/package/atp/libraries/opensrc/libupnp/iupnp/soap/soap_common.o
LOAD /usr1/xuhui/DT-W724V-20140311/output/package/atp/libraries/opensrc/libupnp/iupnp/soap/soap_ctrlpt.o
LOAD /usr1/xuhui/DT-W724V-20140311/output/package/atp/libraries/opensrc/libupnp/iupnp/soap/soap_device.o
LOAD /usr1/xuhui/DT-W724V-20140311/output/package/atp/libraries/opensrc/libupnp/iupnp/ssdp/ssdp_ctrlpt.o
LOAD /usr1/xuhui/DT-W724V-20140311/output/package/atp/libraries/opensrc/libupnp/iupnp/ssdp/ssdp_device.o
LOAD /usr1/xuhui/DT-W724V-20140311/output/package/atp/libraries/opensrc/libupnp/iupnp/ssdp/ssdp_server.o
LOAD /usr1/xuhui/DT-W724V-20140311/output/package/atp/libraries/opensrc/libupnp/iupnp/urlconfig/urlconfig.o
LOAD /usr1/xuhui/DT-W724V-20140311/output/package/atp/libraries/opensrc/libupnp/iupnp/uuid/md5.o
LOAD /usr1/xuhui/DT-W724V-20140311/output/package/atp/libraries/opensrc/libupnp/iupnp/uuid/sysdep.o
LOAD /usr1/xuhui/DT-W724V-20140311/output/package/atp/libraries/opensrc/libupnp/iupnp/uuid/uuid_gen.o
LOAD /usr1/xuhui/DT-W724V-20140311/output/package/atp/libraries/opensrc/libupnp/iupnp/genlib/client_table/client_table.o
LOAD /usr1/xuhui/DT-W724V-20140311/output/package/atp/libraries/opensrc/libupnp/iupnp/genlib/miniserver/miniserver.o
LOAD /usr1/xuhui/DT-W724V-20140311/output/package/atp/libraries/opensrc/libupnp/iupnp/genlib/service_table/service_table.o
LOAD /usr1/xuhui/DT-W724V-20140311/output/package/atp/libraries/opensrc/libupnp/iupnp/genlib/util/membuffer.o
LOAD /usr1/xuhui/DT-W724V-20140311/output/package/atp/libraries/opensrc/libupnp/iupnp/genlib/util/strintmap.o
LOAD /usr1/xuhui/DT-W724V-20140311/output/package/atp/libraries/opensrc/libupnp/iupnp/genlib/util/upnp_timeout.o
LOAD /usr1/xuhui/DT-W724V-20140311/output/package/atp/libraries/opensrc/libupnp/iupnp/genlib/util/util.o
LOAD /usr1/xuhui/DT-W724V-20140311/output/package/atp/libraries/opensrc/libupnp/iupnp/genlib/net/sock.o
LOAD /usr1/xuhui/DT-W724V-20140311/output/package/atp/libraries/opensrc/libupnp/iupnp/genlib/net/uri/uri.o
LOAD /usr1/xuhui/DT-W724V-20140311/output/package/atp/libraries/opensrc/libupnp/iupnp/genlib/net/http/httpparser.o
LOAD /usr1/xuhui/DT-W724V-20140311/output/package/atp/libraries/opensrc/libupnp/iupnp/genlib/net/http/httpreadwrite.o
LOAD /usr1/xuhui/DT-W724V-20140311/output/package/atp/libraries/opensrc/libupnp/iupnp/genlib/net/http/parsetools.o
LOAD /usr1/xuhui/DT-W724V-20140311/output/package/atp/libraries/opensrc/libupnp/iupnp/genlib/net/http/statcodes.o
LOAD /usr1/xuhui/DT-W724V-20140311/output/package/atp/libraries/opensrc/libupnp/iupnp/genlib/net/http/webserver.o
LOAD /opt/toolchains/crosstools-mips-gcc-4.6-linux-3.4-uclibc-0.9.32-binutils-2.21/usr/lib/gcc/mips-unknown-linux-uclibc/4.6.2/libgcc.a
LOAD /usr1/xuhui/DT-W724V-20140311/output/host/usr/mips-unknown-linux-uclibc/sysroot/lib/libgcc_s.so
LOAD /usr1/xuhui/DT-W724V-20140311/output/host/usr/mips-unknown-linux-uclibc/sysroot/usr/lib/libc.so
START GROUP
LOAD /usr1/xuhui/DT-W724V-20140311/output/host/usr/mips-unknown-linux-uclibc/sysroot/lib/libc.so.0
LOAD /usr1/xuhui/DT-W724V-20140311/output/host/usr/mips-unknown-linux-uclibc/sysroot/usr/lib/uclibc_nonshared.a
LOAD /usr1/xuhui/DT-W724V-20140311/output/host/usr/mips-unknown-linux-uclibc/sysroot/lib/ld-uClibc.so.0
END GROUP
LOAD /opt/toolchains/crosstools-mips-gcc-4.6-linux-3.4-uclibc-0.9.32-binutils-2.21/usr/lib/gcc/mips-unknown-linux-uclibc/4.6.2/libgcc.a
LOAD /usr1/xuhui/DT-W724V-20140311/output/host/usr/mips-unknown-linux-uclibc/sysroot/lib/libgcc_s.so
LOAD /opt/toolchains/crosstools-mips-gcc-4.6-linux-3.4-uclibc-0.9.32-binutils-2.21/usr/lib/gcc/mips-unknown-linux-uclibc/4.6.2/crtendS.o
LOAD /usr1/xuhui/DT-W724V-20140311/output/host/usr/mips-unknown-linux-uclibc/sysroot/usr/lib/crtn.o
                0x00000000000000f4                . = (0x0 + SIZEOF_HEADERS)

.reginfo        0x00000000000000f4       0x18
 *(.reginfo)
 .reginfo       0x00000000000000f4       0x18 /usr1/xuhui/DT-W724V-20140311/output/host/usr/mips-unknown-linux-uclibc/sysroot/usr/lib/crti.o

.note.gnu.build-id
 *(.note.gnu.build-id)

.dynamic        0x000000000000010c       0xf0
 *(.dynamic)
 .dynamic       0x000000000000010c       0xf0 /usr1/xuhui/DT-W724V-20140311/output/host/usr/mips-unknown-linux-uclibc/sysroot/usr/lib/crti.o
                0x000000000000010c                _DYNAMIC

.hash           0x00000000000001fc      0xbb4
 *(.hash)
 .hash          0x00000000000001fc      0xbb4 /usr1/xuhui/DT-W724V-20140311/output/host/usr/mips-unknown-linux-uclibc/sysroot/usr/lib/crti.o

.gnu.hash
 *(.gnu.hash)

.dynsym         0x0000000000000db0     0x1e40
 *(.dynsym)
 .dynsym        0x0000000000000db0     0x1e40 /usr1/xuhui/DT-W724V-20140311/output/host/usr/mips-unknown-linux-uclibc/sysroot/usr/lib/crti.o

.dynstr         0x0000000000002bf0     0x20df
 *(.dynstr)
 .dynstr        0x0000000000002bf0     0x20df /usr1/xuhui/DT-W724V-20140311/output/host/usr/mips-unknown-linux-uclibc/sysroot/usr/lib/crti.o

.gnu.version    0x0000000000004cd0      0x3c8
 *(.gnu.version)
 .gnu.version   0x0000000000004cd0      0x3c8 /usr1/xuhui/DT-W724V-20140311/output/host/usr/mips-unknown-linux-uclibc/sysroot/usr/lib/crti.o

.gnu.version_d  0x0000000000005098        0x0
 *(.gnu.version_d)
 .gnu.version_d
                0x0000000000000000        0x0 /usr1/xuhui/DT-W724V-20140311/output/host/usr/mips-unknown-linux-uclibc/sysroot/usr/lib/crti.o

.gnu.version_r  0x0000000000005098       0x20
 *(.gnu.version_r)
 .gnu.version_r
                0x0000000000005098       0x20 /usr1/xuhui/DT-W724V-20140311/output/host/usr/mips-unknown-linux-uclibc/sysroot/usr/lib/crti.o

.rel.dyn        0x00000000000050b8      0x330
 *(.rel.init)
 *(.rel.text .rel.text.* .rel.gnu.linkonce.t.*)
 *(.rel.fini)
 *(.rel.rodata .rel.rodata.* .rel.gnu.linkonce.r.*)
 *(.rel.data.rel.ro* .rel.gnu.linkonce.d.rel.ro.*)
 *(.rel.data .rel.data.* .rel.gnu.linkonce.d.*)
 *(.rel.tdata .rel.tdata.* .rel.gnu.linkonce.td.*)
 *(.rel.tbss .rel.tbss.* .rel.gnu.linkonce.tb.*)
 *(.rel.ctors)
 *(.rel.dtors)
 *(.rel.got)
 *(.rel.dyn)
 .rel.dyn       0x00000000000050b8      0x330 /usr1/xuhui/DT-W724V-20140311/output/host/usr/mips-unknown-linux-uclibc/sysroot/usr/lib/crti.o
 *(.rel.sdata .rel.sdata.* .rel.gnu.linkonce.s.*)
 *(.rel.sbss .rel.sbss.* .rel.gnu.linkonce.sb.*)
 *(.rel.sdata2 .rel.sdata2.* .rel.gnu.linkonce.s2.*)
 *(.rel.sbss2 .rel.sbss2.* .rel.gnu.linkonce.sb2.*)
 *(.rel.bss .rel.bss.* .rel.gnu.linkonce.b.*)
 *(.rel.iplt)

.rela.dyn
 *(.rela.init)
 *(.rela.text .rela.text.* .rela.gnu.linkonce.t.*)
 *(.rela.fini)
 *(.rela.rodata .rela.rodata.* .rela.gnu.linkonce.r.*)
 *(.rela.data .rela.data.* .rela.gnu.linkonce.d.*)
 *(.rela.tdata .rela.tdata.* .rela.gnu.linkonce.td.*)
 *(.rela.tbss .rela.tbss.* .rela.gnu.linkonce.tb.*)
 *(.rela.ctors)
 *(.rela.dtors)
 *(.rela.got)
 *(.rela.sdata .rela.sdata.* .rela.gnu.linkonce.s.*)
 *(.rela.sbss .rela.sbss.* .rela.gnu.linkonce.sb.*)
 *(.rela.sdata2 .rela.sdata2.* .rela.gnu.linkonce.s2.*)
 *(.rela.sbss2 .rela.sbss2.* .rela.gnu.linkonce.sb2.*)
 *(.rela.bss .rela.bss.* .rela.gnu.linkonce.b.*)
 *(.rela.iplt)

.rel.plt        0x00000000000053e8        0x0
 *(.rel.plt)
 .rel.plt       0x0000000000000000        0x0 /usr1/xuhui/DT-W724V-20140311/output/host/usr/mips-unknown-linux-uclibc/sysroot/usr/lib/crti.o

.rela.plt
 *(.rela.plt)

.init           0x00000000000053e8       0x78
 *(.init)
 .init          0x00000000000053e8       0x1c /usr1/xuhui/DT-W724V-20140311/output/host/usr/mips-unknown-linux-uclibc/sysroot/usr/lib/crti.o
                0x00000000000053e8                _init
 .init          0x0000000000005404       0x28 /opt/toolchains/crosstools-mips-gcc-4.6-linux-3.4-uclibc-0.9.32-binutils-2.21/usr/lib/gcc/mips-unknown-linux-uclibc/4.6.2/crtbeginS.o
 .init          0x000000000000542c       0x28 /opt/toolchains/crosstools-mips-gcc-4.6-linux-3.4-uclibc-0.9.32-binutils-2.21/usr/lib/gcc/mips-unknown-linux-uclibc/4.6.2/crtendS.o
 .init          0x0000000000005454        0xc /usr1/xuhui/DT-W724V-20140311/output/host/usr/mips-unknown-linux-uclibc/sysroot/usr/lib/crtn.o

.plt            0x0000000000005460        0x0
 *(.plt)
 .plt           0x0000000000000000        0x0 /usr1/xuhui/DT-W724V-20140311/output/host/usr/mips-unknown-linux-uclibc/sysroot/usr/lib/crti.o

.iplt
 *(.iplt)

.text           0x0000000000005460    0x203e0
                0x0000000000005460                _ftext = .
 *(.text.unlikely .text.*_unlikely)
 .text.unlikely
                0x0000000000005460      0x290 /usr1/xuhui/DT-W724V-20140311/output/package/atp/libraries/opensrc/libupnp/iupnp/genlib/net/http/webserver.o
 *(.text.exit .text.exit.*)
 *(.text.startup .text.startup.*)
 *(.text.hot .text.hot.*)
 *(.text .stub .text.* .gnu.linkonce.t.*)
 .text          0x00000000000056f0        0x0 /usr1/xuhui/DT-W724V-20140311/output/host/usr/mips-unknown-linux-uclibc/sysroot/usr/lib/crti.o
 .text          0x00000000000056f0      0x150 /opt/toolchains/crosstools-mips-gcc-4.6-linux-3.4-uclibc-0.9.32-binutils-2.21/usr/lib/gcc/mips-unknown-linux-uclibc/4.6.2/crtbeginS.o
 .text          0x0000000000005840        0x0 /usr1/xuhui/DT-W724V-20140311/output/package/atp/libraries/opensrc/libupnp/iupnp/inet_pton.o
 .text          0x0000000000005840      0x3d0 /usr1/xuhui/DT-W724V-20140311/output/package/atp/libraries/opensrc/libupnp/iupnp/api/UpnpString.o
                0x0000000000005840                UpnpString_new
                0x00000000000058b8                UpnpString_delete
                0x000000000000591c                UpnpString_dup
                0x00000000000059a4                UpnpString_get_Length
                0x00000000000059ac                UpnpString_set_Length
                0x00000000000059d4                UpnpString_get_String
                0x00000000000059dc                UpnpString_set_String
                0x0000000000005a54                UpnpString_assign
                0x0000000000005ab8                UpnpString_set_StringN
                0x0000000000005b34                UpnpString_clear
                0x0000000000005b44                UpnpString_cmp
                0x0000000000005ba8                UpnpString_casecmp
 .text          0x0000000000005c10     0x4e70 /usr1/xuhui/DT-W724V-20140311/output/package/atp/libraries/opensrc/libupnp/iupnp/api/upnpapi.o
                0x0000000000005cc0                UpnpThreadDistribution
                0x00000000000060b4                UpnpGetServerPort
                0x00000000000060e4                UpnpGetFileServerPort
                0x0000000000006114                UpnpGetServerPort6
                0x0000000000006144                UpnpGetFileServerPort6
                0x0000000000006174                UpnpGetServerIpAddress
                0x000000000000619c                UpnpGetServerIp6Address
                0x00000000000061c4                UpnpGetServerUlaGuaIp6Address
                0x00000000000061ec                UpnpRegisterClient
                0x0000000000006358                UpnpOpenHttpPost
                0x0000000000006370                UpnpWriteHttpPost
                0x0000000000006388                UpnpCloseHttpPost
                0x00000000000063a0                UpnpOpenHttpGet
                0x00000000000063b8                UpnpOpenHttpGetProxy
                0x00000000000063d0                UpnpOpenHttpGetEx
                0x00000000000063e8                UpnpCancelHttpGet
                0x0000000000006400                UpnpCloseHttpGet
                0x0000000000006418                UpnpReadHttpGet
                0x0000000000006430                UpnpHttpGetProgress
                0x0000000000006448                UpnpDownloadUrlItem
                0x00000000000064a8                UpnpDownloadXmlDoc
                0x000000000000653c                UpnpRegisterRootDevice3
                0x0000000000006c74                UpnpRegisterRootDevice2
                0x0000000000006f40                UpnpRegisterRootDevice
                0x00000000000071d8                UpnpGetIfInfo
                0x0000000000007640                GetCallBackFn
                0x0000000000007668                GetHandleInfo
                0x00000000000076b0                GetDeviceHandleInfo
                0x000000000000777c                GetDeviceHandles
                0x0000000000007864                GetDeviceHandleInfoAndService
                0x000000000000799c                GetClientHandleInfo
                0x0000000000007a20                UpnpGetServiceVarStatus
                0x0000000000007b0c                UpnpGetServiceVarStatusAsync
                0x0000000000007ca0                UpnpSendActionAsync
                0x0000000000007f10                UpnpSendActionExAsync
                0x0000000000008278                UpnpSendAction
                0x0000000000008374                UpnpSendActionEx
                0x0000000000008498                UpnpAcceptSubscriptionExt
                0x00000000000085a0                UpnpAcceptSubscription
                0x00000000000086b8                UpnpNotifyExt
                0x00000000000087a8                UpnpNotify
                0x00000000000088d4                UpnpRenewSubscriptionAsync
                0x0000000000008a7c                UpnpRenewSubscription
                0x0000000000008b98                UpnpUnSubscribeAsync
                0x0000000000008d40                UpnpUnSubscribe
                0x0000000000008e44                UpnpSubscribe
                0x0000000000008fe4                UpnpSubscribeAsync
                0x0000000000009188                UpnpSetMaxSubscriptionTimeOut
                0x0000000000009248                UpnpSetMaxSubscriptions
                0x0000000000009308                UpnpSearchAsync
                0x0000000000009400                UpnpSendAdvertisement
                0x0000000000009668                AutoAdvertise
                0x00000000000096bc                UpnpUnRegisterClient
                0x0000000000009850                UpnpSendByebye
                0x000000000000991c                UpnpUnRegisterRootDevice
                0x0000000000009b0c                PrintHandleInfo
                0x0000000000009b38                getlocalhostname
                0x0000000000009d74                UpnpSetWebServerRootDir
                0x0000000000009df8                UpnpAddVirtualDir
                0x0000000000009fa0                UpnpRemoveVirtualDir
                0x000000000000a094                UpnpRemoveAllVirtualDirs
                0x000000000000a100                UpnpFinish
                0x000000000000a524                UpnpEnableWebserver
                0x000000000000a658                UpnpInit2
                0x000000000000a73c                UpnpInit
                0x000000000000a848                UpnpIsWebserverEnabled
                0x000000000000a880                UpnpVirtualDir_set_GetInfoCallback
                0x000000000000a8a8                UpnpVirtualDir_set_OpenCallback
                0x000000000000a8d0                UpnpVirtualDir_set_ReadCallback
                0x000000000000a8f8                UpnpVirtualDir_set_WriteCallback
                0x000000000000a920                UpnpVirtualDir_set_SeekCallback
                0x000000000000a948                UpnpVirtualDir_set_CloseCallback
                0x000000000000a970                UpnpSetContentLength
                0x000000000000aa40                UpnpSetMaxContentLength
 .text          0x000000000000aa80        0x0 /usr1/xuhui/DT-W724V-20140311/output/package/atp/libraries/opensrc/libupnp/iupnp/api/upnpdebug.o
 .text          0x000000000000aa80      0x8b0 /usr1/xuhui/DT-W724V-20140311/output/package/atp/libraries/opensrc/libupnp/iupnp/api/upnptools.o
                0x000000000000ade4                UpnpGetErrorMessage
                0x000000000000ae34                UpnpResolveURL
                0x000000000000aeac                UpnpResolveURL2
                0x000000000000aef8                UpnpMakeAction
                0x000000000000af54                UpnpMakeActionResponse
                0x000000000000afb0                UpnpAddToAction
                0x000000000000b008                UpnpAddToActionResponse
                0x000000000000b060                UpnpCreatePropertySet
                0x000000000000b1ec                UpnpAddToPropertySet
 .text          0x000000000000b330      0x130 /usr1/xuhui/DT-W724V-20140311/output/package/atp/libraries/opensrc/libupnp/iupnp/gena/gena_callback2.o
                0x000000000000b330                error_respond
                0x000000000000b3a0                genaCallback
 .text          0x000000000000b460     0x15d0 /usr1/xuhui/DT-W724V-20140311/output/package/atp/libraries/opensrc/libupnp/iupnp/gena/gena_ctrlpt.o
                0x000000000000bc24                genaUnregisterClient
                0x000000000000bdc8                genaUnSubscribe
                0x000000000000bf90                genaSubscribe
                0x000000000000c29c                genaRenewSubscription
                0x000000000000c6a4                gena_process_notification_event
 .text          0x000000000000ca30     0x2730 /usr1/xuhui/DT-W724V-20140311/output/package/atp/libraries/opensrc/libupnp/iupnp/gena/gena_device.o
                0x000000000000d3f8                genaUnregisterDevice
                0x000000000000d488                genaInitNotify
                0x000000000000d8f4                genaInitNotifyExt
                0x000000000000dd70                genaNotifyAllExt
                0x000000000000e1a4                genaNotifyAll
                0x000000000000e5d4                gena_process_subscription_request
                0x000000000000ec44                gena_process_subscription_renewal_request
                0x000000000000ef5c                gena_process_unsubscribe_request
 .text          0x000000000000f160        0x0 /usr1/xuhui/DT-W724V-20140311/output/package/atp/libraries/opensrc/libupnp/iupnp/soap/soap_common.o
 .text          0x000000000000f160     0x1080 /usr1/xuhui/DT-W724V-20140311/output/package/atp/libraries/opensrc/libupnp/iupnp/soap/soap_ctrlpt.o
                0x000000000000f9a4                SoapSendAction
                0x000000000000fc78                SoapSendActionEx
                0x000000000000fff0                SoapGetServiceVarStatus
 .text          0x00000000000101e0     0x1220 /usr1/xuhui/DT-W724V-20140311/output/package/atp/libraries/opensrc/libupnp/iupnp/soap/soap_device.o
                0x00000000000110fc                soap_device_callback
 .text          0x0000000000011400     0x13d0 /usr1/xuhui/DT-W724V-20140311/output/package/atp/libraries/opensrc/libupnp/iupnp/ssdp/ssdp_ctrlpt.o
                0x00000000000118c0                ssdp_handle_ctrlpt_msg
                0x0000000000011f98                SearchByTarget
 .text          0x00000000000127d0     0x1800 /usr1/xuhui/DT-W724V-20140311/output/package/atp/libraries/opensrc/libupnp/iupnp/ssdp/ssdp_device.o
                0x0000000000012dd8                advertiseAndReplyThread
                0x0000000000012e54                ssdp_handle_device_request
                0x00000000000131bc                DeviceAdvertisement
                0x0000000000013474                SendReply
                0x00000000000135ec                DeviceReply
                0x00000000000138a4                ServiceAdvertisement
                0x0000000000013a5c                ServiceReply
                0x0000000000013b5c                ServiceShutdown
                0x0000000000013d14                DeviceShutdown
 .text          0x0000000000013fd0     0x1e10 /usr1/xuhui/DT-W724V-20140311/output/package/atp/libraries/opensrc/libupnp/iupnp/ssdp/ssdp_server.o
                0x0000000000014c44                AdvertiseAndReply
                0x0000000000015410                unique_service_name
                0x00000000000157c4                ssdp_request_type1
                0x00000000000158b4                ssdp_request_type
                0x000000000001594c                readFromSSDPSocket
                0x0000000000015bb0                get_ssdp_sockets
 .text          0x0000000000015de0      0x660 /usr1/xuhui/DT-W724V-20140311/output/package/atp/libraries/opensrc/libupnp/iupnp/urlconfig/urlconfig.o
                0x0000000000015de0                configure_urlbase
 .text          0x0000000000016440     0x1030 /usr1/xuhui/DT-W724V-20140311/output/package/atp/libraries/opensrc/libupnp/iupnp/uuid/md5.o
                0x0000000000017204                MD5Init
                0x0000000000017240                MD5Update
                0x0000000000017388                MD5Final
 .text          0x0000000000017470      0x1e0 /usr1/xuhui/DT-W724V-20140311/output/package/atp/libraries/opensrc/libupnp/iupnp/uuid/sysdep.o
                0x0000000000017470                get_system_time
                0x00000000000174fc                get_random_info
                0x00000000000175a4                get_ieee_node_identifier
 .text          0x0000000000017650      0x520 /usr1/xuhui/DT-W724V-20140311/output/package/atp/libraries/opensrc/libupnp/iupnp/uuid/uuid_gen.o
                0x0000000000017650                uuid_create
                0x0000000000017950                uuid_unpack
                0x00000000000179d8                uuid_create_from_name
                0x0000000000017ab8                uuid_compare
 .text          0x0000000000017b70      0x8c0 /usr1/xuhui/DT-W724V-20140311/output/package/atp/libraries/opensrc/libupnp/iupnp/genlib/client_table/client_table.o
                0x0000000000017b70                UpnpClientSubscription_new
                0x0000000000017be8                UpnpClientSubscription_delete
                0x0000000000017c78                UpnpClientSubscription_get_RenewEventId
                0x0000000000017c80                UpnpClientSubscription_set_RenewEventId
                0x0000000000017c88                UpnpClientSubscription_get_SID
                0x0000000000017c90                UpnpClientSubscription_get_SID_cstr
                0x0000000000017ccc                UpnpClientSubscription_set_SID
                0x0000000000017d28                UpnpClientSubscription_strcpy_SID
                0x0000000000017d90                UpnpClientSubscription_get_ActualSID
                0x0000000000017d98                UpnpClientSubscription_get_ActualSID_cstr
                0x0000000000017dd4                UpnpClientSubscription_set_ActualSID
                0x0000000000017e30                UpnpClientSubscription_strcpy_ActualSID
                0x0000000000017e98                UpnpClientSubscription_get_EventURL
                0x0000000000017ea0                UpnpClientSubscription_get_EventURL_cstr
                0x0000000000017edc                UpnpClientSubscription_set_EventURL
                0x0000000000017f38                UpnpClientSubscription_assign
                0x0000000000017fec                UpnpClientSubscription_dup
                0x000000000001803c                UpnpClientSubscription_strcpy_EventURL
                0x00000000000180a4                UpnpClientSubscription_get_Next
                0x00000000000180ac                UpnpClientSubscription_set_Next
                0x00000000000180b4                free_client_subscription
                0x0000000000018178                freeClientSubList
                0x00000000000181ec                RemoveClientSubClientSID
                0x0000000000018308                GetClientSubClientSID
                0x00000000000183a8                GetClientSubActualSID
 .text          0x0000000000018430     0x1a60 /usr1/xuhui/DT-W724V-20140311/output/package/atp/libraries/opensrc/libupnp/iupnp/genlib/miniserver/miniserver.o
                0x0000000000019524                SetHTTPGetCallback
                0x000000000001953c                SetSoapCallback
                0x0000000000019554                SetGenaCallback
                0x000000000001956c                is_request_get_media
                0x0000000000019884                StartMiniServer
                0x0000000000019cd4                StopMiniServer
 .text          0x0000000000019e90     0x12e0 /usr1/xuhui/DT-W724V-20140311/output/package/atp/libraries/opensrc/libupnp/iupnp/genlib/service_table/service_table.o
                0x0000000000019e90                copy_subscription
                0x0000000000019f24                freeSubscription
                0x0000000000019f4c                freeSubscriptionList
                0x0000000000019fb4                GetNextSubscription
                0x000000000001a078                GetFirstSubscription
                0x000000000001a0c4                GetSubscriptionSID
                0x000000000001a1a8                RemoveSubscriptionSID
                0x000000000001a254                FindServiceId
                0x000000000001a2e4                FindServiceEventURLPath
                0x000000000001a3b8                FindServiceControlURLPath
                0x000000000001a48c                freeService
                0x000000000001a584                freeServiceList
                0x000000000001a688                freeServiceTable
                0x000000000001a6e0                getElementValue
                0x000000000001a768                getSubElement
                0x000000000001a838                getServiceList
                0x000000000001ac6c                getAllServiceList
                0x000000000001ad98                removeServiceTable
                0x000000000001af70                addServiceTable
                0x000000000001b088                getServiceTable
 .text          0x000000000001b170      0x610 /usr1/xuhui/DT-W724V-20140311/output/package/atp/libraries/opensrc/libupnp/iupnp/genlib/util/membuffer.o
                0x000000000001b170                str_alloc
                0x000000000001b1ec                memptr_cmp
                0x000000000001b258                memptr_cmp_nocase
                0x000000000001b2c4                membuffer_set_size
                0x000000000001b398                membuffer_init
                0x000000000001b3b0                membuffer_destroy
                0x000000000001b40c                membuffer_assign
                0x000000000001b4bc                membuffer_assign_str
                0x000000000001b510                membuffer_insert
                0x000000000001b5fc                membuffer_append_str
                0x000000000001b654                membuffer_append
                0x000000000001b66c                membuffer_delete
                0x000000000001b718                membuffer_detach
                0x000000000001b72c                membuffer_attach
 .text          0x000000000001b780      0x100 /usr1/xuhui/DT-W724V-20140311/output/package/atp/libraries/opensrc/libupnp/iupnp/genlib/util/strintmap.o
                0x000000000001b780                map_str_to_int
                0x000000000001b848                map_int_to_str
 .text          0x000000000001b880       0x70 /usr1/xuhui/DT-W724V-20140311/output/package/atp/libraries/opensrc/libupnp/iupnp/genlib/util/upnp_timeout.o
                0x000000000001b880                free_upnp_timeout
 .text          0x000000000001b8f0       0xe0 /usr1/xuhui/DT-W724V-20140311/output/package/atp/libraries/opensrc/libupnp/iupnp/genlib/util/util.o
                0x000000000001b8f0                linecopy
                0x000000000001b930                namecopy
                0x000000000001b970                linecopylen
 .text          0x000000000001b9d0      0x4f0 /usr1/xuhui/DT-W724V-20140311/output/package/atp/libraries/opensrc/libupnp/iupnp/genlib/net/sock.o
                0x000000000001bbfc                sock_init
                0x000000000001bc50                sock_init_with_ip
                0x000000000001bcbc                sock_destroy
                0x000000000001bd70                sock_read
                0x000000000001bdac                sock_write
                0x000000000001bde4                sock_make_blocking
                0x000000000001be50                sock_make_no_blocking
 .text          0x000000000001bec0     0x1260 /usr1/xuhui/DT-W724V-20140311/output/package/atp/libraries/opensrc/libupnp/iupnp/genlib/net/uri/uri.o
                0x000000000001c23c                is_mark
                0x000000000001c27c                is_unreserved
                0x000000000001c2ec                is_escaped
                0x000000000001c458                replace_escaped
                0x000000000001c578                copy_URL_list
                0x000000000001c704                free_URL_list
                0x000000000001c764                token_string_casecmp
                0x000000000001c7d0                token_string_cmp
                0x000000000001c83c                token_cmp
                0x000000000001c86c                remove_escaped_chars
                0x000000000001c8e0                remove_dots
                0x000000000001ca58                parse_uri
                0x000000000001cc74                resolve_rel_url
                0x000000000001d08c                parse_uri_and_unescape
 .text          0x000000000001d120     0x1ee0 /usr1/xuhui/DT-W724V-20140311/output/package/atp/libraries/opensrc/libupnp/iupnp/genlib/net/http/httpparser.o
                0x000000000001dd6c                httpmsg_init
                0x000000000001dde4                httpmsg_destroy
                0x000000000001de64                httpmsg_find_hdr_str
                0x000000000001df04                httpmsg_find_hdr
                0x000000000001df70                matchstr
                0x000000000001e03c                parser_parse_responseline
                0x000000000001e220                parser_parse_headers
                0x000000000001e514                parser_request_init
                0x000000000001e598                parser_response_init
                0x000000000001e630                raw_to_int
                0x000000000001e6e4                raw_find_str
                0x000000000001e7c4                parser_get_entity_read_method
                0x000000000001e954                parser_parse_entity
                0x000000000001ec2c                parser_parse
                0x000000000001ef30                parser_append
                0x000000000001ef98                method_to_str
 .text          0x000000000001f000     0x2e10 /usr1/xuhui/DT-W724V-20140311/output/package/atp/libraries/opensrc/libupnp/iupnp/genlib/net/http/httpreadwrite.o
                0x000000000001f31c                http_FixUrl
                0x000000000001f3b8                http_FixStrUrl
                0x000000000001f41c                http_Connect
                0x000000000001f520                http_RecvMessage
                0x000000000001f6a0                http_SendMessage
                0x000000000001fb2c                http_RequestAndResponse
                0x000000000001fcd0                http_WriteHttpPost
                0x000000000001fe7c                http_CloseHttpPost
                0x000000000001ff74                http_ReadHttpGet
                0x00000000000201ec                http_HttpGetProgress
                0x0000000000020220                http_CancelHttpGet
                0x000000000002023c                http_CloseHttpGet
                0x00000000000202a8                http_CalcResponseVersion
                0x00000000000202dc                get_sdk_info
                0x0000000000020350                http_MakeMessage
                0x0000000000020af0                MakeGetMessageEx
                0x0000000000020cd8                http_OpenHttpGetEx
                0x000000000002107c                http_SendStatusResponse
                0x000000000002115c                MakeGetMessage
                0x0000000000021364                http_OpenHttpGetProxy
                0x0000000000021664                http_OpenHttpGet
                0x00000000000216b8                MakePostMessage
                0x0000000000021964                http_OpenHttpPost
                0x0000000000021aec                http_Download
 .text          0x0000000000021e10       0x70 /usr1/xuhui/DT-W724V-20140311/output/package/atp/libraries/opensrc/libupnp/iupnp/genlib/net/http/parsetools.o
                0x0000000000021e10                has_xml_content_type
 .text          0x0000000000021e80      0x250 /usr1/xuhui/DT-W724V-20140311/output/package/atp/libraries/opensrc/libupnp/iupnp/genlib/net/http/statcodes.o
                0x0000000000021efc                http_get_code_text
 .text          0x00000000000220d0     0x2de0 /usr1/xuhui/DT-W724V-20140311/output/package/atp/libraries/opensrc/libupnp/iupnp/genlib/net/http/webserver.o
                0x000000000002240c                web_server_set_alias
                0x0000000000022668                web_server_init
                0x00000000000227dc                web_server_destroy
                0x0000000000022844                web_server_set_root_dir
                0x00000000000228c0                string2time
                0x0000000000022aa0                GetNextTimeRange
                0x0000000000022fd4                CreateHTTPTimeSeekResponseHeader
                0x00000000000235e0                web_server_callback
 .text          0x0000000000024eb0      0x490 /opt/toolchains/crosstools-mips-gcc-4.6-linux-3.4-uclibc-0.9.32-binutils-2.21/usr/lib/gcc/mips-unknown-linux-uclibc/4.6.2/libgcc.a(_divdi3.o)
                0x0000000000024eb0                __divdi3
 .text          0x0000000000025340      0x4a0 /opt/toolchains/crosstools-mips-gcc-4.6-linux-3.4-uclibc-0.9.32-binutils-2.21/usr/lib/gcc/mips-unknown-linux-uclibc/4.6.2/libgcc.a(_moddi3.o)
                0x0000000000025340                __moddi3
 .text          0x00000000000257e0       0x60 /opt/toolchains/crosstools-mips-gcc-4.6-linux-3.4-uclibc-0.9.32-binutils-2.21/usr/lib/gcc/mips-unknown-linux-uclibc/4.6.2/crtendS.o
 .text          0x0000000000025840        0x0 /usr1/xuhui/DT-W724V-20140311/output/host/usr/mips-unknown-linux-uclibc/sysroot/usr/lib/crtn.o
 *(.gnu.warning)
 *(.mips16.fn.*)
 *(.mips16.call.*)

.MIPS.stubs     0x0000000000025840      0x910
 .MIPS.stubs    0x0000000000025840      0x910 /usr1/xuhui/DT-W724V-20140311/output/host/usr/mips-unknown-linux-uclibc/sysroot/usr/lib/crti.o
                0x0000000000025850                bind
                0x0000000000025890                calloc
                0x00000000000258b0                __errno_location
                0x00000000000258d0                fcntl64
                0x00000000000258e0                fwrite
                0x00000000000258f0                __ctype_b_loc
                0x0000000000025940                usleep
                0x0000000000025950                memcpy
                0x0000000000025960                connect
                0x0000000000025980                uname
                0x0000000000025990                sleep
                0x00000000000259a0                realloc
                0x00000000000259b0                send
                0x00000000000259c0                pthread_mutex_init
                0x00000000000259e0                getsockname
                0x00000000000259f0                gettimeofday
                0x0000000000025a00                strcat
                0x0000000000025a50                strcasecmp
                0x0000000000025a60                freeaddrinfo
                0x0000000000025a70                fseeko64
                0x0000000000025a80                malloc
                0x0000000000025aa0                strrchr
                0x0000000000025ab0                strncmp
                0x0000000000025ae0                inet_pton
                0x0000000000025af0                fopen64
                0x0000000000025b10                __ctype_toupper_loc
                0x0000000000025b30                __ctype_tolower_loc
                0x0000000000025b40                ioctl
                0x0000000000025b60                recv
                0x0000000000025b70                strlen
                0x0000000000025b80                pthread_mutex_lock
                0x0000000000025ba0                sendto
                0x0000000000025bb0                strtol
                0x0000000000025bc0                gmtime
                0x0000000000025bd0                snprintf
                0x0000000000025c00                select
                0x0000000000025c20                strncasecmp
                0x0000000000025c40                __assert
                0x0000000000025c50                stat64
                0x0000000000025c70                pthread_mutex_destroy
                0x0000000000025c80                memmove
                0x0000000000025c90                fclose
                0x0000000000025ca0                setsockopt
                0x0000000000025cb0                fread
                0x0000000000025ce0                strncat
                0x0000000000025d10                gethostname
                0x0000000000025d20                time
                0x0000000000025d40                getsockopt
                0x0000000000025d50                atoll
                0x0000000000025d60                close
                0x0000000000025d90                sscanf
                0x0000000000025da0                strncpy
                0x0000000000025db0                strndup
                0x0000000000025de0                gmtime_r
                0x0000000000025e40                memset
                0x0000000000025e60                if_nametoindex
                0x0000000000025e80                inet_addr
                0x0000000000025e90                memcmp
                0x0000000000025ea0                recvfrom
                0x0000000000025eb0                sprintf
                0x0000000000025ee0                socket
                0x0000000000025ef0                rand
                0x0000000000025f60                pthread_mutex_unlock
                0x0000000000025f70                strstr
                0x0000000000025f80                strcmp
                0x0000000000025fb0                accept
                0x0000000000025fc0                atoi
                0x0000000000025fd0                strchr
                0x0000000000025fe0                strtoll
                0x0000000000026000                listen
                0x0000000000026010                srand
                0x0000000000026020                printf
                0x0000000000026030                strdup
                0x0000000000026040                puts
                0x0000000000026060                fscanf
                0x0000000000026070                asctime
                0x0000000000026090                inet_ntop
                0x00000000000260e0                getaddrinfo
                0x0000000000026100                __glibc_strerror_r
                0x0000000000026110                strcpy
                0x0000000000026130                shutdown

.fini           0x0000000000026150       0x50
 *(.fini)
 .fini          0x0000000000026150       0x1c /usr1/xuhui/DT-W724V-20140311/output/host/usr/mips-unknown-linux-uclibc/sysroot/usr/lib/crti.o
                0x0000000000026150                _fini
 .fini          0x000000000002616c       0x28 /opt/toolchains/crosstools-mips-gcc-4.6-linux-3.4-uclibc-0.9.32-binutils-2.21/usr/lib/gcc/mips-unknown-linux-uclibc/4.6.2/crtbeginS.o
 .fini          0x0000000000026194        0xc /usr1/xuhui/DT-W724V-20140311/output/host/usr/mips-unknown-linux-uclibc/sysroot/usr/lib/crtn.o
                0x00000000000261a0                PROVIDE (__etext, .)
                0x00000000000261a0                PROVIDE (_etext, .)
                0x00000000000261a0                PROVIDE (etext, .)

.rodata         0x00000000000261a0     0x22b0
 *(.rodata .rodata.* .gnu.linkonce.r.*)
 .rodata.str1.4
                0x00000000000261a0       0x97 /usr1/xuhui/DT-W724V-20140311/output/package/atp/libraries/opensrc/libupnp/iupnp/api/upnpapi.o
                                         0xa4 (size before relaxing)
 *fill*         0x0000000000026237        0x9 00
 .rodata        0x0000000000026240       0x30 /usr1/xuhui/DT-W724V-20140311/output/package/atp/libraries/opensrc/libupnp/iupnp/api/upnpapi.o
 .rodata.str1.4
                0x0000000000026270      0x48e /usr1/xuhui/DT-W724V-20140311/output/package/atp/libraries/opensrc/libupnp/iupnp/api/upnptools.o
                                        0x490 (size before relaxing)
 *fill*         0x00000000000266fe        0x2 00
 .rodata.str1.4
                0x0000000000026700       0xb8 /usr1/xuhui/DT-W724V-20140311/output/package/atp/libraries/opensrc/libupnp/iupnp/gena/gena_ctrlpt.o
                                         0xe0 (size before relaxing)
 .rodata.str1.4
                0x00000000000267b8      0x170 /usr1/xuhui/DT-W724V-20140311/output/package/atp/libraries/opensrc/libupnp/iupnp/gena/gena_device.o
                                        0x1b0 (size before relaxing)
 .rodata.str1.4
                0x0000000000000000       0x2c /usr1/xuhui/DT-W724V-20140311/output/package/atp/libraries/opensrc/libupnp/iupnp/soap/soap_common.o
 .rodata.str1.4
                0x0000000000026928      0x3fe /usr1/xuhui/DT-W724V-20140311/output/package/atp/libraries/opensrc/libupnp/iupnp/soap/soap_ctrlpt.o
                                        0x404 (size before relaxing)
 *fill*         0x0000000000026d26        0x2 00
 .rodata.str1.4
                0x0000000000026d28      0x464 /usr1/xuhui/DT-W724V-20140311/output/package/atp/libraries/opensrc/libupnp/iupnp/soap/soap_device.o
                                        0x494 (size before relaxing)
 .rodata.str1.4
                0x000000000002718c       0xb4 /usr1/xuhui/DT-W724V-20140311/output/package/atp/libraries/opensrc/libupnp/iupnp/ssdp/ssdp_ctrlpt.o
                                         0xb8 (size before relaxing)
 .rodata        0x0000000000027240       0x20 /usr1/xuhui/DT-W724V-20140311/output/package/atp/libraries/opensrc/libupnp/iupnp/ssdp/ssdp_ctrlpt.o
 .rodata.str1.4
                0x0000000000027260      0x103 /usr1/xuhui/DT-W724V-20140311/output/package/atp/libraries/opensrc/libupnp/iupnp/ssdp/ssdp_device.o
                                        0x180 (size before relaxing)
 *fill*         0x0000000000027363        0x1 00
 .rodata.str1.4
                0x0000000000027364      0x109 /usr1/xuhui/DT-W724V-20140311/output/package/atp/libraries/opensrc/libupnp/iupnp/ssdp/ssdp_server.o
                                        0x144 (size before relaxing)
 *fill*         0x000000000002746d        0x3 00
 .rodata        0x0000000000027470       0x10 /usr1/xuhui/DT-W724V-20140311/output/package/atp/libraries/opensrc/libupnp/iupnp/ssdp/ssdp_server.o
 .rodata.str1.4
                0x0000000000027480       0x20 /usr1/xuhui/DT-W724V-20140311/output/package/atp/libraries/opensrc/libupnp/iupnp/urlconfig/urlconfig.o
                                         0x2c (size before relaxing)
 .rodata.str1.4
                0x00000000000274a0       0x3c /usr1/xuhui/DT-W724V-20140311/output/package/atp/libraries/opensrc/libupnp/iupnp/uuid/uuid_gen.o
 .rodata.str1.4
                0x0000000000000000        0x4 /usr1/xuhui/DT-W724V-20140311/output/package/atp/libraries/opensrc/libupnp/iupnp/genlib/client_table/client_table.o
 .rodata.str1.4
                0x00000000000274dc       0x82 /usr1/xuhui/DT-W724V-20140311/output/package/atp/libraries/opensrc/libupnp/iupnp/genlib/miniserver/miniserver.o
                                         0x84 (size before relaxing)
 *fill*         0x000000000002755e        0x2 00
 .rodata.str1.4
                0x0000000000027560       0x31 /usr1/xuhui/DT-W724V-20140311/output/package/atp/libraries/opensrc/libupnp/iupnp/genlib/service_table/service_table.o
                                         0x6c (size before relaxing)
 *fill*         0x0000000000027591        0x3 00
 .rodata.str1.4
                0x0000000000027594      0x144 /usr1/xuhui/DT-W724V-20140311/output/package/atp/libraries/opensrc/libupnp/iupnp/genlib/net/uri/uri.o
                                        0x14c (size before relaxing)
 *fill*         0x00000000000276d8        0x8 00
 .rodata        0x00000000000276e0       0x10 /usr1/xuhui/DT-W724V-20140311/output/package/atp/libraries/opensrc/libupnp/iupnp/genlib/net/uri/uri.o
 .rodata.str1.4
                0x00000000000276f0      0x280 /usr1/xuhui/DT-W724V-20140311/output/package/atp/libraries/opensrc/libupnp/iupnp/genlib/net/http/httpparser.o
                                        0x2a0 (size before relaxing)
 .rodata        0x0000000000027970       0x20 /usr1/xuhui/DT-W724V-20140311/output/package/atp/libraries/opensrc/libupnp/iupnp/genlib/net/http/httpparser.o
 .rodata.str1.4
                0x0000000000027990      0x1f2 /usr1/xuhui/DT-W724V-20140311/output/package/atp/libraries/opensrc/libupnp/iupnp/genlib/net/http/httpreadwrite.o
                                        0x230 (size before relaxing)
 *fill*         0x0000000000027b82        0xe 00
 .rodata        0x0000000000027b90       0x50 /usr1/xuhui/DT-W724V-20140311/output/package/atp/libraries/opensrc/libupnp/iupnp/genlib/net/http/httpreadwrite.o
 .rodata.str1.4
                0x0000000000027be0        0xf /usr1/xuhui/DT-W724V-20140311/output/package/atp/libraries/opensrc/libupnp/iupnp/genlib/net/http/parsetools.o
                                         0x10 (size before relaxing)
 *fill*         0x0000000000027bef        0x1 00
 .rodata        0x0000000000027bf0      0x290 /usr1/xuhui/DT-W724V-20140311/output/package/atp/libraries/opensrc/libupnp/iupnp/genlib/net/http/statcodes.o
 .rodata.str1.4
                0x0000000000027e80      0x274 /usr1/xuhui/DT-W724V-20140311/output/package/atp/libraries/opensrc/libupnp/iupnp/genlib/net/http/webserver.o
                                        0x2bc (size before relaxing)
 *fill*         0x00000000000280f4        0xc 00
 .rodata        0x0000000000028100      0x350 /usr1/xuhui/DT-W724V-20140311/output/package/atp/libraries/opensrc/libupnp/iupnp/genlib/net/http/webserver.o

.rodata1
 *(.rodata1)

.eh_frame_hdr   0x0000000000028450       0x1c
 *(.eh_frame_hdr)
 .eh_frame_hdr  0x0000000000028450       0x1c /opt/toolchains/crosstools-mips-gcc-4.6-linux-3.4-uclibc-0.9.32-binutils-2.21/usr/lib/gcc/mips-unknown-linux-uclibc/4.6.2/libgcc.a(_divdi3.o)

.eh_frame       0x000000000002846c       0x40
 *(.eh_frame)
 .eh_frame      0x000000000002846c        0x0 /opt/toolchains/crosstools-mips-gcc-4.6-linux-3.4-uclibc-0.9.32-binutils-2.21/usr/lib/gcc/mips-unknown-linux-uclibc/4.6.2/crtbeginS.o
 .eh_frame      0x000000000002846c       0x28 /opt/toolchains/crosstools-mips-gcc-4.6-linux-3.4-uclibc-0.9.32-binutils-2.21/usr/lib/gcc/mips-unknown-linux-uclibc/4.6.2/libgcc.a(_divdi3.o)
 .eh_frame      0x0000000000028494       0x14 /opt/toolchains/crosstools-mips-gcc-4.6-linux-3.4-uclibc-0.9.32-binutils-2.21/usr/lib/gcc/mips-unknown-linux-uclibc/4.6.2/libgcc.a(_moddi3.o)
                                         0x28 (size before relaxing)
 .eh_frame      0x00000000000284a8        0x4 /opt/toolchains/crosstools-mips-gcc-4.6-linux-3.4-uclibc-0.9.32-binutils-2.21/usr/lib/gcc/mips-unknown-linux-uclibc/4.6.2/crtendS.o

.gcc_except_table
 *(.gcc_except_table .gcc_except_table.*)
                0x00000000000284ac                . = (ALIGN (0x10000) - ((0x10000 - .) & 0xffff))
                0x00000000000384ac                . = DATA_SEGMENT_ALIGN (0x10000, 0x1000)

.eh_frame
 *(.eh_frame)

.gcc_except_table
 *(.gcc_except_table .gcc_except_table.*)

.tdata
 *(.tdata .tdata.* .gnu.linkonce.td.*)

.tbss
 *(.tbss .tbss.* .gnu.linkonce.tb.*)
 *(.tcommon)

.preinit_array
 *(.preinit_array)

.init_array
 *(SORT(.init_array.*))
 *(.init_array)

.fini_array
 *(SORT(.fini_array.*))
 *(.fini_array)

.ctors          0x00000000000384ac        0x8
 *crtbegin.o(.ctors)
 *crtbegin?.o(.ctors)
 .ctors         0x00000000000384ac        0x4 /opt/toolchains/crosstools-mips-gcc-4.6-linux-3.4-uclibc-0.9.32-binutils-2.21/usr/lib/gcc/mips-unknown-linux-uclibc/4.6.2/crtbeginS.o
 *(EXCLUDE_FILE(*crtend?.o *crtend.o) .ctors)
 *(SORT(.ctors.*))
 *(.ctors)
 .ctors         0x00000000000384b0        0x4 /opt/toolchains/crosstools-mips-gcc-4.6-linux-3.4-uclibc-0.9.32-binutils-2.21/usr/lib/gcc/mips-unknown-linux-uclibc/4.6.2/crtendS.o

.dtors          0x00000000000384b4        0x8
 *crtbegin.o(.dtors)
 *crtbegin?.o(.dtors)
 .dtors         0x00000000000384b4        0x4 /opt/toolchains/crosstools-mips-gcc-4.6-linux-3.4-uclibc-0.9.32-binutils-2.21/usr/lib/gcc/mips-unknown-linux-uclibc/4.6.2/crtbeginS.o
 *(EXCLUDE_FILE(*crtend?.o *crtend.o) .dtors)
 *(SORT(.dtors.*))
 *(.dtors)
 .dtors         0x00000000000384b8        0x4 /opt/toolchains/crosstools-mips-gcc-4.6-linux-3.4-uclibc-0.9.32-binutils-2.21/usr/lib/gcc/mips-unknown-linux-uclibc/4.6.2/crtendS.o
                0x00000000000384b8                __DTOR_END__

.jcr            0x00000000000384bc        0x4
 *(.jcr)
 .jcr           0x00000000000384bc        0x0 /opt/toolchains/crosstools-mips-gcc-4.6-linux-3.4-uclibc-0.9.32-binutils-2.21/usr/lib/gcc/mips-unknown-linux-uclibc/4.6.2/crtbeginS.o
 .jcr           0x00000000000384bc        0x4 /opt/toolchains/crosstools-mips-gcc-4.6-linux-3.4-uclibc-0.9.32-binutils-2.21/usr/lib/gcc/mips-unknown-linux-uclibc/4.6.2/crtendS.o

.data.rel.ro    0x00000000000384c0       0x18
 *(.data.rel.ro.local* .gnu.linkonce.d.rel.ro.local.*)
 .data.rel.ro.local
                0x00000000000384c0       0x18 /usr1/xuhui/DT-W724V-20140311/output/package/atp/libraries/opensrc/libupnp/iupnp/genlib/net/http/webserver.o
 *(.data.rel.ro* .gnu.linkonce.d.rel.ro.*)
                0x00000000000384d8                . = DATA_SEGMENT_RELRO_END (., 0x0)

.data           0x00000000000384e0      0x380
                0x00000000000384e0                _fdata = .
 *(.data .data.* .gnu.linkonce.d.*)
 .data          0x00000000000384e0        0x0 /usr1/xuhui/DT-W724V-20140311/output/host/usr/mips-unknown-linux-uclibc/sysroot/usr/lib/crti.o
 .data          0x00000000000384e0        0x0 /opt/toolchains/crosstools-mips-gcc-4.6-linux-3.4-uclibc-0.9.32-binutils-2.21/usr/lib/gcc/mips-unknown-linux-uclibc/4.6.2/crtbeginS.o
 .data          0x00000000000384e0        0x0 /usr1/xuhui/DT-W724V-20140311/output/package/atp/libraries/opensrc/libupnp/iupnp/inet_pton.o
 .data          0x00000000000384e0        0x0 /usr1/xuhui/DT-W724V-20140311/output/package/atp/libraries/opensrc/libupnp/iupnp/api/UpnpString.o
 .data          0x00000000000384e0       0x10 /usr1/xuhui/DT-W724V-20140311/output/package/atp/libraries/opensrc/libupnp/iupnp/api/upnpapi.o
                0x00000000000384e0                g_ulMaxChannels
                0x00000000000384e4                g_maxContentLength
                0x00000000000384e8                gIF_INDEX
 .data          0x00000000000384f0        0x0 /usr1/xuhui/DT-W724V-20140311/output/package/atp/libraries/opensrc/libupnp/iupnp/api/upnpdebug.o
 .data          0x00000000000384f0        0x0 /usr1/xuhui/DT-W724V-20140311/output/package/atp/libraries/opensrc/libupnp/iupnp/api/upnptools.o
 .data.rel.local
                0x00000000000384f0      0x168 /usr1/xuhui/DT-W724V-20140311/output/package/atp/libraries/opensrc/libupnp/iupnp/api/upnptools.o
                0x00000000000384f0                ErrorMessages
 *fill*         0x0000000000038658        0x8 00
 .data          0x0000000000038660        0x0 /usr1/xuhui/DT-W724V-20140311/output/package/atp/libraries/opensrc/libupnp/iupnp/gena/gena_callback2.o
 .data          0x0000000000038660        0x0 /usr1/xuhui/DT-W724V-20140311/output/package/atp/libraries/opensrc/libupnp/iupnp/gena/gena_ctrlpt.o
 .data          0x0000000000038660        0x0 /usr1/xuhui/DT-W724V-20140311/output/package/atp/libraries/opensrc/libupnp/iupnp/gena/gena_device.o
 .data          0x0000000000038660        0x0 /usr1/xuhui/DT-W724V-20140311/output/package/atp/libraries/opensrc/libupnp/iupnp/soap/soap_common.o
 .data.rel.local
                0x0000000000038660        0x4 /usr1/xuhui/DT-W724V-20140311/output/package/atp/libraries/opensrc/libupnp/iupnp/soap/soap_common.o
                0x0000000000038660                ContentTypeHeader
 *fill*         0x0000000000038664        0xc 00
 .data          0x0000000000038670        0x0 /usr1/xuhui/DT-W724V-20140311/output/package/atp/libraries/opensrc/libupnp/iupnp/soap/soap_ctrlpt.o
 .data          0x0000000000038670        0x0 /usr1/xuhui/DT-W724V-20140311/output/package/atp/libraries/opensrc/libupnp/iupnp/soap/soap_device.o
 .data          0x0000000000038670        0x0 /usr1/xuhui/DT-W724V-20140311/output/package/atp/libraries/opensrc/libupnp/iupnp/ssdp/ssdp_ctrlpt.o
 .data          0x0000000000038670        0x0 /usr1/xuhui/DT-W724V-20140311/output/package/atp/libraries/opensrc/libupnp/iupnp/ssdp/ssdp_device.o
 .data          0x0000000000038670       0x10 /usr1/xuhui/DT-W724V-20140311/output/package/atp/libraries/opensrc/libupnp/iupnp/ssdp/ssdp_server.o
                0x0000000000038670                gSsdpReqSocket6
                0x0000000000038674                gSsdpReqSocket4
 .data          0x0000000000038680        0x0 /usr1/xuhui/DT-W724V-20140311/output/package/atp/libraries/opensrc/libupnp/iupnp/urlconfig/urlconfig.o
 .data          0x0000000000038680       0x40 /usr1/xuhui/DT-W724V-20140311/output/package/atp/libraries/opensrc/libupnp/iupnp/uuid/md5.o
 .data          0x00000000000386c0        0x0 /usr1/xuhui/DT-W724V-20140311/output/package/atp/libraries/opensrc/libupnp/iupnp/uuid/sysdep.o
 .data          0x00000000000386c0        0x0 /usr1/xuhui/DT-W724V-20140311/output/package/atp/libraries/opensrc/libupnp/iupnp/uuid/uuid_gen.o
 .data          0x00000000000386c0        0x0 /usr1/xuhui/DT-W724V-20140311/output/package/atp/libraries/opensrc/libupnp/iupnp/genlib/client_table/client_table.o
 .data          0x00000000000386c0        0x0 /usr1/xuhui/DT-W724V-20140311/output/package/atp/libraries/opensrc/libupnp/iupnp/genlib/miniserver/miniserver.o
 .data          0x00000000000386c0        0x0 /usr1/xuhui/DT-W724V-20140311/output/package/atp/libraries/opensrc/libupnp/iupnp/genlib/service_table/service_table.o
 .data          0x00000000000386c0        0x0 /usr1/xuhui/DT-W724V-20140311/output/package/atp/libraries/opensrc/libupnp/iupnp/genlib/util/membuffer.o
 .data          0x00000000000386c0        0x0 /usr1/xuhui/DT-W724V-20140311/output/package/atp/libraries/opensrc/libupnp/iupnp/genlib/util/strintmap.o
 .data          0x00000000000386c0        0x0 /usr1/xuhui/DT-W724V-20140311/output/package/atp/libraries/opensrc/libupnp/iupnp/genlib/util/upnp_timeout.o
 .data          0x00000000000386c0        0x0 /usr1/xuhui/DT-W724V-20140311/output/package/atp/libraries/opensrc/libupnp/iupnp/genlib/util/util.o
 .data          0x00000000000386c0        0x0 /usr1/xuhui/DT-W724V-20140311/output/package/atp/libraries/opensrc/libupnp/iupnp/genlib/net/sock.o
 .data          0x00000000000386c0        0x0 /usr1/xuhui/DT-W724V-20140311/output/package/atp/libraries/opensrc/libupnp/iupnp/genlib/net/uri/uri.o
 .data          0x00000000000386c0       0x10 /usr1/xuhui/DT-W724V-20140311/output/package/atp/libraries/opensrc/libupnp/iupnp/genlib/net/http/httpparser.o
                0x00000000000386c0                Http_Header_Num
 .data.rel.local
                0x00000000000386d0      0x178 /usr1/xuhui/DT-W724V-20140311/output/package/atp/libraries/opensrc/libupnp/iupnp/genlib/net/http/httpparser.o
                0x00000000000386d0                Http_Header_Names
 *fill*         0x0000000000038848        0x8 00
 .data          0x0000000000038850       0x10 /usr1/xuhui/DT-W724V-20140311/output/package/atp/libraries/opensrc/libupnp/iupnp/genlib/net/http/httpreadwrite.o
                0x0000000000038850                g_ulWebServerBuffSize
 .data          0x0000000000038860        0x0 /usr1/xuhui/DT-W724V-20140311/output/package/atp/libraries/opensrc/libupnp/iupnp/genlib/net/http/parsetools.o
 .data          0x0000000000038860        0x0 /usr1/xuhui/DT-W724V-20140311/output/package/atp/libraries/opensrc/libupnp/iupnp/genlib/net/http/statcodes.o
 .data          0x0000000000038860        0x0 /usr1/xuhui/DT-W724V-20140311/output/package/atp/libraries/opensrc/libupnp/iupnp/genlib/net/http/webserver.o
 .data          0x0000000000038860        0x0 /opt/toolchains/crosstools-mips-gcc-4.6-linux-3.4-uclibc-0.9.32-binutils-2.21/usr/lib/gcc/mips-unknown-linux-uclibc/4.6.2/libgcc.a(_divdi3.o)
 .data          0x0000000000038860        0x0 /opt/toolchains/crosstools-mips-gcc-4.6-linux-3.4-uclibc-0.9.32-binutils-2.21/usr/lib/gcc/mips-unknown-linux-uclibc/4.6.2/libgcc.a(_moddi3.o)
 .data          0x0000000000038860        0x0 /opt/toolchains/crosstools-mips-gcc-4.6-linux-3.4-uclibc-0.9.32-binutils-2.21/usr/lib/gcc/mips-unknown-linux-uclibc/4.6.2/crtendS.o
 .data          0x0000000000038860        0x0 /usr1/xuhui/DT-W724V-20140311/output/host/usr/mips-unknown-linux-uclibc/sysroot/usr/lib/crtn.o

.data1
 *(.data1)

.got.plt        0x0000000000038860        0x0
 *(.got.plt)
 .got.plt       0x0000000000000000        0x0 /usr1/xuhui/DT-W724V-20140311/output/host/usr/mips-unknown-linux-uclibc/sysroot/usr/lib/crti.o
                0x0000000000038860                . = .
                0x0000000000040850                _gp = (ALIGN (0x10) + 0x7ff0)

.got            0x0000000000038860      0x65c
 *(.got)
 .got           0x0000000000038860      0x65c /usr1/xuhui/DT-W724V-20140311/output/host/usr/mips-unknown-linux-uclibc/sysroot/usr/lib/crti.o
                0x0000000000038860                _GLOBAL_OFFSET_TABLE_

.sdata          0x0000000000038ebc        0x4
 *(.sdata2 .sdata2.* .gnu.linkonce.s2.*)
 *(.sdata .sdata.* .gnu.linkonce.s.*)
 .sdata         0x0000000000038ebc        0x4 /opt/toolchains/crosstools-mips-gcc-4.6-linux-3.4-uclibc-0.9.32-binutils-2.21/usr/lib/gcc/mips-unknown-linux-uclibc/4.6.2/crtbeginS.o
                0x0000000000038ebc                __dso_handle

.lit8
 *(.lit8)

.lit4
 *(.lit4)
                0x0000000000038ec0                _edata = .
                0x0000000000038ec0                PROVIDE (edata, .)
                0x0000000000038ec0                __bss_start = .
                0x0000000000038ec0                _fbss = .

.sbss           0x0000000000038ec0        0xe
 *(.sbss2 .sbss2.* .gnu.linkonce.sb2.*)
 *(.dynsbss)
 *(.sbss .sbss.* .gnu.linkonce.sb.*)
 *(.scommon)
 .scommon       0x0000000000038ec0        0xc /usr1/xuhui/DT-W724V-20140311/output/package/atp/libraries/opensrc/libupnp/iupnp/api/upnpapi.o
                0x0000000000038ec0                LOCAL_PORT_V6
                0x0000000000038ec2                LOCAL_FILE_PORT_V4
                0x0000000000038ec4                pVirtualDirList
                0x0000000000038ec8                LOCAL_PORT_V4
                0x0000000000038eca                LOCAL_FILE_PORT_V6
 .scommon       0x0000000000038ecc        0x2 /usr1/xuhui/DT-W724V-20140311/output/package/atp/libraries/opensrc/libupnp/iupnp/genlib/miniserver/miniserver.o
                0x0000000000038ecc                miniStopSockPort

.bss            0x0000000000038ed0     0x1060
 *(.dynbss)
 .dynbss        0x0000000000000000        0x0 /usr1/xuhui/DT-W724V-20140311/output/host/usr/mips-unknown-linux-uclibc/sysroot/usr/lib/crti.o
 *(.bss .bss.* .gnu.linkonce.b.*)
 .bss           0x0000000000038ed0        0x0 /usr1/xuhui/DT-W724V-20140311/output/host/usr/mips-unknown-linux-uclibc/sysroot/usr/lib/crti.o
 .bss           0x0000000000038ed0       0x20 /opt/toolchains/crosstools-mips-gcc-4.6-linux-3.4-uclibc-0.9.32-binutils-2.21/usr/lib/gcc/mips-unknown-linux-uclibc/4.6.2/crtbeginS.o
 .bss           0x0000000000038ef0        0x0 /usr1/xuhui/DT-W724V-20140311/output/package/atp/libraries/opensrc/libupnp/iupnp/inet_pton.o
 .bss           0x0000000000038ef0        0x0 /usr1/xuhui/DT-W724V-20140311/output/package/atp/libraries/opensrc/libupnp/iupnp/api/UpnpString.o
 .bss           0x0000000000038ef0      0x470 /usr1/xuhui/DT-W724V-20140311/output/package/atp/libraries/opensrc/libupnp/iupnp/api/upnpapi.o
                0x0000000000038ef0                UpnpSdkDeviceregisteredV6
                0x0000000000038ef4                UpnpSdkDeviceRegisteredV4
                0x0000000000038ef8                UpnpSdkClientRegistered
                0x0000000000038efc                UpnpSdkInit
                0x0000000000038f00                gIF_IPV6_ULA_GUA
                0x0000000000038f30                gIF_IPV6
                0x0000000000038f60                gIF_IPV4
                0x0000000000038f70                gIF_NAME
                0x0000000000039024                bWebServerState
                0x0000000000039028                gSDKInitMutex
 .bss           0x0000000000039360        0x0 /usr1/xuhui/DT-W724V-20140311/output/package/atp/libraries/opensrc/libupnp/iupnp/api/upnpdebug.o
 .bss           0x0000000000039360        0x0 /usr1/xuhui/DT-W724V-20140311/output/package/atp/libraries/opensrc/libupnp/iupnp/api/upnptools.o
 .bss           0x0000000000039360        0x0 /usr1/xuhui/DT-W724V-20140311/output/package/atp/libraries/opensrc/libupnp/iupnp/gena/gena_callback2.o
 .bss           0x0000000000039360        0x0 /usr1/xuhui/DT-W724V-20140311/output/package/atp/libraries/opensrc/libupnp/iupnp/gena/gena_ctrlpt.o
 .bss           0x0000000000039360        0x0 /usr1/xuhui/DT-W724V-20140311/output/package/atp/libraries/opensrc/libupnp/iupnp/gena/gena_device.o
 .bss           0x0000000000039360        0x0 /usr1/xuhui/DT-W724V-20140311/output/package/atp/libraries/opensrc/libupnp/iupnp/soap/soap_common.o
 .bss           0x0000000000039360        0x0 /usr1/xuhui/DT-W724V-20140311/output/package/atp/libraries/opensrc/libupnp/iupnp/soap/soap_ctrlpt.o
 .bss           0x0000000000039360        0x0 /usr1/xuhui/DT-W724V-20140311/output/package/atp/libraries/opensrc/libupnp/iupnp/soap/soap_device.o
 .bss           0x0000000000039360        0x0 /usr1/xuhui/DT-W724V-20140311/output/package/atp/libraries/opensrc/libupnp/iupnp/ssdp/ssdp_ctrlpt.o
 .bss           0x0000000000039360        0x0 /usr1/xuhui/DT-W724V-20140311/output/package/atp/libraries/opensrc/libupnp/iupnp/ssdp/ssdp_device.o
 .bss           0x0000000000039360        0x0 /usr1/xuhui/DT-W724V-20140311/output/package/atp/libraries/opensrc/libupnp/iupnp/ssdp/ssdp_server.o
 .bss           0x0000000000039360        0x0 /usr1/xuhui/DT-W724V-20140311/output/package/atp/libraries/opensrc/libupnp/iupnp/urlconfig/urlconfig.o
 .bss           0x0000000000039360        0x0 /usr1/xuhui/DT-W724V-20140311/output/package/atp/libraries/opensrc/libupnp/iupnp/uuid/md5.o
 .bss           0x0000000000039360       0x10 /usr1/xuhui/DT-W724V-20140311/output/package/atp/libraries/opensrc/libupnp/iupnp/uuid/sysdep.o
 .bss           0x0000000000039370       0x40 /usr1/xuhui/DT-W724V-20140311/output/package/atp/libraries/opensrc/libupnp/iupnp/uuid/uuid_gen.o
 .bss           0x00000000000393b0        0x0 /usr1/xuhui/DT-W724V-20140311/output/package/atp/libraries/opensrc/libupnp/iupnp/genlib/client_table/client_table.o
 .bss           0x00000000000393b0       0x10 /usr1/xuhui/DT-W724V-20140311/output/package/atp/libraries/opensrc/libupnp/iupnp/genlib/miniserver/miniserver.o
 .bss           0x00000000000393c0        0x0 /usr1/xuhui/DT-W724V-20140311/output/package/atp/libraries/opensrc/libupnp/iupnp/genlib/service_table/service_table.o
 .bss           0x00000000000393c0        0x0 /usr1/xuhui/DT-W724V-20140311/output/package/atp/libraries/opensrc/libupnp/iupnp/genlib/util/membuffer.o
 .bss           0x00000000000393c0        0x0 /usr1/xuhui/DT-W724V-20140311/output/package/atp/libraries/opensrc/libupnp/iupnp/genlib/util/strintmap.o
 .bss           0x00000000000393c0        0x0 /usr1/xuhui/DT-W724V-20140311/output/package/atp/libraries/opensrc/libupnp/iupnp/genlib/util/upnp_timeout.o
 .bss           0x00000000000393c0        0x0 /usr1/xuhui/DT-W724V-20140311/output/package/atp/libraries/opensrc/libupnp/iupnp/genlib/util/util.o
 .bss           0x00000000000393c0        0x0 /usr1/xuhui/DT-W724V-20140311/output/package/atp/libraries/opensrc/libupnp/iupnp/genlib/net/sock.o
 .bss           0x00000000000393c0        0x0 /usr1/xuhui/DT-W724V-20140311/output/package/atp/libraries/opensrc/libupnp/iupnp/genlib/net/uri/uri.o
 .bss           0x00000000000393c0        0x0 /usr1/xuhui/DT-W724V-20140311/output/package/atp/libraries/opensrc/libupnp/iupnp/genlib/net/http/httpparser.o
 .bss           0x00000000000393c0        0x0 /usr1/xuhui/DT-W724V-20140311/output/package/atp/libraries/opensrc/libupnp/iupnp/genlib/net/http/httpreadwrite.o
 .bss           0x00000000000393c0        0x0 /usr1/xuhui/DT-W724V-20140311/output/package/atp/libraries/opensrc/libupnp/iupnp/genlib/net/http/parsetools.o
 .bss           0x00000000000393c0       0xb0 /usr1/xuhui/DT-W724V-20140311/output/package/atp/libraries/opensrc/libupnp/iupnp/genlib/net/http/statcodes.o
 .bss           0x0000000000039470      0x360 /usr1/xuhui/DT-W724V-20140311/output/package/atp/libraries/opensrc/libupnp/iupnp/genlib/net/http/webserver.o
 .bss           0x00000000000397d0        0x0 /opt/toolchains/crosstools-mips-gcc-4.6-linux-3.4-uclibc-0.9.32-binutils-2.21/usr/lib/gcc/mips-unknown-linux-uclibc/4.6.2/libgcc.a(_divdi3.o)
 .bss           0x00000000000397d0        0x0 /opt/toolchains/crosstools-mips-gcc-4.6-linux-3.4-uclibc-0.9.32-binutils-2.21/usr/lib/gcc/mips-unknown-linux-uclibc/4.6.2/libgcc.a(_moddi3.o)
 .bss           0x00000000000397d0        0x0 /opt/toolchains/crosstools-mips-gcc-4.6-linux-3.4-uclibc-0.9.32-binutils-2.21/usr/lib/gcc/mips-unknown-linux-uclibc/4.6.2/crtendS.o
 .bss           0x00000000000397d0        0x0 /usr1/xuhui/DT-W724V-20140311/output/host/usr/mips-unknown-linux-uclibc/sysroot/usr/lib/crtn.o
 *(COMMON)
 COMMON         0x00000000000397d0      0x750 /usr1/xuhui/DT-W724V-20140311/output/package/atp/libraries/opensrc/libupnp/iupnp/api/upnpapi.o
                0x00000000000397d0                gRecvThreadPool
                0x0000000000039960                gTimerThread
                0x00000000000399d8                gMiniServerThreadPool
                0x0000000000039b68                gUUIDMutex
                0x0000000000039b80                GlobalHndRWLock
                0x0000000000039ba0                gUpnpSdkNLSuuid
                0x0000000000039bcc                GlobalClientSubscribeMutex
                0x0000000000039be4                virtualDirCallback
                0x0000000000039c00                gMiniFileServerThreadPool
                0x0000000000039d90                gSendThreadPool
 COMMON         0x0000000000039f20       0x10 /usr1/xuhui/DT-W724V-20140311/output/package/atp/libraries/opensrc/libupnp/iupnp/genlib/net/http/webserver.o
                0x0000000000039f20                gDocumentRootDir
                0x0000000000039f30                . = ALIGN ((. != 0x0)?0x4:0x1)
                0x0000000000039f30                . = ALIGN (0x4)
                0x0000000000039f30                . = ALIGN (0x4)
                0x0000000000039f30                _end = .
                0x0000000000039f30                PROVIDE (end, .)
                0x0000000000039f30                . = DATA_SEGMENT_END (.)

.stab
 *(.stab)

.stabstr
 *(.stabstr)

.stab.excl
 *(.stab.excl)

.stab.exclstr
 *(.stab.exclstr)

.stab.index
 *(.stab.index)

.stab.indexstr
 *(.stab.indexstr)

.pdr            0x0000000000000000     0x2da0
 .pdr           0x0000000000000000       0x40 /usr1/xuhui/DT-W724V-20140311/output/host/usr/mips-unknown-linux-uclibc/sysroot/usr/lib/crti.o
 .pdr           0x0000000000000040        0x0 /opt/toolchains/crosstools-mips-gcc-4.6-linux-3.4-uclibc-0.9.32-binutils-2.21/usr/lib/gcc/mips-unknown-linux-uclibc/4.6.2/crtbeginS.o
 .pdr           0x0000000000000040        0x0 /usr1/xuhui/DT-W724V-20140311/output/package/atp/libraries/opensrc/libupnp/iupnp/inet_pton.o
 .pdr           0x0000000000000040      0x180 /usr1/xuhui/DT-W724V-20140311/output/package/atp/libraries/opensrc/libupnp/iupnp/api/UpnpString.o
 .pdr           0x00000000000001c0      0x9e0 /usr1/xuhui/DT-W724V-20140311/output/package/atp/libraries/opensrc/libupnp/iupnp/api/upnpapi.o
 .pdr           0x0000000000000ba0        0x0 /usr1/xuhui/DT-W724V-20140311/output/package/atp/libraries/opensrc/libupnp/iupnp/api/upnpdebug.o
 .pdr           0x0000000000000ba0      0x160 /usr1/xuhui/DT-W724V-20140311/output/package/atp/libraries/opensrc/libupnp/iupnp/api/upnptools.o
 .pdr           0x0000000000000d00       0x40 /usr1/xuhui/DT-W724V-20140311/output/package/atp/libraries/opensrc/libupnp/iupnp/gena/gena_callback2.o
 .pdr           0x0000000000000d40      0x120 /usr1/xuhui/DT-W724V-20140311/output/package/atp/libraries/opensrc/libupnp/iupnp/gena/gena_ctrlpt.o
 .pdr           0x0000000000000e60      0x1a0 /usr1/xuhui/DT-W724V-20140311/output/package/atp/libraries/opensrc/libupnp/iupnp/gena/gena_device.o
 .pdr           0x0000000000001000        0x0 /usr1/xuhui/DT-W724V-20140311/output/package/atp/libraries/opensrc/libupnp/iupnp/soap/soap_common.o
 .pdr           0x0000000000001000      0x140 /usr1/xuhui/DT-W724V-20140311/output/package/atp/libraries/opensrc/libupnp/iupnp/soap/soap_ctrlpt.o
 .pdr           0x0000000000001140       0xe0 /usr1/xuhui/DT-W724V-20140311/output/package/atp/libraries/opensrc/libupnp/iupnp/soap/soap_device.o
 .pdr           0x0000000000001220       0xa0 /usr1/xuhui/DT-W724V-20140311/output/package/atp/libraries/opensrc/libupnp/iupnp/ssdp/ssdp_ctrlpt.o
 .pdr           0x00000000000012c0      0x180 /usr1/xuhui/DT-W724V-20140311/output/package/atp/libraries/opensrc/libupnp/iupnp/ssdp/ssdp_device.o
 .pdr           0x0000000000001440      0x1a0 /usr1/xuhui/DT-W724V-20140311/output/package/atp/libraries/opensrc/libupnp/iupnp/ssdp/ssdp_server.o
 .pdr           0x00000000000015e0       0x20 /usr1/xuhui/DT-W724V-20140311/output/package/atp/libraries/opensrc/libupnp/iupnp/urlconfig/urlconfig.o
 .pdr           0x0000000000001600       0xa0 /usr1/xuhui/DT-W724V-20140311/output/package/atp/libraries/opensrc/libupnp/iupnp/uuid/md5.o
 .pdr           0x00000000000016a0       0x60 /usr1/xuhui/DT-W724V-20140311/output/package/atp/libraries/opensrc/libupnp/iupnp/uuid/sysdep.o
 .pdr           0x0000000000001700       0x80 /usr1/xuhui/DT-W724V-20140311/output/package/atp/libraries/opensrc/libupnp/iupnp/uuid/uuid_gen.o
 .pdr           0x0000000000001780      0x320 /usr1/xuhui/DT-W724V-20140311/output/package/atp/libraries/opensrc/libupnp/iupnp/genlib/client_table/client_table.o
 .pdr           0x0000000000001aa0      0x240 /usr1/xuhui/DT-W724V-20140311/output/package/atp/libraries/opensrc/libupnp/iupnp/genlib/miniserver/miniserver.o
 .pdr           0x0000000000001ce0      0x280 /usr1/xuhui/DT-W724V-20140311/output/package/atp/libraries/opensrc/libupnp/iupnp/genlib/service_table/service_table.o
 .pdr           0x0000000000001f60      0x1c0 /usr1/xuhui/DT-W724V-20140311/output/package/atp/libraries/opensrc/libupnp/iupnp/genlib/util/membuffer.o
 .pdr           0x0000000000002120       0x40 /usr1/xuhui/DT-W724V-20140311/output/package/atp/libraries/opensrc/libupnp/iupnp/genlib/util/strintmap.o
 .pdr           0x0000000000002160       0x20 /usr1/xuhui/DT-W724V-20140311/output/package/atp/libraries/opensrc/libupnp/iupnp/genlib/util/upnp_timeout.o
 .pdr           0x0000000000002180       0x60 /usr1/xuhui/DT-W724V-20140311/output/package/atp/libraries/opensrc/libupnp/iupnp/genlib/util/util.o
 .pdr           0x00000000000021e0      0x100 /usr1/xuhui/DT-W724V-20140311/output/package/atp/libraries/opensrc/libupnp/iupnp/genlib/net/sock.o
 .pdr           0x00000000000022e0      0x200 /usr1/xuhui/DT-W724V-20140311/output/package/atp/libraries/opensrc/libupnp/iupnp/genlib/net/uri/uri.o
 .pdr           0x00000000000024e0      0x2e0 /usr1/xuhui/DT-W724V-20140311/output/package/atp/libraries/opensrc/libupnp/iupnp/genlib/net/http/httpparser.o
 .pdr           0x00000000000027c0      0x340 /usr1/xuhui/DT-W724V-20140311/output/package/atp/libraries/opensrc/libupnp/iupnp/genlib/net/http/httpreadwrite.o
 .pdr           0x0000000000002b00       0x20 /usr1/xuhui/DT-W724V-20140311/output/package/atp/libraries/opensrc/libupnp/iupnp/genlib/net/http/parsetools.o
 .pdr           0x0000000000002b20       0x40 /usr1/xuhui/DT-W724V-20140311/output/package/atp/libraries/opensrc/libupnp/iupnp/genlib/net/http/statcodes.o
 .pdr           0x0000000000002b60      0x1c0 /usr1/xuhui/DT-W724V-20140311/output/package/atp/libraries/opensrc/libupnp/iupnp/genlib/net/http/webserver.o
 .pdr           0x0000000000002d20       0x20 /opt/toolchains/crosstools-mips-gcc-4.6-linux-3.4-uclibc-0.9.32-binutils-2.21/usr/lib/gcc/mips-unknown-linux-uclibc/4.6.2/libgcc.a(_divdi3.o)
 .pdr           0x0000000000002d40       0x20 /opt/toolchains/crosstools-mips-gcc-4.6-linux-3.4-uclibc-0.9.32-binutils-2.21/usr/lib/gcc/mips-unknown-linux-uclibc/4.6.2/libgcc.a(_moddi3.o)
 .pdr           0x0000000000002d60        0x0 /opt/toolchains/crosstools-mips-gcc-4.6-linux-3.4-uclibc-0.9.32-binutils-2.21/usr/lib/gcc/mips-unknown-linux-uclibc/4.6.2/crtendS.o
 .pdr           0x0000000000002d60       0x40 /usr1/xuhui/DT-W724V-20140311/output/host/usr/mips-unknown-linux-uclibc/sysroot/usr/lib/crtn.o

.comment        0x0000000000000000       0x30
 *(.comment)
 .comment       0x0000000000000000       0x11 /usr1/xuhui/DT-W724V-20140311/output/host/usr/mips-unknown-linux-uclibc/sysroot/usr/lib/crti.o
                                         0x12 (size before relaxing)
 .comment       0x0000000000000011       0x1f /opt/toolchains/crosstools-mips-gcc-4.6-linux-3.4-uclibc-0.9.32-binutils-2.21/usr/lib/gcc/mips-unknown-linux-uclibc/4.6.2/crtbeginS.o
                                         0x20 (size before relaxing)
 .comment       0x0000000000000000       0x20 /usr1/xuhui/DT-W724V-20140311/output/package/atp/libraries/opensrc/libupnp/iupnp/inet_pton.o
 .comment       0x0000000000000000       0x20 /usr1/xuhui/DT-W724V-20140311/output/package/atp/libraries/opensrc/libupnp/iupnp/api/UpnpString.o
 .comment       0x0000000000000000       0x20 /usr1/xuhui/DT-W724V-20140311/output/package/atp/libraries/opensrc/libupnp/iupnp/api/upnpapi.o
 .comment       0x0000000000000000       0x20 /usr1/xuhui/DT-W724V-20140311/output/package/atp/libraries/opensrc/libupnp/iupnp/api/upnpdebug.o
 .comment       0x0000000000000000       0x20 /usr1/xuhui/DT-W724V-20140311/output/package/atp/libraries/opensrc/libupnp/iupnp/api/upnptools.o
 .comment       0x0000000000000000       0x20 /usr1/xuhui/DT-W724V-20140311/output/package/atp/libraries/opensrc/libupnp/iupnp/gena/gena_callback2.o
 .comment       0x0000000000000000       0x20 /usr1/xuhui/DT-W724V-20140311/output/package/atp/libraries/opensrc/libupnp/iupnp/gena/gena_ctrlpt.o
 .comment       0x0000000000000000       0x20 /usr1/xuhui/DT-W724V-20140311/output/package/atp/libraries/opensrc/libupnp/iupnp/gena/gena_device.o
 .comment       0x0000000000000000       0x20 /usr1/xuhui/DT-W724V-20140311/output/package/atp/libraries/opensrc/libupnp/iupnp/soap/soap_common.o
 .comment       0x0000000000000000       0x20 /usr1/xuhui/DT-W724V-20140311/output/package/atp/libraries/opensrc/libupnp/iupnp/soap/soap_ctrlpt.o
 .comment       0x0000000000000000       0x20 /usr1/xuhui/DT-W724V-20140311/output/package/atp/libraries/opensrc/libupnp/iupnp/soap/soap_device.o
 .comment       0x0000000000000000       0x20 /usr1/xuhui/DT-W724V-20140311/output/package/atp/libraries/opensrc/libupnp/iupnp/ssdp/ssdp_ctrlpt.o
 .comment       0x0000000000000000       0x20 /usr1/xuhui/DT-W724V-20140311/output/package/atp/libraries/opensrc/libupnp/iupnp/ssdp/ssdp_device.o
 .comment       0x0000000000000000       0x20 /usr1/xuhui/DT-W724V-20140311/output/package/atp/libraries/opensrc/libupnp/iupnp/ssdp/ssdp_server.o
 .comment       0x0000000000000000       0x20 /usr1/xuhui/DT-W724V-20140311/output/package/atp/libraries/opensrc/libupnp/iupnp/urlconfig/urlconfig.o
 .comment       0x0000000000000000       0x20 /usr1/xuhui/DT-W724V-20140311/output/package/atp/libraries/opensrc/libupnp/iupnp/uuid/md5.o
 .comment       0x0000000000000000       0x20 /usr1/xuhui/DT-W724V-20140311/output/package/atp/libraries/opensrc/libupnp/iupnp/uuid/sysdep.o
 .comment       0x0000000000000000       0x20 /usr1/xuhui/DT-W724V-20140311/output/package/atp/libraries/opensrc/libupnp/iupnp/uuid/uuid_gen.o
 .comment       0x0000000000000000       0x20 /usr1/xuhui/DT-W724V-20140311/output/package/atp/libraries/opensrc/libupnp/iupnp/genlib/client_table/client_table.o
 .comment       0x0000000000000000       0x20 /usr1/xuhui/DT-W724V-20140311/output/package/atp/libraries/opensrc/libupnp/iupnp/genlib/miniserver/miniserver.o
 .comment       0x0000000000000000       0x20 /usr1/xuhui/DT-W724V-20140311/output/package/atp/libraries/opensrc/libupnp/iupnp/genlib/service_table/service_table.o
 .comment       0x0000000000000000       0x20 /usr1/xuhui/DT-W724V-20140311/output/package/atp/libraries/opensrc/libupnp/iupnp/genlib/util/membuffer.o
 .comment       0x0000000000000000       0x20 /usr1/xuhui/DT-W724V-20140311/output/package/atp/libraries/opensrc/libupnp/iupnp/genlib/util/strintmap.o
 .comment       0x0000000000000000       0x20 /usr1/xuhui/DT-W724V-20140311/output/package/atp/libraries/opensrc/libupnp/iupnp/genlib/util/upnp_timeout.o
 .comment       0x0000000000000000       0x20 /usr1/xuhui/DT-W724V-20140311/output/package/atp/libraries/opensrc/libupnp/iupnp/genlib/util/util.o
 .comment       0x0000000000000000       0x20 /usr1/xuhui/DT-W724V-20140311/output/package/atp/libraries/opensrc/libupnp/iupnp/genlib/net/sock.o
 .comment       0x0000000000000000       0x20 /usr1/xuhui/DT-W724V-20140311/output/package/atp/libraries/opensrc/libupnp/iupnp/genlib/net/uri/uri.o
 .comment       0x0000000000000000       0x20 /usr1/xuhui/DT-W724V-20140311/output/package/atp/libraries/opensrc/libupnp/iupnp/genlib/net/http/httpparser.o
 .comment       0x0000000000000000       0x20 /usr1/xuhui/DT-W724V-20140311/output/package/atp/libraries/opensrc/libupnp/iupnp/genlib/net/http/httpreadwrite.o
 .comment       0x0000000000000000       0x20 /usr1/xuhui/DT-W724V-20140311/output/package/atp/libraries/opensrc/libupnp/iupnp/genlib/net/http/parsetools.o
 .comment       0x0000000000000000       0x20 /usr1/xuhui/DT-W724V-20140311/output/package/atp/libraries/opensrc/libupnp/iupnp/genlib/net/http/statcodes.o
 .comment       0x0000000000000000       0x20 /usr1/xuhui/DT-W724V-20140311/output/package/atp/libraries/opensrc/libupnp/iupnp/genlib/net/http/webserver.o
 .comment       0x0000000000000000       0x20 /opt/toolchains/crosstools-mips-gcc-4.6-linux-3.4-uclibc-0.9.32-binutils-2.21/usr/lib/gcc/mips-unknown-linux-uclibc/4.6.2/libgcc.a(_divdi3.o)
 .comment       0x0000000000000000       0x20 /opt/toolchains/crosstools-mips-gcc-4.6-linux-3.4-uclibc-0.9.32-binutils-2.21/usr/lib/gcc/mips-unknown-linux-uclibc/4.6.2/libgcc.a(_moddi3.o)
 .comment       0x0000000000000000       0x20 /opt/toolchains/crosstools-mips-gcc-4.6-linux-3.4-uclibc-0.9.32-binutils-2.21/usr/lib/gcc/mips-unknown-linux-uclibc/4.6.2/crtendS.o
 .comment       0x0000000000000000       0x12 /usr1/xuhui/DT-W724V-20140311/output/host/usr/mips-unknown-linux-uclibc/sysroot/usr/lib/crtn.o

.debug
 *(.debug)

.line
 *(.line)

.debug_srcinfo
 *(.debug_srcinfo .zdebug_srcinfo)

.debug_sfnames
 *(.debug_sfnames .zdebug_sfnames)

.debug_aranges
 *(.debug_aranges .zdebug_aranges)

.debug_pubnames
 *(.debug_pubnames .zdebug_pubnames)

.debug_info
 *(.debug_info .gnu.linkonce.wi.* .zdebug_info)

.debug_abbrev
 *(.debug_abbrev .zdebug_abbrev)

.debug_line
 *(.debug_line .zdebug_line)

.debug_frame
 *(.debug_frame .zdebug_frame)

.debug_str
 *(.debug_str .zdebug_str)

.debug_loc
 *(.debug_loc .zdebug_loc)

.debug_macinfo
 *(.debug_macinfo .zdebug_macinfo)

.debug_weaknames
 *(.debug_weaknames .zdebug_weaknames)

.debug_funcnames
 *(.debug_funcnames .zdebug_funcnames)

.debug_typenames
 *(.debug_typenames .zdebug_typenames)

.debug_varnames
 *(.debug_varnames .zdebug_varnames)

.debug_pubtypes
 *(.debug_pubtypes .zdebug_pubtypes)

.debug_ranges
 *(.debug_ranges .zdebug_ranges)

.gnu.attributes
                0x0000000000000000       0x10
 *(.gnu.attributes)
 .gnu.attributes
                0x0000000000000000       0x10 /opt/toolchains/crosstools-mips-gcc-4.6-linux-3.4-uclibc-0.9.32-binutils-2.21/usr/lib/gcc/mips-unknown-linux-uclibc/4.6.2/crtbeginS.o
 .gnu.attributes
                0x0000000000000010       0x10 /usr1/xuhui/DT-W724V-20140311/output/package/atp/libraries/opensrc/libupnp/iupnp/inet_pton.o
 .gnu.attributes
                0x0000000000000020       0x10 /usr1/xuhui/DT-W724V-20140311/output/package/atp/libraries/opensrc/libupnp/iupnp/api/UpnpString.o
 .gnu.attributes
                0x0000000000000030       0x10 /usr1/xuhui/DT-W724V-20140311/output/package/atp/libraries/opensrc/libupnp/iupnp/api/upnpapi.o
 .gnu.attributes
                0x0000000000000040       0x10 /usr1/xuhui/DT-W724V-20140311/output/package/atp/libraries/opensrc/libupnp/iupnp/api/upnpdebug.o
 .gnu.attributes
                0x0000000000000050       0x10 /usr1/xuhui/DT-W724V-20140311/output/package/atp/libraries/opensrc/libupnp/iupnp/api/upnptools.o
 .gnu.attributes
                0x0000000000000060       0x10 /usr1/xuhui/DT-W724V-20140311/output/package/atp/libraries/opensrc/libupnp/iupnp/gena/gena_callback2.o
 .gnu.attributes
                0x0000000000000070       0x10 /usr1/xuhui/DT-W724V-20140311/output/package/atp/libraries/opensrc/libupnp/iupnp/gena/gena_ctrlpt.o
 .gnu.attributes
                0x0000000000000080       0x10 /usr1/xuhui/DT-W724V-20140311/output/package/atp/libraries/opensrc/libupnp/iupnp/gena/gena_device.o
 .gnu.attributes
                0x0000000000000090       0x10 /usr1/xuhui/DT-W724V-20140311/output/package/atp/libraries/opensrc/libupnp/iupnp/soap/soap_common.o
 .gnu.attributes
                0x00000000000000a0       0x10 /usr1/xuhui/DT-W724V-20140311/output/package/atp/libraries/opensrc/libupnp/iupnp/soap/soap_ctrlpt.o
 .gnu.attributes
                0x00000000000000b0       0x10 /usr1/xuhui/DT-W724V-20140311/output/package/atp/libraries/opensrc/libupnp/iupnp/soap/soap_device.o
 .gnu.attributes
                0x00000000000000c0       0x10 /usr1/xuhui/DT-W724V-20140311/output/package/atp/libraries/opensrc/libupnp/iupnp/ssdp/ssdp_ctrlpt.o
 .gnu.attributes
                0x00000000000000d0       0x10 /usr1/xuhui/DT-W724V-20140311/output/package/atp/libraries/opensrc/libupnp/iupnp/ssdp/ssdp_device.o
 .gnu.attributes
                0x00000000000000e0       0x10 /usr1/xuhui/DT-W724V-20140311/output/package/atp/libraries/opensrc/libupnp/iupnp/ssdp/ssdp_server.o
 .gnu.attributes
                0x00000000000000f0       0x10 /usr1/xuhui/DT-W724V-20140311/output/package/atp/libraries/opensrc/libupnp/iupnp/urlconfig/urlconfig.o
 .gnu.attributes
                0x0000000000000100       0x10 /usr1/xuhui/DT-W724V-20140311/output/package/atp/libraries/opensrc/libupnp/iupnp/uuid/md5.o
 .gnu.attributes
                0x0000000000000110       0x10 /usr1/xuhui/DT-W724V-20140311/output/package/atp/libraries/opensrc/libupnp/iupnp/uuid/sysdep.o
 .gnu.attributes
                0x0000000000000120       0x10 /usr1/xuhui/DT-W724V-20140311/output/package/atp/libraries/opensrc/libupnp/iupnp/uuid/uuid_gen.o
 .gnu.attributes
                0x0000000000000130       0x10 /usr1/xuhui/DT-W724V-20140311/output/package/atp/libraries/opensrc/libupnp/iupnp/genlib/client_table/client_table.o
 .gnu.attributes
                0x0000000000000140       0x10 /usr1/xuhui/DT-W724V-20140311/output/package/atp/libraries/opensrc/libupnp/iupnp/genlib/miniserver/miniserver.o
 .gnu.attributes
                0x0000000000000150       0x10 /usr1/xuhui/DT-W724V-20140311/output/package/atp/libraries/opensrc/libupnp/iupnp/genlib/service_table/service_table.o
 .gnu.attributes
                0x0000000000000160       0x10 /usr1/xuhui/DT-W724V-20140311/output/package/atp/libraries/opensrc/libupnp/iupnp/genlib/util/membuffer.o
 .gnu.attributes
                0x0000000000000170       0x10 /usr1/xuhui/DT-W724V-20140311/output/package/atp/libraries/opensrc/libupnp/iupnp/genlib/util/strintmap.o
 .gnu.attributes
                0x0000000000000180       0x10 /usr1/xuhui/DT-W724V-20140311/output/package/atp/libraries/opensrc/libupnp/iupnp/genlib/util/upnp_timeout.o
 .gnu.attributes
                0x0000000000000190       0x10 /usr1/xuhui/DT-W724V-20140311/output/package/atp/libraries/opensrc/libupnp/iupnp/genlib/util/util.o
 .gnu.attributes
                0x00000000000001a0       0x10 /usr1/xuhui/DT-W724V-20140311/output/package/atp/libraries/opensrc/libupnp/iupnp/genlib/net/sock.o
 .gnu.attributes
                0x00000000000001b0       0x10 /usr1/xuhui/DT-W724V-20140311/output/package/atp/libraries/opensrc/libupnp/iupnp/genlib/net/uri/uri.o
 .gnu.attributes
                0x00000000000001c0       0x10 /usr1/xuhui/DT-W724V-20140311/output/package/atp/libraries/opensrc/libupnp/iupnp/genlib/net/http/httpparser.o
 .gnu.attributes
                0x00000000000001d0       0x10 /usr1/xuhui/DT-W724V-20140311/output/package/atp/libraries/opensrc/libupnp/iupnp/genlib/net/http/httpreadwrite.o
 .gnu.attributes
                0x00000000000001e0       0x10 /usr1/xuhui/DT-W724V-20140311/output/package/atp/libraries/opensrc/libupnp/iupnp/genlib/net/http/parsetools.o
 .gnu.attributes
                0x00000000000001f0       0x10 /usr1/xuhui/DT-W724V-20140311/output/package/atp/libraries/opensrc/libupnp/iupnp/genlib/net/http/statcodes.o
 .gnu.attributes
                0x0000000000000200       0x10 /usr1/xuhui/DT-W724V-20140311/output/package/atp/libraries/opensrc/libupnp/iupnp/genlib/net/http/webserver.o
 .gnu.attributes
                0x0000000000000210       0x10 /opt/toolchains/crosstools-mips-gcc-4.6-linux-3.4-uclibc-0.9.32-binutils-2.21/usr/lib/gcc/mips-unknown-linux-uclibc/4.6.2/libgcc.a(_divdi3.o)
 .gnu.attributes
                0x0000000000000220       0x10 /opt/toolchains/crosstools-mips-gcc-4.6-linux-3.4-uclibc-0.9.32-binutils-2.21/usr/lib/gcc/mips-unknown-linux-uclibc/4.6.2/libgcc.a(_moddi3.o)
 .gnu.attributes
                0x0000000000000230       0x10 /opt/toolchains/crosstools-mips-gcc-4.6-linux-3.4-uclibc-0.9.32-binutils-2.21/usr/lib/gcc/mips-unknown-linux-uclibc/4.6.2/crtendS.o

.gptab.sdata
 *(.gptab.data)
 *(.gptab.sdata)

.gptab.sbss
 *(.gptab.bss)
 *(.gptab.sbss)

.mdebug.abi32   0x0000000000039f30        0x0
 *(.mdebug.abi32)
 .mdebug.abi32  0x0000000000039f30        0x0 /usr1/xuhui/DT-W724V-20140311/output/host/usr/mips-unknown-linux-uclibc/sysroot/usr/lib/crti.o
 .mdebug.abi32  0x0000000000039f30        0x0 /opt/toolchains/crosstools-mips-gcc-4.6-linux-3.4-uclibc-0.9.32-binutils-2.21/usr/lib/gcc/mips-unknown-linux-uclibc/4.6.2/crtbeginS.o
 .mdebug.abi32  0x0000000000039f30        0x0 /usr1/xuhui/DT-W724V-20140311/output/package/atp/libraries/opensrc/libupnp/iupnp/inet_pton.o
 .mdebug.abi32  0x0000000000039f30        0x0 /usr1/xuhui/DT-W724V-20140311/output/package/atp/libraries/opensrc/libupnp/iupnp/api/UpnpString.o
 .mdebug.abi32  0x0000000000039f30        0x0 /usr1/xuhui/DT-W724V-20140311/output/package/atp/libraries/opensrc/libupnp/iupnp/api/upnpapi.o
 .mdebug.abi32  0x0000000000039f30        0x0 /usr1/xuhui/DT-W724V-20140311/output/package/atp/libraries/opensrc/libupnp/iupnp/api/upnpdebug.o
 .mdebug.abi32  0x0000000000039f30        0x0 /usr1/xuhui/DT-W724V-20140311/output/package/atp/libraries/opensrc/libupnp/iupnp/api/upnptools.o
 .mdebug.abi32  0x0000000000039f30        0x0 /usr1/xuhui/DT-W724V-20140311/output/package/atp/libraries/opensrc/libupnp/iupnp/gena/gena_callback2.o
 .mdebug.abi32  0x0000000000039f30        0x0 /usr1/xuhui/DT-W724V-20140311/output/package/atp/libraries/opensrc/libupnp/iupnp/gena/gena_ctrlpt.o
 .mdebug.abi32  0x0000000000039f30        0x0 /usr1/xuhui/DT-W724V-20140311/output/package/atp/libraries/opensrc/libupnp/iupnp/gena/gena_device.o
 .mdebug.abi32  0x0000000000039f30        0x0 /usr1/xuhui/DT-W724V-20140311/output/package/atp/libraries/opensrc/libupnp/iupnp/soap/soap_common.o
 .mdebug.abi32  0x0000000000039f30        0x0 /usr1/xuhui/DT-W724V-20140311/output/package/atp/libraries/opensrc/libupnp/iupnp/soap/soap_ctrlpt.o
 .mdebug.abi32  0x0000000000039f30        0x0 /usr1/xuhui/DT-W724V-20140311/output/package/atp/libraries/opensrc/libupnp/iupnp/soap/soap_device.o
 .mdebug.abi32  0x0000000000039f30        0x0 /usr1/xuhui/DT-W724V-20140311/output/package/atp/libraries/opensrc/libupnp/iupnp/ssdp/ssdp_ctrlpt.o
 .mdebug.abi32  0x0000000000039f30        0x0 /usr1/xuhui/DT-W724V-20140311/output/package/atp/libraries/opensrc/libupnp/iupnp/ssdp/ssdp_device.o
 .mdebug.abi32  0x0000000000039f30        0x0 /usr1/xuhui/DT-W724V-20140311/output/package/atp/libraries/opensrc/libupnp/iupnp/ssdp/ssdp_server.o
 .mdebug.abi32  0x0000000000039f30        0x0 /usr1/xuhui/DT-W724V-20140311/output/package/atp/libraries/opensrc/libupnp/iupnp/urlconfig/urlconfig.o
 .mdebug.abi32  0x0000000000039f30        0x0 /usr1/xuhui/DT-W724V-20140311/output/package/atp/libraries/opensrc/libupnp/iupnp/uuid/md5.o
 .mdebug.abi32  0x0000000000039f30        0x0 /usr1/xuhui/DT-W724V-20140311/output/package/atp/libraries/opensrc/libupnp/iupnp/uuid/sysdep.o
 .mdebug.abi32  0x0000000000039f30        0x0 /usr1/xuhui/DT-W724V-20140311/output/package/atp/libraries/opensrc/libupnp/iupnp/uuid/uuid_gen.o
 .mdebug.abi32  0x0000000000039f30        0x0 /usr1/xuhui/DT-W724V-20140311/output/package/atp/libraries/opensrc/libupnp/iupnp/genlib/client_table/client_table.o
 .mdebug.abi32  0x0000000000039f30        0x0 /usr1/xuhui/DT-W724V-20140311/output/package/atp/libraries/opensrc/libupnp/iupnp/genlib/miniserver/miniserver.o
 .mdebug.abi32  0x0000000000039f30        0x0 /usr1/xuhui/DT-W724V-20140311/output/package/atp/libraries/opensrc/libupnp/iupnp/genlib/service_table/service_table.o
 .mdebug.abi32  0x0000000000039f30        0x0 /usr1/xuhui/DT-W724V-20140311/output/package/atp/libraries/opensrc/libupnp/iupnp/genlib/util/membuffer.o
 .mdebug.abi32  0x0000000000039f30        0x0 /usr1/xuhui/DT-W724V-20140311/output/package/atp/libraries/opensrc/libupnp/iupnp/genlib/util/strintmap.o
 .mdebug.abi32  0x0000000000039f30        0x0 /usr1/xuhui/DT-W724V-20140311/output/package/atp/libraries/opensrc/libupnp/iupnp/genlib/util/upnp_timeout.o
 .mdebug.abi32  0x0000000000039f30        0x0 /usr1/xuhui/DT-W724V-20140311/output/package/atp/libraries/opensrc/libupnp/iupnp/genlib/util/util.o
 .mdebug.abi32  0x0000000000039f30        0x0 /usr1/xuhui/DT-W724V-20140311/output/package/atp/libraries/opensrc/libupnp/iupnp/genlib/net/sock.o
 .mdebug.abi32  0x0000000000039f30        0x0 /usr1/xuhui/DT-W724V-20140311/output/package/atp/libraries/opensrc/libupnp/iupnp/genlib/net/uri/uri.o
 .mdebug.abi32  0x0000000000039f30        0x0 /usr1/xuhui/DT-W724V-20140311/output/package/atp/libraries/opensrc/libupnp/iupnp/genlib/net/http/httpparser.o
 .mdebug.abi32  0x0000000000039f30        0x0 /usr1/xuhui/DT-W724V-20140311/output/package/atp/libraries/opensrc/libupnp/iupnp/genlib/net/http/httpreadwrite.o
 .mdebug.abi32  0x0000000000039f30        0x0 /usr1/xuhui/DT-W724V-20140311/output/package/atp/libraries/opensrc/libupnp/iupnp/genlib/net/http/parsetools.o
 .mdebug.abi32  0x0000000000039f30        0x0 /usr1/xuhui/DT-W724V-20140311/output/package/atp/libraries/opensrc/libupnp/iupnp/genlib/net/http/statcodes.o
 .mdebug.abi32  0x0000000000039f30        0x0 /usr1/xuhui/DT-W724V-20140311/output/package/atp/libraries/opensrc/libupnp/iupnp/genlib/net/http/webserver.o
 .mdebug.abi32  0x0000000000039f30        0x0 /opt/toolchains/crosstools-mips-gcc-4.6-linux-3.4-uclibc-0.9.32-binutils-2.21/usr/lib/gcc/mips-unknown-linux-uclibc/4.6.2/libgcc.a(_divdi3.o)
 .mdebug.abi32  0x0000000000039f30        0x0 /opt/toolchains/crosstools-mips-gcc-4.6-linux-3.4-uclibc-0.9.32-binutils-2.21/usr/lib/gcc/mips-unknown-linux-uclibc/4.6.2/libgcc.a(_moddi3.o)
 .mdebug.abi32  0x0000000000039f30        0x0 /opt/toolchains/crosstools-mips-gcc-4.6-linux-3.4-uclibc-0.9.32-binutils-2.21/usr/lib/gcc/mips-unknown-linux-uclibc/4.6.2/crtendS.o
 .mdebug.abi32  0x0000000000039f30        0x0 /usr1/xuhui/DT-W724V-20140311/output/host/usr/mips-unknown-linux-uclibc/sysroot/usr/lib/crtn.o

.mdebug.abiN32
 *(.mdebug.abiN32)

.mdebug.abi64
 *(.mdebug.abi64)

.mdebug.abiO64
 *(.mdebug.abiO64)

.mdebug.eabi32
 *(.mdebug.eabi32)

.mdebug.eabi64
 *(.mdebug.eabi64)

.gcc_compiled_long32
 *(.gcc_compiled_long32)

.gcc_compiled_long64
 *(.gcc_compiled_long64)

/DISCARD/
 *(.note.GNU-stack)
 *(.gnu_debuglink)
 *(.gnu.lto_*)
OUTPUT(/usr1/xuhui/DT-W724V-20140311/output/package/atp/libraries/opensrc/libupnp/iupnp/libiupnp.so elf32-tradbigmips)