Archive member included because of file (symbol)

/home/z00250609/hybrid/5115_GPL/Hybrid_security_baseline/output/host/usr/lib/libxmlcore.a(xml_dom.o)
                              /home/z00250609/hybrid/5115_GPL/Hybrid_security_baseline/output/package/host-ttreemodify/t_treemodify.o (TSP_XML_FreeNode)
/home/z00250609/hybrid/5115_GPL/Hybrid_security_baseline/output/host/usr/lib/libxmlcore.a(xml_parse.o)
                              /home/z00250609/hybrid/5115_GPL/Hybrid_security_baseline/output/package/host-ttreemodify/t_treemodify.o (TSP_XML_ParseFile)
/home/z00250609/hybrid/5115_GPL/Hybrid_security_baseline/output/host/usr/lib/libxmlcore.a(xml_transform.o)
                              /home/z00250609/hybrid/5115_GPL/Hybrid_security_baseline/output/package/host-ttreemodify/t_treemodify.o (TSP_XML_TransformFile)
/home/z00250609/hybrid/5115_GPL/Hybrid_security_baseline/output/host/usr/lib/libxmlcore.a(xml_membuf.o)
                              /home/z00250609/hybrid/5115_GPL/Hybrid_security_baseline/output/host/usr/lib/libxmlcore.a(xml_transform.o) (XML_MemBufAppend)
/usr/lib/libc_nonshared.a(elf-init.oS)
                              /usr/lib/gcc/i586-suse-linux/4.3/../../../crt1.o (__libc_csu_fini)

Discarded input sections

 .note.GNU-stack
                0x0000000000000000        0x0 /usr/lib/gcc/i586-suse-linux/4.3/../../../crt1.o
 .debug_aranges
                0x0000000000000000       0x20 /usr/lib/gcc/i586-suse-linux/4.3/../../../crt1.o
 .debug_pubnames
                0x0000000000000000       0x25 /usr/lib/gcc/i586-suse-linux/4.3/../../../crt1.o
 .debug_info    0x0000000000000000       0xfa /usr/lib/gcc/i586-suse-linux/4.3/../../../crt1.o
 .debug_abbrev  0x0000000000000000       0x5f /usr/lib/gcc/i586-suse-linux/4.3/../../../crt1.o
 .debug_line    0x0000000000000000       0x82 /usr/lib/gcc/i586-suse-linux/4.3/../../../crt1.o
 .debug_str     0x0000000000000000       0xf5 /usr/lib/gcc/i586-suse-linux/4.3/../../../crt1.o
 .note.GNU-stack
                0x0000000000000000        0x0 /usr/lib/gcc/i586-suse-linux/4.3/../../../crti.o
 .note.GNU-stack
                0x0000000000000000        0x0 /usr/lib/gcc/i586-suse-linux/4.3/crtbegin.o
 .note.GNU-stack
                0x0000000000000000        0x0 /home/z00250609/hybrid/5115_GPL/Hybrid_security_baseline/output/package/host-ttreemodify/t_treemodify.o
 .group         0x0000000000000000        0x8 /home/z00250609/hybrid/5115_GPL/Hybrid_security_baseline/output/host/usr/lib/libxmlcore.a(xml_dom.o)
 .note.GNU-stack
                0x0000000000000000        0x0 /home/z00250609/hybrid/5115_GPL/Hybrid_security_baseline/output/host/usr/lib/libxmlcore.a(xml_dom.o)
 .group         0x0000000000000000        0x8 /home/z00250609/hybrid/5115_GPL/Hybrid_security_baseline/output/host/usr/lib/libxmlcore.a(xml_parse.o)
 .text.__i686.get_pc_thunk.bx
                0x0000000000000000        0x4 /home/z00250609/hybrid/5115_GPL/Hybrid_security_baseline/output/host/usr/lib/libxmlcore.a(xml_parse.o)
 .note.GNU-stack
                0x0000000000000000        0x0 /home/z00250609/hybrid/5115_GPL/Hybrid_security_baseline/output/host/usr/lib/libxmlcore.a(xml_parse.o)
 .group         0x0000000000000000        0x8 /home/z00250609/hybrid/5115_GPL/Hybrid_security_baseline/output/host/usr/lib/libxmlcore.a(xml_transform.o)
 .text.__i686.get_pc_thunk.bx
                0x0000000000000000        0x4 /home/z00250609/hybrid/5115_GPL/Hybrid_security_baseline/output/host/usr/lib/libxmlcore.a(xml_transform.o)
 .note.GNU-stack
                0x0000000000000000        0x0 /home/z00250609/hybrid/5115_GPL/Hybrid_security_baseline/output/host/usr/lib/libxmlcore.a(xml_transform.o)
 .group         0x0000000000000000        0x8 /home/z00250609/hybrid/5115_GPL/Hybrid_security_baseline/output/host/usr/lib/libxmlcore.a(xml_membuf.o)
 .text.__i686.get_pc_thunk.bx
                0x0000000000000000        0x4 /home/z00250609/hybrid/5115_GPL/Hybrid_security_baseline/output/host/usr/lib/libxmlcore.a(xml_membuf.o)
 .note.GNU-stack
                0x0000000000000000        0x0 /home/z00250609/hybrid/5115_GPL/Hybrid_security_baseline/output/host/usr/lib/libxmlcore.a(xml_membuf.o)
 .group         0x0000000000000000        0x8 /usr/lib/libc_nonshared.a(elf-init.oS)
 .debug_abbrev  0x0000000000000000       0xd6 /usr/lib/libc_nonshared.a(elf-init.oS)
 .debug_info    0x0000000000000000      0x11a /usr/lib/libc_nonshared.a(elf-init.oS)
 .debug_line    0x0000000000000000       0x7e /usr/lib/libc_nonshared.a(elf-init.oS)
 .debug_frame   0x0000000000000000       0x4c /usr/lib/libc_nonshared.a(elf-init.oS)
 .debug_loc     0x0000000000000000       0x6b /usr/lib/libc_nonshared.a(elf-init.oS)
 .debug_pubnames
                0x0000000000000000       0x3a /usr/lib/libc_nonshared.a(elf-init.oS)
 .debug_aranges
                0x0000000000000000       0x20 /usr/lib/libc_nonshared.a(elf-init.oS)
 .debug_str     0x0000000000000000       0xdb /usr/lib/libc_nonshared.a(elf-init.oS)
 .text.__i686.get_pc_thunk.bx
                0x0000000000000000        0x4 /usr/lib/libc_nonshared.a(elf-init.oS)
 .note.GNU-stack
                0x0000000000000000        0x0 /usr/lib/libc_nonshared.a(elf-init.oS)
 .note.GNU-stack
                0x0000000000000000        0x0 /usr/lib/gcc/i586-suse-linux/4.3/crtend.o
 .note.GNU-stack
                0x0000000000000000        0x0 /usr/lib/gcc/i586-suse-linux/4.3/../../../crtn.o

Memory Configuration

Name             Origin             Length             Attributes
*default*        0x0000000000000000 0xffffffffffffffff

Linker script and memory map

LOAD /usr/lib/gcc/i586-suse-linux/4.3/../../../crt1.o
LOAD /usr/lib/gcc/i586-suse-linux/4.3/../../../crti.o
LOAD /usr/lib/gcc/i586-suse-linux/4.3/crtbegin.o
LOAD /home/z00250609/hybrid/5115_GPL/Hybrid_security_baseline/output/package/host-ttreemodify/t_treemodify.o
LOAD /home/z00250609/hybrid/5115_GPL/Hybrid_security_baseline/output/host/usr/lib/libxmlcore.a
LOAD /usr/lib/gcc/i586-suse-linux/4.3/libgcc.a
LOAD /usr/lib/gcc/i586-suse-linux/4.3/libgcc_s.so
LOAD /usr/lib/gcc/i586-suse-linux/4.3/../../../libc.so
START GROUP
LOAD /lib/libc.so.6
LOAD /usr/lib/libc_nonshared.a
LOAD /lib/ld-linux.so.2
END GROUP
LOAD /usr/lib/gcc/i586-suse-linux/4.3/libgcc.a
LOAD /usr/lib/gcc/i586-suse-linux/4.3/libgcc_s.so
LOAD /usr/lib/gcc/i586-suse-linux/4.3/crtend.o
LOAD /usr/lib/gcc/i586-suse-linux/4.3/../../../crtn.o
                0x0000000008048000                PROVIDE (__executable_start, 0x8048000)
                0x0000000008048154                . = (0x8048000 + SIZEOF_HEADERS)

.interp         0x0000000008048154       0x13
 *(.interp)
 .interp        0x0000000008048154       0x13 /usr/lib/gcc/i586-suse-linux/4.3/../../../crt1.o

.note.ABI-tag   0x0000000008048168       0x20
 .note.ABI-tag  0x0000000008048168       0x20 /usr/lib/gcc/i586-suse-linux/4.3/../../../crt1.o

.note.SuSE      0x0000000008048188       0x18
 .note.SuSE     0x0000000008048188       0x18 /usr/lib/gcc/i586-suse-linux/4.3/../../../crt1.o

.note.gnu.build-id
                0x00000000080481a0       0x24
 *(.note.gnu.build-id)
 .note.gnu.build-id
                0x00000000080481a0       0x24 /usr/lib/gcc/i586-suse-linux/4.3/../../../crt1.o

.hash           0x00000000080481c4       0xd8
 *(.hash)
 .hash          0x00000000080481c4       0xd8 /usr/lib/gcc/i586-suse-linux/4.3/../../../crt1.o

.gnu.hash       0x000000000804829c       0x44
 *(.gnu.hash)
 .gnu.hash      0x000000000804829c       0x44 /usr/lib/gcc/i586-suse-linux/4.3/../../../crt1.o

.dynsym         0x00000000080482e0      0x230
 *(.dynsym)
 .dynsym        0x00000000080482e0      0x230 /usr/lib/gcc/i586-suse-linux/4.3/../../../crt1.o

.dynstr         0x0000000008048510      0x187
 *(.dynstr)
 .dynstr        0x0000000008048510      0x187 /usr/lib/gcc/i586-suse-linux/4.3/../../../crt1.o

.gnu.version    0x0000000008048698       0x46
 *(.gnu.version)
 .gnu.version   0x0000000008048698       0x46 /usr/lib/gcc/i586-suse-linux/4.3/../../../crt1.o

.gnu.version_d  0x00000000080486e0        0x0 load address 0x00000000080486de
 *(.gnu.version_d)
 .gnu.version_d
                0x0000000000000000        0x0 /usr/lib/gcc/i586-suse-linux/4.3/../../../crt1.o

.gnu.version_r  0x00000000080486e0       0x40
 *(.gnu.version_r)
 .gnu.version_r
                0x00000000080486e0       0x40 /usr/lib/gcc/i586-suse-linux/4.3/../../../crt1.o

.rel.dyn        0x0000000008048720       0x20
 *(.rel.init)
 *(.rel.text .rel.text.* .rel.gnu.linkonce.t.*)
 .rel.text      0x0000000000000000        0x0 /usr/lib/gcc/i586-suse-linux/4.3/../../../crt1.o
 *(.rel.fini)
 *(.rel.rodata .rel.rodata.* .rel.gnu.linkonce.r.*)
 *(.rel.data.rel.ro* .rel.gnu.linkonce.d.rel.ro.*)
 *(.rel.data .rel.data.* .rel.gnu.linkonce.d.*)
 .rel.data.rel  0x0000000000000000        0x0 /usr/lib/gcc/i586-suse-linux/4.3/../../../crt1.o
 *(.rel.tdata .rel.tdata.* .rel.gnu.linkonce.td.*)
 *(.rel.tbss .rel.tbss.* .rel.gnu.linkonce.tb.*)
 *(.rel.ctors)
 *(.rel.dtors)
 *(.rel.got)
 .rel.got       0x0000000008048720       0x10 /usr/lib/gcc/i586-suse-linux/4.3/../../../crt1.o
 *(.rel.bss .rel.bss.* .rel.gnu.linkonce.b.*)
 .rel.bss       0x0000000008048730       0x10 /usr/lib/gcc/i586-suse-linux/4.3/../../../crt1.o
 *(.rel.ifunc)

.rel.plt        0x0000000008048740       0xf0
 *(.rel.plt)
 .rel.plt       0x0000000008048740       0xf0 /usr/lib/gcc/i586-suse-linux/4.3/../../../crt1.o
                0x0000000008048830                PROVIDE (__rel_iplt_start, .)
 *(.rel.iplt)
 .rel.iplt      0x0000000000000000        0x0 /usr/lib/gcc/i586-suse-linux/4.3/../../../crt1.o
                0x0000000008048830                PROVIDE (__rel_iplt_end, .)

.init           0x0000000008048830       0x30
 *(.init)
 .init          0x0000000008048830       0x22 /usr/lib/gcc/i586-suse-linux/4.3/../../../crti.o
                0x0000000008048830                _init
 .init          0x0000000008048852        0x5 /usr/lib/gcc/i586-suse-linux/4.3/crtbegin.o
 .init          0x0000000008048857        0x5 /usr/lib/gcc/i586-suse-linux/4.3/crtend.o
 .init          0x000000000804885c        0x4 /usr/lib/gcc/i586-suse-linux/4.3/../../../crtn.o

.plt            0x0000000008048860      0x1f0
 *(.plt)
 .plt           0x0000000008048860      0x1f0 /usr/lib/gcc/i586-suse-linux/4.3/../../../crt1.o
                0x0000000008048870                fputs@@GLIBC_2.0
                0x0000000008048880                sprintf@@GLIBC_2.0
                0x0000000008048890                memcmp@@GLIBC_2.0
                0x00000000080488b0                realloc@@GLIBC_2.0
                0x00000000080488c0                strchr@@GLIBC_2.0
                0x00000000080488d0                calloc@@GLIBC_2.0
                0x00000000080488e0                fgets@@GLIBC_2.0
                0x00000000080488f0                __libc_start_main@@GLIBC_2.0
                0x0000000008048900                free@@GLIBC_2.0
                0x0000000008048910                getopt_long@@GLIBC_2.0
                0x0000000008048920                fseek@@GLIBC_2.0
                0x0000000008048930                fclose@@GLIBC_2.1
                0x0000000008048940                fopen@@GLIBC_2.1
                0x0000000008048950                strcpy@@GLIBC_2.0
                0x0000000008048960                ftell@@GLIBC_2.0
                0x0000000008048970                printf@@GLIBC_2.0
                0x0000000008048980                atoi@@GLIBC_2.0
                0x0000000008048990                fwrite@@GLIBC_2.0
                0x00000000080489a0                fprintf@@GLIBC_2.0
                0x00000000080489b0                strstr@@GLIBC_2.0
                0x00000000080489c0                malloc@@GLIBC_2.0
                0x00000000080489d0                memmove@@GLIBC_2.0
                0x00000000080489e0                __ctype_tolower_loc@@GLIBC_2.3
                0x00000000080489f0                puts@@GLIBC_2.0
                0x0000000008048a00                strncmp@@GLIBC_2.0
                0x0000000008048a10                fread@@GLIBC_2.0
                0x0000000008048a20                snprintf@@GLIBC_2.0
                0x0000000008048a30                strcmp@@GLIBC_2.0
                0x0000000008048a40                exit@@GLIBC_2.0
 *(.iplt)
 .iplt          0x0000000000000000        0x0 /usr/lib/gcc/i586-suse-linux/4.3/../../../crt1.o

.text           0x0000000008048a50     0x34fc
 *(.text.unlikely .text.*_unlikely)
 *(.text .stub .text.* .gnu.linkonce.t.*)
 .text          0x0000000008048a50       0x24 /usr/lib/gcc/i586-suse-linux/4.3/../../../crt1.o
                0x0000000008048a50                _start
 .text          0x0000000008048a74        0x0 /usr/lib/gcc/i586-suse-linux/4.3/../../../crti.o
 *fill*         0x0000000008048a74        0xc 90909090
 .text          0x0000000008048a80       0x83 /usr/lib/gcc/i586-suse-linux/4.3/crtbegin.o
 *fill*         0x0000000008048b03        0x1 90909090
 .text          0x0000000008048b04      0x2dc /home/z00250609/hybrid/5115_GPL/Hybrid_security_baseline/output/package/host-ttreemodify/t_treemodify.o
                0x0000000008048d25                main
 .text          0x0000000008048de0     0x155e /home/z00250609/hybrid/5115_GPL/Hybrid_security_baseline/output/host/usr/lib/libxmlcore.a(xml_dom.o)
                0x0000000008048de0                XML_Malloc
                0x0000000008048dfe                XML_Calloc
                0x0000000008048e20                XML_Free
                0x0000000008048e48                XML_Realloc
                0x0000000008048e6a                TSP_XML_RemoveNode
                0x0000000008048ee0                XML_FreeSingleNode
                0x0000000008048f23                XML_FreeNode
                0x0000000008048f63                TSP_XML_FreeNode
                0x0000000008048f93                TSP_XML_GetNodeChildNum
                0x0000000008048fbe                TSP_XML_GetNodeParent
                0x0000000008048fca                TSP_XML_GetNodeFirstChild
                0x0000000008048fd6                TSP_XML_GetNodeLastChild
                0x0000000008048fe2                TSP_XML_GetNodeNextSibling
                0x0000000008048fee                TSP_XML_GetNodePrevSibling
                0x0000000008048ffa                TSP_XML_GetNodeValue
                0x0000000008049046                TSP_XML_GetFirstAttr
                0x000000000804908e                TSP_XML_AddFirstChildNode
                0x00000000080490fd                TSP_XML_AppendChildNode
                0x0000000008049169                TSP_XML_AddNextSiblingNode
                0x00000000080491f6                TSP_XML_AddPrevSiblingNode
                0x0000000008049614                TSP_XML_GetNodeValueEx
                0x0000000008049629                TSP_XML_Iterator
                0x0000000008049649                TSP_XML_RegDebugFunc
                0x000000000804964f                TSP_XML_FreeMem
                0x0000000008049676                TSP_XML_RegMemFunc
                0x00000000080496c7                XML_Strdup
                0x0000000008049716                XML_SetNode
                0x0000000008049821                TSP_XML_SetNode
                0x0000000008049960                TSP_XML_GetNodeByUrl
                0x0000000008049bd2                TSP_XML_GetAttrValueEx
                0x0000000008049c27                TSP_XML_RemoveAttr
                0x0000000008049cb1                TSP_XML_SetAttr
                0x0000000008049d52                XML_AddAttrNode
                0x0000000008049da2                TSP_XML_GetNextSiblingAttr
                0x0000000008049e0b                TSP_XML_GetAttr
                0x0000000008049f26                TSP_XML_SetNodeValueEx
                0x0000000008049f3b                XML_NewNode
                0x0000000008049f73                TSP_XML_CloneNodeSelf
                0x000000000804a0ab                TSP_XML_CloneNode
                0x000000000804a11d                TSP_XML_SetAttrValueEx
                0x000000000804a231                TSP_XML_AddAttr
                0x000000000804a2c8                TSP_XML_CreateNode
 .text.__i686.get_pc_thunk.bx
                0x000000000804a33e        0x4 /home/z00250609/hybrid/5115_GPL/Hybrid_security_baseline/output/host/usr/lib/libxmlcore.a(xml_dom.o)
                0x000000000804a33e                __i686.get_pc_thunk.bx
 *fill*         0x000000000804a342        0x2 90909090
 .text          0x000000000804a344     0x11c9 /home/z00250609/hybrid/5115_GPL/Hybrid_security_baseline/output/host/usr/lib/libxmlcore.a(xml_parse.o)
                0x000000000804b38d                TSP_XML_ParseFile
                0x000000000804b4bc                TSP_XML_Parse
 *fill*         0x000000000804b50d        0x3 90909090
 .text          0x000000000804b510      0x727 /home/z00250609/hybrid/5115_GPL/Hybrid_security_baseline/output/host/usr/lib/libxmlcore.a(xml_transform.o)
                0x000000000804ba46                TSP_XML_TransformXMLFile
                0x000000000804bb28                TSP_XML_TransformFile
                0x000000000804bbf1                TSP_XML_TransformEx
                0x000000000804bc14                TSP_XML_Transform
 *fill*         0x000000000804bc37        0x1 90909090
 .text          0x000000000804bc38      0x276 /home/z00250609/hybrid/5115_GPL/Hybrid_security_baseline/output/host/usr/lib/libxmlcore.a(xml_membuf.o)
                0x000000000804bcbe                XML_MemBufInsert
                0x000000000804bd64                XML_MemBufAppend
                0x000000000804bd8b                XML_MemBufAppendStr
                0x000000000804bdbf                XML_MembufInit
                0x000000000804bde0                XML_MembufDestroy
                0x000000000804be11                XML_MemBufAssign
                0x000000000804be7d                XML_MemBufAssignStr
 *fill*         0x000000000804beae        0x2 90909090
 .text          0x000000000804beb0       0x6a /usr/lib/libc_nonshared.a(elf-init.oS)
                0x000000000804beb0                __libc_csu_fini
                0x000000000804bec0                __libc_csu_init
 *fill*         0x000000000804bf1a        0x6 90909090
 .text          0x000000000804bf20       0x2a /usr/lib/gcc/i586-suse-linux/4.3/crtend.o
 *fill*         0x000000000804bf4a        0x2 90909090
 .text          0x000000000804bf4c        0x0 /usr/lib/gcc/i586-suse-linux/4.3/../../../crtn.o
 *(.gnu.warning)

.fini           0x000000000804bf4c       0x1c
 *(.fini)
 .fini          0x000000000804bf4c       0x13 /usr/lib/gcc/i586-suse-linux/4.3/../../../crti.o
                0x000000000804bf4c                _fini
 .fini          0x000000000804bf5f        0x5 /usr/lib/gcc/i586-suse-linux/4.3/crtbegin.o
 .fini          0x000000000804bf64        0x4 /usr/lib/gcc/i586-suse-linux/4.3/../../../crtn.o
                0x000000000804bf68                PROVIDE (__etext, .)
                0x000000000804bf68                PROVIDE (_etext, .)
                0x000000000804bf68                PROVIDE (etext, .)

.rodata         0x000000000804bf68      0x15e
 *(.rodata .rodata.* .gnu.linkonce.r.*)
 .rodata        0x000000000804bf68        0x4 /usr/lib/gcc/i586-suse-linux/4.3/../../../crt1.o
                0x000000000804bf68                _fp_hw
 .rodata.cst4   0x000000000804bf6c        0x4 /usr/lib/gcc/i586-suse-linux/4.3/../../../crt1.o
                0x000000000804bf6c                _IO_stdin_used
 .rodata.str1.1
                0x000000000804bf70       0xb7 /home/z00250609/hybrid/5115_GPL/Hybrid_security_baseline/output/package/host-ttreemodify/t_treemodify.o
                                         0xb9 (size before relaxing)
 .rodata.str1.1
                0x000000000804c027       0x11 /home/z00250609/hybrid/5115_GPL/Hybrid_security_baseline/output/host/usr/lib/libxmlcore.a(xml_dom.o)
 .rodata        0x000000000804c038       0x1c /home/z00250609/hybrid/5115_GPL/Hybrid_security_baseline/output/host/usr/lib/libxmlcore.a(xml_dom.o)
 .rodata.str1.1
                0x000000000804c054       0x4f /home/z00250609/hybrid/5115_GPL/Hybrid_security_baseline/output/host/usr/lib/libxmlcore.a(xml_parse.o)
                                         0x52 (size before relaxing)
 .rodata.str1.1
                0x000000000804c0a3       0x23 /home/z00250609/hybrid/5115_GPL/Hybrid_security_baseline/output/host/usr/lib/libxmlcore.a(xml_transform.o)
                                         0x52 (size before relaxing)

.rodata1
 *(.rodata1)

.eh_frame_hdr   0x000000000804c0c8       0x1c
 *(.eh_frame_hdr)
 .eh_frame_hdr  0x000000000804c0c8       0x1c /usr/lib/libc_nonshared.a(elf-init.oS)

.eh_frame       0x000000000804c0e4       0x58
 *(.eh_frame)
 .eh_frame      0x000000000804c0e4       0x54 /usr/lib/libc_nonshared.a(elf-init.oS)
 .eh_frame      0x000000000804c138        0x4 /usr/lib/gcc/i586-suse-linux/4.3/crtend.o

.gcc_except_table
 *(.gcc_except_table .gcc_except_table.*)
                0x000000000804c13c                . = (ALIGN (0x1000) - ((0x1000 - .) & 0xfff))
                0x000000000804ded0                . = (0x1000 DATA_SEGMENT_ALIGN 0x1000)

.eh_frame
 *(.eh_frame)

.gcc_except_table
 *(.gcc_except_table .gcc_except_table.*)

.tdata
 *(.tdata .tdata.* .gnu.linkonce.td.*)

.tbss
 *(.tbss .tbss.* .gnu.linkonce.tb.*)
 *(.tcommon)

.preinit_array  0x000000000804ded0        0x0
                0x000000000804ded0                PROVIDE (__preinit_array_start, .)
 *(.preinit_array)
                0x000000000804ded0                PROVIDE (__preinit_array_end, .)

.init_array     0x000000000804ded0        0x0
                0x000000000804ded0                PROVIDE (__init_array_start, .)
 *(SORT(.init_array.*))
 *(.init_array)
                0x000000000804ded0                PROVIDE (__init_array_end, .)

.fini_array     0x000000000804ded0        0x0
                0x000000000804ded0                PROVIDE (__fini_array_start, .)
 *(.fini_array)
 *(SORT(.fini_array.*))
                0x000000000804ded0                PROVIDE (__fini_array_end, .)

.ctors          0x000000000804ded0        0x8
 *crtbegin.o(.ctors)
 .ctors         0x000000000804ded0        0x4 /usr/lib/gcc/i586-suse-linux/4.3/crtbegin.o
 *crtbegin?.o(.ctors)
 *(EXCLUDE_FILE(*crtend?.o *crtend.o) .ctors)
 *(SORT(.ctors.*))
 *(.ctors)
 .ctors         0x000000000804ded4        0x4 /usr/lib/gcc/i586-suse-linux/4.3/crtend.o

.dtors          0x000000000804ded8        0x8
 *crtbegin.o(.dtors)
 .dtors         0x000000000804ded8        0x4 /usr/lib/gcc/i586-suse-linux/4.3/crtbegin.o
 *crtbegin?.o(.dtors)
 *(EXCLUDE_FILE(*crtend?.o *crtend.o) .dtors)
 *(SORT(.dtors.*))
 *(.dtors)
 .dtors         0x000000000804dedc        0x4 /usr/lib/gcc/i586-suse-linux/4.3/crtend.o
                0x000000000804dedc                __DTOR_END__

.jcr            0x000000000804dee0        0x4
 *(.jcr)
 .jcr           0x000000000804dee0        0x0 /usr/lib/gcc/i586-suse-linux/4.3/crtbegin.o
 .jcr           0x000000000804dee0        0x4 /usr/lib/gcc/i586-suse-linux/4.3/crtend.o

.data.rel.ro    0x000000000804dee4       0x28
 *(.data.rel.ro.local* .gnu.linkonce.d.rel.ro.local.*)
 .data.rel.ro.local
                0x000000000804dee4       0x28 /home/z00250609/hybrid/5115_GPL/Hybrid_security_baseline/output/host/usr/lib/libxmlcore.a(xml_parse.o)
 *(.data.rel.ro* .gnu.linkonce.d.rel.ro.*)

.dynamic        0x000000000804df0c       0xe0
 *(.dynamic)
 .dynamic       0x000000000804df0c       0xe0 /usr/lib/gcc/i586-suse-linux/4.3/../../../crt1.o
                0x000000000804df0c                _DYNAMIC

.got            0x000000000804dfec        0x8
 *(.got)
 .got           0x000000000804dfec        0x8 /usr/lib/gcc/i586-suse-linux/4.3/../../../crt1.o
 *(.igot)
                0x000000000804dff4                . = (. DATA_SEGMENT_RELRO_END 0xc)

.got.plt        0x000000000804dff4       0x84
 *(.got.plt)
 .got.plt       0x000000000804dff4       0x84 /usr/lib/gcc/i586-suse-linux/4.3/../../../crt1.o
                0x000000000804dff4                _GLOBAL_OFFSET_TABLE_
 *(.igot.plt)
 .igot.plt      0x0000000000000000        0x0 /usr/lib/gcc/i586-suse-linux/4.3/../../../crt1.o

.data           0x000000000804e078       0x48
 *(.data .data.* .gnu.linkonce.d.*)
 .data          0x000000000804e078        0x4 /usr/lib/gcc/i586-suse-linux/4.3/../../../crt1.o
                0x000000000804e078                data_start
                0x000000000804e078                __data_start
 .data          0x000000000804e07c        0x0 /usr/lib/gcc/i586-suse-linux/4.3/../../../crti.o
 .data          0x000000000804e07c        0x4 /usr/lib/gcc/i586-suse-linux/4.3/crtbegin.o
                0x000000000804e07c                __dso_handle
 .data          0x000000000804e080       0x30 /home/z00250609/hybrid/5115_GPL/Hybrid_security_baseline/output/package/host-ttreemodify/t_treemodify.o
 .data          0x000000000804e0b0        0x0 /home/z00250609/hybrid/5115_GPL/Hybrid_security_baseline/output/host/usr/lib/libxmlcore.a(xml_dom.o)
 .data.rel      0x000000000804e0b0       0x10 /home/z00250609/hybrid/5115_GPL/Hybrid_security_baseline/output/host/usr/lib/libxmlcore.a(xml_dom.o)
 .data          0x000000000804e0c0        0x0 /home/z00250609/hybrid/5115_GPL/Hybrid_security_baseline/output/host/usr/lib/libxmlcore.a(xml_parse.o)
 .data          0x000000000804e0c0        0x0 /home/z00250609/hybrid/5115_GPL/Hybrid_security_baseline/output/host/usr/lib/libxmlcore.a(xml_transform.o)
 .data          0x000000000804e0c0        0x0 /home/z00250609/hybrid/5115_GPL/Hybrid_security_baseline/output/host/usr/lib/libxmlcore.a(xml_membuf.o)
 .data          0x000000000804e0c0        0x0 /usr/lib/libc_nonshared.a(elf-init.oS)
 .data          0x000000000804e0c0        0x0 /usr/lib/gcc/i586-suse-linux/4.3/crtend.o
 .data          0x000000000804e0c0        0x0 /usr/lib/gcc/i586-suse-linux/4.3/../../../crtn.o

.data1
 *(.data1)
                0x000000000804e0c0                _edata = .
                0x000000000804e0c0                PROVIDE (edata, .)
                0x000000000804e0c0                __bss_start = .

.bss            0x000000000804e0c0       0x14
 *(.dynbss)
 .dynbss        0x000000000804e0c0        0x8 /usr/lib/gcc/i586-suse-linux/4.3/../../../crt1.o
                0x000000000804e0c0                stderr@@GLIBC_2.0
                0x000000000804e0c4                optarg@@GLIBC_2.0
 *(.bss .bss.* .gnu.linkonce.b.*)
 .bss           0x000000000804e0c8        0x0 /usr/lib/gcc/i586-suse-linux/4.3/../../../crt1.o
 .bss           0x000000000804e0c8        0x0 /usr/lib/gcc/i586-suse-linux/4.3/../../../crti.o
 .bss           0x000000000804e0c8        0x8 /usr/lib/gcc/i586-suse-linux/4.3/crtbegin.o
 .bss           0x000000000804e0d0        0x0 /home/z00250609/hybrid/5115_GPL/Hybrid_security_baseline/output/package/host-ttreemodify/t_treemodify.o
 .bss           0x000000000804e0d0        0x0 /home/z00250609/hybrid/5115_GPL/Hybrid_security_baseline/output/host/usr/lib/libxmlcore.a(xml_dom.o)
 .bss           0x000000000804e0d0        0x0 /home/z00250609/hybrid/5115_GPL/Hybrid_security_baseline/output/host/usr/lib/libxmlcore.a(xml_parse.o)
 .bss           0x000000000804e0d0        0x4 /home/z00250609/hybrid/5115_GPL/Hybrid_security_baseline/output/host/usr/lib/libxmlcore.a(xml_transform.o)
                0x000000000804e0d0                g_bNotEscapeXml
 .bss           0x000000000804e0d4        0x0 /home/z00250609/hybrid/5115_GPL/Hybrid_security_baseline/output/host/usr/lib/libxmlcore.a(xml_membuf.o)
 .bss           0x000000000804e0d4        0x0 /usr/lib/libc_nonshared.a(elf-init.oS)
 .bss           0x000000000804e0d4        0x0 /usr/lib/gcc/i586-suse-linux/4.3/crtend.o
 .bss           0x000000000804e0d4        0x0 /usr/lib/gcc/i586-suse-linux/4.3/../../../crtn.o
 *(COMMON)
                0x000000000804e0d4                . = ALIGN ((. != 0x0)?0x4:0x1)
                0x000000000804e0d4                . = ALIGN (0x4)
                0x000000000804e0d4                . = ALIGN (0x4)
                0x000000000804e0d4                _end = .
                0x000000000804e0d4                PROVIDE (end, .)
                0x000000000804e0d4                . = DATA_SEGMENT_END (.)

.stab
 *(.stab)

.stabstr
 *(.stabstr)

.stab.excl
 *(.stab.excl)

.stab.exclstr
 *(.stab.exclstr)

.stab.index
 *(.stab.index)

.stab.indexstr
 *(.stab.indexstr)

.comment.SUSE.OPTs
                0x0000000000000000        0x6
 .comment.SUSE.OPTs
                0x0000000000000000        0x6 /home/z00250609/hybrid/5115_GPL/Hybrid_security_baseline/output/package/host-ttreemodify/t_treemodify.o
 .comment.SUSE.OPTs
                0x0000000000000000        0x6 /home/z00250609/hybrid/5115_GPL/Hybrid_security_baseline/output/host/usr/lib/libxmlcore.a(xml_dom.o)
 .comment.SUSE.OPTs
                0x0000000000000000        0x6 /home/z00250609/hybrid/5115_GPL/Hybrid_security_baseline/output/host/usr/lib/libxmlcore.a(xml_parse.o)
 .comment.SUSE.OPTs
                0x0000000000000000        0x6 /home/z00250609/hybrid/5115_GPL/Hybrid_security_baseline/output/host/usr/lib/libxmlcore.a(xml_transform.o)
 .comment.SUSE.OPTs
                0x0000000000000000        0x6 /home/z00250609/hybrid/5115_GPL/Hybrid_security_baseline/output/host/usr/lib/libxmlcore.a(xml_membuf.o)

.comment        0x0000000000000000       0x39
 *(.comment)
 .comment       0x0000000000000000       0x39 /usr/lib/gcc/i586-suse-linux/4.3/../../../crt1.o
                                         0x3a (size before relaxing)
 .comment       0x0000000000000000       0x3a /usr/lib/gcc/i586-suse-linux/4.3/../../../crti.o
 .comment       0x0000000000000000       0x3a /usr/lib/gcc/i586-suse-linux/4.3/crtbegin.o
 .comment       0x0000000000000000       0x3a /home/z00250609/hybrid/5115_GPL/Hybrid_security_baseline/output/package/host-ttreemodify/t_treemodify.o
 .comment       0x0000000000000000       0x3a /home/z00250609/hybrid/5115_GPL/Hybrid_security_baseline/output/host/usr/lib/libxmlcore.a(xml_dom.o)
 .comment       0x0000000000000000       0x3a /home/z00250609/hybrid/5115_GPL/Hybrid_security_baseline/output/host/usr/lib/libxmlcore.a(xml_parse.o)
 .comment       0x0000000000000000       0x3a /home/z00250609/hybrid/5115_GPL/Hybrid_security_baseline/output/host/usr/lib/libxmlcore.a(xml_transform.o)
 .comment       0x0000000000000000       0x3a /home/z00250609/hybrid/5115_GPL/Hybrid_security_baseline/output/host/usr/lib/libxmlcore.a(xml_membuf.o)
 .comment       0x0000000000000000       0x3a /usr/lib/gcc/i586-suse-linux/4.3/crtend.o
 .comment       0x0000000000000000       0x3a /usr/lib/gcc/i586-suse-linux/4.3/../../../crtn.o

.debug
 *(.debug)

.line
 *(.line)

.debug_srcinfo
 *(.debug_srcinfo)

.debug_sfnames
 *(.debug_sfnames)

.debug_aranges
 *(.debug_aranges)

.debug_pubnames
 *(.debug_pubnames)

.debug_info
 *(.debug_info .gnu.linkonce.wi.*)

.debug_abbrev
 *(.debug_abbrev)

.debug_line
 *(.debug_line)

.debug_frame
 *(.debug_frame)

.debug_str
 *(.debug_str)

.debug_loc
 *(.debug_loc)

.debug_macinfo
 *(.debug_macinfo)

.debug_weaknames
 *(.debug_weaknames)

.debug_funcnames
 *(.debug_funcnames)

.debug_typenames
 *(.debug_typenames)

.debug_varnames
 *(.debug_varnames)

.debug_pubtypes
 *(.debug_pubtypes)

.debug_ranges
 *(.debug_ranges)

.gnu.attributes
 *(.gnu.attributes)

/DISCARD/
 *(.note.GNU-stack)
 *(.gnu_debuglink)
 *(.gnu.lto_*)
OUTPUT(/home/z00250609/hybrid/5115_GPL/Hybrid_security_baseline/output/package/host-ttreemodify/ttreemodify elf32-i386)
