Archive member included because of file (symbol)

/home/liyupeng/zengyao/6.13/DT-W724V-20140311/output/host/usr/lib/libxmlcore.a(xml_dom.o)
                              /home/liyupeng/zengyao/6.13/DT-W724V-20140311/output/package/host-ttreemodify/t_treemodify.o (TSP_XML_FreeNode)
/home/liyupeng/zengyao/6.13/DT-W724V-20140311/output/host/usr/lib/libxmlcore.a(xml_parse.o)
                              /home/liyupeng/zengyao/6.13/DT-W724V-20140311/output/package/host-ttreemodify/t_treemodify.o (TSP_XML_ParseFile)
/home/liyupeng/zengyao/6.13/DT-W724V-20140311/output/host/usr/lib/libxmlcore.a(xml_transform.o)
                              /home/liyupeng/zengyao/6.13/DT-W724V-20140311/output/package/host-ttreemodify/t_treemodify.o (TSP_XML_TransformFile)
/home/liyupeng/zengyao/6.13/DT-W724V-20140311/output/host/usr/lib/libxmlcore.a(xml_membuf.o)
                              /home/liyupeng/zengyao/6.13/DT-W724V-20140311/output/host/usr/lib/libxmlcore.a(xml_transform.o) (XML_MemBufAppend)
/usr/lib/libc_nonshared.a(elf-init.oS)
                              /usr/lib/gcc/i586-suse-linux/4.3/../../../crt1.o (__libc_csu_fini)

Discarded input sections

 .note.GNU-stack
                0x0000000000000000        0x0 /usr/lib/gcc/i586-suse-linux/4.3/../../../crt1.o
 .debug_aranges
                0x0000000000000000       0x20 /usr/lib/gcc/i586-suse-linux/4.3/../../../crt1.o
 .debug_pubnames
                0x0000000000000000       0x25 /usr/lib/gcc/i586-suse-linux/4.3/../../../crt1.o
 .debug_info    0x0000000000000000       0xfa /usr/lib/gcc/i586-suse-linux/4.3/../../../crt1.o
 .debug_abbrev  0x0000000000000000       0x5f /usr/lib/gcc/i586-suse-linux/4.3/../../../crt1.o
 .debug_line    0x0000000000000000       0x82 /usr/lib/gcc/i586-suse-linux/4.3/../../../crt1.o
 .debug_str     0x0000000000000000       0xf5 /usr/lib/gcc/i586-suse-linux/4.3/../../../crt1.o
 .note.GNU-stack
                0x0000000000000000        0x0 /usr/lib/gcc/i586-suse-linux/4.3/../../../crti.o
 .note.GNU-stack
                0x0000000000000000        0x0 /usr/lib/gcc/i586-suse-linux/4.3/crtbegin.o
 .note.GNU-stack
                0x0000000000000000        0x0 /home/liyupeng/zengyao/6.13/DT-W724V-20140311/output/package/host-ttreemodify/t_treemodify.o
 .group         0x0000000000000000        0x8 /home/liyupeng/zengyao/6.13/DT-W724V-20140311/output/host/usr/lib/libxmlcore.a(xml_dom.o)
 .note.GNU-stack
                0x0000000000000000        0x0 /home/liyupeng/zengyao/6.13/DT-W724V-20140311/output/host/usr/lib/libxmlcore.a(xml_dom.o)
 .group         0x0000000000000000        0x8 /home/liyupeng/zengyao/6.13/DT-W724V-20140311/output/host/usr/lib/libxmlcore.a(xml_parse.o)
 .text.__i686.get_pc_thunk.bx
                0x0000000000000000        0x4 /home/liyupeng/zengyao/6.13/DT-W724V-20140311/output/host/usr/lib/libxmlcore.a(xml_parse.o)
 .note.GNU-stack
                0x0000000000000000        0x0 /home/liyupeng/zengyao/6.13/DT-W724V-20140311/output/host/usr/lib/libxmlcore.a(xml_parse.o)
 .group         0x0000000000000000        0x8 /home/liyupeng/zengyao/6.13/DT-W724V-20140311/output/host/usr/lib/libxmlcore.a(xml_transform.o)
 .text.__i686.get_pc_thunk.bx
                0x0000000000000000        0x4 /home/liyupeng/zengyao/6.13/DT-W724V-20140311/output/host/usr/lib/libxmlcore.a(xml_transform.o)
 .note.GNU-stack
                0x0000000000000000        0x0 /home/liyupeng/zengyao/6.13/DT-W724V-20140311/output/host/usr/lib/libxmlcore.a(xml_transform.o)
 .group         0x0000000000000000        0x8 /home/liyupeng/zengyao/6.13/DT-W724V-20140311/output/host/usr/lib/libxmlcore.a(xml_membuf.o)
 .text.__i686.get_pc_thunk.bx
                0x0000000000000000        0x4 /home/liyupeng/zengyao/6.13/DT-W724V-20140311/output/host/usr/lib/libxmlcore.a(xml_membuf.o)
 .note.GNU-stack
                0x0000000000000000        0x0 /home/liyupeng/zengyao/6.13/DT-W724V-20140311/output/host/usr/lib/libxmlcore.a(xml_membuf.o)
 .group         0x0000000000000000        0x8 /usr/lib/libc_nonshared.a(elf-init.oS)
 .debug_abbrev  0x0000000000000000       0xd6 /usr/lib/libc_nonshared.a(elf-init.oS)
 .debug_info    0x0000000000000000      0x11a /usr/lib/libc_nonshared.a(elf-init.oS)
 .debug_line    0x0000000000000000       0x7e /usr/lib/libc_nonshared.a(elf-init.oS)
 .debug_frame   0x0000000000000000       0x4c /usr/lib/libc_nonshared.a(elf-init.oS)
 .debug_loc     0x0000000000000000       0x6b /usr/lib/libc_nonshared.a(elf-init.oS)
 .debug_pubnames
                0x0000000000000000       0x3a /usr/lib/libc_nonshared.a(elf-init.oS)
 .debug_aranges
                0x0000000000000000       0x20 /usr/lib/libc_nonshared.a(elf-init.oS)
 .debug_str     0x0000000000000000       0xdb /usr/lib/libc_nonshared.a(elf-init.oS)
 .text.__i686.get_pc_thunk.bx
                0x0000000000000000        0x4 /usr/lib/libc_nonshared.a(elf-init.oS)
 .note.GNU-stack
                0x0000000000000000        0x0 /usr/lib/libc_nonshared.a(elf-init.oS)
 .note.GNU-stack
                0x0000000000000000        0x0 /usr/lib/gcc/i586-suse-linux/4.3/crtend.o
 .note.GNU-stack
                0x0000000000000000        0x0 /usr/lib/gcc/i586-suse-linux/4.3/../../../crtn.o

Memory Configuration

Name             Origin             Length             Attributes
*default*        0x0000000000000000 0xffffffffffffffff

Linker script and memory map

LOAD /usr/lib/gcc/i586-suse-linux/4.3/../../../crt1.o
LOAD /usr/lib/gcc/i586-suse-linux/4.3/../../../crti.o
LOAD /usr/lib/gcc/i586-suse-linux/4.3/crtbegin.o
LOAD /home/liyupeng/zengyao/6.13/DT-W724V-20140311/output/package/host-ttreemodify/t_treemodify.o
LOAD /home/liyupeng/zengyao/6.13/DT-W724V-20140311/output/host/usr/lib/libxmlcore.a
LOAD /usr/lib/gcc/i586-suse-linux/4.3/libgcc.a
LOAD /usr/lib/gcc/i586-suse-linux/4.3/libgcc_s.so
LOAD /usr/lib/gcc/i586-suse-linux/4.3/../../../libc.so
START GROUP
LOAD /lib/libc.so.6
LOAD /usr/lib/libc_nonshared.a
LOAD /lib/ld-linux.so.2
END GROUP
LOAD /usr/lib/gcc/i586-suse-linux/4.3/libgcc.a
LOAD /usr/lib/gcc/i586-suse-linux/4.3/libgcc_s.so
LOAD /usr/lib/gcc/i586-suse-linux/4.3/crtend.o
LOAD /usr/lib/gcc/i586-suse-linux/4.3/../../../crtn.o
                0x0000000008048000                PROVIDE (__executable_start, 0x8048000)
                0x0000000008048154                . = (0x8048000 + SIZEOF_HEADERS)

.interp         0x0000000008048154       0x13
 *(.interp)
 .interp        0x0000000008048154       0x13 /usr/lib/gcc/i586-suse-linux/4.3/../../../crt1.o

.note.ABI-tag   0x0000000008048168       0x20
 .note.ABI-tag  0x0000000008048168       0x20 /usr/lib/gcc/i586-suse-linux/4.3/../../../crt1.o

.note.SuSE      0x0000000008048188       0x18
 .note.SuSE     0x0000000008048188       0x18 /usr/lib/gcc/i586-suse-linux/4.3/../../../crt1.o

.note.gnu.build-id
                0x00000000080481a0       0x24
 *(.note.gnu.build-id)
 .note.gnu.build-id
                0x00000000080481a0       0x24 /usr/lib/gcc/i586-suse-linux/4.3/../../../crt1.o

.hash           0x00000000080481c4       0xd0
 *(.hash)
 .hash          0x00000000080481c4       0xd0 /usr/lib/gcc/i586-suse-linux/4.3/../../../crt1.o

.gnu.hash       0x0000000008048294       0x44
 *(.gnu.hash)
 .gnu.hash      0x0000000008048294       0x44 /usr/lib/gcc/i586-suse-linux/4.3/../../../crt1.o

.dynsym         0x00000000080482d8      0x210
 *(.dynsym)
 .dynsym        0x00000000080482d8      0x210 /usr/lib/gcc/i586-suse-linux/4.3/../../../crt1.o

.dynstr         0x00000000080484e8      0x16d
 *(.dynstr)
 .dynstr        0x00000000080484e8      0x16d /usr/lib/gcc/i586-suse-linux/4.3/../../../crt1.o

.gnu.version    0x0000000008048656       0x42
 *(.gnu.version)
 .gnu.version   0x0000000008048656       0x42 /usr/lib/gcc/i586-suse-linux/4.3/../../../crt1.o

.gnu.version_d  0x0000000008048698        0x0
 *(.gnu.version_d)
 .gnu.version_d
                0x0000000000000000        0x0 /usr/lib/gcc/i586-suse-linux/4.3/../../../crt1.o

.gnu.version_r  0x0000000008048698       0x40
 *(.gnu.version_r)
 .gnu.version_r
                0x0000000008048698       0x40 /usr/lib/gcc/i586-suse-linux/4.3/../../../crt1.o

.rel.dyn        0x00000000080486d8       0x20
 *(.rel.init)
 *(.rel.text .rel.text.* .rel.gnu.linkonce.t.*)
 .rel.text      0x0000000000000000        0x0 /usr/lib/gcc/i586-suse-linux/4.3/../../../crt1.o
 *(.rel.fini)
 *(.rel.rodata .rel.rodata.* .rel.gnu.linkonce.r.*)
 *(.rel.data.rel.ro* .rel.gnu.linkonce.d.rel.ro.*)
 *(.rel.data .rel.data.* .rel.gnu.linkonce.d.*)
 .rel.data.rel  0x0000000000000000        0x0 /usr/lib/gcc/i586-suse-linux/4.3/../../../crt1.o
 *(.rel.tdata .rel.tdata.* .rel.gnu.linkonce.td.*)
 *(.rel.tbss .rel.tbss.* .rel.gnu.linkonce.tb.*)
 *(.rel.ctors)
 *(.rel.dtors)
 *(.rel.got)
 .rel.got       0x00000000080486d8       0x10 /usr/lib/gcc/i586-suse-linux/4.3/../../../crt1.o
 *(.rel.bss .rel.bss.* .rel.gnu.linkonce.b.*)
 .rel.bss       0x00000000080486e8       0x10 /usr/lib/gcc/i586-suse-linux/4.3/../../../crt1.o
 *(.rel.ifunc)

.rel.plt        0x00000000080486f8       0xe0
 *(.rel.plt)
 .rel.plt       0x00000000080486f8       0xe0 /usr/lib/gcc/i586-suse-linux/4.3/../../../crt1.o
                0x00000000080487d8                PROVIDE (__rel_iplt_start, .)
 *(.rel.iplt)
 .rel.iplt      0x0000000000000000        0x0 /usr/lib/gcc/i586-suse-linux/4.3/../../../crt1.o
                0x00000000080487d8                PROVIDE (__rel_iplt_end, .)

.init           0x00000000080487d8       0x30
 *(.init)
 .init          0x00000000080487d8       0x22 /usr/lib/gcc/i586-suse-linux/4.3/../../../crti.o
                0x00000000080487d8                _init
 .init          0x00000000080487fa        0x5 /usr/lib/gcc/i586-suse-linux/4.3/crtbegin.o
 .init          0x00000000080487ff        0x5 /usr/lib/gcc/i586-suse-linux/4.3/crtend.o
 .init          0x0000000008048804        0x4 /usr/lib/gcc/i586-suse-linux/4.3/../../../crtn.o

.plt            0x0000000008048808      0x1d0
 *(.plt)
 .plt           0x0000000008048808      0x1d0 /usr/lib/gcc/i586-suse-linux/4.3/../../../crt1.o
                0x0000000008048818                fputs@@GLIBC_2.0
                0x0000000008048828                memcmp@@GLIBC_2.0
                0x0000000008048848                realloc@@GLIBC_2.0
                0x0000000008048858                strchr@@GLIBC_2.0
                0x0000000008048868                calloc@@GLIBC_2.0
                0x0000000008048878                fgets@@GLIBC_2.0
                0x0000000008048888                __libc_start_main@@GLIBC_2.0
                0x0000000008048898                free@@GLIBC_2.0
                0x00000000080488a8                getopt_long@@GLIBC_2.0
                0x00000000080488b8                fseek@@GLIBC_2.0
                0x00000000080488c8                fclose@@GLIBC_2.1
                0x00000000080488d8                fopen@@GLIBC_2.1
                0x00000000080488e8                ftell@@GLIBC_2.0
                0x00000000080488f8                printf@@GLIBC_2.0
                0x0000000008048908                atoi@@GLIBC_2.0
                0x0000000008048918                fwrite@@GLIBC_2.0
                0x0000000008048928                fprintf@@GLIBC_2.0
                0x0000000008048938                strstr@@GLIBC_2.0
                0x0000000008048948                malloc@@GLIBC_2.0
                0x0000000008048958                memmove@@GLIBC_2.0
                0x0000000008048968                __ctype_tolower_loc@@GLIBC_2.3
                0x0000000008048978                puts@@GLIBC_2.0
                0x0000000008048988                strncmp@@GLIBC_2.0
                0x0000000008048998                fread@@GLIBC_2.0
                0x00000000080489a8                snprintf@@GLIBC_2.0
                0x00000000080489b8                strcmp@@GLIBC_2.0
                0x00000000080489c8                exit@@GLIBC_2.0
 *(.iplt)
 .iplt          0x0000000000000000        0x0 /usr/lib/gcc/i586-suse-linux/4.3/../../../crt1.o

.text           0x00000000080489e0     0x361c
 *(.text.unlikely .text.*_unlikely)
 *(.text .stub .text.* .gnu.linkonce.t.*)
 .text          0x00000000080489e0       0x24 /usr/lib/gcc/i586-suse-linux/4.3/../../../crt1.o
                0x00000000080489e0                _start
 .text          0x0000000008048a04        0x0 /usr/lib/gcc/i586-suse-linux/4.3/../../../crti.o
 *fill*         0x0000000008048a04        0xc 90909090
 .text          0x0000000008048a10       0x83 /usr/lib/gcc/i586-suse-linux/4.3/crtbegin.o
 *fill*         0x0000000008048a93        0x1 90909090
 .text          0x0000000008048a94      0x348 /home/liyupeng/zengyao/6.13/DT-W724V-20140311/output/package/host-ttreemodify/t_treemodify.o
                0x0000000008048d21                main
 .text          0x0000000008048ddc     0x1568 /home/liyupeng/zengyao/6.13/DT-W724V-20140311/output/host/usr/lib/libxmlcore.a(xml_dom.o)
                0x0000000008048ddc                XML_Malloc
                0x0000000008048dfa                XML_Calloc
                0x0000000008048e1c                XML_Free
                0x0000000008048e44                XML_Realloc
                0x0000000008048e66                TSP_XML_RemoveNode
                0x0000000008048edc                XML_FreeSingleNode
                0x0000000008048f1f                XML_FreeNode
                0x0000000008048f5f                TSP_XML_FreeNode
                0x0000000008048f8f                TSP_XML_GetNodeChildNum
                0x0000000008048fba                TSP_XML_GetNodeParent
                0x0000000008048fc6                TSP_XML_GetNodeFirstChild
                0x0000000008048fd2                TSP_XML_GetNodeLastChild
                0x0000000008048fde                TSP_XML_GetNodeNextSibling
                0x0000000008048fea                TSP_XML_GetNodePrevSibling
                0x0000000008048ff6                TSP_XML_GetNodeValue
                0x0000000008049042                TSP_XML_GetFirstAttr
                0x000000000804908a                TSP_XML_AddFirstChildNode
                0x00000000080490f9                TSP_XML_AppendChildNode
                0x0000000008049165                TSP_XML_AddNextSiblingNode
                0x00000000080491f2                TSP_XML_AddPrevSiblingNode
                0x0000000008049610                TSP_XML_GetNodeValueEx
                0x0000000008049625                TSP_XML_Iterator
                0x0000000008049645                TSP_XML_RegDebugFunc
                0x000000000804964b                TSP_XML_FreeMem
                0x0000000008049672                TSP_XML_RegMemFunc
                0x00000000080496c3                XML_Strdup
                0x0000000008049714                XML_SetNode
                0x000000000804981f                TSP_XML_SetNode
                0x000000000804998d                TSP_XML_SetNodeValueEx
                0x0000000008049a43                TSP_XML_GetNodeByUrl
                0x0000000008049cbf                TSP_XML_GetAttrValueEx
                0x0000000008049d14                TSP_XML_RemoveAttr
                0x0000000008049d9e                TSP_XML_SetAttr
                0x0000000008049e3f                XML_AddAttrNode
                0x0000000008049e8f                TSP_XML_GetNextSiblingAttr
                0x0000000008049ef8                TSP_XML_GetAttr
                0x0000000008049f41                XML_NewNode
                0x0000000008049f79                TSP_XML_CloneNodeSelf
                0x000000000804a0b1                TSP_XML_CloneNode
                0x000000000804a123                TSP_XML_SetAttrValueEx
                0x000000000804a237                TSP_XML_AddAttr
                0x000000000804a2ce                TSP_XML_CreateNode
 .text.__i686.get_pc_thunk.bx
                0x000000000804a344        0x4 /home/liyupeng/zengyao/6.13/DT-W724V-20140311/output/host/usr/lib/libxmlcore.a(xml_dom.o)
                0x000000000804a344                __i686.get_pc_thunk.bx
 .text          0x000000000804a348     0x11be /home/liyupeng/zengyao/6.13/DT-W724V-20140311/output/host/usr/lib/libxmlcore.a(xml_parse.o)
                0x000000000804b386                TSP_XML_ParseFile
                0x000000000804b4b5                TSP_XML_Parse
 *fill*         0x000000000804b506        0x2 90909090
 .text          0x000000000804b508      0x7db /home/liyupeng/zengyao/6.13/DT-W724V-20140311/output/host/usr/lib/libxmlcore.a(xml_transform.o)
                0x000000000804baf2                TSP_XML_TransformXMLFile
                0x000000000804bbd4                TSP_XML_TransformFile
                0x000000000804bc9d                TSP_XML_TransformEx
                0x000000000804bcc0                TSP_XML_Transform
 *fill*         0x000000000804bce3        0x1 90909090
 .text          0x000000000804bce4      0x276 /home/liyupeng/zengyao/6.13/DT-W724V-20140311/output/host/usr/lib/libxmlcore.a(xml_membuf.o)
                0x000000000804bd6a                XML_MemBufInsert
                0x000000000804be10                XML_MemBufAppend
                0x000000000804be37                XML_MemBufAppendStr
                0x000000000804be6b                XML_MembufInit
                0x000000000804be8c                XML_MembufDestroy
                0x000000000804bebd                XML_MemBufAssign
                0x000000000804bf29                XML_MemBufAssignStr
 *fill*         0x000000000804bf5a        0x6 90909090
 .text          0x000000000804bf60       0x6a /usr/lib/libc_nonshared.a(elf-init.oS)
                0x000000000804bf60                __libc_csu_fini
                0x000000000804bf70                __libc_csu_init
 *fill*         0x000000000804bfca        0x6 90909090
 .text          0x000000000804bfd0       0x2a /usr/lib/gcc/i586-suse-linux/4.3/crtend.o
 *fill*         0x000000000804bffa        0x2 90909090
 .text          0x000000000804bffc        0x0 /usr/lib/gcc/i586-suse-linux/4.3/../../../crtn.o
 *(.gnu.warning)

.fini           0x000000000804bffc       0x1c
 *(.fini)
 .fini          0x000000000804bffc       0x13 /usr/lib/gcc/i586-suse-linux/4.3/../../../crti.o
                0x000000000804bffc                _fini
 .fini          0x000000000804c00f        0x5 /usr/lib/gcc/i586-suse-linux/4.3/crtbegin.o
 .fini          0x000000000804c014        0x4 /usr/lib/gcc/i586-suse-linux/4.3/../../../crtn.o
                0x000000000804c018                PROVIDE (__etext, .)
                0x000000000804c018                PROVIDE (_etext, .)
                0x000000000804c018                PROVIDE (etext, .)

.rodata         0x000000000804c018      0x1a1
 *(.rodata .rodata.* .gnu.linkonce.r.*)
 .rodata        0x000000000804c018        0x4 /usr/lib/gcc/i586-suse-linux/4.3/../../../crt1.o
                0x000000000804c018                _fp_hw
 .rodata.cst4   0x000000000804c01c        0x4 /usr/lib/gcc/i586-suse-linux/4.3/../../../crt1.o
                0x000000000804c01c                _IO_stdin_used
 .rodata.str1.1
                0x000000000804c020       0xc4 /home/liyupeng/zengyao/6.13/DT-W724V-20140311/output/package/host-ttreemodify/t_treemodify.o
                                         0xc6 (size before relaxing)
 .rodata.str1.1
                0x000000000804c0e4       0x11 /home/liyupeng/zengyao/6.13/DT-W724V-20140311/output/host/usr/lib/libxmlcore.a(xml_dom.o)
                                         0x14 (size before relaxing)
 *fill*         0x000000000804c0f5        0x3 00
 .rodata        0x000000000804c0f8       0x1c /home/liyupeng/zengyao/6.13/DT-W724V-20140311/output/host/usr/lib/libxmlcore.a(xml_dom.o)
 .rodata.str1.1
                0x000000000804c114       0x50 /home/liyupeng/zengyao/6.13/DT-W724V-20140311/output/host/usr/lib/libxmlcore.a(xml_parse.o)
                                         0x56 (size before relaxing)
 .rodata.str1.1
                0x000000000804c164       0x55 /home/liyupeng/zengyao/6.13/DT-W724V-20140311/output/host/usr/lib/libxmlcore.a(xml_transform.o)
                                         0x85 (size before relaxing)

.rodata1
 *(.rodata1)

.eh_frame_hdr   0x000000000804c1bc       0x1c
 *(.eh_frame_hdr)
 .eh_frame_hdr  0x000000000804c1bc       0x1c /usr/lib/libc_nonshared.a(elf-init.oS)

.eh_frame       0x000000000804c1d8       0x58
 *(.eh_frame)
 .eh_frame      0x000000000804c1d8       0x54 /usr/lib/libc_nonshared.a(elf-init.oS)
 .eh_frame      0x000000000804c22c        0x4 /usr/lib/gcc/i586-suse-linux/4.3/crtend.o

.gcc_except_table
 *(.gcc_except_table .gcc_except_table.*)
                0x000000000804c230                . = (ALIGN (0x1000) - ((0x1000 - .) & 0xfff))
                0x000000000804ded0                . = (0x1000 DATA_SEGMENT_ALIGN 0x1000)

.eh_frame
 *(.eh_frame)

.gcc_except_table
 *(.gcc_except_table .gcc_except_table.*)

.tdata
 *(.tdata .tdata.* .gnu.linkonce.td.*)

.tbss
 *(.tbss .tbss.* .gnu.linkonce.tb.*)
 *(.tcommon)

.preinit_array  0x000000000804ded0        0x0
                0x000000000804ded0                PROVIDE (__preinit_array_start, .)
 *(.preinit_array)
                0x000000000804ded0                PROVIDE (__preinit_array_end, .)

.init_array     0x000000000804ded0        0x0
                0x000000000804ded0                PROVIDE (__init_array_start, .)
 *(SORT(.init_array.*))
 *(.init_array)
                0x000000000804ded0                PROVIDE (__init_array_end, .)

.fini_array     0x000000000804ded0        0x0
                0x000000000804ded0                PROVIDE (__fini_array_start, .)
 *(.fini_array)
 *(SORT(.fini_array.*))
                0x000000000804ded0                PROVIDE (__fini_array_end, .)

.ctors          0x000000000804ded0        0x8
 *crtbegin.o(.ctors)
 .ctors         0x000000000804ded0        0x4 /usr/lib/gcc/i586-suse-linux/4.3/crtbegin.o
 *crtbegin?.o(.ctors)
 *(EXCLUDE_FILE(*crtend?.o *crtend.o) .ctors)
 *(SORT(.ctors.*))
 *(.ctors)
 .ctors         0x000000000804ded4        0x4 /usr/lib/gcc/i586-suse-linux/4.3/crtend.o

.dtors          0x000000000804ded8        0x8
 *crtbegin.o(.dtors)
 .dtors         0x000000000804ded8        0x4 /usr/lib/gcc/i586-suse-linux/4.3/crtbegin.o
 *crtbegin?.o(.dtors)
 *(EXCLUDE_FILE(*crtend?.o *crtend.o) .dtors)
 *(SORT(.dtors.*))
 *(.dtors)
 .dtors         0x000000000804dedc        0x4 /usr/lib/gcc/i586-suse-linux/4.3/crtend.o
                0x000000000804dedc                __DTOR_END__

.jcr            0x000000000804dee0        0x4
 *(.jcr)
 .jcr           0x000000000804dee0        0x0 /usr/lib/gcc/i586-suse-linux/4.3/crtbegin.o
 .jcr           0x000000000804dee0        0x4 /usr/lib/gcc/i586-suse-linux/4.3/crtend.o

.data.rel.ro    0x000000000804dee4       0x28
 *(.data.rel.ro.local* .gnu.linkonce.d.rel.ro.local.*)
 .data.rel.ro.local
                0x000000000804dee4       0x28 /home/liyupeng/zengyao/6.13/DT-W724V-20140311/output/host/usr/lib/libxmlcore.a(xml_parse.o)
 *(.data.rel.ro* .gnu.linkonce.d.rel.ro.*)

.dynamic        0x000000000804df0c       0xe0
 *(.dynamic)
 .dynamic       0x000000000804df0c       0xe0 /usr/lib/gcc/i586-suse-linux/4.3/../../../crt1.o
                0x000000000804df0c                _DYNAMIC

.got            0x000000000804dfec        0x8
 *(.got)
 .got           0x000000000804dfec        0x8 /usr/lib/gcc/i586-suse-linux/4.3/../../../crt1.o
 *(.igot)
                0x000000000804dff4                . = (. DATA_SEGMENT_RELRO_END 0xc)

.got.plt        0x000000000804dff4       0x7c
 *(.got.plt)
 .got.plt       0x000000000804dff4       0x7c /usr/lib/gcc/i586-suse-linux/4.3/../../../crt1.o
                0x000000000804dff4                _GLOBAL_OFFSET_TABLE_
 *(.igot.plt)
 .igot.plt      0x0000000000000000        0x0 /usr/lib/gcc/i586-suse-linux/4.3/../../../crt1.o

.data           0x000000000804e070       0x48
 *(.data .data.* .gnu.linkonce.d.*)
 .data          0x000000000804e070        0x4 /usr/lib/gcc/i586-suse-linux/4.3/../../../crt1.o
                0x000000000804e070                data_start
                0x000000000804e070                __data_start
 .data          0x000000000804e074        0x0 /usr/lib/gcc/i586-suse-linux/4.3/../../../crti.o
 .data          0x000000000804e074        0x4 /usr/lib/gcc/i586-suse-linux/4.3/crtbegin.o
                0x000000000804e074                __dso_handle
 .data          0x000000000804e078       0x30 /home/liyupeng/zengyao/6.13/DT-W724V-20140311/output/package/host-ttreemodify/t_treemodify.o
 .data          0x000000000804e0a8        0x0 /home/liyupeng/zengyao/6.13/DT-W724V-20140311/output/host/usr/lib/libxmlcore.a(xml_dom.o)
 .data.rel      0x000000000804e0a8       0x10 /home/liyupeng/zengyao/6.13/DT-W724V-20140311/output/host/usr/lib/libxmlcore.a(xml_dom.o)
 .data          0x000000000804e0b8        0x0 /home/liyupeng/zengyao/6.13/DT-W724V-20140311/output/host/usr/lib/libxmlcore.a(xml_parse.o)
 .data          0x000000000804e0b8        0x0 /home/liyupeng/zengyao/6.13/DT-W724V-20140311/output/host/usr/lib/libxmlcore.a(xml_transform.o)
 .data          0x000000000804e0b8        0x0 /home/liyupeng/zengyao/6.13/DT-W724V-20140311/output/host/usr/lib/libxmlcore.a(xml_membuf.o)
 .data          0x000000000804e0b8        0x0 /usr/lib/libc_nonshared.a(elf-init.oS)
 .data          0x000000000804e0b8        0x0 /usr/lib/gcc/i586-suse-linux/4.3/crtend.o
 .data          0x000000000804e0b8        0x0 /usr/lib/gcc/i586-suse-linux/4.3/../../../crtn.o

.data1
 *(.data1)
                0x000000000804e0b8                _edata = .
                0x000000000804e0b8                PROVIDE (edata, .)
                0x000000000804e0b8                __bss_start = .

.bss            0x000000000804e0b8       0x14
 *(.dynbss)
 .dynbss        0x000000000804e0b8        0x8 /usr/lib/gcc/i586-suse-linux/4.3/../../../crt1.o
                0x000000000804e0b8                stderr@@GLIBC_2.0
                0x000000000804e0bc                optarg@@GLIBC_2.0
 *(.bss .bss.* .gnu.linkonce.b.*)
 .bss           0x000000000804e0c0        0x0 /usr/lib/gcc/i586-suse-linux/4.3/../../../crt1.o
 .bss           0x000000000804e0c0        0x0 /usr/lib/gcc/i586-suse-linux/4.3/../../../crti.o
 .bss           0x000000000804e0c0        0x8 /usr/lib/gcc/i586-suse-linux/4.3/crtbegin.o
 .bss           0x000000000804e0c8        0x0 /home/liyupeng/zengyao/6.13/DT-W724V-20140311/output/package/host-ttreemodify/t_treemodify.o
 .bss           0x000000000804e0c8        0x0 /home/liyupeng/zengyao/6.13/DT-W724V-20140311/output/host/usr/lib/libxmlcore.a(xml_dom.o)
 .bss           0x000000000804e0c8        0x0 /home/liyupeng/zengyao/6.13/DT-W724V-20140311/output/host/usr/lib/libxmlcore.a(xml_parse.o)
 .bss           0x000000000804e0c8        0x4 /home/liyupeng/zengyao/6.13/DT-W724V-20140311/output/host/usr/lib/libxmlcore.a(xml_transform.o)
                0x000000000804e0c8                g_bNotEscapeXml
 .bss           0x000000000804e0cc        0x0 /home/liyupeng/zengyao/6.13/DT-W724V-20140311/output/host/usr/lib/libxmlcore.a(xml_membuf.o)
 .bss           0x000000000804e0cc        0x0 /usr/lib/libc_nonshared.a(elf-init.oS)
 .bss           0x000000000804e0cc        0x0 /usr/lib/gcc/i586-suse-linux/4.3/crtend.o
 .bss           0x000000000804e0cc        0x0 /usr/lib/gcc/i586-suse-linux/4.3/../../../crtn.o
 *(COMMON)
                0x000000000804e0cc                . = ALIGN ((. != 0x0)?0x4:0x1)
                0x000000000804e0cc                . = ALIGN (0x4)
                0x000000000804e0cc                . = ALIGN (0x4)
                0x000000000804e0cc                _end = .
                0x000000000804e0cc                PROVIDE (end, .)
                0x000000000804e0cc                . = DATA_SEGMENT_END (.)

.stab
 *(.stab)

.stabstr
 *(.stabstr)

.stab.excl
 *(.stab.excl)

.stab.exclstr
 *(.stab.exclstr)

.stab.index
 *(.stab.index)

.stab.indexstr
 *(.stab.indexstr)

.comment.SUSE.OPTs
                0x0000000000000000        0x6
 .comment.SUSE.OPTs
                0x0000000000000000        0x6 /home/liyupeng/zengyao/6.13/DT-W724V-20140311/output/package/host-ttreemodify/t_treemodify.o
 .comment.SUSE.OPTs
                0x0000000000000000        0x6 /home/liyupeng/zengyao/6.13/DT-W724V-20140311/output/host/usr/lib/libxmlcore.a(xml_dom.o)
 .comment.SUSE.OPTs
                0x0000000000000000        0x6 /home/liyupeng/zengyao/6.13/DT-W724V-20140311/output/host/usr/lib/libxmlcore.a(xml_parse.o)
 .comment.SUSE.OPTs
                0x0000000000000000        0x6 /home/liyupeng/zengyao/6.13/DT-W724V-20140311/output/host/usr/lib/libxmlcore.a(xml_transform.o)
 .comment.SUSE.OPTs
                0x0000000000000000        0x6 /home/liyupeng/zengyao/6.13/DT-W724V-20140311/output/host/usr/lib/libxmlcore.a(xml_membuf.o)

.comment        0x0000000000000000       0x39
 *(.comment)
 .comment       0x0000000000000000       0x39 /usr/lib/gcc/i586-suse-linux/4.3/../../../crt1.o
                                         0x3a (size before relaxing)
 .comment       0x0000000000000000       0x3a /usr/lib/gcc/i586-suse-linux/4.3/../../../crti.o
 .comment       0x0000000000000000       0x3a /usr/lib/gcc/i586-suse-linux/4.3/crtbegin.o
 .comment       0x0000000000000000       0x3a /home/liyupeng/zengyao/6.13/DT-W724V-20140311/output/package/host-ttreemodify/t_treemodify.o
 .comment       0x0000000000000000       0x3a /home/liyupeng/zengyao/6.13/DT-W724V-20140311/output/host/usr/lib/libxmlcore.a(xml_dom.o)
 .comment       0x0000000000000000       0x3a /home/liyupeng/zengyao/6.13/DT-W724V-20140311/output/host/usr/lib/libxmlcore.a(xml_parse.o)
 .comment       0x0000000000000000       0x3a /home/liyupeng/zengyao/6.13/DT-W724V-20140311/output/host/usr/lib/libxmlcore.a(xml_transform.o)
 .comment       0x0000000000000000       0x3a /home/liyupeng/zengyao/6.13/DT-W724V-20140311/output/host/usr/lib/libxmlcore.a(xml_membuf.o)
 .comment       0x0000000000000000       0x3a /usr/lib/gcc/i586-suse-linux/4.3/crtend.o
 .comment       0x0000000000000000       0x3a /usr/lib/gcc/i586-suse-linux/4.3/../../../crtn.o

.debug
 *(.debug)

.line
 *(.line)

.debug_srcinfo
 *(.debug_srcinfo)

.debug_sfnames
 *(.debug_sfnames)

.debug_aranges
 *(.debug_aranges)

.debug_pubnames
 *(.debug_pubnames)

.debug_info
 *(.debug_info .gnu.linkonce.wi.*)

.debug_abbrev
 *(.debug_abbrev)

.debug_line
 *(.debug_line)

.debug_frame
 *(.debug_frame)

.debug_str
 *(.debug_str)

.debug_loc
 *(.debug_loc)

.debug_macinfo
 *(.debug_macinfo)

.debug_weaknames
 *(.debug_weaknames)

.debug_funcnames
 *(.debug_funcnames)

.debug_typenames
 *(.debug_typenames)

.debug_varnames
 *(.debug_varnames)

.debug_pubtypes
 *(.debug_pubtypes)

.debug_ranges
 *(.debug_ranges)

.gnu.attributes
 *(.gnu.attributes)

/DISCARD/
 *(.note.GNU-stack)
 *(.gnu_debuglink)
 *(.gnu.lto_*)
OUTPUT(/home/liyupeng/zengyao/6.13/DT-W724V-20140311/output/package/host-ttreemodify/ttreemodify elf32-i386)
