Archive member included because of file (symbol)

/home/z00250609/hybrid/5115_GPL/Hybrid_security_baseline/output/host/usr/lib/libsecapi.a(secapi.o)
                              /home/z00250609/hybrid/5115_GPL/Hybrid_security_baseline/output/package/host-sign/rsamain.o (ATP_SEC_DeleteContext)
/home/z00250609/hybrid/5115_GPL/Hybrid_security_baseline/output/host/usr/lib/libsecapi.a(seckmapi.o)
                              /home/z00250609/hybrid/5115_GPL/Hybrid_security_baseline/output/package/host-sign/rsamain.o (ATP_SEC_KM_GetKey)
/home/z00250609/hybrid/5115_GPL/Hybrid_security_baseline/output/host/usr/lib/libkey.a(key1.o)
                              /home/z00250609/hybrid/5115_GPL/Hybrid_security_baseline/output/host/usr/lib/libsecapi.a(seckmapi.o) (ATP_GetInfo1)
/home/z00250609/hybrid/5115_GPL/Hybrid_security_baseline/output/host/usr/lib/libkey.a(key2.o)
                              /home/z00250609/hybrid/5115_GPL/Hybrid_security_baseline/output/host/usr/lib/libsecapi.a(seckmapi.o) (ATP_GetInfo2)
/home/z00250609/hybrid/5115_GPL/Hybrid_security_baseline/output/host/usr/lib/libkey.a(key3.o)
                              /home/z00250609/hybrid/5115_GPL/Hybrid_security_baseline/output/host/usr/lib/libsecapi.a(seckmapi.o) (ATP_GetInfo3)
/home/z00250609/hybrid/5115_GPL/Hybrid_security_baseline/output/host/usr/lib/libkey.a(key4.o)
                              /home/z00250609/hybrid/5115_GPL/Hybrid_security_baseline/output/host/usr/lib/libsecapi.a(seckmapi.o) (ATP_GetInfo4)
/usr/lib/libc_nonshared.a(elf-init.oS)
                              /usr/lib/gcc/i586-suse-linux/4.3/../../../crt1.o (__libc_csu_fini)

Discarded input sections

 .note.GNU-stack
                0x0000000000000000        0x0 /usr/lib/gcc/i586-suse-linux/4.3/../../../crt1.o
 .debug_aranges
                0x0000000000000000       0x20 /usr/lib/gcc/i586-suse-linux/4.3/../../../crt1.o
 .debug_pubnames
                0x0000000000000000       0x25 /usr/lib/gcc/i586-suse-linux/4.3/../../../crt1.o
 .debug_info    0x0000000000000000       0xfa /usr/lib/gcc/i586-suse-linux/4.3/../../../crt1.o
 .debug_abbrev  0x0000000000000000       0x5f /usr/lib/gcc/i586-suse-linux/4.3/../../../crt1.o
 .debug_line    0x0000000000000000       0x82 /usr/lib/gcc/i586-suse-linux/4.3/../../../crt1.o
 .debug_str     0x0000000000000000       0xf5 /usr/lib/gcc/i586-suse-linux/4.3/../../../crt1.o
 .note.GNU-stack
                0x0000000000000000        0x0 /usr/lib/gcc/i586-suse-linux/4.3/../../../crti.o
 .note.GNU-stack
                0x0000000000000000        0x0 /usr/lib/gcc/i586-suse-linux/4.3/crtbegin.o
 .note.GNU-stack
                0x0000000000000000        0x0 /home/z00250609/hybrid/5115_GPL/Hybrid_security_baseline/output/package/host-sign/rsamain.o
 .group         0x0000000000000000        0x8 /home/z00250609/hybrid/5115_GPL/Hybrid_security_baseline/output/host/usr/lib/libsecapi.a(secapi.o)
 .note.GNU-stack
                0x0000000000000000        0x0 /home/z00250609/hybrid/5115_GPL/Hybrid_security_baseline/output/host/usr/lib/libsecapi.a(secapi.o)
 .group         0x0000000000000000        0x8 /home/z00250609/hybrid/5115_GPL/Hybrid_security_baseline/output/host/usr/lib/libsecapi.a(seckmapi.o)
 .text.__i686.get_pc_thunk.bx
                0x0000000000000000        0x4 /home/z00250609/hybrid/5115_GPL/Hybrid_security_baseline/output/host/usr/lib/libsecapi.a(seckmapi.o)
 .note.GNU-stack
                0x0000000000000000        0x0 /home/z00250609/hybrid/5115_GPL/Hybrid_security_baseline/output/host/usr/lib/libsecapi.a(seckmapi.o)
 .group         0x0000000000000000        0x8 /home/z00250609/hybrid/5115_GPL/Hybrid_security_baseline/output/host/usr/lib/libkey.a(key1.o)
 .note.GNU-stack
                0x0000000000000000        0x0 /home/z00250609/hybrid/5115_GPL/Hybrid_security_baseline/output/host/usr/lib/libkey.a(key1.o)
 .group         0x0000000000000000        0x8 /home/z00250609/hybrid/5115_GPL/Hybrid_security_baseline/output/host/usr/lib/libkey.a(key2.o)
 .text.__i686.get_pc_thunk.cx
                0x0000000000000000        0x4 /home/z00250609/hybrid/5115_GPL/Hybrid_security_baseline/output/host/usr/lib/libkey.a(key2.o)
 .note.GNU-stack
                0x0000000000000000        0x0 /home/z00250609/hybrid/5115_GPL/Hybrid_security_baseline/output/host/usr/lib/libkey.a(key2.o)
 .group         0x0000000000000000        0x8 /home/z00250609/hybrid/5115_GPL/Hybrid_security_baseline/output/host/usr/lib/libkey.a(key3.o)
 .text.__i686.get_pc_thunk.cx
                0x0000000000000000        0x4 /home/z00250609/hybrid/5115_GPL/Hybrid_security_baseline/output/host/usr/lib/libkey.a(key3.o)
 .note.GNU-stack
                0x0000000000000000        0x0 /home/z00250609/hybrid/5115_GPL/Hybrid_security_baseline/output/host/usr/lib/libkey.a(key3.o)
 .group         0x0000000000000000        0x8 /home/z00250609/hybrid/5115_GPL/Hybrid_security_baseline/output/host/usr/lib/libkey.a(key4.o)
 .text.__i686.get_pc_thunk.cx
                0x0000000000000000        0x4 /home/z00250609/hybrid/5115_GPL/Hybrid_security_baseline/output/host/usr/lib/libkey.a(key4.o)
 .note.GNU-stack
                0x0000000000000000        0x0 /home/z00250609/hybrid/5115_GPL/Hybrid_security_baseline/output/host/usr/lib/libkey.a(key4.o)
 .group         0x0000000000000000        0x8 /usr/lib/libc_nonshared.a(elf-init.oS)
 .debug_abbrev  0x0000000000000000       0xd6 /usr/lib/libc_nonshared.a(elf-init.oS)
 .debug_info    0x0000000000000000      0x11a /usr/lib/libc_nonshared.a(elf-init.oS)
 .debug_line    0x0000000000000000       0x7e /usr/lib/libc_nonshared.a(elf-init.oS)
 .debug_frame   0x0000000000000000       0x4c /usr/lib/libc_nonshared.a(elf-init.oS)
 .debug_loc     0x0000000000000000       0x6b /usr/lib/libc_nonshared.a(elf-init.oS)
 .debug_pubnames
                0x0000000000000000       0x3a /usr/lib/libc_nonshared.a(elf-init.oS)
 .debug_aranges
                0x0000000000000000       0x20 /usr/lib/libc_nonshared.a(elf-init.oS)
 .debug_str     0x0000000000000000       0xdb /usr/lib/libc_nonshared.a(elf-init.oS)
 .text.__i686.get_pc_thunk.bx
                0x0000000000000000        0x4 /usr/lib/libc_nonshared.a(elf-init.oS)
 .note.GNU-stack
                0x0000000000000000        0x0 /usr/lib/libc_nonshared.a(elf-init.oS)
 .note.GNU-stack
                0x0000000000000000        0x0 /usr/lib/gcc/i586-suse-linux/4.3/crtend.o
 .note.GNU-stack
                0x0000000000000000        0x0 /usr/lib/gcc/i586-suse-linux/4.3/../../../crtn.o

Memory Configuration

Name             Origin             Length             Attributes
*default*        0x0000000000000000 0xffffffffffffffff

Linker script and memory map

LOAD /usr/lib/gcc/i586-suse-linux/4.3/../../../crt1.o
LOAD /usr/lib/gcc/i586-suse-linux/4.3/../../../crti.o
LOAD /usr/lib/gcc/i586-suse-linux/4.3/crtbegin.o
LOAD /home/z00250609/hybrid/5115_GPL/Hybrid_security_baseline/output/package/host-sign/rsamain.o
LOAD /home/z00250609/hybrid/5115_GPL/Hybrid_security_baseline/output/host/usr/lib/libcrypto.so
LOAD /home/z00250609/hybrid/5115_GPL/Hybrid_security_baseline/output/host/usr/lib/libsecapi.a
LOAD /home/z00250609/hybrid/5115_GPL/Hybrid_security_baseline/output/host/usr/lib/libkey.a
LOAD /usr/lib/gcc/i586-suse-linux/4.3/libgcc.a
LOAD /usr/lib/gcc/i586-suse-linux/4.3/libgcc_s.so
LOAD /usr/lib/gcc/i586-suse-linux/4.3/../../../libc.so
START GROUP
LOAD /lib/libc.so.6
LOAD /usr/lib/libc_nonshared.a
LOAD /lib/ld-linux.so.2
END GROUP
LOAD /usr/lib/gcc/i586-suse-linux/4.3/libgcc.a
LOAD /usr/lib/gcc/i586-suse-linux/4.3/libgcc_s.so
LOAD /usr/lib/gcc/i586-suse-linux/4.3/crtend.o
LOAD /usr/lib/gcc/i586-suse-linux/4.3/../../../crtn.o
                0x0000000008048000                PROVIDE (__executable_start, 0x8048000)
                0x0000000008048154                . = (0x8048000 + SIZEOF_HEADERS)

.interp         0x0000000008048154       0x13
 *(.interp)
 .interp        0x0000000008048154       0x13 /usr/lib/gcc/i586-suse-linux/4.3/../../../crt1.o

.note.ABI-tag   0x0000000008048168       0x20
 .note.ABI-tag  0x0000000008048168       0x20 /usr/lib/gcc/i586-suse-linux/4.3/../../../crt1.o

.note.SuSE      0x0000000008048188       0x18
 .note.SuSE     0x0000000008048188       0x18 /usr/lib/gcc/i586-suse-linux/4.3/../../../crt1.o

.note.gnu.build-id
                0x00000000080481a0       0x24
 *(.note.gnu.build-id)
 .note.gnu.build-id
                0x00000000080481a0       0x24 /usr/lib/gcc/i586-suse-linux/4.3/../../../crt1.o

.hash           0x00000000080481c4      0x160
 *(.hash)
 .hash          0x00000000080481c4      0x160 /usr/lib/gcc/i586-suse-linux/4.3/../../../crt1.o

.gnu.hash       0x0000000008048324       0x48
 *(.gnu.hash)
 .gnu.hash      0x0000000008048324       0x48 /usr/lib/gcc/i586-suse-linux/4.3/../../../crt1.o

.dynsym         0x000000000804836c      0x310
 *(.dynsym)
 .dynsym        0x000000000804836c      0x310 /usr/lib/gcc/i586-suse-linux/4.3/../../../crt1.o

.dynstr         0x000000000804867c      0x26f
 *(.dynstr)
 .dynstr        0x000000000804867c      0x26f /usr/lib/gcc/i586-suse-linux/4.3/../../../crt1.o

.gnu.version    0x00000000080488ec       0x62
 *(.gnu.version)
 .gnu.version   0x00000000080488ec       0x62 /usr/lib/gcc/i586-suse-linux/4.3/../../../crt1.o

.gnu.version_d  0x0000000008048950        0x0 load address 0x000000000804894e
 *(.gnu.version_d)
 .gnu.version_d
                0x0000000000000000        0x0 /usr/lib/gcc/i586-suse-linux/4.3/../../../crt1.o

.gnu.version_r  0x0000000008048950       0x40
 *(.gnu.version_r)
 .gnu.version_r
                0x0000000008048950       0x40 /usr/lib/gcc/i586-suse-linux/4.3/../../../crt1.o

.rel.dyn        0x0000000008048990       0x98
 *(.rel.init)
 *(.rel.text .rel.text.* .rel.gnu.linkonce.t.*)
 .rel.text      0x0000000000000000        0x0 /usr/lib/gcc/i586-suse-linux/4.3/../../../crt1.o
 *(.rel.fini)
 *(.rel.rodata .rel.rodata.* .rel.gnu.linkonce.r.*)
 *(.rel.data.rel.ro* .rel.gnu.linkonce.d.rel.ro.*)
 *(.rel.data .rel.data.* .rel.gnu.linkonce.d.*)
 *(.rel.tdata .rel.tdata.* .rel.gnu.linkonce.td.*)
 *(.rel.tbss .rel.tbss.* .rel.gnu.linkonce.tb.*)
 *(.rel.ctors)
 *(.rel.dtors)
 *(.rel.got)
 .rel.got       0x0000000008048990       0x88 /usr/lib/gcc/i586-suse-linux/4.3/../../../crt1.o
 *(.rel.bss .rel.bss.* .rel.gnu.linkonce.b.*)
 .rel.bss       0x0000000008048a18       0x10 /usr/lib/gcc/i586-suse-linux/4.3/../../../crt1.o
 *(.rel.ifunc)

.rel.plt        0x0000000008048a28       0xc0
 *(.rel.plt)
 .rel.plt       0x0000000008048a28       0xc0 /usr/lib/gcc/i586-suse-linux/4.3/../../../crt1.o
                0x0000000008048ae8                PROVIDE (__rel_iplt_start, .)
 *(.rel.iplt)
 .rel.iplt      0x0000000000000000        0x0 /usr/lib/gcc/i586-suse-linux/4.3/../../../crt1.o
                0x0000000008048ae8                PROVIDE (__rel_iplt_end, .)

.init           0x0000000008048ae8       0x30
 *(.init)
 .init          0x0000000008048ae8       0x22 /usr/lib/gcc/i586-suse-linux/4.3/../../../crti.o
                0x0000000008048ae8                _init
 .init          0x0000000008048b0a        0x5 /usr/lib/gcc/i586-suse-linux/4.3/crtbegin.o
 .init          0x0000000008048b0f        0x5 /usr/lib/gcc/i586-suse-linux/4.3/crtend.o
 .init          0x0000000008048b14        0x4 /usr/lib/gcc/i586-suse-linux/4.3/../../../crtn.o

.plt            0x0000000008048b18      0x190
 *(.plt)
 .plt           0x0000000008048b18      0x190 /usr/lib/gcc/i586-suse-linux/4.3/../../../crt1.o
                0x0000000008048b28                fputs@@GLIBC_2.0
                0x0000000008048b48                __isoc99_sscanf@@GLIBC_2.7
                0x0000000008048b58                strchr@@GLIBC_2.0
                0x0000000008048b68                __libc_start_main@@GLIBC_2.0
                0x0000000008048b78                free@@GLIBC_2.0
                0x0000000008048b88                getopt_long@@GLIBC_2.0
                0x0000000008048b98                rsa_free
                0x0000000008048ba8                fseek@@GLIBC_2.0
                0x0000000008048bb8                fclose@@GLIBC_2.1
                0x0000000008048bc8                strtoul@@GLIBC_2.0
                0x0000000008048bd8                fopen@@GLIBC_2.1
                0x0000000008048be8                ftell@@GLIBC_2.0
                0x0000000008048bf8                printf@@GLIBC_2.0
                0x0000000008048c08                fwrite@@GLIBC_2.0
                0x0000000008048c18                strstr@@GLIBC_2.0
                0x0000000008048c28                mpi_read_binary
                0x0000000008048c38                malloc@@GLIBC_2.0
                0x0000000008048c48                mpi_msb
                0x0000000008048c58                rsa_init
                0x0000000008048c68                puts@@GLIBC_2.0
                0x0000000008048c78                strncmp@@GLIBC_2.0
                0x0000000008048c88                fread@@GLIBC_2.0
                0x0000000008048c98                snprintf@@GLIBC_2.0
 *(.iplt)
 .iplt          0x0000000000000000        0x0 /usr/lib/gcc/i586-suse-linux/4.3/../../../crt1.o

.text           0x0000000008048cb0     0x200c
 *(.text.unlikely .text.*_unlikely)
 *(.text .stub .text.* .gnu.linkonce.t.*)
 .text          0x0000000008048cb0       0x24 /usr/lib/gcc/i586-suse-linux/4.3/../../../crt1.o
                0x0000000008048cb0                _start
 .text          0x0000000008048cd4        0x0 /usr/lib/gcc/i586-suse-linux/4.3/../../../crti.o
 *fill*         0x0000000008048cd4        0xc 90909090
 .text          0x0000000008048ce0       0x83 /usr/lib/gcc/i586-suse-linux/4.3/crtbegin.o
 *fill*         0x0000000008048d63        0x1 90909090
 .text          0x0000000008048d64      0x3a1 /home/z00250609/hybrid/5115_GPL/Hybrid_security_baseline/output/package/host-sign/rsamain.o
                0x0000000008048d64                ATP_SEC_ReadFileToDataAlign
                0x0000000008048e3f                main
 *fill*         0x0000000008049105        0x3 90909090
 .text          0x0000000008049108      0xec5 /home/z00250609/hybrid/5115_GPL/Hybrid_security_baseline/output/host/usr/lib/libsecapi.a(secapi.o)
                0x0000000008049108                ATP_SEC_CreateAsymmetricContext
                0x0000000008049134                ATP_SEC_DeleteContext
                0x0000000008049162                ATP_SEC_CreateDigestContext
                0x000000000804929e                ATP_SEC_DeleteData
                0x00000000080492d9                ATP_SEC_CreateData
                0x0000000008049341                ATP_SEC_DigestDataEx
                0x00000000080493c1                ATP_SEC_VerifyData
                0x0000000008049479                ATP_SEC_SignData
                0x000000000804955d                ATP_SEC_DigestData
                0x00000000080495fc                ATP_SEC_CreateSymmetricContext
                0x000000000804977c                ATP_SEC_CreateSignatureContext
                0x0000000008049b4c                ATP_SEC_DecryptData
                0x0000000008049bce                ATP_SEC_DecryptDataEx
                0x0000000008049c4f                ATP_SEC_EncryptData
                0x0000000008049dae                ATP_SEC_EncryptDataEx
                0x0000000008049e04                ATP_SEC_DigestString
                0x0000000008049ee7                ATP_SEC_ReadFileToData
 .text.__i686.get_pc_thunk.bx
                0x0000000008049fcd        0x4 /home/z00250609/hybrid/5115_GPL/Hybrid_security_baseline/output/host/usr/lib/libsecapi.a(secapi.o)
                0x0000000008049fcd                __i686.get_pc_thunk.bx
 *fill*         0x0000000008049fd1        0x3 90909090
 .text          0x0000000008049fd4      0xbb3 /home/z00250609/hybrid/5115_GPL/Hybrid_security_baseline/output/host/usr/lib/libsecapi.a(seckmapi.o)
                0x0000000008049fd4                ATP_UTIL_ListAppend
                0x0000000008049fe9                ATP_UTIL_ListFindItem
                0x000000000804a01d                ATP_SEC_KM_LoadDeviceRuntimeKeys
                0x000000000804a020                ATP_SEC_SSL_GetCert
                0x000000000804a06d                ATP_SEC_KM_GetKey
                0x000000000804a0ae                ATP_SEC_KM_InsertKeyList
                0x000000000804a0ec                ATP_SEC_KM_GetKeyAttribute
                0x000000000804a109                ATP_SEC_KM_DeleteLoadKeyDriver
                0x000000000804a130                ATP_SEC_KM_DeleteKeyData
                0x000000000804a16b                ATP_SEC_KM_DeleteKey
                0x000000000804a1bc                ATP_SEC_KM_RemoveKey
                0x000000000804a216                ATP_SEC_KM_RemoveAllKey
                0x000000000804a24c                ATP_SEC_KM_Destroy
                0x000000000804a2d1                ATP_SEC_KM_AddKey
                0x000000000804a312                ATP_SEC_KM_AppendKeyAttribute
                0x000000000804a381                ATP_SEC_KM_CreateKeyData
                0x000000000804a3e4                ATP_SEC_KM_CreateKey
                0x000000000804a42c                ATP_SEC_KM_LoadKey
                0x000000000804a6e9                ATP_SEC_KM_CreateLoadKeyDriver
                0x000000000804a810                ATP_SEC_KM_Init
 *fill*         0x000000000804ab87        0x1 90909090
 .text          0x000000000804ab88       0x24 /home/z00250609/hybrid/5115_GPL/Hybrid_security_baseline/output/host/usr/lib/libkey.a(key1.o)
                0x000000000804ab88                ATP_GetInfo1
 .text.__i686.get_pc_thunk.cx
                0x000000000804abac        0x4 /home/z00250609/hybrid/5115_GPL/Hybrid_security_baseline/output/host/usr/lib/libkey.a(key1.o)
                0x000000000804abac                __i686.get_pc_thunk.cx
 .text          0x000000000804abb0       0x24 /home/z00250609/hybrid/5115_GPL/Hybrid_security_baseline/output/host/usr/lib/libkey.a(key2.o)
                0x000000000804abb0                ATP_GetInfo2
 .text          0x000000000804abd4       0x24 /home/z00250609/hybrid/5115_GPL/Hybrid_security_baseline/output/host/usr/lib/libkey.a(key3.o)
                0x000000000804abd4                ATP_GetInfo3
 .text          0x000000000804abf8       0x24 /home/z00250609/hybrid/5115_GPL/Hybrid_security_baseline/output/host/usr/lib/libkey.a(key4.o)
                0x000000000804abf8                ATP_GetInfo4
 *fill*         0x000000000804ac1c        0x4 90909090
 .text          0x000000000804ac20       0x6a /usr/lib/libc_nonshared.a(elf-init.oS)
                0x000000000804ac20                __libc_csu_fini
                0x000000000804ac30                __libc_csu_init
 *fill*         0x000000000804ac8a        0x6 90909090
 .text          0x000000000804ac90       0x2a /usr/lib/gcc/i586-suse-linux/4.3/crtend.o
 *fill*         0x000000000804acba        0x2 90909090
 .text          0x000000000804acbc        0x0 /usr/lib/gcc/i586-suse-linux/4.3/../../../crtn.o
 *(.gnu.warning)

.fini           0x000000000804acbc       0x1c
 *(.fini)
 .fini          0x000000000804acbc       0x13 /usr/lib/gcc/i586-suse-linux/4.3/../../../crti.o
                0x000000000804acbc                _fini
 .fini          0x000000000804accf        0x5 /usr/lib/gcc/i586-suse-linux/4.3/crtbegin.o
 .fini          0x000000000804acd4        0x4 /usr/lib/gcc/i586-suse-linux/4.3/../../../crtn.o
                0x000000000804acd8                PROVIDE (__etext, .)
                0x000000000804acd8                PROVIDE (_etext, .)
                0x000000000804acd8                PROVIDE (etext, .)

.rodata         0x000000000804acd8      0x277
 *(.rodata .rodata.* .gnu.linkonce.r.*)
 .rodata        0x000000000804acd8        0x4 /usr/lib/gcc/i586-suse-linux/4.3/../../../crt1.o
                0x000000000804acd8                _fp_hw
 .rodata.cst4   0x000000000804acdc        0x4 /usr/lib/gcc/i586-suse-linux/4.3/../../../crt1.o
                0x000000000804acdc                _IO_stdin_used
 .rodata.str1.1
                0x000000000804ace0      0x1ce /home/z00250609/hybrid/5115_GPL/Hybrid_security_baseline/output/package/host-sign/rsamain.o
 .rodata.str1.1
                0x000000000804aeae        0x5 /home/z00250609/hybrid/5115_GPL/Hybrid_security_baseline/output/host/usr/lib/libsecapi.a(secapi.o)
                                          0x8 (size before relaxing)
 .rodata.str1.1
                0x000000000804aeb3       0x9c /home/z00250609/hybrid/5115_GPL/Hybrid_security_baseline/output/host/usr/lib/libsecapi.a(seckmapi.o)
                                         0x9f (size before relaxing)

.rodata1
 *(.rodata1)

.eh_frame_hdr   0x000000000804af50       0x1c
 *(.eh_frame_hdr)
 .eh_frame_hdr  0x000000000804af50       0x1c /usr/lib/libc_nonshared.a(elf-init.oS)

.eh_frame       0x000000000804af6c       0x58
 *(.eh_frame)
 .eh_frame      0x000000000804af6c       0x54 /usr/lib/libc_nonshared.a(elf-init.oS)
 .eh_frame      0x000000000804afc0        0x4 /usr/lib/gcc/i586-suse-linux/4.3/crtend.o

.gcc_except_table
 *(.gcc_except_table .gcc_except_table.*)
                0x000000000804afc4                . = (ALIGN (0x1000) - ((0x1000 - .) & 0xfff))
                0x000000000804beb4                . = (0x1000 DATA_SEGMENT_ALIGN 0x1000)

.eh_frame
 *(.eh_frame)

.gcc_except_table
 *(.gcc_except_table .gcc_except_table.*)

.tdata
 *(.tdata .tdata.* .gnu.linkonce.td.*)

.tbss
 *(.tbss .tbss.* .gnu.linkonce.tb.*)
 *(.tcommon)

.preinit_array  0x000000000804beb4        0x0
                0x000000000804beb4                PROVIDE (__preinit_array_start, .)
 *(.preinit_array)
                0x000000000804beb4                PROVIDE (__preinit_array_end, .)

.init_array     0x000000000804beb4        0x0
                0x000000000804beb4                PROVIDE (__init_array_start, .)
 *(SORT(.init_array.*))
 *(.init_array)
                0x000000000804beb4                PROVIDE (__init_array_end, .)

.fini_array     0x000000000804beb4        0x0
                0x000000000804beb4                PROVIDE (__fini_array_start, .)
 *(.fini_array)
 *(SORT(.fini_array.*))
                0x000000000804beb4                PROVIDE (__fini_array_end, .)

.ctors          0x000000000804beb4        0x8
 *crtbegin.o(.ctors)
 .ctors         0x000000000804beb4        0x4 /usr/lib/gcc/i586-suse-linux/4.3/crtbegin.o
 *crtbegin?.o(.ctors)
 *(EXCLUDE_FILE(*crtend?.o *crtend.o) .ctors)
 *(SORT(.ctors.*))
 *(.ctors)
 .ctors         0x000000000804beb8        0x4 /usr/lib/gcc/i586-suse-linux/4.3/crtend.o

.dtors          0x000000000804bebc        0x8
 *crtbegin.o(.dtors)
 .dtors         0x000000000804bebc        0x4 /usr/lib/gcc/i586-suse-linux/4.3/crtbegin.o
 *crtbegin?.o(.dtors)
 *(EXCLUDE_FILE(*crtend?.o *crtend.o) .dtors)
 *(SORT(.dtors.*))
 *(.dtors)
 .dtors         0x000000000804bec0        0x4 /usr/lib/gcc/i586-suse-linux/4.3/crtend.o
                0x000000000804bec0                __DTOR_END__

.jcr            0x000000000804bec4        0x4
 *(.jcr)
 .jcr           0x000000000804bec4        0x0 /usr/lib/gcc/i586-suse-linux/4.3/crtbegin.o
 .jcr           0x000000000804bec4        0x4 /usr/lib/gcc/i586-suse-linux/4.3/crtend.o

.data.rel.ro
 *(.data.rel.ro.local* .gnu.linkonce.d.rel.ro.local.*)
 *(.data.rel.ro* .gnu.linkonce.d.rel.ro.*)

.dynamic        0x000000000804bec8       0xe8
 *(.dynamic)
 .dynamic       0x000000000804bec8       0xe8 /usr/lib/gcc/i586-suse-linux/4.3/../../../crt1.o
                0x000000000804bec8                _DYNAMIC

.got            0x000000000804bfb0       0x44
 *(.got)
 .got           0x000000000804bfb0       0x44 /usr/lib/gcc/i586-suse-linux/4.3/../../../crt1.o
 *(.igot)
                0x000000000804bff4                . = (. DATA_SEGMENT_RELRO_END 0xc)

.got.plt        0x000000000804bff4       0x6c
 *(.got.plt)
 .got.plt       0x000000000804bff4       0x6c /usr/lib/gcc/i586-suse-linux/4.3/../../../crt1.o
                0x000000000804bff4                _GLOBAL_OFFSET_TABLE_
 *(.igot.plt)
 .igot.plt      0x0000000000000000        0x0 /usr/lib/gcc/i586-suse-linux/4.3/../../../crt1.o

.data           0x000000000804c060      0x908
 *(.data .data.* .gnu.linkonce.d.*)
 .data          0x000000000804c060        0x4 /usr/lib/gcc/i586-suse-linux/4.3/../../../crt1.o
                0x000000000804c060                data_start
                0x000000000804c060                __data_start
 .data          0x000000000804c064        0x0 /usr/lib/gcc/i586-suse-linux/4.3/../../../crti.o
 .data          0x000000000804c064        0x4 /usr/lib/gcc/i586-suse-linux/4.3/crtbegin.o
                0x000000000804c064                __dso_handle
 .data          0x000000000804c068       0x70 /home/z00250609/hybrid/5115_GPL/Hybrid_security_baseline/output/package/host-sign/rsamain.o
 .data          0x000000000804c0d8        0x0 /home/z00250609/hybrid/5115_GPL/Hybrid_security_baseline/output/host/usr/lib/libsecapi.a(secapi.o)
 .data          0x000000000804c0d8        0x0 /home/z00250609/hybrid/5115_GPL/Hybrid_security_baseline/output/host/usr/lib/libsecapi.a(seckmapi.o)
 .data          0x000000000804c0d8      0x224 /home/z00250609/hybrid/5115_GPL/Hybrid_security_baseline/output/host/usr/lib/libkey.a(key1.o)
 .data          0x000000000804c2fc      0x224 /home/z00250609/hybrid/5115_GPL/Hybrid_security_baseline/output/host/usr/lib/libkey.a(key2.o)
 .data          0x000000000804c520      0x224 /home/z00250609/hybrid/5115_GPL/Hybrid_security_baseline/output/host/usr/lib/libkey.a(key3.o)
 .data          0x000000000804c744      0x224 /home/z00250609/hybrid/5115_GPL/Hybrid_security_baseline/output/host/usr/lib/libkey.a(key4.o)
 .data          0x000000000804c968        0x0 /usr/lib/libc_nonshared.a(elf-init.oS)
 .data          0x000000000804c968        0x0 /usr/lib/gcc/i586-suse-linux/4.3/crtend.o
 .data          0x000000000804c968        0x0 /usr/lib/gcc/i586-suse-linux/4.3/../../../crtn.o

.data1
 *(.data1)
                0x000000000804c968                _edata = .
                0x000000000804c968                PROVIDE (edata, .)
                0x000000000804c968                __bss_start = .

.bss            0x000000000804c968       0x1c
 *(.dynbss)
 .dynbss        0x000000000804c968        0x8 /usr/lib/gcc/i586-suse-linux/4.3/../../../crt1.o
                0x000000000804c968                stderr@@GLIBC_2.0
                0x000000000804c96c                optarg@@GLIBC_2.0
 *(.bss .bss.* .gnu.linkonce.b.*)
 .bss           0x000000000804c970        0x0 /usr/lib/gcc/i586-suse-linux/4.3/../../../crt1.o
 .bss           0x000000000804c970        0x0 /usr/lib/gcc/i586-suse-linux/4.3/../../../crti.o
 .bss           0x000000000804c970        0x8 /usr/lib/gcc/i586-suse-linux/4.3/crtbegin.o
 .bss           0x000000000804c978        0x0 /home/z00250609/hybrid/5115_GPL/Hybrid_security_baseline/output/package/host-sign/rsamain.o
 .bss           0x000000000804c978        0x0 /home/z00250609/hybrid/5115_GPL/Hybrid_security_baseline/output/host/usr/lib/libsecapi.a(secapi.o)
 .bss           0x000000000804c978        0xc /home/z00250609/hybrid/5115_GPL/Hybrid_security_baseline/output/host/usr/lib/libsecapi.a(seckmapi.o)
                0x000000000804c978                g_pfSecLoadStaticKeysProc
 .bss           0x000000000804c984        0x0 /home/z00250609/hybrid/5115_GPL/Hybrid_security_baseline/output/host/usr/lib/libkey.a(key1.o)
 .bss           0x000000000804c984        0x0 /home/z00250609/hybrid/5115_GPL/Hybrid_security_baseline/output/host/usr/lib/libkey.a(key2.o)
 .bss           0x000000000804c984        0x0 /home/z00250609/hybrid/5115_GPL/Hybrid_security_baseline/output/host/usr/lib/libkey.a(key3.o)
 .bss           0x000000000804c984        0x0 /home/z00250609/hybrid/5115_GPL/Hybrid_security_baseline/output/host/usr/lib/libkey.a(key4.o)
 .bss           0x000000000804c984        0x0 /usr/lib/libc_nonshared.a(elf-init.oS)
 .bss           0x000000000804c984        0x0 /usr/lib/gcc/i586-suse-linux/4.3/crtend.o
 .bss           0x000000000804c984        0x0 /usr/lib/gcc/i586-suse-linux/4.3/../../../crtn.o
 *(COMMON)
                0x000000000804c984                . = ALIGN ((. != 0x0)?0x4:0x1)
                0x000000000804c984                . = ALIGN (0x4)
                0x000000000804c984                . = ALIGN (0x4)
                0x000000000804c984                _end = .
                0x000000000804c984                PROVIDE (end, .)
                0x000000000804c984                . = DATA_SEGMENT_END (.)

.stab
 *(.stab)

.stabstr
 *(.stabstr)

.stab.excl
 *(.stab.excl)

.stab.exclstr
 *(.stab.exclstr)

.stab.index
 *(.stab.index)

.stab.indexstr
 *(.stab.indexstr)

.comment.SUSE.OPTs
                0x0000000000000000        0x6
 .comment.SUSE.OPTs
                0x0000000000000000        0x6 /home/z00250609/hybrid/5115_GPL/Hybrid_security_baseline/output/package/host-sign/rsamain.o
 .comment.SUSE.OPTs
                0x0000000000000000        0x6 /home/z00250609/hybrid/5115_GPL/Hybrid_security_baseline/output/host/usr/lib/libsecapi.a(secapi.o)
 .comment.SUSE.OPTs
                0x0000000000000000        0x6 /home/z00250609/hybrid/5115_GPL/Hybrid_security_baseline/output/host/usr/lib/libsecapi.a(seckmapi.o)
 .comment.SUSE.OPTs
                0x0000000000000000        0x6 /home/z00250609/hybrid/5115_GPL/Hybrid_security_baseline/output/host/usr/lib/libkey.a(key1.o)
 .comment.SUSE.OPTs
                0x0000000000000000        0x6 /home/z00250609/hybrid/5115_GPL/Hybrid_security_baseline/output/host/usr/lib/libkey.a(key2.o)
 .comment.SUSE.OPTs
                0x0000000000000000        0x6 /home/z00250609/hybrid/5115_GPL/Hybrid_security_baseline/output/host/usr/lib/libkey.a(key3.o)
 .comment.SUSE.OPTs
                0x0000000000000000        0x6 /home/z00250609/hybrid/5115_GPL/Hybrid_security_baseline/output/host/usr/lib/libkey.a(key4.o)

.comment        0x0000000000000000       0x39
 *(.comment)
 .comment       0x0000000000000000       0x39 /usr/lib/gcc/i586-suse-linux/4.3/../../../crt1.o
                                         0x3a (size before relaxing)
 .comment       0x0000000000000000       0x3a /usr/lib/gcc/i586-suse-linux/4.3/../../../crti.o
 .comment       0x0000000000000000       0x3a /usr/lib/gcc/i586-suse-linux/4.3/crtbegin.o
 .comment       0x0000000000000000       0x3a /home/z00250609/hybrid/5115_GPL/Hybrid_security_baseline/output/package/host-sign/rsamain.o
 .comment       0x0000000000000000       0x3a /home/z00250609/hybrid/5115_GPL/Hybrid_security_baseline/output/host/usr/lib/libsecapi.a(secapi.o)
 .comment       0x0000000000000000       0x3a /home/z00250609/hybrid/5115_GPL/Hybrid_security_baseline/output/host/usr/lib/libsecapi.a(seckmapi.o)
 .comment       0x0000000000000000       0x3a /home/z00250609/hybrid/5115_GPL/Hybrid_security_baseline/output/host/usr/lib/libkey.a(key1.o)
 .comment       0x0000000000000000       0x3a /home/z00250609/hybrid/5115_GPL/Hybrid_security_baseline/output/host/usr/lib/libkey.a(key2.o)
 .comment       0x0000000000000000       0x3a /home/z00250609/hybrid/5115_GPL/Hybrid_security_baseline/output/host/usr/lib/libkey.a(key3.o)
 .comment       0x0000000000000000       0x3a /home/z00250609/hybrid/5115_GPL/Hybrid_security_baseline/output/host/usr/lib/libkey.a(key4.o)
 .comment       0x0000000000000000       0x3a /usr/lib/gcc/i586-suse-linux/4.3/crtend.o
 .comment       0x0000000000000000       0x3a /usr/lib/gcc/i586-suse-linux/4.3/../../../crtn.o

.debug
 *(.debug)

.line
 *(.line)

.debug_srcinfo
 *(.debug_srcinfo)

.debug_sfnames
 *(.debug_sfnames)

.debug_aranges
 *(.debug_aranges)

.debug_pubnames
 *(.debug_pubnames)

.debug_info
 *(.debug_info .gnu.linkonce.wi.*)

.debug_abbrev
 *(.debug_abbrev)

.debug_line
 *(.debug_line)

.debug_frame
 *(.debug_frame)

.debug_str
 *(.debug_str)

.debug_loc
 *(.debug_loc)

.debug_macinfo
 *(.debug_macinfo)

.debug_weaknames
 *(.debug_weaknames)

.debug_funcnames
 *(.debug_funcnames)

.debug_typenames
 *(.debug_typenames)

.debug_varnames
 *(.debug_varnames)

.debug_pubtypes
 *(.debug_pubtypes)

.debug_ranges
 *(.debug_ranges)

.gnu.attributes
 *(.gnu.attributes)

/DISCARD/
 *(.note.GNU-stack)
 *(.gnu_debuglink)
 *(.gnu.lto_*)
OUTPUT(/home/z00250609/hybrid/5115_GPL/Hybrid_security_baseline/output/package/host-sign/rsautil elf32-i386)
