
Discarded input sections

 .reginfo       0x0000000000000000       0x18 /opt/toolchains/crosstools-mips-gcc-4.6-linux-3.4-uclibc-0.9.32-binutils-2.21/usr/lib/gcc/mips-unknown-linux-uclibc/4.6.2/crtbeginS.o
 .reginfo       0x0000000000000000       0x18 /home/zengyao/DT_Hybrid_GPL_1.00.052/DT-W724V-20140311/output/package/atp/libraries/opensrc/gplutil/gplutil.o
 .reginfo       0x0000000000000000       0x18 /home/zengyao/DT_Hybrid_GPL_1.00.052/DT-W724V-20140311/output/package/atp/libraries/opensrc/gplutil/gplmsg.o
 .reginfo       0x0000000000000000       0x18 /home/zengyao/DT_Hybrid_GPL_1.00.052/DT-W724V-20140311/output/package/atp/libraries/opensrc/gplutil/bget.o
 .reginfo       0x0000000000000000       0x18 /home/zengyao/DT_Hybrid_GPL_1.00.052/DT-W724V-20140311/output/package/atp/libraries/opensrc/gplutil/gplshmem.o
 .reginfo       0x0000000000000000       0x18 /home/zengyao/DT_Hybrid_GPL_1.00.052/DT-W724V-20140311/output/package/atp/libraries/opensrc/gplutil/procutil.o
 .reginfo       0x0000000000000000       0x18 /home/zengyao/DT_Hybrid_GPL_1.00.052/DT-W724V-20140311/output/package/atp/libraries/opensrc/gplutil/loginctl.o
 .reginfo       0x0000000000000000       0x18 /home/zengyao/DT_Hybrid_GPL_1.00.052/DT-W724V-20140311/output/package/atp/libraries/opensrc/gplutil/atpmiclisten.o
 .reginfo       0x0000000000000000       0x18 /home/zengyao/DT_Hybrid_GPL_1.00.052/DT-W724V-20140311/output/package/atp/libraries/opensrc/gplutil/ifaddrs.o
 .reginfo       0x0000000000000000       0x18 /opt/toolchains/crosstools-mips-gcc-4.6-linux-3.4-uclibc-0.9.32-binutils-2.21/usr/lib/gcc/mips-unknown-linux-uclibc/4.6.2/crtendS.o
 .reginfo       0x0000000000000000       0x18 /home/zengyao/DT_Hybrid_GPL_1.00.052/DT-W724V-20140311/output/host/usr/mips-unknown-linux-uclibc/sysroot/usr/lib/crtn.o

Memory Configuration

Name             Origin             Length             Attributes
*default*        0x0000000000000000 0xffffffffffffffff

Linker script and memory map

LOAD /home/zengyao/DT_Hybrid_GPL_1.00.052/DT-W724V-20140311/output/host/usr/mips-unknown-linux-uclibc/sysroot/usr/lib/crti.o
LOAD /opt/toolchains/crosstools-mips-gcc-4.6-linux-3.4-uclibc-0.9.32-binutils-2.21/usr/lib/gcc/mips-unknown-linux-uclibc/4.6.2/crtbeginS.o
LOAD /home/zengyao/DT_Hybrid_GPL_1.00.052/DT-W724V-20140311/output/package/atp/libraries/opensrc/gplutil/gplutil.o
LOAD /home/zengyao/DT_Hybrid_GPL_1.00.052/DT-W724V-20140311/output/package/atp/libraries/opensrc/gplutil/gplmsg.o
LOAD /home/zengyao/DT_Hybrid_GPL_1.00.052/DT-W724V-20140311/output/package/atp/libraries/opensrc/gplutil/bget.o
LOAD /home/zengyao/DT_Hybrid_GPL_1.00.052/DT-W724V-20140311/output/package/atp/libraries/opensrc/gplutil/gplshmem.o
LOAD /home/zengyao/DT_Hybrid_GPL_1.00.052/DT-W724V-20140311/output/package/atp/libraries/opensrc/gplutil/procutil.o
LOAD /home/zengyao/DT_Hybrid_GPL_1.00.052/DT-W724V-20140311/output/package/atp/libraries/opensrc/gplutil/loginctl.o
LOAD /home/zengyao/DT_Hybrid_GPL_1.00.052/DT-W724V-20140311/output/package/atp/libraries/opensrc/gplutil/atpmiclisten.o
LOAD /home/zengyao/DT_Hybrid_GPL_1.00.052/DT-W724V-20140311/output/package/atp/libraries/opensrc/gplutil/ifaddrs.o
LOAD /opt/toolchains/crosstools-mips-gcc-4.6-linux-3.4-uclibc-0.9.32-binutils-2.21/usr/lib/gcc/mips-unknown-linux-uclibc/4.6.2/libgcc.a
LOAD /home/zengyao/DT_Hybrid_GPL_1.00.052/DT-W724V-20140311/output/host/usr/mips-unknown-linux-uclibc/sysroot/lib/libgcc_s.so
LOAD /home/zengyao/DT_Hybrid_GPL_1.00.052/DT-W724V-20140311/output/host/usr/mips-unknown-linux-uclibc/sysroot/usr/lib/libc.so
START GROUP
LOAD /home/zengyao/DT_Hybrid_GPL_1.00.052/DT-W724V-20140311/output/host/usr/mips-unknown-linux-uclibc/sysroot/lib/libc.so.0
LOAD /home/zengyao/DT_Hybrid_GPL_1.00.052/DT-W724V-20140311/output/host/usr/mips-unknown-linux-uclibc/sysroot/usr/lib/uclibc_nonshared.a
LOAD /home/zengyao/DT_Hybrid_GPL_1.00.052/DT-W724V-20140311/output/host/usr/mips-unknown-linux-uclibc/sysroot/lib/ld-uClibc.so.0
END GROUP
LOAD /opt/toolchains/crosstools-mips-gcc-4.6-linux-3.4-uclibc-0.9.32-binutils-2.21/usr/lib/gcc/mips-unknown-linux-uclibc/4.6.2/libgcc.a
LOAD /home/zengyao/DT_Hybrid_GPL_1.00.052/DT-W724V-20140311/output/host/usr/mips-unknown-linux-uclibc/sysroot/lib/libgcc_s.so
LOAD /opt/toolchains/crosstools-mips-gcc-4.6-linux-3.4-uclibc-0.9.32-binutils-2.21/usr/lib/gcc/mips-unknown-linux-uclibc/4.6.2/crtendS.o
LOAD /home/zengyao/DT_Hybrid_GPL_1.00.052/DT-W724V-20140311/output/host/usr/mips-unknown-linux-uclibc/sysroot/usr/lib/crtn.o
                0x00000000000000d4                . = (0x0 + SIZEOF_HEADERS)

.reginfo        0x00000000000000d4       0x18
 *(.reginfo)
 .reginfo       0x00000000000000d4       0x18 /home/zengyao/DT_Hybrid_GPL_1.00.052/DT-W724V-20140311/output/host/usr/mips-unknown-linux-uclibc/sysroot/usr/lib/crti.o

.note.gnu.build-id
 *(.note.gnu.build-id)

.dynamic        0x00000000000000ec       0xe8
 *(.dynamic)
 .dynamic       0x00000000000000ec       0xe8 /home/zengyao/DT_Hybrid_GPL_1.00.052/DT-W724V-20140311/output/host/usr/mips-unknown-linux-uclibc/sysroot/usr/lib/crti.o
                0x00000000000000ec                _DYNAMIC

.hash           0x00000000000001d4      0x4e8
 *(.hash)
 .hash          0x00000000000001d4      0x4e8 /home/zengyao/DT_Hybrid_GPL_1.00.052/DT-W724V-20140311/output/host/usr/mips-unknown-linux-uclibc/sysroot/usr/lib/crti.o

.gnu.hash
 *(.gnu.hash)

.dynsym         0x00000000000006bc      0xb50
 *(.dynsym)
 .dynsym        0x00000000000006bc      0xb50 /home/zengyao/DT_Hybrid_GPL_1.00.052/DT-W724V-20140311/output/host/usr/mips-unknown-linux-uclibc/sysroot/usr/lib/crti.o

.dynstr         0x000000000000120c      0x971
 *(.dynstr)
 .dynstr        0x000000000000120c      0x971 /home/zengyao/DT_Hybrid_GPL_1.00.052/DT-W724V-20140311/output/host/usr/mips-unknown-linux-uclibc/sysroot/usr/lib/crti.o

.gnu.version    0x0000000000001b7e      0x16a
 *(.gnu.version)
 .gnu.version   0x0000000000001b7e      0x16a /home/zengyao/DT_Hybrid_GPL_1.00.052/DT-W724V-20140311/output/host/usr/mips-unknown-linux-uclibc/sysroot/usr/lib/crti.o

.gnu.version_d  0x0000000000001ce8        0x0
 *(.gnu.version_d)
 .gnu.version_d
                0x0000000000000000        0x0 /home/zengyao/DT_Hybrid_GPL_1.00.052/DT-W724V-20140311/output/host/usr/mips-unknown-linux-uclibc/sysroot/usr/lib/crti.o

.gnu.version_r  0x0000000000001ce8       0x20
 *(.gnu.version_r)
 .gnu.version_r
                0x0000000000001ce8       0x20 /home/zengyao/DT_Hybrid_GPL_1.00.052/DT-W724V-20140311/output/host/usr/mips-unknown-linux-uclibc/sysroot/usr/lib/crti.o

.rel.dyn        0x0000000000001d08       0x30
 *(.rel.init)
 *(.rel.text .rel.text.* .rel.gnu.linkonce.t.*)
 *(.rel.fini)
 *(.rel.rodata .rel.rodata.* .rel.gnu.linkonce.r.*)
 *(.rel.data.rel.ro* .rel.gnu.linkonce.d.rel.ro.*)
 *(.rel.data .rel.data.* .rel.gnu.linkonce.d.*)
 *(.rel.tdata .rel.tdata.* .rel.gnu.linkonce.td.*)
 *(.rel.tbss .rel.tbss.* .rel.gnu.linkonce.tb.*)
 *(.rel.ctors)
 *(.rel.dtors)
 *(.rel.got)
 *(.rel.dyn)
 .rel.dyn       0x0000000000001d08       0x30 /home/zengyao/DT_Hybrid_GPL_1.00.052/DT-W724V-20140311/output/host/usr/mips-unknown-linux-uclibc/sysroot/usr/lib/crti.o
 *(.rel.sdata .rel.sdata.* .rel.gnu.linkonce.s.*)
 *(.rel.sbss .rel.sbss.* .rel.gnu.linkonce.sb.*)
 *(.rel.sdata2 .rel.sdata2.* .rel.gnu.linkonce.s2.*)
 *(.rel.sbss2 .rel.sbss2.* .rel.gnu.linkonce.sb2.*)
 *(.rel.bss .rel.bss.* .rel.gnu.linkonce.b.*)
 *(.rel.iplt)

.rela.dyn
 *(.rela.init)
 *(.rela.text .rela.text.* .rela.gnu.linkonce.t.*)
 *(.rela.fini)
 *(.rela.rodata .rela.rodata.* .rela.gnu.linkonce.r.*)
 *(.rela.data .rela.data.* .rela.gnu.linkonce.d.*)
 *(.rela.tdata .rela.tdata.* .rela.gnu.linkonce.td.*)
 *(.rela.tbss .rela.tbss.* .rela.gnu.linkonce.tb.*)
 *(.rela.ctors)
 *(.rela.dtors)
 *(.rela.got)
 *(.rela.sdata .rela.sdata.* .rela.gnu.linkonce.s.*)
 *(.rela.sbss .rela.sbss.* .rela.gnu.linkonce.sb.*)
 *(.rela.sdata2 .rela.sdata2.* .rela.gnu.linkonce.s2.*)
 *(.rela.sbss2 .rela.sbss2.* .rela.gnu.linkonce.sb2.*)
 *(.rela.bss .rela.bss.* .rela.gnu.linkonce.b.*)
 *(.rela.iplt)

.rel.plt        0x0000000000001d38        0x0
 *(.rel.plt)
 .rel.plt       0x0000000000000000        0x0 /home/zengyao/DT_Hybrid_GPL_1.00.052/DT-W724V-20140311/output/host/usr/mips-unknown-linux-uclibc/sysroot/usr/lib/crti.o

.rela.plt
 *(.rela.plt)

.init           0x0000000000001d38       0x78
 *(.init)
 .init          0x0000000000001d38       0x1c /home/zengyao/DT_Hybrid_GPL_1.00.052/DT-W724V-20140311/output/host/usr/mips-unknown-linux-uclibc/sysroot/usr/lib/crti.o
                0x0000000000001d38                _init
 .init          0x0000000000001d54       0x28 /opt/toolchains/crosstools-mips-gcc-4.6-linux-3.4-uclibc-0.9.32-binutils-2.21/usr/lib/gcc/mips-unknown-linux-uclibc/4.6.2/crtbeginS.o
 .init          0x0000000000001d7c       0x28 /opt/toolchains/crosstools-mips-gcc-4.6-linux-3.4-uclibc-0.9.32-binutils-2.21/usr/lib/gcc/mips-unknown-linux-uclibc/4.6.2/crtendS.o
 .init          0x0000000000001da4        0xc /home/zengyao/DT_Hybrid_GPL_1.00.052/DT-W724V-20140311/output/host/usr/mips-unknown-linux-uclibc/sysroot/usr/lib/crtn.o

.plt            0x0000000000001db0        0x0
 *(.plt)
 .plt           0x0000000000000000        0x0 /home/zengyao/DT_Hybrid_GPL_1.00.052/DT-W724V-20140311/output/host/usr/mips-unknown-linux-uclibc/sysroot/usr/lib/crti.o

.iplt
 *(.iplt)

.text           0x0000000000001db0     0x97c0
                0x0000000000001db0                _ftext = .
 *(.text.unlikely .text.*_unlikely)
 .text.unlikely
                0x0000000000001db0      0x264 /home/zengyao/DT_Hybrid_GPL_1.00.052/DT-W724V-20140311/output/package/atp/libraries/opensrc/gplutil/gplutil.o
 *(.text.exit .text.exit.*)
 *(.text.startup .text.startup.*)
 *(.text.hot .text.hot.*)
 *(.text .stub .text.* .gnu.linkonce.t.*)
 *fill*         0x0000000000002014        0xc 00000000
 .text          0x0000000000002020        0x0 /home/zengyao/DT_Hybrid_GPL_1.00.052/DT-W724V-20140311/output/host/usr/mips-unknown-linux-uclibc/sysroot/usr/lib/crti.o
 .text          0x0000000000002020      0x150 /opt/toolchains/crosstools-mips-gcc-4.6-linux-3.4-uclibc-0.9.32-binutils-2.21/usr/lib/gcc/mips-unknown-linux-uclibc/4.6.2/crtbeginS.o
 .text          0x0000000000002170     0x3810 /home/zengyao/DT_Hybrid_GPL_1.00.052/DT-W724V-20140311/output/package/atp/libraries/opensrc/gplutil/gplutil.o
                0x00000000000039a0                ATP_UTIL_GetSysTime
                0x0000000000003a44                ATP_UTIL_VoiceGetVoipStatus
                0x0000000000003ae8                ATP_UTIL_VoiceGetSipInterval
                0x0000000000003b84                ATP_UTIL_VoiceHasUrgCall
                0x0000000000003c28                atp_gethostbyname
                0x0000000000003cb4                handy_gethostbyname2_r
                0x0000000000004128                ATP_UTIL_Gethostbyname
                0x00000000000041ac                ATP_UTIL_Lookup_A_and_AAAA
                0x000000000000461c                ATP_FON_Gethostbyname
                0x00000000000047bc                ATP_UTIL_MakeAddrInfo
                0x0000000000004894                ATP_UTIL_getaddrinfo
                0x0000000000004a04                ATP_UTIL_IsBondingEnable
                0x0000000000004ac0                ATP_UTIL_IsLTEWanV6Up
                0x0000000000004b74                ATP_UTIL_IsExistDefaultRoute
                0x0000000000004d38                ATP_UTIL_IsLTEWanV4Up
                0x0000000000004dec                ATP_UTIL_IsWanV6Up
                0x0000000000004ea8                ATP_UTIL_IsWanV4Up
                0x0000000000004f64                GPL_UTIL_GetPid
                0x00000000000052c8                ATP_UTIL_SetFilterlistControlMark
                0x0000000000005310                ATP_UTIL_GetOutputIntf
 .text          0x0000000000005980     0x18e0 /home/zengyao/DT_Hybrid_GPL_1.00.052/DT-W724V-20140311/output/package/atp/libraries/opensrc/gplutil/gplmsg.o
                0x0000000000005a90                ATP_MSG_Destroy
                0x0000000000005af8                ATP_MSG_TraceProc
                0x0000000000005bd8                ATP_MSG_SendEx
                0x0000000000005de8                ATP_MSG_Send
                0x0000000000005e84                ATP_MSG_QueueAppend
                0x0000000000005f08                ATP_MSG_QueueClear
                0x0000000000005f90                ATP_MSG_Recv
                0x0000000000006214                ATP_MSG_SendAndRecv
                0x000000000000631c                ATP_MSG_Init
                0x0000000000006550                ATP_MSG_GetNumOfProcesses
                0x0000000000006610                ATP_MSG_GetMsgBlock
                0x0000000000006680                ATP_MSG_GetMsgBlockEx
                0x00000000000066e4                ATP_MSG_SetMsgProfile
                0x000000000000675c                ATP_MSG_GetMsgHead
                0x0000000000006764                ATP_MSG_GetMsgByHead
                0x0000000000006784                ATP_MSG_Printf
                0x00000000000067ec                ATP_MSG_SendFd
                0x0000000000006914                ATP_MSG_RecvFd
                0x0000000000006aa0                ATP_MSG_SimpleBuilder
                0x0000000000006b44                ATP_MSG_SendSimpleMsg
                0x0000000000006b98                ATP_MSG_SendMsgData
                0x0000000000006cc0                logLogTypeCheck
                0x0000000000006d00                logLogLevelCheck
                0x0000000000006d40                ATP_LOG_Printf
                0x0000000000006eb4                ATP_LOG_RecordItem
                0x0000000000007050                ATP_LOG_KLogPrintf
                0x0000000000007214                BSP_SYS_WakeupMonitorTask
 .text          0x0000000000007260      0x820 /home/zengyao/DT_Hybrid_GPL_1.00.052/DT-W724V-20140311/output/package/atp/libraries/opensrc/gplutil/bget.o
                0x0000000000007260                bget
                0x0000000000007478                bgetz
                0x0000000000007520                brel
                0x00000000000077a0                bgetr
                0x000000000000788c                bpool
                0x00000000000079b0                bstats
 .text          0x0000000000007a80      0x940 /home/zengyao/DT_Hybrid_GPL_1.00.052/DT-W724V-20140311/output/package/atp/libraries/opensrc/gplutil/gplshmem.o
                0x0000000000007c9c                ATP_UTIL_BgetFree
                0x0000000000007cc4                ATP_UTIL_BgetMalloc
                0x0000000000007ce8                ATP_UTIL_BgetStrdup
                0x0000000000007d84                ATP_UTIL_GVarGetMemHandle
                0x0000000000007df0                ATP_UTIL_GVarAttach
                0x0000000000007ef0                ATP_UTIL_GVarGetValueEx
                0x0000000000008028                ATP_UTIL_GVarGetValueWithCopy
                0x0000000000008184                ATP_UTIL_GVarSetValue
 .text          0x00000000000083c0     0x1770 /home/zengyao/DT_Hybrid_GPL_1.00.052/DT-W724V-20140311/output/package/atp/libraries/opensrc/gplutil/procutil.o
                0x0000000000008424                ATP_UTIL_FreeArgs
                0x000000000000849c                ATP_UTIL_ParseArgs
                0x00000000000090e8                ATP_UTIL_WaitForPid
                0x0000000000009248                ATP_UTIL_GetExeFullPath
                0x000000000000935c                ATP_UTIL_ForkProcessFull
                0x00000000000099f0                ATP_UTIL_ForkProcessEx
                0x0000000000009a48                ATP_UTIL_ForkProcess
 .text          0x0000000000009b30      0x610 /home/zengyao/DT_Hybrid_GPL_1.00.052/DT-W724V-20140311/output/package/atp/libraries/opensrc/gplutil/loginctl.o
                0x0000000000009b30                ATP_LoginCtlInit
                0x0000000000009b74                ATP_LoginCtlCheck
                0x0000000000009c90                ATP_LoginCtlLogout
                0x0000000000009d98                ATP_LoginCtlAllowWanAcc
                0x0000000000009e90                ATP_LoginCtlCheckFtpAcc
                0x0000000000009f8c                ATP_UTIL_IsPathVfat
 .text          0x000000000000a140      0x200 /home/zengyao/DT_Hybrid_GPL_1.00.052/DT-W724V-20140311/output/package/atp/libraries/opensrc/gplutil/atpmiclisten.o
                0x000000000000a140                ATP_UTIL_MIC_ResetBackupAppFds
                0x000000000000a170                ATP_UTIL_MIC_AddBackupAppFds
                0x000000000000a1bc                ATP_UTIL_MIC_CloseBackupAppFdsReadableConnection
 .text          0x000000000000a340     0x11d0 /home/zengyao/DT_Hybrid_GPL_1.00.052/DT-W724V-20140311/output/package/atp/libraries/opensrc/gplutil/ifaddrs.o
                0x000000000000a9e4                getifaddrs
                0x000000000000b4f8                freeifaddrs
 .text          0x000000000000b510       0x60 /opt/toolchains/crosstools-mips-gcc-4.6-linux-3.4-uclibc-0.9.32-binutils-2.21/usr/lib/gcc/mips-unknown-linux-uclibc/4.6.2/crtendS.o
 .text          0x000000000000b570        0x0 /home/zengyao/DT_Hybrid_GPL_1.00.052/DT-W724V-20140311/output/host/usr/mips-unknown-linux-uclibc/sysroot/usr/lib/crtn.o
 *(.gnu.warning)
 *(.mips16.fn.*)
 *(.mips16.call.*)

.MIPS.stubs     0x000000000000b570      0x540
 .MIPS.stubs    0x000000000000b570      0x540 /home/zengyao/DT_Hybrid_GPL_1.00.052/DT-W724V-20140311/output/host/usr/mips-unknown-linux-uclibc/sysroot/usr/lib/crti.o
                0x000000000000b570                bind
                0x000000000000b580                calloc
                0x000000000000b590                __errno_location
                0x000000000000b5a0                inet_aton
                0x000000000000b5b0                open
                0x000000000000b5c0                __ctype_b_loc
                0x000000000000b5d0                system
                0x000000000000b5e0                usleep
                0x000000000000b5f0                memcpy
                0x000000000000b600                connect
                0x000000000000b610                realloc
                0x000000000000b620                syscall
                0x000000000000b630                send
                0x000000000000b640                vfprintf
                0x000000000000b650                endmntent
                0x000000000000b660                remove
                0x000000000000b670                strcasecmp
                0x000000000000b680                freeaddrinfo
                0x000000000000b690                atol
                0x000000000000b6a0                malloc
                0x000000000000b6b0                inet_pton
                0x000000000000b6c0                getmntent_r
                0x000000000000b6d0                ioctl
                0x000000000000b6e0                recv
                0x000000000000b6f0                strlen
                0x000000000000b700                opendir
                0x000000000000b710                setmntent
                0x000000000000b720                if_indextoname
                0x000000000000b730                sendto
                0x000000000000b740                strtol
                0x000000000000b750                fcntl
                0x000000000000b760                sendmsg
                0x000000000000b770                snprintf
                0x000000000000b780                dup2
                0x000000000000b790                read
                0x000000000000b7a0                execv
                0x000000000000b7b0                select
                0x000000000000b7c0                fdopen
                0x000000000000b7d0                __assert
                0x000000000000b7e0                stat64
                0x000000000000b7f0                getpid
                0x000000000000b800                memmove
                0x000000000000b810                fclose
                0x000000000000b820                setsockopt
                0x000000000000b830                fread
                0x000000000000b840                fopen
                0x000000000000b850                time
                0x000000000000b860                write
                0x000000000000b870                closedir
                0x000000000000b880                close
                0x000000000000b890                setsid
                0x000000000000b8a0                fgets
                0x000000000000b8b0                sigaction
                0x000000000000b8c0                strncpy
                0x000000000000b8d0                shmat
                0x000000000000b8e0                fflush
                0x000000000000b8f0                memset
                0x000000000000b900                inet_ntoa
                0x000000000000b910                perror
                0x000000000000b920                recvmsg
                0x000000000000b930                inet_addr
                0x000000000000b940                shmctl
                0x000000000000b950                memcmp
                0x000000000000b960                vsnprintf
                0x000000000000b970                socket
                0x000000000000b980                exit
                0x000000000000b990                fork
                0x000000000000b9a0                semop
                0x000000000000b9b0                strstr
                0x000000000000b9c0                strcmp
                0x000000000000b9d0                waitpid
                0x000000000000b9e0                accept
                0x000000000000b9f0                free
                0x000000000000ba00                atoi
                0x000000000000ba10                readdir
                0x000000000000ba20                strchr
                0x000000000000ba30                strerror
                0x000000000000ba40                ftok
                0x000000000000ba50                printf
                0x000000000000ba60                strdup
                0x000000000000ba70                puts
                0x000000000000ba80                signal
                0x000000000000ba90                inet_ntop

.fini           0x000000000000bab0       0x50
 *(.fini)
 .fini          0x000000000000bab0       0x1c /home/zengyao/DT_Hybrid_GPL_1.00.052/DT-W724V-20140311/output/host/usr/mips-unknown-linux-uclibc/sysroot/usr/lib/crti.o
                0x000000000000bab0                _fini
 .fini          0x000000000000bacc       0x28 /opt/toolchains/crosstools-mips-gcc-4.6-linux-3.4-uclibc-0.9.32-binutils-2.21/usr/lib/gcc/mips-unknown-linux-uclibc/4.6.2/crtbeginS.o
 .fini          0x000000000000baf4        0xc /home/zengyao/DT_Hybrid_GPL_1.00.052/DT-W724V-20140311/output/host/usr/mips-unknown-linux-uclibc/sysroot/usr/lib/crtn.o
                0x000000000000bb00                PROVIDE (__etext, .)
                0x000000000000bb00                PROVIDE (_etext, .)
                0x000000000000bb00                PROVIDE (etext, .)

.rodata         0x000000000000bb00      0x86c
 *(.rodata .rodata.* .gnu.linkonce.r.*)
 .rodata.str1.4
                0x000000000000bb00      0x427 /home/zengyao/DT_Hybrid_GPL_1.00.052/DT-W724V-20140311/output/package/atp/libraries/opensrc/gplutil/gplutil.o
                                        0x434 (size before relaxing)
 *fill*         0x000000000000bf27        0x9 00
 .rodata        0x000000000000bf30       0x40 /home/zengyao/DT_Hybrid_GPL_1.00.052/DT-W724V-20140311/output/package/atp/libraries/opensrc/gplutil/gplutil.o
 .rodata.str1.4
                0x000000000000bf70       0x2c /home/zengyao/DT_Hybrid_GPL_1.00.052/DT-W724V-20140311/output/package/atp/libraries/opensrc/gplutil/gplmsg.o
                                         0x30 (size before relaxing)
 .rodata.str1.4
                0x000000000000bf9c      0x2b8 /home/zengyao/DT_Hybrid_GPL_1.00.052/DT-W724V-20140311/output/package/atp/libraries/opensrc/gplutil/bget.o
 *fill*         0x000000000000c254        0xc 00
 .rodata        0x000000000000c260       0x30 /home/zengyao/DT_Hybrid_GPL_1.00.052/DT-W724V-20140311/output/package/atp/libraries/opensrc/gplutil/bget.o
 .rodata.str1.4
                0x000000000000c290        0x6 /home/zengyao/DT_Hybrid_GPL_1.00.052/DT-W724V-20140311/output/package/atp/libraries/opensrc/gplutil/gplshmem.o
                                          0xc (size before relaxing)
 *fill*         0x000000000000c296        0x2 00
 .rodata.str1.4
                0x000000000000c298       0x7d /home/zengyao/DT_Hybrid_GPL_1.00.052/DT-W724V-20140311/output/package/atp/libraries/opensrc/gplutil/procutil.o
                                         0x8c (size before relaxing)
 *fill*         0x000000000000c315        0x3 00
 .rodata.str1.4
                0x000000000000c318       0x54 /home/zengyao/DT_Hybrid_GPL_1.00.052/DT-W724V-20140311/output/package/atp/libraries/opensrc/gplutil/loginctl.o
                                         0x5c (size before relaxing)

.rodata1
 *(.rodata1)

.eh_frame_hdr   0x000000000000c36c        0x0
 *(.eh_frame_hdr)
 .eh_frame_hdr  0x0000000000000000        0x0 /home/zengyao/DT_Hybrid_GPL_1.00.052/DT-W724V-20140311/output/host/usr/mips-unknown-linux-uclibc/sysroot/usr/lib/crtn.o

.eh_frame       0x000000000000c36c        0x4
 *(.eh_frame)
 .eh_frame      0x000000000000c36c        0x0 /opt/toolchains/crosstools-mips-gcc-4.6-linux-3.4-uclibc-0.9.32-binutils-2.21/usr/lib/gcc/mips-unknown-linux-uclibc/4.6.2/crtbeginS.o
 .eh_frame      0x000000000000c36c        0x4 /opt/toolchains/crosstools-mips-gcc-4.6-linux-3.4-uclibc-0.9.32-binutils-2.21/usr/lib/gcc/mips-unknown-linux-uclibc/4.6.2/crtendS.o

.gcc_except_table
 *(.gcc_except_table .gcc_except_table.*)
                0x000000000000c370                . = (ALIGN (0x10000) - ((0x10000 - .) & 0xffff))
                0x000000000001c370                . = DATA_SEGMENT_ALIGN (0x10000, 0x1000)

.eh_frame
 *(.eh_frame)

.gcc_except_table
 *(.gcc_except_table .gcc_except_table.*)

.tdata
 *(.tdata .tdata.* .gnu.linkonce.td.*)

.tbss
 *(.tbss .tbss.* .gnu.linkonce.tb.*)
 *(.tcommon)

.preinit_array
 *(.preinit_array)

.init_array
 *(SORT(.init_array.*))
 *(.init_array)

.fini_array
 *(SORT(.fini_array.*))
 *(.fini_array)

.ctors          0x000000000001c370        0x8
 *crtbegin.o(.ctors)
 *crtbegin?.o(.ctors)
 .ctors         0x000000000001c370        0x4 /opt/toolchains/crosstools-mips-gcc-4.6-linux-3.4-uclibc-0.9.32-binutils-2.21/usr/lib/gcc/mips-unknown-linux-uclibc/4.6.2/crtbeginS.o
 *(EXCLUDE_FILE(*crtend?.o *crtend.o) .ctors)
 *(SORT(.ctors.*))
 *(.ctors)
 .ctors         0x000000000001c374        0x4 /opt/toolchains/crosstools-mips-gcc-4.6-linux-3.4-uclibc-0.9.32-binutils-2.21/usr/lib/gcc/mips-unknown-linux-uclibc/4.6.2/crtendS.o

.dtors          0x000000000001c378        0x8
 *crtbegin.o(.dtors)
 *crtbegin?.o(.dtors)
 .dtors         0x000000000001c378        0x4 /opt/toolchains/crosstools-mips-gcc-4.6-linux-3.4-uclibc-0.9.32-binutils-2.21/usr/lib/gcc/mips-unknown-linux-uclibc/4.6.2/crtbeginS.o
 *(EXCLUDE_FILE(*crtend?.o *crtend.o) .dtors)
 *(SORT(.dtors.*))
 *(.dtors)
 .dtors         0x000000000001c37c        0x4 /opt/toolchains/crosstools-mips-gcc-4.6-linux-3.4-uclibc-0.9.32-binutils-2.21/usr/lib/gcc/mips-unknown-linux-uclibc/4.6.2/crtendS.o
                0x000000000001c37c                __DTOR_END__

.jcr            0x000000000001c380        0x4
 *(.jcr)
 .jcr           0x000000000001c380        0x0 /opt/toolchains/crosstools-mips-gcc-4.6-linux-3.4-uclibc-0.9.32-binutils-2.21/usr/lib/gcc/mips-unknown-linux-uclibc/4.6.2/crtbeginS.o
 .jcr           0x000000000001c380        0x4 /opt/toolchains/crosstools-mips-gcc-4.6-linux-3.4-uclibc-0.9.32-binutils-2.21/usr/lib/gcc/mips-unknown-linux-uclibc/4.6.2/crtendS.o

.data.rel.ro    0x000000000001c384       0x14
 *(.data.rel.ro.local* .gnu.linkonce.d.rel.ro.local.*)
 .data.rel.ro.local
                0x000000000001c384       0x14 /home/zengyao/DT_Hybrid_GPL_1.00.052/DT-W724V-20140311/output/package/atp/libraries/opensrc/gplutil/procutil.o
 *(.data.rel.ro* .gnu.linkonce.d.rel.ro.*)
                0x000000000001c398                . = DATA_SEGMENT_RELRO_END (., 0x0)

.data           0x000000000001c3a0       0x30
                0x000000000001c3a0                _fdata = .
 *(.data .data.* .gnu.linkonce.d.*)
 .data          0x000000000001c3a0        0x0 /home/zengyao/DT_Hybrid_GPL_1.00.052/DT-W724V-20140311/output/host/usr/mips-unknown-linux-uclibc/sysroot/usr/lib/crti.o
 .data          0x000000000001c3a0        0x0 /opt/toolchains/crosstools-mips-gcc-4.6-linux-3.4-uclibc-0.9.32-binutils-2.21/usr/lib/gcc/mips-unknown-linux-uclibc/4.6.2/crtbeginS.o
 .data          0x000000000001c3a0        0x0 /home/zengyao/DT_Hybrid_GPL_1.00.052/DT-W724V-20140311/output/package/atp/libraries/opensrc/gplutil/gplutil.o
 .data          0x000000000001c3a0       0x30 /home/zengyao/DT_Hybrid_GPL_1.00.052/DT-W724V-20140311/output/package/atp/libraries/opensrc/gplutil/gplmsg.o
                0x000000000001c3a0                g_bLogEnable
                0x000000000001c3a4                g_stMsgCtx
 .data          0x000000000001c3d0        0x0 /home/zengyao/DT_Hybrid_GPL_1.00.052/DT-W724V-20140311/output/package/atp/libraries/opensrc/gplutil/bget.o
 .data          0x000000000001c3d0        0x0 /home/zengyao/DT_Hybrid_GPL_1.00.052/DT-W724V-20140311/output/package/atp/libraries/opensrc/gplutil/gplshmem.o
 .data          0x000000000001c3d0        0x0 /home/zengyao/DT_Hybrid_GPL_1.00.052/DT-W724V-20140311/output/package/atp/libraries/opensrc/gplutil/procutil.o
 .data          0x000000000001c3d0        0x0 /home/zengyao/DT_Hybrid_GPL_1.00.052/DT-W724V-20140311/output/package/atp/libraries/opensrc/gplutil/loginctl.o
 .data          0x000000000001c3d0        0x0 /home/zengyao/DT_Hybrid_GPL_1.00.052/DT-W724V-20140311/output/package/atp/libraries/opensrc/gplutil/atpmiclisten.o
 .data          0x000000000001c3d0        0x0 /home/zengyao/DT_Hybrid_GPL_1.00.052/DT-W724V-20140311/output/package/atp/libraries/opensrc/gplutil/ifaddrs.o
 .data          0x000000000001c3d0        0x0 /opt/toolchains/crosstools-mips-gcc-4.6-linux-3.4-uclibc-0.9.32-binutils-2.21/usr/lib/gcc/mips-unknown-linux-uclibc/4.6.2/crtendS.o
 .data          0x000000000001c3d0        0x0 /home/zengyao/DT_Hybrid_GPL_1.00.052/DT-W724V-20140311/output/host/usr/mips-unknown-linux-uclibc/sysroot/usr/lib/crtn.o

.data1
 *(.data1)

.got.plt        0x000000000001c3d0        0x0
 *(.got.plt)
 .got.plt       0x0000000000000000        0x0 /home/zengyao/DT_Hybrid_GPL_1.00.052/DT-W724V-20140311/output/host/usr/mips-unknown-linux-uclibc/sysroot/usr/lib/crti.o
                0x000000000001c3d0                . = .
                0x00000000000243c0                _gp = (ALIGN (0x10) + 0x7ff0)

.got            0x000000000001c3d0      0x1ec
 *(.got)
 .got           0x000000000001c3d0      0x1ec /home/zengyao/DT_Hybrid_GPL_1.00.052/DT-W724V-20140311/output/host/usr/mips-unknown-linux-uclibc/sysroot/usr/lib/crti.o
                0x000000000001c3d0                _GLOBAL_OFFSET_TABLE_

.sdata          0x000000000001c5bc        0x4
 *(.sdata2 .sdata2.* .gnu.linkonce.s2.*)
 *(.sdata .sdata.* .gnu.linkonce.s.*)
 .sdata         0x000000000001c5bc        0x4 /opt/toolchains/crosstools-mips-gcc-4.6-linux-3.4-uclibc-0.9.32-binutils-2.21/usr/lib/gcc/mips-unknown-linux-uclibc/4.6.2/crtbeginS.o
                0x000000000001c5bc                __dso_handle

.lit8
 *(.lit8)

.lit4
 *(.lit4)
                0x000000000001c5c0                _edata = .
                0x000000000001c5c0                PROVIDE (edata, .)
                0x000000000001c5c0                __bss_start = .
                0x000000000001c5c0                _fbss = .

.sbss
 *(.sbss2 .sbss2.* .gnu.linkonce.sb2.*)
 *(.dynsbss)
 *(.sbss .sbss.* .gnu.linkonce.sb.*)
 *(.scommon)

.bss            0x000000000001c5c0      0x9e0
 *(.dynbss)
 .dynbss        0x0000000000000000        0x0 /home/zengyao/DT_Hybrid_GPL_1.00.052/DT-W724V-20140311/output/host/usr/mips-unknown-linux-uclibc/sysroot/usr/lib/crti.o
 *(.bss .bss.* .gnu.linkonce.b.*)
 .bss           0x000000000001c5c0        0x0 /home/zengyao/DT_Hybrid_GPL_1.00.052/DT-W724V-20140311/output/host/usr/mips-unknown-linux-uclibc/sysroot/usr/lib/crti.o
 .bss           0x000000000001c5c0       0x20 /opt/toolchains/crosstools-mips-gcc-4.6-linux-3.4-uclibc-0.9.32-binutils-2.21/usr/lib/gcc/mips-unknown-linux-uclibc/4.6.2/crtbeginS.o
 .bss           0x000000000001c5e0      0x9b0 /home/zengyao/DT_Hybrid_GPL_1.00.052/DT-W724V-20140311/output/package/atp/libraries/opensrc/gplutil/gplutil.o
 .bss           0x000000000001cf90       0x10 /home/zengyao/DT_Hybrid_GPL_1.00.052/DT-W724V-20140311/output/package/atp/libraries/opensrc/gplutil/gplmsg.o
 .bss           0x000000000001cfa0        0x0 /home/zengyao/DT_Hybrid_GPL_1.00.052/DT-W724V-20140311/output/package/atp/libraries/opensrc/gplutil/bget.o
 .bss           0x000000000001cfa0        0x0 /home/zengyao/DT_Hybrid_GPL_1.00.052/DT-W724V-20140311/output/package/atp/libraries/opensrc/gplutil/gplshmem.o
 .bss           0x000000000001cfa0        0x0 /home/zengyao/DT_Hybrid_GPL_1.00.052/DT-W724V-20140311/output/package/atp/libraries/opensrc/gplutil/procutil.o
 .bss           0x000000000001cfa0        0x0 /home/zengyao/DT_Hybrid_GPL_1.00.052/DT-W724V-20140311/output/package/atp/libraries/opensrc/gplutil/loginctl.o
 .bss           0x000000000001cfa0        0x0 /home/zengyao/DT_Hybrid_GPL_1.00.052/DT-W724V-20140311/output/package/atp/libraries/opensrc/gplutil/atpmiclisten.o
 .bss           0x000000000001cfa0        0x0 /home/zengyao/DT_Hybrid_GPL_1.00.052/DT-W724V-20140311/output/package/atp/libraries/opensrc/gplutil/ifaddrs.o
 .bss           0x000000000001cfa0        0x0 /opt/toolchains/crosstools-mips-gcc-4.6-linux-3.4-uclibc-0.9.32-binutils-2.21/usr/lib/gcc/mips-unknown-linux-uclibc/4.6.2/crtendS.o
 .bss           0x000000000001cfa0        0x0 /home/zengyao/DT_Hybrid_GPL_1.00.052/DT-W724V-20140311/output/host/usr/mips-unknown-linux-uclibc/sysroot/usr/lib/crtn.o
 *(COMMON)
                0x000000000001cfa0                . = ALIGN ((. != 0x0)?0x4:0x1)
                0x000000000001cfa0                . = ALIGN (0x4)
                0x000000000001cfa0                . = ALIGN (0x4)
                0x000000000001cfa0                _end = .
                0x000000000001cfa0                PROVIDE (end, .)
                0x000000000001cfa0                . = DATA_SEGMENT_END (.)

.stab
 *(.stab)

.stabstr
 *(.stabstr)

.stab.excl
 *(.stab.excl)

.stab.exclstr
 *(.stab.exclstr)

.stab.index
 *(.stab.index)

.stab.indexstr
 *(.stab.indexstr)

.pdr            0x0000000000000000      0xd80
 .pdr           0x0000000000000000       0x40 /home/zengyao/DT_Hybrid_GPL_1.00.052/DT-W724V-20140311/output/host/usr/mips-unknown-linux-uclibc/sysroot/usr/lib/crti.o
 .pdr           0x0000000000000040        0x0 /opt/toolchains/crosstools-mips-gcc-4.6-linux-3.4-uclibc-0.9.32-binutils-2.21/usr/lib/gcc/mips-unknown-linux-uclibc/4.6.2/crtbeginS.o
 .pdr           0x0000000000000040      0x440 /home/zengyao/DT_Hybrid_GPL_1.00.052/DT-W724V-20140311/output/package/atp/libraries/opensrc/gplutil/gplutil.o
 .pdr           0x0000000000000480      0x380 /home/zengyao/DT_Hybrid_GPL_1.00.052/DT-W724V-20140311/output/package/atp/libraries/opensrc/gplutil/gplmsg.o
 .pdr           0x0000000000000800       0xc0 /home/zengyao/DT_Hybrid_GPL_1.00.052/DT-W724V-20140311/output/package/atp/libraries/opensrc/gplutil/bget.o
 .pdr           0x00000000000008c0      0x160 /home/zengyao/DT_Hybrid_GPL_1.00.052/DT-W724V-20140311/output/package/atp/libraries/opensrc/gplutil/gplshmem.o
 .pdr           0x0000000000000a20      0x100 /home/zengyao/DT_Hybrid_GPL_1.00.052/DT-W724V-20140311/output/package/atp/libraries/opensrc/gplutil/procutil.o
 .pdr           0x0000000000000b20       0xc0 /home/zengyao/DT_Hybrid_GPL_1.00.052/DT-W724V-20140311/output/package/atp/libraries/opensrc/gplutil/loginctl.o
 .pdr           0x0000000000000be0       0x60 /home/zengyao/DT_Hybrid_GPL_1.00.052/DT-W724V-20140311/output/package/atp/libraries/opensrc/gplutil/atpmiclisten.o
 .pdr           0x0000000000000c40      0x100 /home/zengyao/DT_Hybrid_GPL_1.00.052/DT-W724V-20140311/output/package/atp/libraries/opensrc/gplutil/ifaddrs.o
 .pdr           0x0000000000000d40        0x0 /opt/toolchains/crosstools-mips-gcc-4.6-linux-3.4-uclibc-0.9.32-binutils-2.21/usr/lib/gcc/mips-unknown-linux-uclibc/4.6.2/crtendS.o
 .pdr           0x0000000000000d40       0x40 /home/zengyao/DT_Hybrid_GPL_1.00.052/DT-W724V-20140311/output/host/usr/mips-unknown-linux-uclibc/sysroot/usr/lib/crtn.o

.comment        0x0000000000000000       0x30
 *(.comment)
 .comment       0x0000000000000000       0x11 /home/zengyao/DT_Hybrid_GPL_1.00.052/DT-W724V-20140311/output/host/usr/mips-unknown-linux-uclibc/sysroot/usr/lib/crti.o
                                         0x12 (size before relaxing)
 .comment       0x0000000000000011       0x1f /opt/toolchains/crosstools-mips-gcc-4.6-linux-3.4-uclibc-0.9.32-binutils-2.21/usr/lib/gcc/mips-unknown-linux-uclibc/4.6.2/crtbeginS.o
                                         0x20 (size before relaxing)
 .comment       0x0000000000000000       0x20 /home/zengyao/DT_Hybrid_GPL_1.00.052/DT-W724V-20140311/output/package/atp/libraries/opensrc/gplutil/gplutil.o
 .comment       0x0000000000000000       0x20 /home/zengyao/DT_Hybrid_GPL_1.00.052/DT-W724V-20140311/output/package/atp/libraries/opensrc/gplutil/gplmsg.o
 .comment       0x0000000000000000       0x20 /home/zengyao/DT_Hybrid_GPL_1.00.052/DT-W724V-20140311/output/package/atp/libraries/opensrc/gplutil/bget.o
 .comment       0x0000000000000000       0x20 /home/zengyao/DT_Hybrid_GPL_1.00.052/DT-W724V-20140311/output/package/atp/libraries/opensrc/gplutil/gplshmem.o
 .comment       0x0000000000000000       0x20 /home/zengyao/DT_Hybrid_GPL_1.00.052/DT-W724V-20140311/output/package/atp/libraries/opensrc/gplutil/procutil.o
 .comment       0x0000000000000000       0x20 /home/zengyao/DT_Hybrid_GPL_1.00.052/DT-W724V-20140311/output/package/atp/libraries/opensrc/gplutil/loginctl.o
 .comment       0x0000000000000000       0x20 /home/zengyao/DT_Hybrid_GPL_1.00.052/DT-W724V-20140311/output/package/atp/libraries/opensrc/gplutil/atpmiclisten.o
 .comment       0x0000000000000000       0x20 /home/zengyao/DT_Hybrid_GPL_1.00.052/DT-W724V-20140311/output/package/atp/libraries/opensrc/gplutil/ifaddrs.o
 .comment       0x0000000000000000       0x20 /opt/toolchains/crosstools-mips-gcc-4.6-linux-3.4-uclibc-0.9.32-binutils-2.21/usr/lib/gcc/mips-unknown-linux-uclibc/4.6.2/crtendS.o
 .comment       0x0000000000000000       0x12 /home/zengyao/DT_Hybrid_GPL_1.00.052/DT-W724V-20140311/output/host/usr/mips-unknown-linux-uclibc/sysroot/usr/lib/crtn.o

.debug
 *(.debug)

.line
 *(.line)

.debug_srcinfo
 *(.debug_srcinfo .zdebug_srcinfo)

.debug_sfnames
 *(.debug_sfnames .zdebug_sfnames)

.debug_aranges
 *(.debug_aranges .zdebug_aranges)

.debug_pubnames
 *(.debug_pubnames .zdebug_pubnames)

.debug_info
 *(.debug_info .gnu.linkonce.wi.* .zdebug_info)

.debug_abbrev
 *(.debug_abbrev .zdebug_abbrev)

.debug_line
 *(.debug_line .zdebug_line)

.debug_frame
 *(.debug_frame .zdebug_frame)

.debug_str
 *(.debug_str .zdebug_str)

.debug_loc
 *(.debug_loc .zdebug_loc)

.debug_macinfo
 *(.debug_macinfo .zdebug_macinfo)

.debug_weaknames
 *(.debug_weaknames .zdebug_weaknames)

.debug_funcnames
 *(.debug_funcnames .zdebug_funcnames)

.debug_typenames
 *(.debug_typenames .zdebug_typenames)

.debug_varnames
 *(.debug_varnames .zdebug_varnames)

.debug_pubtypes
 *(.debug_pubtypes .zdebug_pubtypes)

.debug_ranges
 *(.debug_ranges .zdebug_ranges)

.gnu.attributes
                0x0000000000000000       0x10
 *(.gnu.attributes)
 .gnu.attributes
                0x0000000000000000       0x10 /opt/toolchains/crosstools-mips-gcc-4.6-linux-3.4-uclibc-0.9.32-binutils-2.21/usr/lib/gcc/mips-unknown-linux-uclibc/4.6.2/crtbeginS.o
 .gnu.attributes
                0x0000000000000010       0x10 /home/zengyao/DT_Hybrid_GPL_1.00.052/DT-W724V-20140311/output/package/atp/libraries/opensrc/gplutil/gplutil.o
 .gnu.attributes
                0x0000000000000020       0x10 /home/zengyao/DT_Hybrid_GPL_1.00.052/DT-W724V-20140311/output/package/atp/libraries/opensrc/gplutil/gplmsg.o
 .gnu.attributes
                0x0000000000000030       0x10 /home/zengyao/DT_Hybrid_GPL_1.00.052/DT-W724V-20140311/output/package/atp/libraries/opensrc/gplutil/bget.o
 .gnu.attributes
                0x0000000000000040       0x10 /home/zengyao/DT_Hybrid_GPL_1.00.052/DT-W724V-20140311/output/package/atp/libraries/opensrc/gplutil/gplshmem.o
 .gnu.attributes
                0x0000000000000050       0x10 /home/zengyao/DT_Hybrid_GPL_1.00.052/DT-W724V-20140311/output/package/atp/libraries/opensrc/gplutil/procutil.o
 .gnu.attributes
                0x0000000000000060       0x10 /home/zengyao/DT_Hybrid_GPL_1.00.052/DT-W724V-20140311/output/package/atp/libraries/opensrc/gplutil/loginctl.o
 .gnu.attributes
                0x0000000000000070       0x10 /home/zengyao/DT_Hybrid_GPL_1.00.052/DT-W724V-20140311/output/package/atp/libraries/opensrc/gplutil/atpmiclisten.o
 .gnu.attributes
                0x0000000000000080       0x10 /home/zengyao/DT_Hybrid_GPL_1.00.052/DT-W724V-20140311/output/package/atp/libraries/opensrc/gplutil/ifaddrs.o
 .gnu.attributes
                0x0000000000000090       0x10 /opt/toolchains/crosstools-mips-gcc-4.6-linux-3.4-uclibc-0.9.32-binutils-2.21/usr/lib/gcc/mips-unknown-linux-uclibc/4.6.2/crtendS.o

.gptab.sdata
 *(.gptab.data)
 *(.gptab.sdata)

.gptab.sbss
 *(.gptab.bss)
 *(.gptab.sbss)

.mdebug.abi32   0x000000000001cfa0        0x0
 *(.mdebug.abi32)
 .mdebug.abi32  0x000000000001cfa0        0x0 /home/zengyao/DT_Hybrid_GPL_1.00.052/DT-W724V-20140311/output/host/usr/mips-unknown-linux-uclibc/sysroot/usr/lib/crti.o
 .mdebug.abi32  0x000000000001cfa0        0x0 /opt/toolchains/crosstools-mips-gcc-4.6-linux-3.4-uclibc-0.9.32-binutils-2.21/usr/lib/gcc/mips-unknown-linux-uclibc/4.6.2/crtbeginS.o
 .mdebug.abi32  0x000000000001cfa0        0x0 /home/zengyao/DT_Hybrid_GPL_1.00.052/DT-W724V-20140311/output/package/atp/libraries/opensrc/gplutil/gplutil.o
 .mdebug.abi32  0x000000000001cfa0        0x0 /home/zengyao/DT_Hybrid_GPL_1.00.052/DT-W724V-20140311/output/package/atp/libraries/opensrc/gplutil/gplmsg.o
 .mdebug.abi32  0x000000000001cfa0        0x0 /home/zengyao/DT_Hybrid_GPL_1.00.052/DT-W724V-20140311/output/package/atp/libraries/opensrc/gplutil/bget.o
 .mdebug.abi32  0x000000000001cfa0        0x0 /home/zengyao/DT_Hybrid_GPL_1.00.052/DT-W724V-20140311/output/package/atp/libraries/opensrc/gplutil/gplshmem.o
 .mdebug.abi32  0x000000000001cfa0        0x0 /home/zengyao/DT_Hybrid_GPL_1.00.052/DT-W724V-20140311/output/package/atp/libraries/opensrc/gplutil/procutil.o
 .mdebug.abi32  0x000000000001cfa0        0x0 /home/zengyao/DT_Hybrid_GPL_1.00.052/DT-W724V-20140311/output/package/atp/libraries/opensrc/gplutil/loginctl.o
 .mdebug.abi32  0x000000000001cfa0        0x0 /home/zengyao/DT_Hybrid_GPL_1.00.052/DT-W724V-20140311/output/package/atp/libraries/opensrc/gplutil/atpmiclisten.o
 .mdebug.abi32  0x000000000001cfa0        0x0 /home/zengyao/DT_Hybrid_GPL_1.00.052/DT-W724V-20140311/output/package/atp/libraries/opensrc/gplutil/ifaddrs.o
 .mdebug.abi32  0x000000000001cfa0        0x0 /opt/toolchains/crosstools-mips-gcc-4.6-linux-3.4-uclibc-0.9.32-binutils-2.21/usr/lib/gcc/mips-unknown-linux-uclibc/4.6.2/crtendS.o
 .mdebug.abi32  0x000000000001cfa0        0x0 /home/zengyao/DT_Hybrid_GPL_1.00.052/DT-W724V-20140311/output/host/usr/mips-unknown-linux-uclibc/sysroot/usr/lib/crtn.o

.mdebug.abiN32
 *(.mdebug.abiN32)

.mdebug.abi64
 *(.mdebug.abi64)

.mdebug.abiO64
 *(.mdebug.abiO64)

.mdebug.eabi32
 *(.mdebug.eabi32)

.mdebug.eabi64
 *(.mdebug.eabi64)

.gcc_compiled_long32
 *(.gcc_compiled_long32)

.gcc_compiled_long64
 *(.gcc_compiled_long64)

/DISCARD/
 *(.note.GNU-stack)
 *(.gnu_debuglink)
 *(.gnu.lto_*)
OUTPUT(/home/zengyao/DT_Hybrid_GPL_1.00.052/DT-W724V-20140311/output/package/atp/libraries/opensrc/gplutil/libgplutil.so elf32-tradbigmips)
