Archive member included because of file (symbol)

/opt/toolchains/crosstools-mips-gcc-4.6-linux-3.4-uclibc-0.9.32-binutils-2.21/usr/lib/gcc/mips-unknown-linux-uclibc/4.6.2/libgcc.a(_ashldi3.o)
                              /home/zengyao/DT_Hybrid_GPL_1.00.052/DT-W724V-20140311/output/package/atp/libraries/opensrc/sqlite/sqlite3.o (__ashldi3)
/opt/toolchains/crosstools-mips-gcc-4.6-linux-3.4-uclibc-0.9.32-binutils-2.21/usr/lib/gcc/mips-unknown-linux-uclibc/4.6.2/libgcc.a(_ashrdi3.o)
                              /home/zengyao/DT_Hybrid_GPL_1.00.052/DT-W724V-20140311/output/package/atp/libraries/opensrc/sqlite/sqlite3.o (__ashrdi3)
/opt/toolchains/crosstools-mips-gcc-4.6-linux-3.4-uclibc-0.9.32-binutils-2.21/usr/lib/gcc/mips-unknown-linux-uclibc/4.6.2/libgcc.a(_fixdfdi.o)
                              /home/zengyao/DT_Hybrid_GPL_1.00.052/DT-W724V-20140311/output/package/atp/libraries/opensrc/sqlite/sqlite3.o (__fixdfdi)
/opt/toolchains/crosstools-mips-gcc-4.6-linux-3.4-uclibc-0.9.32-binutils-2.21/usr/lib/gcc/mips-unknown-linux-uclibc/4.6.2/libgcc.a(_fixunsdfdi.o)
                              /home/zengyao/DT_Hybrid_GPL_1.00.052/DT-W724V-20140311/output/package/atp/libraries/opensrc/sqlite/sqlite3.o (__fixunsdfdi)
/opt/toolchains/crosstools-mips-gcc-4.6-linux-3.4-uclibc-0.9.32-binutils-2.21/usr/lib/gcc/mips-unknown-linux-uclibc/4.6.2/libgcc.a(_floatdidf.o)
                              /home/zengyao/DT_Hybrid_GPL_1.00.052/DT-W724V-20140311/output/package/atp/libraries/opensrc/sqlite/sqlite3.o (__floatdidf)
/opt/toolchains/crosstools-mips-gcc-4.6-linux-3.4-uclibc-0.9.32-binutils-2.21/usr/lib/gcc/mips-unknown-linux-uclibc/4.6.2/libgcc.a(_divdi3.o)
                              /home/zengyao/DT_Hybrid_GPL_1.00.052/DT-W724V-20140311/output/package/atp/libraries/opensrc/sqlite/sqlite3.o (__divdi3)
/opt/toolchains/crosstools-mips-gcc-4.6-linux-3.4-uclibc-0.9.32-binutils-2.21/usr/lib/gcc/mips-unknown-linux-uclibc/4.6.2/libgcc.a(_moddi3.o)
                              /home/zengyao/DT_Hybrid_GPL_1.00.052/DT-W724V-20140311/output/package/atp/libraries/opensrc/sqlite/sqlite3.o (__moddi3)
/opt/toolchains/crosstools-mips-gcc-4.6-linux-3.4-uclibc-0.9.32-binutils-2.21/usr/lib/gcc/mips-unknown-linux-uclibc/4.6.2/libgcc.a(_udivdi3.o)
                              /home/zengyao/DT_Hybrid_GPL_1.00.052/DT-W724V-20140311/output/package/atp/libraries/opensrc/sqlite/sqlite3.o (__udivdi3)
/opt/toolchains/crosstools-mips-gcc-4.6-linux-3.4-uclibc-0.9.32-binutils-2.21/usr/lib/gcc/mips-unknown-linux-uclibc/4.6.2/libgcc.a(_umoddi3.o)
                              /home/zengyao/DT_Hybrid_GPL_1.00.052/DT-W724V-20140311/output/package/atp/libraries/opensrc/sqlite/sqlite3.o (__umoddi3)
/opt/toolchains/crosstools-mips-gcc-4.6-linux-3.4-uclibc-0.9.32-binutils-2.21/usr/lib/gcc/mips-unknown-linux-uclibc/4.6.2/libgcc.a(_addsub_df.o)
                              /home/zengyao/DT_Hybrid_GPL_1.00.052/DT-W724V-20140311/output/package/atp/libraries/opensrc/sqlite/sqlite3.o (__adddf3)
/opt/toolchains/crosstools-mips-gcc-4.6-linux-3.4-uclibc-0.9.32-binutils-2.21/usr/lib/gcc/mips-unknown-linux-uclibc/4.6.2/libgcc.a(_mul_df.o)
                              /home/zengyao/DT_Hybrid_GPL_1.00.052/DT-W724V-20140311/output/package/atp/libraries/opensrc/sqlite/sqlite3.o (__muldf3)
/opt/toolchains/crosstools-mips-gcc-4.6-linux-3.4-uclibc-0.9.32-binutils-2.21/usr/lib/gcc/mips-unknown-linux-uclibc/4.6.2/libgcc.a(_div_df.o)
                              /home/zengyao/DT_Hybrid_GPL_1.00.052/DT-W724V-20140311/output/package/atp/libraries/opensrc/sqlite/sqlite3.o (__divdf3)
/opt/toolchains/crosstools-mips-gcc-4.6-linux-3.4-uclibc-0.9.32-binutils-2.21/usr/lib/gcc/mips-unknown-linux-uclibc/4.6.2/libgcc.a(_eq_df.o)
                              /home/zengyao/DT_Hybrid_GPL_1.00.052/DT-W724V-20140311/output/package/atp/libraries/opensrc/sqlite/sqlite3.o (__eqdf2)
/opt/toolchains/crosstools-mips-gcc-4.6-linux-3.4-uclibc-0.9.32-binutils-2.21/usr/lib/gcc/mips-unknown-linux-uclibc/4.6.2/libgcc.a(_ne_df.o)
                              /home/zengyao/DT_Hybrid_GPL_1.00.052/DT-W724V-20140311/output/package/atp/libraries/opensrc/sqlite/sqlite3.o (__nedf2)
/opt/toolchains/crosstools-mips-gcc-4.6-linux-3.4-uclibc-0.9.32-binutils-2.21/usr/lib/gcc/mips-unknown-linux-uclibc/4.6.2/libgcc.a(_gt_df.o)
                              /home/zengyao/DT_Hybrid_GPL_1.00.052/DT-W724V-20140311/output/package/atp/libraries/opensrc/sqlite/sqlite3.o (__gtdf2)
/opt/toolchains/crosstools-mips-gcc-4.6-linux-3.4-uclibc-0.9.32-binutils-2.21/usr/lib/gcc/mips-unknown-linux-uclibc/4.6.2/libgcc.a(_ge_df.o)
                              /home/zengyao/DT_Hybrid_GPL_1.00.052/DT-W724V-20140311/output/package/atp/libraries/opensrc/sqlite/sqlite3.o (__gedf2)
/opt/toolchains/crosstools-mips-gcc-4.6-linux-3.4-uclibc-0.9.32-binutils-2.21/usr/lib/gcc/mips-unknown-linux-uclibc/4.6.2/libgcc.a(_lt_df.o)
[...]
Memory Configuration

Name             Origin             Length             Attributes
*default*        0x0000000000000000 0xffffffffffffffff

Linker script and memory map

LOAD /home/zengyao/DT_Hybrid_GPL_1.00.052/DT-W724V-20140311/output/host/usr/mips-unknown-linux-uclibc/sysroot/usr/lib/crti.o
LOAD /opt/toolchains/crosstools-mips-gcc-4.6-linux-3.4-uclibc-0.9.32-binutils-2.21/usr/lib/gcc/mips-unknown-linux-uclibc/4.6.2/crtbeginS.o
LOAD /home/zengyao/DT_Hybrid_GPL_1.00.052/DT-W724V-20140311/output/package/atp/libraries/opensrc/sqlite/sqlite3.o
LOAD /opt/toolchains/crosstools-mips-gcc-4.6-linux-3.4-uclibc-0.9.32-binutils-2.21/usr/lib/gcc/mips-unknown-linux-uclibc/4.6.2/libgcc.a
LOAD /home/zengyao/DT_Hybrid_GPL_1.00.052/DT-W724V-20140311/output/host/usr/mips-unknown-linux-uclibc/sysroot/lib/libgcc_s.so
LOAD /home/zengyao/DT_Hybrid_GPL_1.00.052/DT-W724V-20140311/output/host/usr/mips-unknown-linux-uclibc/sysroot/usr/lib/libc.so
START GROUP
LOAD /home/zengyao/DT_Hybrid_GPL_1.00.052/DT-W724V-20140311/output/host/usr/mips-unknown-linux-uclibc/sysroot/lib/libc.so.0
LOAD /home/zengyao/DT_Hybrid_GPL_1.00.052/DT-W724V-20140311/output/host/usr/mips-unknown-linux-uclibc/sysroot/usr/lib/uclibc_nonshared.a
LOAD /home/zengyao/DT_Hybrid_GPL_1.00.052/DT-W724V-20140311/output/host/usr/mips-unknown-linux-uclibc/sysroot/lib/ld-uClibc.so.0
END GROUP
LOAD /opt/toolchains/crosstools-mips-gcc-4.6-linux-3.4-uclibc-0.9.32-binutils-2.21/usr/lib/gcc/mips-unknown-linux-uclibc/4.6.2/libgcc.a
LOAD /home/zengyao/DT_Hybrid_GPL_1.00.052/DT-W724V-20140311/output/host/usr/mips-unknown-linux-uclibc/sysroot/lib/libgcc_s.so
LOAD /opt/toolchains/crosstools-mips-gcc-4.6-linux-3.4-uclibc-0.9.32-binutils-2.21/usr/lib/gcc/mips-unknown-linux-uclibc/4.6.2/crtendS.o
LOAD /home/zengyao/DT_Hybrid_GPL_1.00.052/DT-W724V-20140311/output/host/usr/mips-unknown-linux-uclibc/sysroot/usr/lib/crtn.o
                0x00000000000000f4                . = (0x0 + SIZEOF_HEADERS)

.reginfo        0x00000000000000f4       0x18
 *(.reginfo)
 .reginfo       0x00000000000000f4       0x18 /home/zengyao/DT_Hybrid_GPL_1.00.052/DT-W724V-20140311/output/host/usr/mips-unknown-linux-uclibc/sysroot/usr/lib/crti.o

.note.gnu.build-id
 *(.note.gnu.build-id)

.dynamic        0x000000000000010c       0xf0
 *(.dynamic)
 .dynamic       0x000000000000010c       0xf0 /home/zengyao/DT_Hybrid_GPL_1.00.052/DT-W724V-20140311/output/host/usr/mips-unknown-linux-uclibc/sysroot/usr/lib/crti.o
                0x000000000000010c                _DYNAMIC

.hash           0x00000000000001fc      0x6d8
 *(.hash)
 .hash          0x00000000000001fc      0x6d8 /home/zengyao/DT_Hybrid_GPL_1.00.052/DT-W724V-20140311/output/host/usr/mips-unknown-linux-uclibc/sysroot/usr/lib/crti.o

.gnu.hash
 *(.gnu.hash)

.dynsym         0x00000000000008d4      0xef0
 *(.dynsym)
 .dynsym        0x00000000000008d4      0xef0 /home/zengyao/DT_Hybrid_GPL_1.00.052/DT-W724V-20140311/output/host/usr/mips-unknown-linux-uclibc/sysroot/usr/lib/crti.o

.dynstr         0x00000000000017c4     0x105f
 *(.dynstr)
 .dynstr        0x00000000000017c4     0x105f /home/zengyao/DT_Hybrid_GPL_1.00.052/DT-W724V-20140311/output/host/usr/mips-unknown-linux-uclibc/sysroot/usr/lib/crti.o

.gnu.version    0x0000000000002824      0x1de
 *(.gnu.version)
 .gnu.version   0x0000000000002824      0x1de /home/zengyao/DT_Hybrid_GPL_1.00.052/DT-W724V-20140311/output/host/usr/mips-unknown-linux-uclibc/sysroot/usr/lib/crti.o

.gnu.version_d  0x0000000000002a04        0x0 load address 0x0000000000002a02
 *(.gnu.version_d)
 .gnu.version_d
                0x0000000000000000        0x0 /home/zengyao/DT_Hybrid_GPL_1.00.052/DT-W724V-20140311/output/host/usr/mips-unknown-linux-uclibc/sysroot/usr/lib/crti.o

.gnu.version_r  0x0000000000002a04       0x20
 *(.gnu.version_r)
 .gnu.version_r
                0x0000000000002a04       0x20 /home/zengyao/DT_Hybrid_GPL_1.00.052/DT-W724V-20140311/output/host/usr/mips-unknown-linux-uclibc/sysroot/usr/lib/crti.o

.rel.dyn        0x0000000000002a24     0x1390
 *(.rel.init)
 *(.rel.text .rel.text.* .rel.gnu.linkonce.t.*)
 *(.rel.fini)
 *(.rel.rodata .rel.rodata.* .rel.gnu.linkonce.r.*)
 *(.rel.data.rel.ro* .rel.gnu.linkonce.d.rel.ro.*)
 *(.rel.data .rel.data.* .rel.gnu.linkonce.d.*)
 *(.rel.tdata .rel.tdata.* .rel.gnu.linkonce.td.*)
 *(.rel.tbss .rel.tbss.* .rel.gnu.linkonce.tb.*)
 *(.rel.ctors)
 *(.rel.dtors)
 *(.rel.got)
 *(.rel.dyn)
 .rel.dyn       0x0000000000002a24     0x1390 /home/zengyao/DT_Hybrid_GPL_1.00.052/DT-W724V-20140311/output/host/usr/mips-unknown-linux-uclibc/sysroot/usr/lib/crti.o
 *(.rel.sdata .rel.sdata.* .rel.gnu.linkonce.s.*)
 *(.rel.sbss .rel.sbss.* .rel.gnu.linkonce.sb.*)
 *(.rel.sdata2 .rel.sdata2.* .rel.gnu.linkonce.s2.*)
 *(.rel.sbss2 .rel.sbss2.* .rel.gnu.linkonce.sb2.*)
 *(.rel.bss .rel.bss.* .rel.gnu.linkonce.b.*)
 *(.rel.iplt)

.rela.dyn
 *(.rela.init)
 *(.rela.text .rela.text.* .rela.gnu.linkonce.t.*)
 *(.rela.fini)
 *(.rela.rodata .rela.rodata.* .rela.gnu.linkonce.r.*)
 *(.rela.data .rela.data.* .rela.gnu.linkonce.d.*)
 *(.rela.tdata .rela.tdata.* .rela.gnu.linkonce.td.*)
 *(.rela.tbss .rela.tbss.* .rela.gnu.linkonce.tb.*)
 *(.rela.ctors)
 *(.rela.dtors)
 *(.rela.got)
 *(.rela.sdata .rela.sdata.* .rela.gnu.linkonce.s.*)
 *(.rela.sbss .rela.sbss.* .rela.gnu.linkonce.sb.*)
 *(.rela.sdata2 .rela.sdata2.* .rela.gnu.linkonce.s2.*)
 *(.rela.sbss2 .rela.sbss2.* .rela.gnu.linkonce.sb2.*)
 *(.rela.bss .rela.bss.* .rela.gnu.linkonce.b.*)
 *(.rela.iplt)

.rel.plt        0x0000000000003db4        0x0
 *(.rel.plt)
 .rel.plt       0x0000000000000000        0x0 /home/zengyao/DT_Hybrid_GPL_1.00.052/DT-W724V-20140311/output/host/usr/mips-unknown-linux-uclibc/sysroot/usr/lib/crti.o

.rela.plt
 *(.rela.plt)

.init           0x0000000000003db4       0x78
 *(.init)
 .init          0x0000000000003db4       0x1c /home/zengyao/DT_Hybrid_GPL_1.00.052/DT-W724V-20140311/output/host/usr/mips-unknown-linux-uclibc/sysroot/usr/lib/crti.o
                0x0000000000003db4                _init
 .init          0x0000000000003dd0       0x28 /opt/toolchains/crosstools-mips-gcc-4.6-linux-3.4-uclibc-0.9.32-binutils-2.21/usr/lib/gcc/mips-unknown-linux-uclibc/4.6.2/crtbeginS.o
 .init          0x0000000000003df8       0x28 /opt/toolchains/crosstools-mips-gcc-4.6-linux-3.4-uclibc-0.9.32-binutils-2.21/usr/lib/gcc/mips-unknown-linux-uclibc/4.6.2/crtendS.o
 .init          0x0000000000003e20        0xc /home/zengyao/DT_Hybrid_GPL_1.00.052/DT-W724V-20140311/output/host/usr/mips-unknown-linux-uclibc/sysroot/usr/lib/crtn.o

.plt            0x0000000000003e2c        0x0
 *(.plt)
 .plt           0x0000000000000000        0x0 /home/zengyao/DT_Hybrid_GPL_1.00.052/DT-W724V-20140311/output/host/usr/mips-unknown-linux-uclibc/sysroot/usr/lib/crti.o

.iplt
 *(.iplt)

.text           0x0000000000003e30    0x63890
                0x0000000000003e30                _ftext = .
 *(.text.unlikely .text.*_unlikely)
 .text.unlikely
                0x0000000000003e30     0x20dc /home/zengyao/DT_Hybrid_GPL_1.00.052/DT-W724V-20140311/output/package/atp/libraries/opensrc/sqlite/sqlite3.o
 *(.text.exit .text.exit.*)
 *(.text.startup .text.startup.*)
 *(.text.hot .text.hot.*)
 *(.text .stub .text.* .gnu.linkonce.t.*)
 *fill*         0x0000000000005f0c        0x4 00000000
 .text          0x0000000000005f10        0x0 /home/zengyao/DT_Hybrid_GPL_1.00.052/DT-W724V-20140311/output/host/usr/mips-unknown-linux-uclibc/sysroot/usr/lib/crti.o
 .text          0x0000000000005f10      0x150 /opt/toolchains/crosstools-mips-gcc-4.6-linux-3.4-uclibc-0.9.32-binutils-2.21/usr/lib/gcc/mips-unknown-linux-uclibc/4.6.2/crtbeginS.o
 .text          0x0000000000006060    0x5ed20 /home/zengyao/DT_Hybrid_GPL_1.00.052/DT-W724V-20140311/output/package/atp/libraries/opensrc/sqlite/sqlite3.o
                0x000000000000625c                sqlite3_mutex_free
                0x0000000000006288                sqlite3_mutex_enter
                0x00000000000062b4                sqlite3_mutex_try
                0x00000000000062e0                sqlite3_mutex_leave
                0x000000000000630c                sqlite3_vfs_unregister
                0x000000000000639c                sqlite3_release_memory
                0x0000000000008158                sqlite3_enable_shared_cache
                0x0000000000008330                sqlite3_sql
                0x00000000000088ec                sqlite3_expired
                0x0000000000008904                sqlite3_value_type
                0x000000000000890c                sqlite3_user_data
                0x0000000000008918                sqlite3_context_db_handle
                0x00000000000089cc                sqlite3_get_auxdata
                0x0000000000008a04                sqlite3_aggregate_count
                0x0000000000008a10                sqlite3_column_count
                0x0000000000008a24                sqlite3_data_count
                0x0000000000008b14                sqlite3_column_name
                0x0000000000008b34                sqlite3_column_name16
                0x0000000000008b54                sqlite3_column_decltype
                0x0000000000008b74                sqlite3_column_decltype16
                0x0000000000008b94                sqlite3_bind_parameter_count
                0x0000000000008ba8                sqlite3_db_handle
                0x0000000000008bbc                sqlite3_next_stmt
                0x0000000000008c78                sqlite3_blob_bytes
                0x00000000000097d4                sqlite3_set_authorizer
                0x000000000000af24                sqlite3_libversion
                0x000000000000af38                sqlite3_libversion_number
                0x000000000000af44                sqlite3_threadsafe
                0x000000000000af4c                sqlite3_last_insert_rowid
                0x000000000000af58                sqlite3_changes
                0x000000000000af60                sqlite3_total_changes
                0x000000000000afbc                sqlite3_busy_handler
                0x000000000000b02c                sqlite3_progress_handler
                0x000000000000b0b0                sqlite3_interrupt
                0x000000000000b0c0                sqlite3_trace
                0x000000000000b134                sqlite3_profile
                0x000000000000b1a8                sqlite3_commit_hook
                0x000000000000b21c                sqlite3_update_hook
                0x000000000000b290                sqlite3_rollback_hook
                0x000000000000b304                sqlite3_limit
                0x000000000000b358                sqlite3_collation_needed
                0x000000000000b3c8                sqlite3_collation_needed16
                0x000000000000b438                sqlite3_get_autocommit
                0x000000000000b440                sqlite3_thread_cleanup
                0x000000000000b448                sqlite3_extended_result_codes
                0x000000000000cfa4                sqlite3_status
                0x000000000000cffc                sqlite3_memory_used
                0x000000000000d040                sqlite3_memory_highwater
                0x000000000000e634                sqlite3_free
                0x000000000000ebc0                sqlite3_free_table
                0x0000000000012190                sqlite3_file_control
                0x0000000000012c04                sqlite3_bind_parameter_name
                0x0000000000012c88                sqlite3_bind_parameter_index
                0x0000000000013574                sqlite3_busy_timeout
                0x00000000000135c8                sqlite3_errcode
                0x0000000000016230                sqlite3_snprintf
                0x0000000000017d48                sqlite3_db_status
                0x0000000000017d7c                sqlite3_memory_alarm
                0x0000000000017e0c                sqlite3_strnicmp
                0x000000000001d334                sqlite3_complete
                0x000000000001dd3c                sqlite3_os_end
                0x000000000001dd44                sqlite3_backup_remaining
                0x000000000001dd4c                sqlite3_backup_pagecount
                0x000000000001dd54                sqlite3_stmt_status
                0x000000000001dd74                sqlite3_enable_load_extension
                0x000000000001ddf4                sqlite3_sourceid
                0x000000000001de0c                sqlite3_config
                0x000000000001e084                sqlite3_initialize
                0x000000000001e5ec                sqlite3_reset_auto_extension
                0x000000000001e69c                sqlite3_shutdown
                0x000000000001e7ac                sqlite3_vmprintf
                0x000000000001e860                sqlite3_mprintf
                0x000000000001e8c8                sqlite3_realloc
                0x0000000000020ab4                sqlite3_set_auxdata
                0x0000000000020ce0                sqlite3_auto_extension
                0x0000000000020df0                sqlite3_malloc
                0x0000000000021e48                sqlite3_soft_heap_limit
                0x0000000000021f60                sqlite3_mutex_alloc
                0x0000000000022030                sqlite3_vfs_register
                0x0000000000022104                sqlite3_os_init
                0x0000000000022180                sqlite3_vfs_find
                0x0000000000022240                sqlite3_sleep
                0x00000000000222ac                sqlite3_randomness
                0x0000000000022460                sqlite3_test_control
                0x000000000002862c                sqlite3_value_text16le
                0x0000000000028648                sqlite3_value_text16be
                0x0000000000028664                sqlite3_value_text16
                0x0000000000028694                sqlite3_value_text
                0x00000000000286b0                sqlite3_errmsg
                0x000000000002877c                sqlite3_value_blob
                0x0000000000028860                sqlite3_value_bytes16
                0x0000000000028890                sqlite3_value_bytes
                0x00000000000289e0                sqlite3_value_double
                0x0000000000029a64                sqlite3_value_numeric_type
                0x0000000000029c58                sqlite3_value_int64
                0x0000000000029c74                sqlite3_value_int
                0x000000000002b484                sqlite3_result_int64
                0x000000000002b550                sqlite3_result_int
                0x000000000002b844                sqlite3_transfer_bindings
                0x000000000002b874                sqlite3_result_zeroblob
                0x000000000002b9bc                sqlite3_clear_bindings
                0x000000000002c1a8                sqlite3_result_value
                0x000000000002c44c                sqlite3_aggregate_context
                0x000000000002d0c8                sqlite3_create_collation_v2
                0x000000000002d180                sqlite3_create_collation
                0x000000000002d3e0                sqlite3_create_module_v2
                0x000000000002d3fc                sqlite3_create_module
                0x000000000002d434                sqlite3_load_extension
                0x000000000002da70                sqlite3_overload_function
                0x000000000002db78                sqlite3_create_function
                0x000000000002dd0c                sqlite3_column_type
                0x000000000002dd74                sqlite3_column_value
                0x000000000002dde4                sqlite3_column_text16
                0x000000000002de4c                sqlite3_column_text
                0x000000000002deb4                sqlite3_column_blob
                0x000000000002df1c                sqlite3_column_bytes16
                0x000000000002df84                sqlite3_column_bytes
                0x000000000002dfec                sqlite3_column_double
                0x000000000002e064                sqlite3_column_int64
                0x000000000002e0d4                sqlite3_column_int
                0x000000000002e278                sqlite3_bind_null
                0x000000000002e2d4                sqlite3_bind_int64
                0x000000000002e394                sqlite3_bind_int
                0x000000000002e3b0                sqlite3_bind_zeroblob
                0x000000000002e600                sqlite3_backup_init
                0x000000000002e790                sqlite3_errmsg16
                0x0000000000032e6c                sqlite3_result_error_toobig
                0x0000000000032f64                sqlite3_result_error_code
                0x0000000000033048                sqlite3_result_text16le
                0x0000000000033080                sqlite3_result_text16be
                0x00000000000330b8                sqlite3_result_text16
                0x0000000000033104                sqlite3_result_text
                0x0000000000033810                sqlite3_result_blob
                0x0000000000033c50                sqlite3_result_error16
                0x0000000000033cac                sqlite3_result_error
                0x00000000000340e0                sqlite3_create_collation16
                0x00000000000341e4                sqlite3_create_function16
                0x000000000003df98                sqlite3_bind_text16
                0x000000000003dfec                sqlite3_bind_text
                0x000000000003e030                sqlite3_bind_blob
                0x000000000003e120                sqlite3_bind_double
                0x000000000003e1cc                sqlite3_bind_value
                0x000000000003e2e0                sqlite3_result_double
                0x000000000003e58c                sqlite3_result_error_nomem
                0x000000000003fd58                sqlite3_result_null
                0x0000000000040148                sqlite3_close
                0x00000000000406c0                sqlite3_backup_finish
                0x0000000000044824                sqlite3_backup_step
                0x0000000000049160                sqlite3_blob_write
                0x00000000000491a4                sqlite3_blob_read
                0x00000000000491e8                sqlite3_finalize
                0x0000000000049288                sqlite3_blob_close
                0x0000000000049318                sqlite3_reset
                0x0000000000050b24                sqlite3_step
                0x0000000000051820                sqlite3_exec
                0x000000000005e9f8                sqlite3_declare_vtab
                0x0000000000062af0                sqlite3_prepare16_v2
                0x0000000000062b30                sqlite3_prepare16
                0x0000000000062b70                sqlite3_prepare_v2
                0x0000000000062bb0                sqlite3_prepare
                0x00000000000630a0                sqlite3_get_table
                0x00000000000632a8                sqlite3_blob_open
                0x0000000000064940                sqlite3_complete16
                0x0000000000064a48                sqlite3_open16
                0x0000000000064bbc                sqlite3_open_v2
                0x0000000000064c28                sqlite3_open
                0x0000000000064c8c                sqlite3_db_mutex
                0x0000000000064c94                sqlite3_db_config
                0x0000000000064d0c                sqlite3_extended_errcode
                0x0000000000064d70                sqlite3_global_recover
 .text          0x0000000000064d80       0x40 /opt/toolchains/crosstools-mips-gcc-4.6-linux-3.4-uclibc-0.9.32-binutils-2.21/usr/lib/gcc/mips-unknown-linux-uclibc/4.6.2/libgcc.a(_ashldi3.o)
                0x0000000000064d80                __ashldi3
 .text          0x0000000000064dc0       0x40 /opt/toolchains/crosstools-mips-gcc-4.6-linux-3.4-uclibc-0.9.32-binutils-2.21/usr/lib/gcc/mips-unknown-linux-uclibc/4.6.2/libgcc.a(_ashrdi3.o)
                0x0000000000064dc0                __ashrdi3
 .text          0x0000000000064e00       0xa0 /opt/toolchains/crosstools-mips-gcc-4.6-linux-3.4-uclibc-0.9.32-binutils-2.21/usr/lib/gcc/mips-unknown-linux-uclibc/4.6.2/libgcc.a(_fixdfdi.o)
                0x0000000000064e00                __fixdfdi
 .text          0x0000000000064ea0       0xe0 /opt/toolchains/crosstools-mips-gcc-4.6-linux-3.4-uclibc-0.9.32-binutils-2.21/usr/lib/gcc/mips-unknown-linux-uclibc/4.6.2/libgcc.a(_fixunsdfdi.o)
                0x0000000000064ea0                __fixunsdfdi
 .text          0x0000000000064f80       0xb0 /opt/toolchains/crosstools-mips-gcc-4.6-linux-3.4-uclibc-0.9.32-binutils-2.21/usr/lib/gcc/mips-unknown-linux-uclibc/4.6.2/libgcc.a(_floatdidf.o)
                0x0000000000064f80                __floatdidf
 .text          0x0000000000065030      0x490 /opt/toolchains/crosstools-mips-gcc-4.6-linux-3.4-uclibc-0.9.32-binutils-2.21/usr/lib/gcc/mips-unknown-linux-uclibc/4.6.2/libgcc.a(_divdi3.o)
                0x0000000000065030                __divdi3
 .text          0x00000000000654c0      0x4a0 /opt/toolchains/crosstools-mips-gcc-4.6-linux-3.4-uclibc-0.9.32-binutils-2.21/usr/lib/gcc/mips-unknown-linux-uclibc/4.6.2/libgcc.a(_moddi3.o)
                0x00000000000654c0                __moddi3
 .text          0x0000000000065960      0x440 /opt/toolchains/crosstools-mips-gcc-4.6-linux-3.4-uclibc-0.9.32-binutils-2.21/usr/lib/gcc/mips-unknown-linux-uclibc/4.6.2/libgcc.a(_udivdi3.o)
                0x0000000000065960                __udivdi3
 .text          0x0000000000065da0      0x450 /opt/toolchains/crosstools-mips-gcc-4.6-linux-3.4-uclibc-0.9.32-binutils-2.21/usr/lib/gcc/mips-unknown-linux-uclibc/4.6.2/libgcc.a(_umoddi3.o)
                0x0000000000065da0                __umoddi3
 .text          0x00000000000661f0      0x4b0 /opt/toolchains/crosstools-mips-gcc-4.6-linux-3.4-uclibc-0.9.32-binutils-2.21/usr/lib/gcc/mips-unknown-linux-uclibc/4.6.2/libgcc.a(_addsub_df.o)
                0x000000000006657c                __adddf3
                0x0000000000066608                __subdf3
 .text          0x00000000000666a0      0x300 /opt/toolchains/crosstools-mips-gcc-4.6-linux-3.4-uclibc-0.9.32-binutils-2.21/usr/lib/gcc/mips-unknown-linux-uclibc/4.6.2/libgcc.a(_mul_df.o)
                0x00000000000666a0                __muldf3
 .text          0x00000000000669a0      0x210 /opt/toolchains/crosstools-mips-gcc-4.6-linux-3.4-uclibc-0.9.32-binutils-2.21/usr/lib/gcc/mips-unknown-linux-uclibc/4.6.2/libgcc.a(_div_df.o)
                0x00000000000669a0                __divdf3
 .text          0x0000000000066bb0       0x90 /opt/toolchains/crosstools-mips-gcc-4.6-linux-3.4-uclibc-0.9.32-binutils-2.21/usr/lib/gcc/mips-unknown-linux-uclibc/4.6.2/libgcc.a(_eq_df.o)
                0x0000000000066bb0                __eqdf2
 .text          0x0000000000066c40       0x90 /opt/toolchains/crosstools-mips-gcc-4.6-linux-3.4-uclibc-0.9.32-binutils-2.21/usr/lib/gcc/mips-unknown-linux-uclibc/4.6.2/libgcc.a(_ne_df.o)
                0x0000000000066c40                __nedf2
 .text          0x0000000000066cd0       0x90 /opt/toolchains/crosstools-mips-gcc-4.6-linux-3.4-uclibc-0.9.32-binutils-2.21/usr/lib/gcc/mips-unknown-linux-uclibc/4.6.2/libgcc.a(_gt_df.o)
                0x0000000000066cd0                __gtdf2
 .text          0x0000000000066d60       0x90 /opt/toolchains/crosstools-mips-gcc-4.6-linux-3.4-uclibc-0.9.32-binutils-2.21/usr/lib/gcc/mips-unknown-linux-uclibc/4.6.2/libgcc.a(_ge_df.o)
                0x0000000000066d60                __gedf2
 .text          0x0000000000066df0       0x90 /opt/toolchains/crosstools-mips-gcc-4.6-linux-3.4-uclibc-0.9.32-binutils-2.21/usr/lib/gcc/mips-unknown-linux-uclibc/4.6.2/libgcc.a(_lt_df.o)
                0x0000000000066df0                __ltdf2
 .text          0x0000000000066e80       0xc0 /opt/toolchains/crosstools-mips-gcc-4.6-linux-3.4-uclibc-0.9.32-binutils-2.21/usr/lib/gcc/mips-unknown-linux-uclibc/4.6.2/libgcc.a(_si_to_df.o)
                0x0000000000066e80                __floatsidf
 .text          0x0000000000066f40       0xc0 /opt/toolchains/crosstools-mips-gcc-4.6-linux-3.4-uclibc-0.9.32-binutils-2.21/usr/lib/gcc/mips-unknown-linux-uclibc/4.6.2/libgcc.a(_df_to_si.o)
                0x0000000000066f40                __fixdfsi
 .text          0x0000000000067000        0x0 /opt/toolchains/crosstools-mips-gcc-4.6-linux-3.4-uclibc-0.9.32-binutils-2.21/usr/lib/gcc/mips-unknown-linux-uclibc/4.6.2/libgcc.a(_thenan_df.o)
 .text          0x0000000000067000      0x110 /opt/toolchains/crosstools-mips-gcc-4.6-linux-3.4-uclibc-0.9.32-binutils-2.21/usr/lib/gcc/mips-unknown-linux-uclibc/4.6.2/libgcc.a(_usi_to_df.o)
                0x0000000000067000                __floatunsidf
 .text          0x0000000000067110       0x40 /opt/toolchains/crosstools-mips-gcc-4.6-linux-3.4-uclibc-0.9.32-binutils-2.21/usr/lib/gcc/mips-unknown-linux-uclibc/4.6.2/libgcc.a(_lshrdi3.o)
                0x0000000000067110                __lshrdi3
 .text          0x0000000000067150       0xb0 /opt/toolchains/crosstools-mips-gcc-4.6-linux-3.4-uclibc-0.9.32-binutils-2.21/usr/lib/gcc/mips-unknown-linux-uclibc/4.6.2/libgcc.a(_fixunsdfsi.o)
                0x0000000000067150                __fixunsdfsi
 .text          0x0000000000067200      0x240 /opt/toolchains/crosstools-mips-gcc-4.6-linux-3.4-uclibc-0.9.32-binutils-2.21/usr/lib/gcc/mips-unknown-linux-uclibc/4.6.2/libgcc.a(_pack_df.o)
                0x0000000000067200                __pack_d
 .text          0x0000000000067440       0xf0 /opt/toolchains/crosstools-mips-gcc-4.6-linux-3.4-uclibc-0.9.32-binutils-2.21/usr/lib/gcc/mips-unknown-linux-uclibc/4.6.2/libgcc.a(_unpack_df.o)
                0x0000000000067440                __unpack_d
 .text          0x0000000000067530      0x130 /opt/toolchains/crosstools-mips-gcc-4.6-linux-3.4-uclibc-0.9.32-binutils-2.21/usr/lib/gcc/mips-unknown-linux-uclibc/4.6.2/libgcc.a(_fpcmp_parts_df.o)
                0x0000000000067530                __fpcmp_parts_d
 .text          0x0000000000067660       0x60 /opt/toolchains/crosstools-mips-gcc-4.6-linux-3.4-uclibc-0.9.32-binutils-2.21/usr/lib/gcc/mips-unknown-linux-uclibc/4.6.2/crtendS.o
 .text          0x00000000000676c0        0x0 /home/zengyao/DT_Hybrid_GPL_1.00.052/DT-W724V-20140311/output/host/usr/mips-unknown-linux-uclibc/sysroot/usr/lib/crtn.o
 *(.gnu.warning)
 *(.mips16.fn.*)
 *(.mips16.call.*)

.MIPS.stubs     0x00000000000676c0      0x330
 .MIPS.stubs    0x00000000000676c0      0x330 /home/zengyao/DT_Hybrid_GPL_1.00.052/DT-W724V-20140311/output/host/usr/mips-unknown-linux-uclibc/sysroot/usr/lib/crti.o
                0x00000000000676c0                pthread_mutex_trylock
                0x00000000000676d0                __errno_location
                0x00000000000676e0                fcntl64
                0x00000000000676f0                getenv
                0x0000000000067700                memcpy
                0x0000000000067710                sleep
                0x0000000000067720                realloc
                0x0000000000067730                pthread_mutex_init
                0x0000000000067750                gettimeofday
                0x0000000000067760                fstat64
                0x0000000000067770                getcwd
                0x0000000000067780                malloc
                0x0000000000067790                strncmp
                0x00000000000677b0                strlen
                0x00000000000677c0                pthread_mutex_lock
                0x00000000000677d0                dup
                0x00000000000677e0                read
                0x00000000000677f0                lseek64
                0x0000000000067800                access
                0x0000000000067810                stat64
                0x0000000000067830                getpid
                0x0000000000067840                pthread_mutex_destroy
                0x0000000000067850                memmove
                0x0000000000067870                time
                0x0000000000067890                write
                0x00000000000678a0                localtime
                0x00000000000678b0                close
                0x00000000000678d0                pthread_self
                0x00000000000678e0                unlink
                0x00000000000678f0                memset
                0x0000000000067900                fdatasync
                0x0000000000067910                utimes
                0x0000000000067920                memcmp
                0x0000000000067930                pthread_equal
                0x0000000000067940                pthread_mutex_unlock
                0x0000000000067950                open64
                0x0000000000067960                strcmp
                0x0000000000067970                free
                0x0000000000067980                atoi
                0x0000000000067990                fsync
                0x00000000000679b0                ftruncate64

.fini           0x00000000000679f0       0x50
 *(.fini)
 .fini          0x00000000000679f0       0x1c /home/zengyao/DT_Hybrid_GPL_1.00.052/DT-W724V-20140311/output/host/usr/mips-unknown-linux-uclibc/sysroot/usr/lib/crti.o
                0x00000000000679f0                _fini
 .fini          0x0000000000067a0c       0x28 /opt/toolchains/crosstools-mips-gcc-4.6-linux-3.4-uclibc-0.9.32-binutils-2.21/usr/lib/gcc/mips-unknown-linux-uclibc/4.6.2/crtbeginS.o
 .fini          0x0000000000067a34        0xc /home/zengyao/DT_Hybrid_GPL_1.00.052/DT-W724V-20140311/output/host/usr/mips-unknown-linux-uclibc/sysroot/usr/lib/crtn.o
                0x0000000000067a40                PROVIDE (__etext, .)
                0x0000000000067a40                PROVIDE (_etext, .)
                0x0000000000067a40                PROVIDE (etext, .)

.rodata         0x0000000000067a40     0x7348
 *(.rodata .rodata.* .gnu.linkonce.r.*)
 .rodata        0x0000000000067a40     0x36c0 /home/zengyao/DT_Hybrid_GPL_1.00.052/DT-W724V-20140311/output/package/atp/libraries/opensrc/sqlite/sqlite3.o
                0x00000000000684ec                sqlite3_version
 .rodata.str1.4
                0x000000000006b100     0x3b10 /home/zengyao/DT_Hybrid_GPL_1.00.052/DT-W724V-20140311/output/package/atp/libraries/opensrc/sqlite/sqlite3.o
                                       0x3be8 (size before relaxing)
 .rodata.cst8   0x000000000006ec10      0x130 /home/zengyao/DT_Hybrid_GPL_1.00.052/DT-W724V-20140311/output/package/atp/libraries/opensrc/sqlite/sqlite3.o
 .rodata.cst8   0x000000000006ed40       0x10 /opt/toolchains/crosstools-mips-gcc-4.6-linux-3.4-uclibc-0.9.32-binutils-2.21/usr/lib/gcc/mips-unknown-linux-uclibc/4.6.2/libgcc.a(_fixunsdfdi.o)
 .rodata.cst8   0x0000000000000000        0x8 /opt/toolchains/crosstools-mips-gcc-4.6-linux-3.4-uclibc-0.9.32-binutils-2.21/usr/lib/gcc/mips-unknown-linux-uclibc/4.6.2/libgcc.a(_floatdidf.o)
 .rodata.cst8   0x000000000006ed50        0x8 /opt/toolchains/crosstools-mips-gcc-4.6-linux-3.4-uclibc-0.9.32-binutils-2.21/usr/lib/gcc/mips-unknown-linux-uclibc/4.6.2/libgcc.a(_si_to_df.o)
 *fill*         0x000000000006ed58        0x8 00
 .rodata        0x000000000006ed60       0x20 /opt/toolchains/crosstools-mips-gcc-4.6-linux-3.4-uclibc-0.9.32-binutils-2.21/usr/lib/gcc/mips-unknown-linux-uclibc/4.6.2/libgcc.a(_thenan_df.o)
                0x000000000006ed60                __thenan_df
 .rodata.cst8   0x000000000006ed80        0x8 /opt/toolchains/crosstools-mips-gcc-4.6-linux-3.4-uclibc-0.9.32-binutils-2.21/usr/lib/gcc/mips-unknown-linux-uclibc/4.6.2/libgcc.a(_fixunsdfsi.o)

.rodata1
 *(.rodata1)

.eh_frame_hdr   0x000000000006ed88       0x2c
 *(.eh_frame_hdr)
 .eh_frame_hdr  0x000000000006ed88       0x2c /opt/toolchains/crosstools-mips-gcc-4.6-linux-3.4-uclibc-0.9.32-binutils-2.21/usr/lib/gcc/mips-unknown-linux-uclibc/4.6.2/libgcc.a(_divdi3.o)

.eh_frame       0x000000000006edb4       0x68
 *(.eh_frame)
 .eh_frame      0x000000000006edb4        0x0 /opt/toolchains/crosstools-mips-gcc-4.6-linux-3.4-uclibc-0.9.32-binutils-2.21/usr/lib/gcc/mips-unknown-linux-uclibc/4.6.2/crtbeginS.o
 .eh_frame      0x000000000006edb4       0x28 /opt/toolchains/crosstools-mips-gcc-4.6-linux-3.4-uclibc-0.9.32-binutils-2.21/usr/lib/gcc/mips-unknown-linux-uclibc/4.6.2/libgcc.a(_divdi3.o)
 .eh_frame      0x000000000006eddc       0x14 /opt/toolchains/crosstools-mips-gcc-4.6-linux-3.4-uclibc-0.9.32-binutils-2.21/usr/lib/gcc/mips-unknown-linux-uclibc/4.6.2/libgcc.a(_moddi3.o)
                                         0x28 (size before relaxing)
 .eh_frame      0x000000000006edf0       0x14 /opt/toolchains/crosstools-mips-gcc-4.6-linux-3.4-uclibc-0.9.32-binutils-2.21/usr/lib/gcc/mips-unknown-linux-uclibc/4.6.2/libgcc.a(_udivdi3.o)
                                         0x28 (size before relaxing)
 .eh_frame      0x000000000006ee04       0x14 /opt/toolchains/crosstools-mips-gcc-4.6-linux-3.4-uclibc-0.9.32-binutils-2.21/usr/lib/gcc/mips-unknown-linux-uclibc/4.6.2/libgcc.a(_umoddi3.o)
                                         0x28 (size before relaxing)
 .eh_frame      0x000000000006ee18        0x4 /opt/toolchains/crosstools-mips-gcc-4.6-linux-3.4-uclibc-0.9.32-binutils-2.21/usr/lib/gcc/mips-unknown-linux-uclibc/4.6.2/crtendS.o

.gcc_except_table
 *(.gcc_except_table .gcc_except_table.*)
                0x000000000006ee1c                . = (ALIGN (0x10000) - ((0x10000 - .) & 0xffff))
                0x000000000007f000                . = DATA_SEGMENT_ALIGN (0x10000, 0x1000)

.eh_frame
 *(.eh_frame)

.gcc_except_table
 *(.gcc_except_table .gcc_except_table.*)

.tdata
 *(.tdata .tdata.* .gnu.linkonce.td.*)

.tbss
 *(.tbss .tbss.* .gnu.linkonce.tb.*)
 *(.tcommon)

.preinit_array
 *(.preinit_array)

.init_array
 *(SORT(.init_array.*))
 *(.init_array)

.fini_array
 *(SORT(.fini_array.*))
 *(.fini_array)

.ctors          0x000000000007f000        0x8
 *crtbegin.o(.ctors)
 *crtbegin?.o(.ctors)
 .ctors         0x000000000007f000        0x4 /opt/toolchains/crosstools-mips-gcc-4.6-linux-3.4-uclibc-0.9.32-binutils-2.21/usr/lib/gcc/mips-unknown-linux-uclibc/4.6.2/crtbeginS.o
 *(EXCLUDE_FILE(*crtend?.o *crtend.o) .ctors)
 *(SORT(.ctors.*))
 *(.ctors)
 .ctors         0x000000000007f004        0x4 /opt/toolchains/crosstools-mips-gcc-4.6-linux-3.4-uclibc-0.9.32-binutils-2.21/usr/lib/gcc/mips-unknown-linux-uclibc/4.6.2/crtendS.o

.dtors          0x000000000007f008        0x8
 *crtbegin.o(.dtors)
 *crtbegin?.o(.dtors)
 .dtors         0x000000000007f008        0x4 /opt/toolchains/crosstools-mips-gcc-4.6-linux-3.4-uclibc-0.9.32-binutils-2.21/usr/lib/gcc/mips-unknown-linux-uclibc/4.6.2/crtbeginS.o
 *(EXCLUDE_FILE(*crtend?.o *crtend.o) .dtors)
 *(SORT(.dtors.*))
 *(.dtors)
 .dtors         0x000000000007f00c        0x4 /opt/toolchains/crosstools-mips-gcc-4.6-linux-3.4-uclibc-0.9.32-binutils-2.21/usr/lib/gcc/mips-unknown-linux-uclibc/4.6.2/crtendS.o
                0x000000000007f00c                __DTOR_END__

.jcr            0x000000000007f010        0x4
 *(.jcr)
 .jcr           0x000000000007f010        0x0 /opt/toolchains/crosstools-mips-gcc-4.6-linux-3.4-uclibc-0.9.32-binutils-2.21/usr/lib/gcc/mips-unknown-linux-uclibc/4.6.2/crtbeginS.o
 .jcr           0x000000000007f010        0x4 /opt/toolchains/crosstools-mips-gcc-4.6-linux-3.4-uclibc-0.9.32-binutils-2.21/usr/lib/gcc/mips-unknown-linux-uclibc/4.6.2/crtendS.o

.data.rel.ro    0x000000000007f018      0x72c
 *(.data.rel.ro.local* .gnu.linkonce.d.rel.ro.local.*)
 .data.rel.ro.local
                0x000000000007f018      0x4c0 /home/zengyao/DT_Hybrid_GPL_1.00.052/DT-W724V-20140311/output/package/atp/libraries/opensrc/sqlite/sqlite3.o
 *(.data.rel.ro* .gnu.linkonce.d.rel.ro.*)
 .data.rel.ro   0x000000000007f4d8      0x26c /home/zengyao/DT_Hybrid_GPL_1.00.052/DT-W724V-20140311/output/package/atp/libraries/opensrc/sqlite/sqlite3.o
                0x000000000007f744                . = DATA_SEGMENT_RELRO_END (., 0x0)

.data           0x000000000007f750      0xa00
                0x000000000007f750                _fdata = .
 *(.data .data.* .gnu.linkonce.d.*)
 .data          0x000000000007f750        0x0 /home/zengyao/DT_Hybrid_GPL_1.00.052/DT-W724V-20140311/output/host/usr/mips-unknown-linux-uclibc/sysroot/usr/lib/crti.o
 .data          0x000000000007f750        0x0 /opt/toolchains/crosstools-mips-gcc-4.6-linux-3.4-uclibc-0.9.32-binutils-2.21/usr/lib/gcc/mips-unknown-linux-uclibc/4.6.2/crtbeginS.o
 .data          0x000000000007f750       0xe0 /home/zengyao/DT_Hybrid_GPL_1.00.052/DT-W724V-20140311/output/package/atp/libraries/opensrc/sqlite/sqlite3.o
 .data.rel.local
                0x000000000007f830      0x91c /home/zengyao/DT_Hybrid_GPL_1.00.052/DT-W724V-20140311/output/package/atp/libraries/opensrc/sqlite/sqlite3.o
 *fill*         0x000000000008014c        0x4 00
 .data          0x0000000000080150        0x0 /opt/toolchains/crosstools-mips-gcc-4.6-linux-3.4-uclibc-0.9.32-binutils-2.21/usr/lib/gcc/mips-unknown-linux-uclibc/4.6.2/libgcc.a(_ashldi3.o)
 .data          0x0000000000080150        0x0 /opt/toolchains/crosstools-mips-gcc-4.6-linux-3.4-uclibc-0.9.32-binutils-2.21/usr/lib/gcc/mips-unknown-linux-uclibc/4.6.2/libgcc.a(_ashrdi3.o)
 .data          0x0000000000080150        0x0 /opt/toolchains/crosstools-mips-gcc-4.6-linux-3.4-uclibc-0.9.32-binutils-2.21/usr/lib/gcc/mips-unknown-linux-uclibc/4.6.2/libgcc.a(_fixdfdi.o)
 .data          0x0000000000080150        0x0 /opt/toolchains/crosstools-mips-gcc-4.6-linux-3.4-uclibc-0.9.32-binutils-2.21/usr/lib/gcc/mips-unknown-linux-uclibc/4.6.2/libgcc.a(_fixunsdfdi.o)
 .data          0x0000000000080150        0x0 /opt/toolchains/crosstools-mips-gcc-4.6-linux-3.4-uclibc-0.9.32-binutils-2.21/usr/lib/gcc/mips-unknown-linux-uclibc/4.6.2/libgcc.a(_floatdidf.o)
 .data          0x0000000000080150        0x0 /opt/toolchains/crosstools-mips-gcc-4.6-linux-3.4-uclibc-0.9.32-binutils-2.21/usr/lib/gcc/mips-unknown-linux-uclibc/4.6.2/libgcc.a(_divdi3.o)
 .data          0x0000000000080150        0x0 /opt/toolchains/crosstools-mips-gcc-4.6-linux-3.4-uclibc-0.9.32-binutils-2.21/usr/lib/gcc/mips-unknown-linux-uclibc/4.6.2/libgcc.a(_moddi3.o)
 .data          0x0000000000080150        0x0 /opt/toolchains/crosstools-mips-gcc-4.6-linux-3.4-uclibc-0.9.32-binutils-2.21/usr/lib/gcc/mips-unknown-linux-uclibc/4.6.2/libgcc.a(_udivdi3.o)
 .data          0x0000000000080150        0x0 /opt/toolchains/crosstools-mips-gcc-4.6-linux-3.4-uclibc-0.9.32-binutils-2.21/usr/lib/gcc/mips-unknown-linux-uclibc/4.6.2/libgcc.a(_umoddi3.o)
 .data          0x0000000000080150        0x0 /opt/toolchains/crosstools-mips-gcc-4.6-linux-3.4-uclibc-0.9.32-binutils-2.21/usr/lib/gcc/mips-unknown-linux-uclibc/4.6.2/libgcc.a(_addsub_df.o)
 .data          0x0000000000080150        0x0 /opt/toolchains/crosstools-mips-gcc-4.6-linux-3.4-uclibc-0.9.32-binutils-2.21/usr/lib/gcc/mips-unknown-linux-uclibc/4.6.2/libgcc.a(_mul_df.o)
 .data          0x0000000000080150        0x0 /opt/toolchains/crosstools-mips-gcc-4.6-linux-3.4-uclibc-0.9.32-binutils-2.21/usr/lib/gcc/mips-unknown-linux-uclibc/4.6.2/libgcc.a(_div_df.o)
 .data          0x0000000000080150        0x0 /opt/toolchains/crosstools-mips-gcc-4.6-linux-3.4-uclibc-0.9.32-binutils-2.21/usr/lib/gcc/mips-unknown-linux-uclibc/4.6.2/libgcc.a(_eq_df.o)
 .data          0x0000000000080150        0x0 /opt/toolchains/crosstools-mips-gcc-4.6-linux-3.4-uclibc-0.9.32-binutils-2.21/usr/lib/gcc/mips-unknown-linux-uclibc/4.6.2/libgcc.a(_ne_df.o)
 .data          0x0000000000080150        0x0 /opt/toolchains/crosstools-mips-gcc-4.6-linux-3.4-uclibc-0.9.32-binutils-2.21/usr/lib/gcc/mips-unknown-linux-uclibc/4.6.2/libgcc.a(_gt_df.o)
 .data          0x0000000000080150        0x0 /opt/toolchains/crosstools-mips-gcc-4.6-linux-3.4-uclibc-0.9.32-binutils-2.21/usr/lib/gcc/mips-unknown-linux-uclibc/4.6.2/libgcc.a(_ge_df.o)
 .data          0x0000000000080150        0x0 /opt/toolchains/crosstools-mips-gcc-4.6-linux-3.4-uclibc-0.9.32-binutils-2.21/usr/lib/gcc/mips-unknown-linux-uclibc/4.6.2/libgcc.a(_lt_df.o)
 .data          0x0000000000080150        0x0 /opt/toolchains/crosstools-mips-gcc-4.6-linux-3.4-uclibc-0.9.32-binutils-2.21/usr/lib/gcc/mips-unknown-linux-uclibc/4.6.2/libgcc.a(_si_to_df.o)
 .data          0x0000000000080150        0x0 /opt/toolchains/crosstools-mips-gcc-4.6-linux-3.4-uclibc-0.9.32-binutils-2.21/usr/lib/gcc/mips-unknown-linux-uclibc/4.6.2/libgcc.a(_df_to_si.o)
 .data          0x0000000000080150        0x0 /opt/toolchains/crosstools-mips-gcc-4.6-linux-3.4-uclibc-0.9.32-binutils-2.21/usr/lib/gcc/mips-unknown-linux-uclibc/4.6.2/libgcc.a(_thenan_df.o)
 .data          0x0000000000080150        0x0 /opt/toolchains/crosstools-mips-gcc-4.6-linux-3.4-uclibc-0.9.32-binutils-2.21/usr/lib/gcc/mips-unknown-linux-uclibc/4.6.2/libgcc.a(_usi_to_df.o)
 .data          0x0000000000080150        0x0 /opt/toolchains/crosstools-mips-gcc-4.6-linux-3.4-uclibc-0.9.32-binutils-2.21/usr/lib/gcc/mips-unknown-linux-uclibc/4.6.2/libgcc.a(_lshrdi3.o)
 .data          0x0000000000080150        0x0 /opt/toolchains/crosstools-mips-gcc-4.6-linux-3.4-uclibc-0.9.32-binutils-2.21/usr/lib/gcc/mips-unknown-linux-uclibc/4.6.2/libgcc.a(_fixunsdfsi.o)
 .data          0x0000000000080150        0x0 /opt/toolchains/crosstools-mips-gcc-4.6-linux-3.4-uclibc-0.9.32-binutils-2.21/usr/lib/gcc/mips-unknown-linux-uclibc/4.6.2/libgcc.a(_pack_df.o)
 .data          0x0000000000080150        0x0 /opt/toolchains/crosstools-mips-gcc-4.6-linux-3.4-uclibc-0.9.32-binutils-2.21/usr/lib/gcc/mips-unknown-linux-uclibc/4.6.2/libgcc.a(_unpack_df.o)
 .data          0x0000000000080150        0x0 /opt/toolchains/crosstools-mips-gcc-4.6-linux-3.4-uclibc-0.9.32-binutils-2.21/usr/lib/gcc/mips-unknown-linux-uclibc/4.6.2/libgcc.a(_fpcmp_parts_df.o)
 .data          0x0000000000080150        0x0 /opt/toolchains/crosstools-mips-gcc-4.6-linux-3.4-uclibc-0.9.32-binutils-2.21/usr/lib/gcc/mips-unknown-linux-uclibc/4.6.2/crtendS.o
 .data          0x0000000000080150        0x0 /home/zengyao/DT_Hybrid_GPL_1.00.052/DT-W724V-20140311/output/host/usr/mips-unknown-linux-uclibc/sysroot/usr/lib/crtn.o

.data1
 *(.data1)

.got.plt        0x0000000000080150        0x0
 *(.got.plt)
 .got.plt       0x0000000000000000        0x0 /home/zengyao/DT_Hybrid_GPL_1.00.052/DT-W724V-20140311/output/host/usr/mips-unknown-linux-uclibc/sysroot/usr/lib/crti.o
                0x0000000000080150                . = .
                0x0000000000088140                _gp = (ALIGN (0x10) + 0x7ff0)

.got            0x0000000000080150      0x3f8
 *(.got)
 .got           0x0000000000080150      0x3f8 /home/zengyao/DT_Hybrid_GPL_1.00.052/DT-W724V-20140311/output/host/usr/mips-unknown-linux-uclibc/sysroot/usr/lib/crti.o
                0x0000000000080150                _GLOBAL_OFFSET_TABLE_

.sdata          0x0000000000080548        0x4
 *(.sdata2 .sdata2.* .gnu.linkonce.s2.*)
 *(.sdata .sdata.* .gnu.linkonce.s.*)
 .sdata         0x0000000000080548        0x4 /opt/toolchains/crosstools-mips-gcc-4.6-linux-3.4-uclibc-0.9.32-binutils-2.21/usr/lib/gcc/mips-unknown-linux-uclibc/4.6.2/crtbeginS.o
                0x0000000000080548                __dso_handle

.lit8
 *(.lit8)

.lit4
 *(.lit4)
                0x000000000008054c                _edata = .
                0x000000000008054c                PROVIDE (edata, .)
                0x000000000008054c                __bss_start = .
                0x000000000008054c                _fbss = .

.sbss
 *(.sbss2 .sbss2.* .gnu.linkonce.sb2.*)
 *(.dynsbss)
 *(.sbss .sbss.* .gnu.linkonce.sb.*)
 *(.scommon)

.bss            0x0000000000080550      0x430
 *(.dynbss)
 .dynbss        0x0000000000000000        0x0 /home/zengyao/DT_Hybrid_GPL_1.00.052/DT-W724V-20140311/output/host/usr/mips-unknown-linux-uclibc/sysroot/usr/lib/crti.o
 *(.bss .bss.* .gnu.linkonce.b.*)
 .bss           0x0000000000080550        0x0 /home/zengyao/DT_Hybrid_GPL_1.00.052/DT-W724V-20140311/output/host/usr/mips-unknown-linux-uclibc/sysroot/usr/lib/crti.o
 .bss           0x0000000000080550       0x20 /opt/toolchains/crosstools-mips-gcc-4.6-linux-3.4-uclibc-0.9.32-binutils-2.21/usr/lib/gcc/mips-unknown-linux-uclibc/4.6.2/crtbeginS.o
 .bss           0x0000000000080570      0x410 /home/zengyao/DT_Hybrid_GPL_1.00.052/DT-W724V-20140311/output/package/atp/libraries/opensrc/sqlite/sqlite3.o
                0x0000000000080570                sqlite3_temp_directory
 .bss           0x0000000000080980        0x0 /opt/toolchains/crosstools-mips-gcc-4.6-linux-3.4-uclibc-0.9.32-binutils-2.21/usr/lib/gcc/mips-unknown-linux-uclibc/4.6.2/libgcc.a(_ashldi3.o)
 .bss           0x0000000000080980        0x0 /opt/toolchains/crosstools-mips-gcc-4.6-linux-3.4-uclibc-0.9.32-binutils-2.21/usr/lib/gcc/mips-unknown-linux-uclibc/4.6.2/libgcc.a(_ashrdi3.o)
 .bss           0x0000000000080980        0x0 /opt/toolchains/crosstools-mips-gcc-4.6-linux-3.4-uclibc-0.9.32-binutils-2.21/usr/lib/gcc/mips-unknown-linux-uclibc/4.6.2/libgcc.a(_fixdfdi.o)
 .bss           0x0000000000080980        0x0 /opt/toolchains/crosstools-mips-gcc-4.6-linux-3.4-uclibc-0.9.32-binutils-2.21/usr/lib/gcc/mips-unknown-linux-uclibc/4.6.2/libgcc.a(_fixunsdfdi.o)
 .bss           0x0000000000080980        0x0 /opt/toolchains/crosstools-mips-gcc-4.6-linux-3.4-uclibc-0.9.32-binutils-2.21/usr/lib/gcc/mips-unknown-linux-uclibc/4.6.2/libgcc.a(_floatdidf.o)
 .bss           0x0000000000080980        0x0 /opt/toolchains/crosstools-mips-gcc-4.6-linux-3.4-uclibc-0.9.32-binutils-2.21/usr/lib/gcc/mips-unknown-linux-uclibc/4.6.2/libgcc.a(_divdi3.o)
 .bss           0x0000000000080980        0x0 /opt/toolchains/crosstools-mips-gcc-4.6-linux-3.4-uclibc-0.9.32-binutils-2.21/usr/lib/gcc/mips-unknown-linux-uclibc/4.6.2/libgcc.a(_moddi3.o)
 .bss           0x0000000000080980        0x0 /opt/toolchains/crosstools-mips-gcc-4.6-linux-3.4-uclibc-0.9.32-binutils-2.21/usr/lib/gcc/mips-unknown-linux-uclibc/4.6.2/libgcc.a(_udivdi3.o)
 .bss           0x0000000000080980        0x0 /opt/toolchains/crosstools-mips-gcc-4.6-linux-3.4-uclibc-0.9.32-binutils-2.21/usr/lib/gcc/mips-unknown-linux-uclibc/4.6.2/libgcc.a(_umoddi3.o)
 .bss           0x0000000000080980        0x0 /opt/toolchains/crosstools-mips-gcc-4.6-linux-3.4-uclibc-0.9.32-binutils-2.21/usr/lib/gcc/mips-unknown-linux-uclibc/4.6.2/libgcc.a(_addsub_df.o)
 .bss           0x0000000000080980        0x0 /opt/toolchains/crosstools-mips-gcc-4.6-linux-3.4-uclibc-0.9.32-binutils-2.21/usr/lib/gcc/mips-unknown-linux-uclibc/4.6.2/libgcc.a(_mul_df.o)
 .bss           0x0000000000080980        0x0 /opt/toolchains/crosstools-mips-gcc-4.6-linux-3.4-uclibc-0.9.32-binutils-2.21/usr/lib/gcc/mips-unknown-linux-uclibc/4.6.2/libgcc.a(_div_df.o)
 .bss           0x0000000000080980        0x0 /opt/toolchains/crosstools-mips-gcc-4.6-linux-3.4-uclibc-0.9.32-binutils-2.21/usr/lib/gcc/mips-unknown-linux-uclibc/4.6.2/libgcc.a(_eq_df.o)
 .bss           0x0000000000080980        0x0 /opt/toolchains/crosstools-mips-gcc-4.6-linux-3.4-uclibc-0.9.32-binutils-2.21/usr/lib/gcc/mips-unknown-linux-uclibc/4.6.2/libgcc.a(_ne_df.o)
 .bss           0x0000000000080980        0x0 /opt/toolchains/crosstools-mips-gcc-4.6-linux-3.4-uclibc-0.9.32-binutils-2.21/usr/lib/gcc/mips-unknown-linux-uclibc/4.6.2/libgcc.a(_gt_df.o)
 .bss           0x0000000000080980        0x0 /opt/toolchains/crosstools-mips-gcc-4.6-linux-3.4-uclibc-0.9.32-binutils-2.21/usr/lib/gcc/mips-unknown-linux-uclibc/4.6.2/libgcc.a(_ge_df.o)
 .bss           0x0000000000080980        0x0 /opt/toolchains/crosstools-mips-gcc-4.6-linux-3.4-uclibc-0.9.32-binutils-2.21/usr/lib/gcc/mips-unknown-linux-uclibc/4.6.2/libgcc.a(_lt_df.o)
 .bss           0x0000000000080980        0x0 /opt/toolchains/crosstools-mips-gcc-4.6-linux-3.4-uclibc-0.9.32-binutils-2.21/usr/lib/gcc/mips-unknown-linux-uclibc/4.6.2/libgcc.a(_si_to_df.o)
 .bss           0x0000000000080980        0x0 /opt/toolchains/crosstools-mips-gcc-4.6-linux-3.4-uclibc-0.9.32-binutils-2.21/usr/lib/gcc/mips-unknown-linux-uclibc/4.6.2/libgcc.a(_df_to_si.o)
 .bss           0x0000000000080980        0x0 /opt/toolchains/crosstools-mips-gcc-4.6-linux-3.4-uclibc-0.9.32-binutils-2.21/usr/lib/gcc/mips-unknown-linux-uclibc/4.6.2/libgcc.a(_thenan_df.o)
 .bss           0x0000000000080980        0x0 /opt/toolchains/crosstools-mips-gcc-4.6-linux-3.4-uclibc-0.9.32-binutils-2.21/usr/lib/gcc/mips-unknown-linux-uclibc/4.6.2/libgcc.a(_usi_to_df.o)
 .bss           0x0000000000080980        0x0 /opt/toolchains/crosstools-mips-gcc-4.6-linux-3.4-uclibc-0.9.32-binutils-2.21/usr/lib/gcc/mips-unknown-linux-uclibc/4.6.2/libgcc.a(_lshrdi3.o)
 .bss           0x0000000000080980        0x0 /opt/toolchains/crosstools-mips-gcc-4.6-linux-3.4-uclibc-0.9.32-binutils-2.21/usr/lib/gcc/mips-unknown-linux-uclibc/4.6.2/libgcc.a(_fixunsdfsi.o)
 .bss           0x0000000000080980        0x0 /opt/toolchains/crosstools-mips-gcc-4.6-linux-3.4-uclibc-0.9.32-binutils-2.21/usr/lib/gcc/mips-unknown-linux-uclibc/4.6.2/libgcc.a(_pack_df.o)
 .bss           0x0000000000080980        0x0 /opt/toolchains/crosstools-mips-gcc-4.6-linux-3.4-uclibc-0.9.32-binutils-2.21/usr/lib/gcc/mips-unknown-linux-uclibc/4.6.2/libgcc.a(_unpack_df.o)
 .bss           0x0000000000080980        0x0 /opt/toolchains/crosstools-mips-gcc-4.6-linux-3.4-uclibc-0.9.32-binutils-2.21/usr/lib/gcc/mips-unknown-linux-uclibc/4.6.2/libgcc.a(_fpcmp_parts_df.o)
 .bss           0x0000000000080980        0x0 /opt/toolchains/crosstools-mips-gcc-4.6-linux-3.4-uclibc-0.9.32-binutils-2.21/usr/lib/gcc/mips-unknown-linux-uclibc/4.6.2/crtendS.o
 .bss           0x0000000000080980        0x0 /home/zengyao/DT_Hybrid_GPL_1.00.052/DT-W724V-20140311/output/host/usr/mips-unknown-linux-uclibc/sysroot/usr/lib/crtn.o
 *(COMMON)
                0x0000000000080980                . = ALIGN ((. != 0x0)?0x4:0x1)
                0x0000000000080980                . = ALIGN (0x4)
                0x0000000000080980                . = ALIGN (0x4)
                0x0000000000080980                _end = .
                0x0000000000080980                PROVIDE (end, .)
                0x0000000000080980                . = DATA_SEGMENT_END (.)

.stab
 *(.stab)

.stabstr
 *(.stabstr)

.stab.excl
 *(.stab.excl)

.stab.exclstr
 *(.stab.exclstr)

.stab.index
 *(.stab.index)

.stab.indexstr
 *(.stab.indexstr)

.pdr            0x0000000000000000     0x7400
 .pdr           0x0000000000000000       0x40 /home/zengyao/DT_Hybrid_GPL_1.00.052/DT-W724V-20140311/output/host/usr/mips-unknown-linux-uclibc/sysroot/usr/lib/crti.o
 .pdr           0x0000000000000040        0x0 /opt/toolchains/crosstools-mips-gcc-4.6-linux-3.4-uclibc-0.9.32-binutils-2.21/usr/lib/gcc/mips-unknown-linux-uclibc/4.6.2/crtbeginS.o
 .pdr           0x0000000000000040     0x7020 /home/zengyao/DT_Hybrid_GPL_1.00.052/DT-W724V-20140311/output/package/atp/libraries/opensrc/sqlite/sqlite3.o
 .pdr           0x0000000000007060       0x20 /opt/toolchains/crosstools-mips-gcc-4.6-linux-3.4-uclibc-0.9.32-binutils-2.21/usr/lib/gcc/mips-unknown-linux-uclibc/4.6.2/libgcc.a(_ashldi3.o)
 .pdr           0x0000000000007080       0x20 /opt/toolchains/crosstools-mips-gcc-4.6-linux-3.4-uclibc-0.9.32-binutils-2.21/usr/lib/gcc/mips-unknown-linux-uclibc/4.6.2/libgcc.a(_ashrdi3.o)
 .pdr           0x00000000000070a0       0x20 /opt/toolchains/crosstools-mips-gcc-4.6-linux-3.4-uclibc-0.9.32-binutils-2.21/usr/lib/gcc/mips-unknown-linux-uclibc/4.6.2/libgcc.a(_fixdfdi.o)
 .pdr           0x00000000000070c0       0x20 /opt/toolchains/crosstools-mips-gcc-4.6-linux-3.4-uclibc-0.9.32-binutils-2.21/usr/lib/gcc/mips-unknown-linux-uclibc/4.6.2/libgcc.a(_fixunsdfdi.o)
 .pdr           0x00000000000070e0       0x20 /opt/toolchains/crosstools-mips-gcc-4.6-linux-3.4-uclibc-0.9.32-binutils-2.21/usr/lib/gcc/mips-unknown-linux-uclibc/4.6.2/libgcc.a(_floatdidf.o)
 .pdr           0x0000000000007100       0x20 /opt/toolchains/crosstools-mips-gcc-4.6-linux-3.4-uclibc-0.9.32-binutils-2.21/usr/lib/gcc/mips-unknown-linux-uclibc/4.6.2/libgcc.a(_divdi3.o)
 .pdr           0x0000000000007120       0x20 /opt/toolchains/crosstools-mips-gcc-4.6-linux-3.4-uclibc-0.9.32-binutils-2.21/usr/lib/gcc/mips-unknown-linux-uclibc/4.6.2/libgcc.a(_moddi3.o)
 .pdr           0x0000000000007140       0x20 /opt/toolchains/crosstools-mips-gcc-4.6-linux-3.4-uclibc-0.9.32-binutils-2.21/usr/lib/gcc/mips-unknown-linux-uclibc/4.6.2/libgcc.a(_udivdi3.o)
 .pdr           0x0000000000007160       0x20 /opt/toolchains/crosstools-mips-gcc-4.6-linux-3.4-uclibc-0.9.32-binutils-2.21/usr/lib/gcc/mips-unknown-linux-uclibc/4.6.2/libgcc.a(_umoddi3.o)
 .pdr           0x0000000000007180       0x60 /opt/toolchains/crosstools-mips-gcc-4.6-linux-3.4-uclibc-0.9.32-binutils-2.21/usr/lib/gcc/mips-unknown-linux-uclibc/4.6.2/libgcc.a(_addsub_df.o)
 .pdr           0x00000000000071e0       0x20 /opt/toolchains/crosstools-mips-gcc-4.6-linux-3.4-uclibc-0.9.32-binutils-2.21/usr/lib/gcc/mips-unknown-linux-uclibc/4.6.2/libgcc.a(_mul_df.o)
 .pdr           0x0000000000007200       0x20 /opt/toolchains/crosstools-mips-gcc-4.6-linux-3.4-uclibc-0.9.32-binutils-2.21/usr/lib/gcc/mips-unknown-linux-uclibc/4.6.2/libgcc.a(_div_df.o)
 .pdr           0x0000000000007220       0x20 /opt/toolchains/crosstools-mips-gcc-4.6-linux-3.4-uclibc-0.9.32-binutils-2.21/usr/lib/gcc/mips-unknown-linux-uclibc/4.6.2/libgcc.a(_eq_df.o)
 .pdr           0x0000000000007240       0x20 /opt/toolchains/crosstools-mips-gcc-4.6-linux-3.4-uclibc-0.9.32-binutils-2.21/usr/lib/gcc/mips-unknown-linux-uclibc/4.6.2/libgcc.a(_ne_df.o)
 .pdr           0x0000000000007260       0x20 /opt/toolchains/crosstools-mips-gcc-4.6-linux-3.4-uclibc-0.9.32-binutils-2.21/usr/lib/gcc/mips-unknown-linux-uclibc/4.6.2/libgcc.a(_gt_df.o)
 .pdr           0x0000000000007280       0x20 /opt/toolchains/crosstools-mips-gcc-4.6-linux-3.4-uclibc-0.9.32-binutils-2.21/usr/lib/gcc/mips-unknown-linux-uclibc/4.6.2/libgcc.a(_ge_df.o)
 .pdr           0x00000000000072a0       0x20 /opt/toolchains/crosstools-mips-gcc-4.6-linux-3.4-uclibc-0.9.32-binutils-2.21/usr/lib/gcc/mips-unknown-linux-uclibc/4.6.2/libgcc.a(_lt_df.o)
 .pdr           0x00000000000072c0       0x20 /opt/toolchains/crosstools-mips-gcc-4.6-linux-3.4-uclibc-0.9.32-binutils-2.21/usr/lib/gcc/mips-unknown-linux-uclibc/4.6.2/libgcc.a(_si_to_df.o)
 .pdr           0x00000000000072e0       0x20 /opt/toolchains/crosstools-mips-gcc-4.6-linux-3.4-uclibc-0.9.32-binutils-2.21/usr/lib/gcc/mips-unknown-linux-uclibc/4.6.2/libgcc.a(_df_to_si.o)
 .pdr           0x0000000000007300        0x0 /opt/toolchains/crosstools-mips-gcc-4.6-linux-3.4-uclibc-0.9.32-binutils-2.21/usr/lib/gcc/mips-unknown-linux-uclibc/4.6.2/libgcc.a(_thenan_df.o)
 .pdr           0x0000000000007300       0x20 /opt/toolchains/crosstools-mips-gcc-4.6-linux-3.4-uclibc-0.9.32-binutils-2.21/usr/lib/gcc/mips-unknown-linux-uclibc/4.6.2/libgcc.a(_usi_to_df.o)
 .pdr           0x0000000000007320       0x20 /opt/toolchains/crosstools-mips-gcc-4.6-linux-3.4-uclibc-0.9.32-binutils-2.21/usr/lib/gcc/mips-unknown-linux-uclibc/4.6.2/libgcc.a(_lshrdi3.o)
 .pdr           0x0000000000007340       0x20 /opt/toolchains/crosstools-mips-gcc-4.6-linux-3.4-uclibc-0.9.32-binutils-2.21/usr/lib/gcc/mips-unknown-linux-uclibc/4.6.2/libgcc.a(_fixunsdfsi.o)
 .pdr           0x0000000000007360       0x20 /opt/toolchains/crosstools-mips-gcc-4.6-linux-3.4-uclibc-0.9.32-binutils-2.21/usr/lib/gcc/mips-unknown-linux-uclibc/4.6.2/libgcc.a(_pack_df.o)
 .pdr           0x0000000000007380       0x20 /opt/toolchains/crosstools-mips-gcc-4.6-linux-3.4-uclibc-0.9.32-binutils-2.21/usr/lib/gcc/mips-unknown-linux-uclibc/4.6.2/libgcc.a(_unpack_df.o)
 .pdr           0x00000000000073a0       0x20 /opt/toolchains/crosstools-mips-gcc-4.6-linux-3.4-uclibc-0.9.32-binutils-2.21/usr/lib/gcc/mips-unknown-linux-uclibc/4.6.2/libgcc.a(_fpcmp_parts_df.o)
 .pdr           0x00000000000073c0        0x0 /opt/toolchains/crosstools-mips-gcc-4.6-linux-3.4-uclibc-0.9.32-binutils-2.21/usr/lib/gcc/mips-unknown-linux-uclibc/4.6.2/crtendS.o
 .pdr           0x00000000000073c0       0x40 /home/zengyao/DT_Hybrid_GPL_1.00.052/DT-W724V-20140311/output/host/usr/mips-unknown-linux-uclibc/sysroot/usr/lib/crtn.o

.comment        0x0000000000000000       0x30
 *(.comment)
 .comment       0x0000000000000000       0x11 /home/zengyao/DT_Hybrid_GPL_1.00.052/DT-W724V-20140311/output/host/usr/mips-unknown-linux-uclibc/sysroot/usr/lib/crti.o
                                         0x12 (size before relaxing)
 .comment       0x0000000000000011       0x1f /opt/toolchains/crosstools-mips-gcc-4.6-linux-3.4-uclibc-0.9.32-binutils-2.21/usr/lib/gcc/mips-unknown-linux-uclibc/4.6.2/crtbeginS.o
                                         0x20 (size before relaxing)
 .comment       0x0000000000000000       0x20 /home/zengyao/DT_Hybrid_GPL_1.00.052/DT-W724V-20140311/output/package/atp/libraries/opensrc/sqlite/sqlite3.o
 .comment       0x0000000000000000       0x20 /opt/toolchains/crosstools-mips-gcc-4.6-linux-3.4-uclibc-0.9.32-binutils-2.21/usr/lib/gcc/mips-unknown-linux-uclibc/4.6.2/libgcc.a(_ashldi3.o)
 .comment       0x0000000000000000       0x20 /opt/toolchains/crosstools-mips-gcc-4.6-linux-3.4-uclibc-0.9.32-binutils-2.21/usr/lib/gcc/mips-unknown-linux-uclibc/4.6.2/libgcc.a(_ashrdi3.o)
 .comment       0x0000000000000000       0x20 /opt/toolchains/crosstools-mips-gcc-4.6-linux-3.4-uclibc-0.9.32-binutils-2.21/usr/lib/gcc/mips-unknown-linux-uclibc/4.6.2/libgcc.a(_fixdfdi.o)
 .comment       0x0000000000000000       0x20 /opt/toolchains/crosstools-mips-gcc-4.6-linux-3.4-uclibc-0.9.32-binutils-2.21/usr/lib/gcc/mips-unknown-linux-uclibc/4.6.2/libgcc.a(_fixunsdfdi.o)
 .comment       0x0000000000000000       0x20 /opt/toolchains/crosstools-mips-gcc-4.6-linux-3.4-uclibc-0.9.32-binutils-2.21/usr/lib/gcc/mips-unknown-linux-uclibc/4.6.2/libgcc.a(_floatdidf.o)
 .comment       0x0000000000000000       0x20 /opt/toolchains/crosstools-mips-gcc-4.6-linux-3.4-uclibc-0.9.32-binutils-2.21/usr/lib/gcc/mips-unknown-linux-uclibc/4.6.2/libgcc.a(_divdi3.o)
 .comment       0x0000000000000000       0x20 /opt/toolchains/crosstools-mips-gcc-4.6-linux-3.4-uclibc-0.9.32-binutils-2.21/usr/lib/gcc/mips-unknown-linux-uclibc/4.6.2/libgcc.a(_moddi3.o)
 .comment       0x0000000000000000       0x20 /opt/toolchains/crosstools-mips-gcc-4.6-linux-3.4-uclibc-0.9.32-binutils-2.21/usr/lib/gcc/mips-unknown-linux-uclibc/4.6.2/libgcc.a(_udivdi3.o)
 .comment       0x0000000000000000       0x20 /opt/toolchains/crosstools-mips-gcc-4.6-linux-3.4-uclibc-0.9.32-binutils-2.21/usr/lib/gcc/mips-unknown-linux-uclibc/4.6.2/libgcc.a(_umoddi3.o)
 .comment       0x0000000000000000       0x20 /opt/toolchains/crosstools-mips-gcc-4.6-linux-3.4-uclibc-0.9.32-binutils-2.21/usr/lib/gcc/mips-unknown-linux-uclibc/4.6.2/libgcc.a(_addsub_df.o)
 .comment       0x0000000000000000       0x20 /opt/toolchains/crosstools-mips-gcc-4.6-linux-3.4-uclibc-0.9.32-binutils-2.21/usr/lib/gcc/mips-unknown-linux-uclibc/4.6.2/libgcc.a(_mul_df.o)
 .comment       0x0000000000000000       0x20 /opt/toolchains/crosstools-mips-gcc-4.6-linux-3.4-uclibc-0.9.32-binutils-2.21/usr/lib/gcc/mips-unknown-linux-uclibc/4.6.2/libgcc.a(_div_df.o)
 .comment       0x0000000000000000       0x20 /opt/toolchains/crosstools-mips-gcc-4.6-linux-3.4-uclibc-0.9.32-binutils-2.21/usr/lib/gcc/mips-unknown-linux-uclibc/4.6.2/libgcc.a(_eq_df.o)
 .comment       0x0000000000000000       0x20 /opt/toolchains/crosstools-mips-gcc-4.6-linux-3.4-uclibc-0.9.32-binutils-2.21/usr/lib/gcc/mips-unknown-linux-uclibc/4.6.2/libgcc.a(_ne_df.o)
 .comment       0x0000000000000000       0x20 /opt/toolchains/crosstools-mips-gcc-4.6-linux-3.4-uclibc-0.9.32-binutils-2.21/usr/lib/gcc/mips-unknown-linux-uclibc/4.6.2/libgcc.a(_gt_df.o)
 .comment       0x0000000000000000       0x20 /opt/toolchains/crosstools-mips-gcc-4.6-linux-3.4-uclibc-0.9.32-binutils-2.21/usr/lib/gcc/mips-unknown-linux-uclibc/4.6.2/libgcc.a(_ge_df.o)
 .comment       0x0000000000000000       0x20 /opt/toolchains/crosstools-mips-gcc-4.6-linux-3.4-uclibc-0.9.32-binutils-2.21/usr/lib/gcc/mips-unknown-linux-uclibc/4.6.2/libgcc.a(_lt_df.o)
 .comment       0x0000000000000000       0x20 /opt/toolchains/crosstools-mips-gcc-4.6-linux-3.4-uclibc-0.9.32-binutils-2.21/usr/lib/gcc/mips-unknown-linux-uclibc/4.6.2/libgcc.a(_si_to_df.o)
 .comment       0x0000000000000000       0x20 /opt/toolchains/crosstools-mips-gcc-4.6-linux-3.4-uclibc-0.9.32-binutils-2.21/usr/lib/gcc/mips-unknown-linux-uclibc/4.6.2/libgcc.a(_df_to_si.o)
 .comment       0x0000000000000000       0x20 /opt/toolchains/crosstools-mips-gcc-4.6-linux-3.4-uclibc-0.9.32-binutils-2.21/usr/lib/gcc/mips-unknown-linux-uclibc/4.6.2/libgcc.a(_thenan_df.o)
 .comment       0x0000000000000000       0x20 /opt/toolchains/crosstools-mips-gcc-4.6-linux-3.4-uclibc-0.9.32-binutils-2.21/usr/lib/gcc/mips-unknown-linux-uclibc/4.6.2/libgcc.a(_usi_to_df.o)
 .comment       0x0000000000000000       0x20 /opt/toolchains/crosstools-mips-gcc-4.6-linux-3.4-uclibc-0.9.32-binutils-2.21/usr/lib/gcc/mips-unknown-linux-uclibc/4.6.2/libgcc.a(_lshrdi3.o)
 .comment       0x0000000000000000       0x20 /opt/toolchains/crosstools-mips-gcc-4.6-linux-3.4-uclibc-0.9.32-binutils-2.21/usr/lib/gcc/mips-unknown-linux-uclibc/4.6.2/libgcc.a(_fixunsdfsi.o)
 .comment       0x0000000000000000       0x20 /opt/toolchains/crosstools-mips-gcc-4.6-linux-3.4-uclibc-0.9.32-binutils-2.21/usr/lib/gcc/mips-unknown-linux-uclibc/4.6.2/libgcc.a(_pack_df.o)
 .comment       0x0000000000000000       0x20 /opt/toolchains/crosstools-mips-gcc-4.6-linux-3.4-uclibc-0.9.32-binutils-2.21/usr/lib/gcc/mips-unknown-linux-uclibc/4.6.2/libgcc.a(_unpack_df.o)
 .comment       0x0000000000000000       0x20 /opt/toolchains/crosstools-mips-gcc-4.6-linux-3.4-uclibc-0.9.32-binutils-2.21/usr/lib/gcc/mips-unknown-linux-uclibc/4.6.2/libgcc.a(_fpcmp_parts_df.o)
 .comment       0x0000000000000000       0x20 /opt/toolchains/crosstools-mips-gcc-4.6-linux-3.4-uclibc-0.9.32-binutils-2.21/usr/lib/gcc/mips-unknown-linux-uclibc/4.6.2/crtendS.o
 .comment       0x0000000000000000       0x12 /home/zengyao/DT_Hybrid_GPL_1.00.052/DT-W724V-20140311/output/host/usr/mips-unknown-linux-uclibc/sysroot/usr/lib/crtn.o

.debug
 *(.debug)

.line
 *(.line)

.debug_srcinfo
 *(.debug_srcinfo .zdebug_srcinfo)

.debug_sfnames
 *(.debug_sfnames .zdebug_sfnames)

.debug_aranges
 *(.debug_aranges .zdebug_aranges)

.debug_pubnames
 *(.debug_pubnames .zdebug_pubnames)

.debug_info
 *(.debug_info .gnu.linkonce.wi.* .zdebug_info)

.debug_abbrev
 *(.debug_abbrev .zdebug_abbrev)

.debug_line
 *(.debug_line .zdebug_line)

.debug_frame
 *(.debug_frame .zdebug_frame)

.debug_str
 *(.debug_str .zdebug_str)

.debug_loc
 *(.debug_loc .zdebug_loc)

.debug_macinfo
 *(.debug_macinfo .zdebug_macinfo)

.debug_weaknames
 *(.debug_weaknames .zdebug_weaknames)

.debug_funcnames
 *(.debug_funcnames .zdebug_funcnames)

.debug_typenames
 *(.debug_typenames .zdebug_typenames)

.debug_varnames
 *(.debug_varnames .zdebug_varnames)

.debug_pubtypes
 *(.debug_pubtypes .zdebug_pubtypes)

.debug_ranges
 *(.debug_ranges .zdebug_ranges)

.gnu.attributes
                0x0000000000000000       0x10
 *(.gnu.attributes)
 .gnu.attributes
                0x0000000000000000       0x10 /opt/toolchains/crosstools-mips-gcc-4.6-linux-3.4-uclibc-0.9.32-binutils-2.21/usr/lib/gcc/mips-unknown-linux-uclibc/4.6.2/crtbeginS.o
 .gnu.attributes
                0x0000000000000010       0x10 /home/zengyao/DT_Hybrid_GPL_1.00.052/DT-W724V-20140311/output/package/atp/libraries/opensrc/sqlite/sqlite3.o
 .gnu.attributes
                0x0000000000000020       0x10 /opt/toolchains/crosstools-mips-gcc-4.6-linux-3.4-uclibc-0.9.32-binutils-2.21/usr/lib/gcc/mips-unknown-linux-uclibc/4.6.2/libgcc.a(_ashldi3.o)
 .gnu.attributes
                0x0000000000000030       0x10 /opt/toolchains/crosstools-mips-gcc-4.6-linux-3.4-uclibc-0.9.32-binutils-2.21/usr/lib/gcc/mips-unknown-linux-uclibc/4.6.2/libgcc.a(_ashrdi3.o)
 .gnu.attributes
                0x0000000000000040       0x10 /opt/toolchains/crosstools-mips-gcc-4.6-linux-3.4-uclibc-0.9.32-binutils-2.21/usr/lib/gcc/mips-unknown-linux-uclibc/4.6.2/libgcc.a(_fixdfdi.o)
 .gnu.attributes
                0x0000000000000050       0x10 /opt/toolchains/crosstools-mips-gcc-4.6-linux-3.4-uclibc-0.9.32-binutils-2.21/usr/lib/gcc/mips-unknown-linux-uclibc/4.6.2/libgcc.a(_fixunsdfdi.o)
 .gnu.attributes
                0x0000000000000060       0x10 /opt/toolchains/crosstools-mips-gcc-4.6-linux-3.4-uclibc-0.9.32-binutils-2.21/usr/lib/gcc/mips-unknown-linux-uclibc/4.6.2/libgcc.a(_floatdidf.o)
 .gnu.attributes
                0x0000000000000070       0x10 /opt/toolchains/crosstools-mips-gcc-4.6-linux-3.4-uclibc-0.9.32-binutils-2.21/usr/lib/gcc/mips-unknown-linux-uclibc/4.6.2/libgcc.a(_divdi3.o)
 .gnu.attributes
                0x0000000000000080       0x10 /opt/toolchains/crosstools-mips-gcc-4.6-linux-3.4-uclibc-0.9.32-binutils-2.21/usr/lib/gcc/mips-unknown-linux-uclibc/4.6.2/libgcc.a(_moddi3.o)
 .gnu.attributes
                0x0000000000000090       0x10 /opt/toolchains/crosstools-mips-gcc-4.6-linux-3.4-uclibc-0.9.32-binutils-2.21/usr/lib/gcc/mips-unknown-linux-uclibc/4.6.2/libgcc.a(_udivdi3.o)
 .gnu.attributes
                0x00000000000000a0       0x10 /opt/toolchains/crosstools-mips-gcc-4.6-linux-3.4-uclibc-0.9.32-binutils-2.21/usr/lib/gcc/mips-unknown-linux-uclibc/4.6.2/libgcc.a(_umoddi3.o)
 .gnu.attributes
                0x00000000000000b0       0x10 /opt/toolchains/crosstools-mips-gcc-4.6-linux-3.4-uclibc-0.9.32-binutils-2.21/usr/lib/gcc/mips-unknown-linux-uclibc/4.6.2/libgcc.a(_addsub_df.o)
 .gnu.attributes
                0x00000000000000c0       0x10 /opt/toolchains/crosstools-mips-gcc-4.6-linux-3.4-uclibc-0.9.32-binutils-2.21/usr/lib/gcc/mips-unknown-linux-uclibc/4.6.2/libgcc.a(_mul_df.o)
 .gnu.attributes
                0x00000000000000d0       0x10 /opt/toolchains/crosstools-mips-gcc-4.6-linux-3.4-uclibc-0.9.32-binutils-2.21/usr/lib/gcc/mips-unknown-linux-uclibc/4.6.2/libgcc.a(_div_df.o)
 .gnu.attributes
                0x00000000000000e0       0x10 /opt/toolchains/crosstools-mips-gcc-4.6-linux-3.4-uclibc-0.9.32-binutils-2.21/usr/lib/gcc/mips-unknown-linux-uclibc/4.6.2/libgcc.a(_eq_df.o)
 .gnu.attributes
                0x00000000000000f0       0x10 /opt/toolchains/crosstools-mips-gcc-4.6-linux-3.4-uclibc-0.9.32-binutils-2.21/usr/lib/gcc/mips-unknown-linux-uclibc/4.6.2/libgcc.a(_ne_df.o)
 .gnu.attributes
                0x0000000000000100       0x10 /opt/toolchains/crosstools-mips-gcc-4.6-linux-3.4-uclibc-0.9.32-binutils-2.21/usr/lib/gcc/mips-unknown-linux-uclibc/4.6.2/libgcc.a(_gt_df.o)
 .gnu.attributes
                0x0000000000000110       0x10 /opt/toolchains/crosstools-mips-gcc-4.6-linux-3.4-uclibc-0.9.32-binutils-2.21/usr/lib/gcc/mips-unknown-linux-uclibc/4.6.2/libgcc.a(_ge_df.o)
 .gnu.attributes
                0x0000000000000120       0x10 /opt/toolchains/crosstools-mips-gcc-4.6-linux-3.4-uclibc-0.9.32-binutils-2.21/usr/lib/gcc/mips-unknown-linux-uclibc/4.6.2/libgcc.a(_lt_df.o)
 .gnu.attributes
                0x0000000000000130       0x10 /opt/toolchains/crosstools-mips-gcc-4.6-linux-3.4-uclibc-0.9.32-binutils-2.21/usr/lib/gcc/mips-unknown-linux-uclibc/4.6.2/libgcc.a(_si_to_df.o)
 .gnu.attributes
                0x0000000000000140       0x10 /opt/toolchains/crosstools-mips-gcc-4.6-linux-3.4-uclibc-0.9.32-binutils-2.21/usr/lib/gcc/mips-unknown-linux-uclibc/4.6.2/libgcc.a(_df_to_si.o)
 .gnu.attributes
                0x0000000000000150       0x10 /opt/toolchains/crosstools-mips-gcc-4.6-linux-3.4-uclibc-0.9.32-binutils-2.21/usr/lib/gcc/mips-unknown-linux-uclibc/4.6.2/libgcc.a(_thenan_df.o)
 .gnu.attributes
                0x0000000000000160       0x10 /opt/toolchains/crosstools-mips-gcc-4.6-linux-3.4-uclibc-0.9.32-binutils-2.21/usr/lib/gcc/mips-unknown-linux-uclibc/4.6.2/libgcc.a(_usi_to_df.o)
 .gnu.attributes
                0x0000000000000170       0x10 /opt/toolchains/crosstools-mips-gcc-4.6-linux-3.4-uclibc-0.9.32-binutils-2.21/usr/lib/gcc/mips-unknown-linux-uclibc/4.6.2/libgcc.a(_lshrdi3.o)
 .gnu.attributes
                0x0000000000000180       0x10 /opt/toolchains/crosstools-mips-gcc-4.6-linux-3.4-uclibc-0.9.32-binutils-2.21/usr/lib/gcc/mips-unknown-linux-uclibc/4.6.2/libgcc.a(_fixunsdfsi.o)
 .gnu.attributes
                0x0000000000000190       0x10 /opt/toolchains/crosstools-mips-gcc-4.6-linux-3.4-uclibc-0.9.32-binutils-2.21/usr/lib/gcc/mips-unknown-linux-uclibc/4.6.2/libgcc.a(_pack_df.o)
 .gnu.attributes
                0x00000000000001a0       0x10 /opt/toolchains/crosstools-mips-gcc-4.6-linux-3.4-uclibc-0.9.32-binutils-2.21/usr/lib/gcc/mips-unknown-linux-uclibc/4.6.2/libgcc.a(_unpack_df.o)
 .gnu.attributes
                0x00000000000001b0       0x10 /opt/toolchains/crosstools-mips-gcc-4.6-linux-3.4-uclibc-0.9.32-binutils-2.21/usr/lib/gcc/mips-unknown-linux-uclibc/4.6.2/libgcc.a(_fpcmp_parts_df.o)
 .gnu.attributes
                0x00000000000001c0       0x10 /opt/toolchains/crosstools-mips-gcc-4.6-linux-3.4-uclibc-0.9.32-binutils-2.21/usr/lib/gcc/mips-unknown-linux-uclibc/4.6.2/crtendS.o

.gptab.sdata
 *(.gptab.data)
 *(.gptab.sdata)

.gptab.sbss
 *(.gptab.bss)
 *(.gptab.sbss)

.mdebug.abi32   0x0000000000080980        0x0
 *(.mdebug.abi32)
 .mdebug.abi32  0x0000000000080980        0x0 /home/zengyao/DT_Hybrid_GPL_1.00.052/DT-W724V-20140311/output/host/usr/mips-unknown-linux-uclibc/sysroot/usr/lib/crti.o
 .mdebug.abi32  0x0000000000080980        0x0 /opt/toolchains/crosstools-mips-gcc-4.6-linux-3.4-uclibc-0.9.32-binutils-2.21/usr/lib/gcc/mips-unknown-linux-uclibc/4.6.2/crtbeginS.o
 .mdebug.abi32  0x0000000000080980        0x0 /home/zengyao/DT_Hybrid_GPL_1.00.052/DT-W724V-20140311/output/package/atp/libraries/opensrc/sqlite/sqlite3.o
 .mdebug.abi32  0x0000000000080980        0x0 /opt/toolchains/crosstools-mips-gcc-4.6-linux-3.4-uclibc-0.9.32-binutils-2.21/usr/lib/gcc/mips-unknown-linux-uclibc/4.6.2/libgcc.a(_ashldi3.o)
 .mdebug.abi32  0x0000000000080980        0x0 /opt/toolchains/crosstools-mips-gcc-4.6-linux-3.4-uclibc-0.9.32-binutils-2.21/usr/lib/gcc/mips-unknown-linux-uclibc/4.6.2/libgcc.a(_ashrdi3.o)
 .mdebug.abi32  0x0000000000080980        0x0 /opt/toolchains/crosstools-mips-gcc-4.6-linux-3.4-uclibc-0.9.32-binutils-2.21/usr/lib/gcc/mips-unknown-linux-uclibc/4.6.2/libgcc.a(_fixdfdi.o)
 .mdebug.abi32  0x0000000000080980        0x0 /opt/toolchains/crosstools-mips-gcc-4.6-linux-3.4-uclibc-0.9.32-binutils-2.21/usr/lib/gcc/mips-unknown-linux-uclibc/4.6.2/libgcc.a(_fixunsdfdi.o)
 .mdebug.abi32  0x0000000000080980        0x0 /opt/toolchains/crosstools-mips-gcc-4.6-linux-3.4-uclibc-0.9.32-binutils-2.21/usr/lib/gcc/mips-unknown-linux-uclibc/4.6.2/libgcc.a(_floatdidf.o)
 .mdebug.abi32  0x0000000000080980        0x0 /opt/toolchains/crosstools-mips-gcc-4.6-linux-3.4-uclibc-0.9.32-binutils-2.21/usr/lib/gcc/mips-unknown-linux-uclibc/4.6.2/libgcc.a(_divdi3.o)
 .mdebug.abi32  0x0000000000080980        0x0 /opt/toolchains/crosstools-mips-gcc-4.6-linux-3.4-uclibc-0.9.32-binutils-2.21/usr/lib/gcc/mips-unknown-linux-uclibc/4.6.2/libgcc.a(_moddi3.o)
 .mdebug.abi32  0x0000000000080980        0x0 /opt/toolchains/crosstools-mips-gcc-4.6-linux-3.4-uclibc-0.9.32-binutils-2.21/usr/lib/gcc/mips-unknown-linux-uclibc/4.6.2/libgcc.a(_udivdi3.o)
 .mdebug.abi32  0x0000000000080980        0x0 /opt/toolchains/crosstools-mips-gcc-4.6-linux-3.4-uclibc-0.9.32-binutils-2.21/usr/lib/gcc/mips-unknown-linux-uclibc/4.6.2/libgcc.a(_umoddi3.o)
 .mdebug.abi32  0x0000000000080980        0x0 /opt/toolchains/crosstools-mips-gcc-4.6-linux-3.4-uclibc-0.9.32-binutils-2.21/usr/lib/gcc/mips-unknown-linux-uclibc/4.6.2/libgcc.a(_addsub_df.o)
 .mdebug.abi32  0x0000000000080980        0x0 /opt/toolchains/crosstools-mips-gcc-4.6-linux-3.4-uclibc-0.9.32-binutils-2.21/usr/lib/gcc/mips-unknown-linux-uclibc/4.6.2/libgcc.a(_mul_df.o)
 .mdebug.abi32  0x0000000000080980        0x0 /opt/toolchains/crosstools-mips-gcc-4.6-linux-3.4-uclibc-0.9.32-binutils-2.21/usr/lib/gcc/mips-unknown-linux-uclibc/4.6.2/libgcc.a(_div_df.o)
 .mdebug.abi32  0x0000000000080980        0x0 /opt/toolchains/crosstools-mips-gcc-4.6-linux-3.4-uclibc-0.9.32-binutils-2.21/usr/lib/gcc/mips-unknown-linux-uclibc/4.6.2/libgcc.a(_eq_df.o)
 .mdebug.abi32  0x0000000000080980        0x0 /opt/toolchains/crosstools-mips-gcc-4.6-linux-3.4-uclibc-0.9.32-binutils-2.21/usr/lib/gcc/mips-unknown-linux-uclibc/4.6.2/libgcc.a(_ne_df.o)
 .mdebug.abi32  0x0000000000080980        0x0 /opt/toolchains/crosstools-mips-gcc-4.6-linux-3.4-uclibc-0.9.32-binutils-2.21/usr/lib/gcc/mips-unknown-linux-uclibc/4.6.2/libgcc.a(_gt_df.o)
 .mdebug.abi32  0x0000000000080980        0x0 /opt/toolchains/crosstools-mips-gcc-4.6-linux-3.4-uclibc-0.9.32-binutils-2.21/usr/lib/gcc/mips-unknown-linux-uclibc/4.6.2/libgcc.a(_ge_df.o)
 .mdebug.abi32  0x0000000000080980        0x0 /opt/toolchains/crosstools-mips-gcc-4.6-linux-3.4-uclibc-0.9.32-binutils-2.21/usr/lib/gcc/mips-unknown-linux-uclibc/4.6.2/libgcc.a(_lt_df.o)
 .mdebug.abi32  0x0000000000080980        0x0 /opt/toolchains/crosstools-mips-gcc-4.6-linux-3.4-uclibc-0.9.32-binutils-2.21/usr/lib/gcc/mips-unknown-linux-uclibc/4.6.2/libgcc.a(_si_to_df.o)
 .mdebug.abi32  0x0000000000080980        0x0 /opt/toolchains/crosstools-mips-gcc-4.6-linux-3.4-uclibc-0.9.32-binutils-2.21/usr/lib/gcc/mips-unknown-linux-uclibc/4.6.2/libgcc.a(_df_to_si.o)
 .mdebug.abi32  0x0000000000080980        0x0 /opt/toolchains/crosstools-mips-gcc-4.6-linux-3.4-uclibc-0.9.32-binutils-2.21/usr/lib/gcc/mips-unknown-linux-uclibc/4.6.2/libgcc.a(_thenan_df.o)
 .mdebug.abi32  0x0000000000080980        0x0 /opt/toolchains/crosstools-mips-gcc-4.6-linux-3.4-uclibc-0.9.32-binutils-2.21/usr/lib/gcc/mips-unknown-linux-uclibc/4.6.2/libgcc.a(_usi_to_df.o)
 .mdebug.abi32  0x0000000000080980        0x0 /opt/toolchains/crosstools-mips-gcc-4.6-linux-3.4-uclibc-0.9.32-binutils-2.21/usr/lib/gcc/mips-unknown-linux-uclibc/4.6.2/libgcc.a(_lshrdi3.o)
 .mdebug.abi32  0x0000000000080980        0x0 /opt/toolchains/crosstools-mips-gcc-4.6-linux-3.4-uclibc-0.9.32-binutils-2.21/usr/lib/gcc/mips-unknown-linux-uclibc/4.6.2/libgcc.a(_fixunsdfsi.o)
 .mdebug.abi32  0x0000000000080980        0x0 /opt/toolchains/crosstools-mips-gcc-4.6-linux-3.4-uclibc-0.9.32-binutils-2.21/usr/lib/gcc/mips-unknown-linux-uclibc/4.6.2/libgcc.a(_pack_df.o)
 .mdebug.abi32  0x0000000000080980        0x0 /opt/toolchains/crosstools-mips-gcc-4.6-linux-3.4-uclibc-0.9.32-binutils-2.21/usr/lib/gcc/mips-unknown-linux-uclibc/4.6.2/libgcc.a(_unpack_df.o)
 .mdebug.abi32  0x0000000000080980        0x0 /opt/toolchains/crosstools-mips-gcc-4.6-linux-3.4-uclibc-0.9.32-binutils-2.21/usr/lib/gcc/mips-unknown-linux-uclibc/4.6.2/libgcc.a(_fpcmp_parts_df.o)
 .mdebug.abi32  0x0000000000080980        0x0 /opt/toolchains/crosstools-mips-gcc-4.6-linux-3.4-uclibc-0.9.32-binutils-2.21/usr/lib/gcc/mips-unknown-linux-uclibc/4.6.2/crtendS.o
 .mdebug.abi32  0x0000000000080980        0x0 /home/zengyao/DT_Hybrid_GPL_1.00.052/DT-W724V-20140311/output/host/usr/mips-unknown-linux-uclibc/sysroot/usr/lib/crtn.o

.mdebug.abiN32
 *(.mdebug.abiN32)

.mdebug.abi64
 *(.mdebug.abi64)

.mdebug.abiO64
 *(.mdebug.abiO64)

.mdebug.eabi32
 *(.mdebug.eabi32)

.mdebug.eabi64
 *(.mdebug.eabi64)

.gcc_compiled_long32
 *(.gcc_compiled_long32)

.gcc_compiled_long64
 *(.gcc_compiled_long64)

/DISCARD/
 *(.note.GNU-stack)
 *(.gnu_debuglink)
 *(.gnu.lto_*)
OUTPUT(/home/zengyao/DT_Hybrid_GPL_1.00.052/DT-W724V-20140311/output/package/atp/libraries/opensrc/sqlite/libsqlite.so elf32-tradbigmips)
