Archive member included because of file (symbol)

/home/liyupeng/zengyao/6.13/DT-W724V-20140311/output/host/usr/lib/libsecapi.a(secapi.o)
                              /home/liyupeng/zengyao/6.13/DT-W724V-20140311/output/package/host-sign/rsamain.o (ATP_SEC_DeleteContext)
/home/liyupeng/zengyao/6.13/DT-W724V-20140311/output/host/usr/lib/libsecapi.a(seckmapi.o)
                              /home/liyupeng/zengyao/6.13/DT-W724V-20140311/output/package/host-sign/rsamain.o (ATP_SEC_KM_GetKey)
/home/liyupeng/zengyao/6.13/DT-W724V-20140311/output/host/usr/lib/libkey.a(key1.o)
                              /home/liyupeng/zengyao/6.13/DT-W724V-20140311/output/host/usr/lib/libsecapi.a(seckmapi.o) (ATP_GetInfo1)
/home/liyupeng/zengyao/6.13/DT-W724V-20140311/output/host/usr/lib/libkey.a(key2.o)
                              /home/liyupeng/zengyao/6.13/DT-W724V-20140311/output/host/usr/lib/libsecapi.a(seckmapi.o) (ATP_GetInfo2)
/home/liyupeng/zengyao/6.13/DT-W724V-20140311/output/host/usr/lib/libkey.a(key3.o)
                              /home/liyupeng/zengyao/6.13/DT-W724V-20140311/output/host/usr/lib/libsecapi.a(seckmapi.o) (ATP_GetInfo3)
/home/liyupeng/zengyao/6.13/DT-W724V-20140311/output/host/usr/lib/libkey.a(key4.o)
                              /home/liyupeng/zengyao/6.13/DT-W724V-20140311/output/host/usr/lib/libsecapi.a(seckmapi.o) (ATP_GetInfo4)
/usr/lib/libc_nonshared.a(elf-init.oS)
                              /usr/lib/gcc/i586-suse-linux/4.3/../../../crt1.o (__libc_csu_fini)

Discarded input sections

 .note.GNU-stack
                0x0000000000000000        0x0 /usr/lib/gcc/i586-suse-linux/4.3/../../../crt1.o
 .debug_aranges
                0x0000000000000000       0x20 /usr/lib/gcc/i586-suse-linux/4.3/../../../crt1.o
 .debug_pubnames
                0x0000000000000000       0x25 /usr/lib/gcc/i586-suse-linux/4.3/../../../crt1.o
 .debug_info    0x0000000000000000       0xfa /usr/lib/gcc/i586-suse-linux/4.3/../../../crt1.o
 .debug_abbrev  0x0000000000000000       0x5f /usr/lib/gcc/i586-suse-linux/4.3/../../../crt1.o
 .debug_line    0x0000000000000000       0x82 /usr/lib/gcc/i586-suse-linux/4.3/../../../crt1.o
 .debug_str     0x0000000000000000       0xf5 /usr/lib/gcc/i586-suse-linux/4.3/../../../crt1.o
 .note.GNU-stack
                0x0000000000000000        0x0 /usr/lib/gcc/i586-suse-linux/4.3/../../../crti.o
 .note.GNU-stack
                0x0000000000000000        0x0 /usr/lib/gcc/i586-suse-linux/4.3/crtbegin.o
 .note.GNU-stack
                0x0000000000000000        0x0 /home/liyupeng/zengyao/6.13/DT-W724V-20140311/output/package/host-sign/rsamain.o
 .group         0x0000000000000000        0x8 /home/liyupeng/zengyao/6.13/DT-W724V-20140311/output/host/usr/lib/libsecapi.a(secapi.o)
 .note.GNU-stack
                0x0000000000000000        0x0 /home/liyupeng/zengyao/6.13/DT-W724V-20140311/output/host/usr/lib/libsecapi.a(secapi.o)
 .group         0x0000000000000000        0x8 /home/liyupeng/zengyao/6.13/DT-W724V-20140311/output/host/usr/lib/libsecapi.a(seckmapi.o)
 .text.__i686.get_pc_thunk.bx
                0x0000000000000000        0x4 /home/liyupeng/zengyao/6.13/DT-W724V-20140311/output/host/usr/lib/libsecapi.a(seckmapi.o)
 .note.GNU-stack
                0x0000000000000000        0x0 /home/liyupeng/zengyao/6.13/DT-W724V-20140311/output/host/usr/lib/libsecapi.a(seckmapi.o)
 .group         0x0000000000000000        0x8 /home/liyupeng/zengyao/6.13/DT-W724V-20140311/output/host/usr/lib/libkey.a(key1.o)
 .note.GNU-stack
                0x0000000000000000        0x0 /home/liyupeng/zengyao/6.13/DT-W724V-20140311/output/host/usr/lib/libkey.a(key1.o)
 .group         0x0000000000000000        0x8 /home/liyupeng/zengyao/6.13/DT-W724V-20140311/output/host/usr/lib/libkey.a(key2.o)
 .text.__i686.get_pc_thunk.cx
                0x0000000000000000        0x4 /home/liyupeng/zengyao/6.13/DT-W724V-20140311/output/host/usr/lib/libkey.a(key2.o)
 .note.GNU-stack
                0x0000000000000000        0x0 /home/liyupeng/zengyao/6.13/DT-W724V-20140311/output/host/usr/lib/libkey.a(key2.o)
 .group         0x0000000000000000        0x8 /home/liyupeng/zengyao/6.13/DT-W724V-20140311/output/host/usr/lib/libkey.a(key3.o)
 .text.__i686.get_pc_thunk.cx
                0x0000000000000000        0x4 /home/liyupeng/zengyao/6.13/DT-W724V-20140311/output/host/usr/lib/libkey.a(key3.o)
 .note.GNU-stack
                0x0000000000000000        0x0 /home/liyupeng/zengyao/6.13/DT-W724V-20140311/output/host/usr/lib/libkey.a(key3.o)
 .group         0x0000000000000000        0x8 /home/liyupeng/zengyao/6.13/DT-W724V-20140311/output/host/usr/lib/libkey.a(key4.o)
 .text.__i686.get_pc_thunk.cx
                0x0000000000000000        0x4 /home/liyupeng/zengyao/6.13/DT-W724V-20140311/output/host/usr/lib/libkey.a(key4.o)
 .note.GNU-stack
                0x0000000000000000        0x0 /home/liyupeng/zengyao/6.13/DT-W724V-20140311/output/host/usr/lib/libkey.a(key4.o)
 .group         0x0000000000000000        0x8 /usr/lib/libc_nonshared.a(elf-init.oS)
 .debug_abbrev  0x0000000000000000       0xd6 /usr/lib/libc_nonshared.a(elf-init.oS)
 .debug_info    0x0000000000000000      0x11a /usr/lib/libc_nonshared.a(elf-init.oS)
 .debug_line    0x0000000000000000       0x7e /usr/lib/libc_nonshared.a(elf-init.oS)
 .debug_frame   0x0000000000000000       0x4c /usr/lib/libc_nonshared.a(elf-init.oS)
 .debug_loc     0x0000000000000000       0x6b /usr/lib/libc_nonshared.a(elf-init.oS)
 .debug_pubnames
                0x0000000000000000       0x3a /usr/lib/libc_nonshared.a(elf-init.oS)
 .debug_aranges
                0x0000000000000000       0x20 /usr/lib/libc_nonshared.a(elf-init.oS)
 .debug_str     0x0000000000000000       0xdb /usr/lib/libc_nonshared.a(elf-init.oS)
 .text.__i686.get_pc_thunk.bx
                0x0000000000000000        0x4 /usr/lib/libc_nonshared.a(elf-init.oS)
 .note.GNU-stack
                0x0000000000000000        0x0 /usr/lib/libc_nonshared.a(elf-init.oS)
 .note.GNU-stack
                0x0000000000000000        0x0 /usr/lib/gcc/i586-suse-linux/4.3/crtend.o
 .note.GNU-stack
                0x0000000000000000        0x0 /usr/lib/gcc/i586-suse-linux/4.3/../../../crtn.o

Memory Configuration

Name             Origin             Length             Attributes
*default*        0x0000000000000000 0xffffffffffffffff

Linker script and memory map

LOAD /usr/lib/gcc/i586-suse-linux/4.3/../../../crt1.o
LOAD /usr/lib/gcc/i586-suse-linux/4.3/../../../crti.o
LOAD /usr/lib/gcc/i586-suse-linux/4.3/crtbegin.o
LOAD /home/liyupeng/zengyao/6.13/DT-W724V-20140311/output/package/host-sign/rsamain.o
LOAD /home/liyupeng/zengyao/6.13/DT-W724V-20140311/output/host/usr/lib/libcrypto.so
LOAD /home/liyupeng/zengyao/6.13/DT-W724V-20140311/output/host/usr/lib/libsecapi.a
LOAD /home/liyupeng/zengyao/6.13/DT-W724V-20140311/output/host/usr/lib/libkey.a
LOAD /usr/lib/gcc/i586-suse-linux/4.3/libgcc.a
LOAD /usr/lib/gcc/i586-suse-linux/4.3/libgcc_s.so
LOAD /usr/lib/gcc/i586-suse-linux/4.3/../../../libc.so
START GROUP
LOAD /lib/libc.so.6
LOAD /usr/lib/libc_nonshared.a
LOAD /lib/ld-linux.so.2
END GROUP
LOAD /usr/lib/gcc/i586-suse-linux/4.3/libgcc.a
LOAD /usr/lib/gcc/i586-suse-linux/4.3/libgcc_s.so
LOAD /usr/lib/gcc/i586-suse-linux/4.3/crtend.o
LOAD /usr/lib/gcc/i586-suse-linux/4.3/../../../crtn.o
                0x0000000008048000                PROVIDE (__executable_start, 0x8048000)
                0x0000000008048154                . = (0x8048000 + SIZEOF_HEADERS)

.interp         0x0000000008048154       0x13
 *(.interp)
 .interp        0x0000000008048154       0x13 /usr/lib/gcc/i586-suse-linux/4.3/../../../crt1.o

.note.ABI-tag   0x0000000008048168       0x20
 .note.ABI-tag  0x0000000008048168       0x20 /usr/lib/gcc/i586-suse-linux/4.3/../../../crt1.o

.note.SuSE      0x0000000008048188       0x18
 .note.SuSE     0x0000000008048188       0x18 /usr/lib/gcc/i586-suse-linux/4.3/../../../crt1.o

.note.gnu.build-id
                0x00000000080481a0       0x24
 *(.note.gnu.build-id)
 .note.gnu.build-id
                0x00000000080481a0       0x24 /usr/lib/gcc/i586-suse-linux/4.3/../../../crt1.o

.hash           0x00000000080481c4      0x184
 *(.hash)
 .hash          0x00000000080481c4      0x184 /usr/lib/gcc/i586-suse-linux/4.3/../../../crt1.o

.gnu.hash       0x0000000008048348       0x48
 *(.gnu.hash)
 .gnu.hash      0x0000000008048348       0x48 /usr/lib/gcc/i586-suse-linux/4.3/../../../crt1.o

.dynsym         0x0000000008048390      0x3a0
 *(.dynsym)
 .dynsym        0x0000000008048390      0x3a0 /usr/lib/gcc/i586-suse-linux/4.3/../../../crt1.o

.dynstr         0x0000000008048730      0x2bc
 *(.dynstr)
 .dynstr        0x0000000008048730      0x2bc /usr/lib/gcc/i586-suse-linux/4.3/../../../crt1.o

.gnu.version    0x00000000080489ec       0x74
 *(.gnu.version)
 .gnu.version   0x00000000080489ec       0x74 /usr/lib/gcc/i586-suse-linux/4.3/../../../crt1.o

.gnu.version_d  0x0000000008048a60        0x0
 *(.gnu.version_d)
 .gnu.version_d
                0x0000000000000000        0x0 /usr/lib/gcc/i586-suse-linux/4.3/../../../crt1.o

.gnu.version_r  0x0000000008048a60       0x40
 *(.gnu.version_r)
 .gnu.version_r
                0x0000000008048a60       0x40 /usr/lib/gcc/i586-suse-linux/4.3/../../../crt1.o

.rel.dyn        0x0000000008048aa0       0xc8
 *(.rel.init)
 *(.rel.text .rel.text.* .rel.gnu.linkonce.t.*)
 .rel.text      0x0000000000000000        0x0 /usr/lib/gcc/i586-suse-linux/4.3/../../../crt1.o
 *(.rel.fini)
 *(.rel.rodata .rel.rodata.* .rel.gnu.linkonce.r.*)
 *(.rel.data.rel.ro* .rel.gnu.linkonce.d.rel.ro.*)
 *(.rel.data .rel.data.* .rel.gnu.linkonce.d.*)
 *(.rel.tdata .rel.tdata.* .rel.gnu.linkonce.td.*)
 *(.rel.tbss .rel.tbss.* .rel.gnu.linkonce.tb.*)
 *(.rel.ctors)
 *(.rel.dtors)
 *(.rel.got)
 .rel.got       0x0000000008048aa0       0xb8 /usr/lib/gcc/i586-suse-linux/4.3/../../../crt1.o
 *(.rel.bss .rel.bss.* .rel.gnu.linkonce.b.*)
 .rel.bss       0x0000000008048b58       0x10 /usr/lib/gcc/i586-suse-linux/4.3/../../../crt1.o
 *(.rel.ifunc)

.rel.plt        0x0000000008048b68       0xd8
 *(.rel.plt)
 .rel.plt       0x0000000008048b68       0xd8 /usr/lib/gcc/i586-suse-linux/4.3/../../../crt1.o
                0x0000000008048c40                PROVIDE (__rel_iplt_start, .)
 *(.rel.iplt)
 .rel.iplt      0x0000000000000000        0x0 /usr/lib/gcc/i586-suse-linux/4.3/../../../crt1.o
                0x0000000008048c40                PROVIDE (__rel_iplt_end, .)

.init           0x0000000008048c40       0x30
 *(.init)
 .init          0x0000000008048c40       0x22 /usr/lib/gcc/i586-suse-linux/4.3/../../../crti.o
                0x0000000008048c40                _init
 .init          0x0000000008048c62        0x5 /usr/lib/gcc/i586-suse-linux/4.3/crtbegin.o
 .init          0x0000000008048c67        0x5 /usr/lib/gcc/i586-suse-linux/4.3/crtend.o
 .init          0x0000000008048c6c        0x4 /usr/lib/gcc/i586-suse-linux/4.3/../../../crtn.o

.plt            0x0000000008048c70      0x1c0
 *(.plt)
 .plt           0x0000000008048c70      0x1c0 /usr/lib/gcc/i586-suse-linux/4.3/../../../crt1.o
                0x0000000008048c80                fputs@@GLIBC_2.0
                0x0000000008048ca0                __isoc99_sscanf@@GLIBC_2.7
                0x0000000008048cb0                strchr@@GLIBC_2.0
                0x0000000008048cc0                __libc_start_main@@GLIBC_2.0
                0x0000000008048cd0                free@@GLIBC_2.0
                0x0000000008048ce0                getopt_long@@GLIBC_2.0
                0x0000000008048cf0                rsa_free
                0x0000000008048d00                fseek@@GLIBC_2.0
                0x0000000008048d10                fclose@@GLIBC_2.1
                0x0000000008048d20                strtoul@@GLIBC_2.0
                0x0000000008048d30                fopen@@GLIBC_2.1
                0x0000000008048d40                ftell@@GLIBC_2.0
                0x0000000008048d50                printf@@GLIBC_2.0
                0x0000000008048d60                fwrite@@GLIBC_2.0
                0x0000000008048d70                strstr@@GLIBC_2.0
                0x0000000008048d80                time@@GLIBC_2.0
                0x0000000008048d90                mpi_read_binary
                0x0000000008048da0                malloc@@GLIBC_2.0
                0x0000000008048db0                mpi_msb
                0x0000000008048dc0                rsa_init
                0x0000000008048dd0                puts@@GLIBC_2.0
                0x0000000008048de0                gmtime@@GLIBC_2.0
                0x0000000008048df0                strncmp@@GLIBC_2.0
                0x0000000008048e00                fread@@GLIBC_2.0
                0x0000000008048e10                strftime@@GLIBC_2.0
                0x0000000008048e20                snprintf@@GLIBC_2.0
 *(.iplt)
 .iplt          0x0000000000000000        0x0 /usr/lib/gcc/i586-suse-linux/4.3/../../../crt1.o

.text           0x0000000008048e30     0x224c
 *(.text.unlikely .text.*_unlikely)
 *(.text .stub .text.* .gnu.linkonce.t.*)
 .text          0x0000000008048e30       0x24 /usr/lib/gcc/i586-suse-linux/4.3/../../../crt1.o
                0x0000000008048e30                _start
 .text          0x0000000008048e54        0x0 /usr/lib/gcc/i586-suse-linux/4.3/../../../crti.o
 *fill*         0x0000000008048e54        0xc 90909090
 .text          0x0000000008048e60       0x83 /usr/lib/gcc/i586-suse-linux/4.3/crtbegin.o
 *fill*         0x0000000008048ee3        0x1 90909090
 .text          0x0000000008048ee4      0x477 /home/liyupeng/zengyao/6.13/DT-W724V-20140311/output/package/host-sign/rsamain.o
                0x0000000008048ee4                ATP_SEC_ReadFileToDataAlign
                0x0000000008048fbf                main
 *fill*         0x000000000804935b        0x1 90909090
 .text          0x000000000804935c      0xfac /home/liyupeng/zengyao/6.13/DT-W724V-20140311/output/host/usr/lib/libsecapi.a(secapi.o)
                0x000000000804935c                ATP_SEC_CreateAsymmetricContext
                0x0000000008049388                ATP_SEC_DeleteContext
                0x00000000080493b6                ATP_SEC_CreateDigestContext
                0x000000000804958b                ATP_SEC_DeleteData
                0x00000000080495c6                ATP_SEC_CreateData
                0x000000000804962e                ATP_SEC_DigestDataEx
                0x00000000080496ae                ATP_SEC_VerifyData
                0x0000000008049766                ATP_SEC_SignData
                0x000000000804984a                ATP_SEC_DigestData
                0x00000000080498f5                ATP_SEC_CreateSymmetricContext
                0x0000000008049a75                ATP_SEC_CreateSignatureContext
                0x0000000008049e87                ATP_SEC_DecryptData
                0x0000000008049f09                ATP_SEC_DecryptDataEx
                0x0000000008049f8a                ATP_SEC_EncryptData
                0x000000000804a0e9                ATP_SEC_EncryptDataEx
                0x000000000804a13f                ATP_SEC_DigestString
                0x000000000804a222                ATP_SEC_ReadFileToData
 .text.__i686.get_pc_thunk.bx
                0x000000000804a308        0x4 /home/liyupeng/zengyao/6.13/DT-W724V-20140311/output/host/usr/lib/libsecapi.a(secapi.o)
                0x000000000804a308                __i686.get_pc_thunk.bx
 .text          0x000000000804a30c      0xc38 /home/liyupeng/zengyao/6.13/DT-W724V-20140311/output/host/usr/lib/libsecapi.a(seckmapi.o)
                0x000000000804a30c                ATP_UTIL_ListAppend
                0x000000000804a321                ATP_UTIL_ListFindItem
                0x000000000804a355                ATP_SEC_SSL_GetCert
                0x000000000804a3a2                ATP_SEC_KM_GetKey
                0x000000000804a3f0                ATP_SEC_KM_InsertKeyList
                0x000000000804a42e                ATP_SEC_KM_GetKeyAttribute
                0x000000000804a44b                ATP_SEC_KM_DeleteLoadKeyDriver
                0x000000000804a472                ATP_SEC_KM_DeleteKeyData
                0x000000000804a4ad                ATP_SEC_KM_DeleteKey
                0x000000000804a4fe                ATP_SEC_KM_RemoveKey
                0x000000000804a558                ATP_SEC_KM_RemoveAllKey
                0x000000000804a58e                ATP_SEC_KM_Destroy
                0x000000000804a613                ATP_SEC_KM_AddKey
                0x000000000804a663                ATP_SEC_KM_AppendKeyAttribute
                0x000000000804a6d2                ATP_SEC_KM_CreateKeyData
                0x000000000804a735                ATP_SEC_KM_CreateKey
                0x000000000804a77d                ATP_SEC_KM_LoadKey
                0x000000000804aa3a                ATP_SEC_KM_CreateLoadKeyDriver
                0x000000000804ac11                ATP_SEC_KM_Init
 .text          0x000000000804af44       0x24 /home/liyupeng/zengyao/6.13/DT-W724V-20140311/output/host/usr/lib/libkey.a(key1.o)
                0x000000000804af44                ATP_GetInfo1
 .text.__i686.get_pc_thunk.cx
                0x000000000804af68        0x4 /home/liyupeng/zengyao/6.13/DT-W724V-20140311/output/host/usr/lib/libkey.a(key1.o)
                0x000000000804af68                __i686.get_pc_thunk.cx
 .text          0x000000000804af6c       0x24 /home/liyupeng/zengyao/6.13/DT-W724V-20140311/output/host/usr/lib/libkey.a(key2.o)
                0x000000000804af6c                ATP_GetInfo2
 .text          0x000000000804af90       0x24 /home/liyupeng/zengyao/6.13/DT-W724V-20140311/output/host/usr/lib/libkey.a(key3.o)
                0x000000000804af90                ATP_GetInfo3
 .text          0x000000000804afb4       0x24 /home/liyupeng/zengyao/6.13/DT-W724V-20140311/output/host/usr/lib/libkey.a(key4.o)
                0x000000000804afb4                ATP_GetInfo4
 *fill*         0x000000000804afd8        0x8 90909090
 .text          0x000000000804afe0       0x6a /usr/lib/libc_nonshared.a(elf-init.oS)
                0x000000000804afe0                __libc_csu_fini
                0x000000000804aff0                __libc_csu_init
 *fill*         0x000000000804b04a        0x6 90909090
 .text          0x000000000804b050       0x2a /usr/lib/gcc/i586-suse-linux/4.3/crtend.o
 *fill*         0x000000000804b07a        0x2 90909090
 .text          0x000000000804b07c        0x0 /usr/lib/gcc/i586-suse-linux/4.3/../../../crtn.o
 *(.gnu.warning)

.fini           0x000000000804b07c       0x1c
 *(.fini)
 .fini          0x000000000804b07c       0x13 /usr/lib/gcc/i586-suse-linux/4.3/../../../crti.o
                0x000000000804b07c                _fini
 .fini          0x000000000804b08f        0x5 /usr/lib/gcc/i586-suse-linux/4.3/crtbegin.o
 .fini          0x000000000804b094        0x4 /usr/lib/gcc/i586-suse-linux/4.3/../../../crtn.o
                0x000000000804b098                PROVIDE (__etext, .)
                0x000000000804b098                PROVIDE (_etext, .)
                0x000000000804b098                PROVIDE (etext, .)

.rodata         0x000000000804b098      0x32b
 *(.rodata .rodata.* .gnu.linkonce.r.*)
 .rodata        0x000000000804b098        0x4 /usr/lib/gcc/i586-suse-linux/4.3/../../../crt1.o
                0x000000000804b098                _fp_hw
 .rodata.cst4   0x000000000804b09c        0x4 /usr/lib/gcc/i586-suse-linux/4.3/../../../crt1.o
                0x000000000804b09c                _IO_stdin_used
 .rodata.str1.1
                0x000000000804b0a0      0x1f5 /home/liyupeng/zengyao/6.13/DT-W724V-20140311/output/package/host-sign/rsamain.o
 *fill*         0x000000000804b295        0x3 00
 .rodata        0x000000000804b298       0x58 /home/liyupeng/zengyao/6.13/DT-W724V-20140311/output/package/host-sign/rsamain.o
 .rodata.str1.1
                0x000000000804b2f0        0x5 /home/liyupeng/zengyao/6.13/DT-W724V-20140311/output/host/usr/lib/libsecapi.a(secapi.o)
                                          0x8 (size before relaxing)
 .rodata.str1.1
                0x000000000804b2f5       0xce /home/liyupeng/zengyao/6.13/DT-W724V-20140311/output/host/usr/lib/libsecapi.a(seckmapi.o)
                                         0xd4 (size before relaxing)

.rodata1
 *(.rodata1)

.eh_frame_hdr   0x000000000804b3c4       0x1c
 *(.eh_frame_hdr)
 .eh_frame_hdr  0x000000000804b3c4       0x1c /usr/lib/libc_nonshared.a(elf-init.oS)

.eh_frame       0x000000000804b3e0       0x58
 *(.eh_frame)
 .eh_frame      0x000000000804b3e0       0x54 /usr/lib/libc_nonshared.a(elf-init.oS)
 .eh_frame      0x000000000804b434        0x4 /usr/lib/gcc/i586-suse-linux/4.3/crtend.o

.gcc_except_table
 *(.gcc_except_table .gcc_except_table.*)
                0x000000000804b438                . = (ALIGN (0x1000) - ((0x1000 - .) & 0xfff))
                0x000000000804ce9c                . = (0x1000 DATA_SEGMENT_ALIGN 0x1000)

.eh_frame
 *(.eh_frame)

.gcc_except_table
 *(.gcc_except_table .gcc_except_table.*)

.tdata
 *(.tdata .tdata.* .gnu.linkonce.td.*)

.tbss
 *(.tbss .tbss.* .gnu.linkonce.tb.*)
 *(.tcommon)

.preinit_array  0x000000000804ce9c        0x0
                0x000000000804ce9c                PROVIDE (__preinit_array_start, .)
 *(.preinit_array)
                0x000000000804ce9c                PROVIDE (__preinit_array_end, .)

.init_array     0x000000000804ce9c        0x0
                0x000000000804ce9c                PROVIDE (__init_array_start, .)
 *(SORT(.init_array.*))
 *(.init_array)
                0x000000000804ce9c                PROVIDE (__init_array_end, .)

.fini_array     0x000000000804ce9c        0x0
                0x000000000804ce9c                PROVIDE (__fini_array_start, .)
 *(.fini_array)
 *(SORT(.fini_array.*))
                0x000000000804ce9c                PROVIDE (__fini_array_end, .)

.ctors          0x000000000804ce9c        0x8
 *crtbegin.o(.ctors)
 .ctors         0x000000000804ce9c        0x4 /usr/lib/gcc/i586-suse-linux/4.3/crtbegin.o
 *crtbegin?.o(.ctors)
 *(EXCLUDE_FILE(*crtend?.o *crtend.o) .ctors)
 *(SORT(.ctors.*))
 *(.ctors)
 .ctors         0x000000000804cea0        0x4 /usr/lib/gcc/i586-suse-linux/4.3/crtend.o

.dtors          0x000000000804cea4        0x8
 *crtbegin.o(.dtors)
 .dtors         0x000000000804cea4        0x4 /usr/lib/gcc/i586-suse-linux/4.3/crtbegin.o
 *crtbegin?.o(.dtors)
 *(EXCLUDE_FILE(*crtend?.o *crtend.o) .dtors)
 *(SORT(.dtors.*))
 *(.dtors)
 .dtors         0x000000000804cea8        0x4 /usr/lib/gcc/i586-suse-linux/4.3/crtend.o
                0x000000000804cea8                __DTOR_END__

.jcr            0x000000000804ceac        0x4
 *(.jcr)
 .jcr           0x000000000804ceac        0x0 /usr/lib/gcc/i586-suse-linux/4.3/crtbegin.o
 .jcr           0x000000000804ceac        0x4 /usr/lib/gcc/i586-suse-linux/4.3/crtend.o

.data.rel.ro
 *(.data.rel.ro.local* .gnu.linkonce.d.rel.ro.local.*)
 *(.data.rel.ro* .gnu.linkonce.d.rel.ro.*)

.dynamic        0x000000000804ceb0       0xe8
 *(.dynamic)
 .dynamic       0x000000000804ceb0       0xe8 /usr/lib/gcc/i586-suse-linux/4.3/../../../crt1.o
                0x000000000804ceb0                _DYNAMIC

.got            0x000000000804cf98       0x5c
 *(.got)
 .got           0x000000000804cf98       0x5c /usr/lib/gcc/i586-suse-linux/4.3/../../../crt1.o
 *(.igot)
                0x000000000804cff4                . = (. DATA_SEGMENT_RELRO_END 0xc)

.got.plt        0x000000000804cff4       0x78
 *(.got.plt)
 .got.plt       0x000000000804cff4       0x78 /usr/lib/gcc/i586-suse-linux/4.3/../../../crt1.o
                0x000000000804cff4                _GLOBAL_OFFSET_TABLE_
 *(.igot.plt)
 .igot.plt      0x0000000000000000        0x0 /usr/lib/gcc/i586-suse-linux/4.3/../../../crt1.o

.data           0x000000000804d06c      0xa78
 *(.data .data.* .gnu.linkonce.d.*)
 .data          0x000000000804d06c        0x4 /usr/lib/gcc/i586-suse-linux/4.3/../../../crt1.o
                0x000000000804d06c                data_start
                0x000000000804d06c                __data_start
 .data          0x000000000804d070        0x0 /usr/lib/gcc/i586-suse-linux/4.3/../../../crti.o
 .data          0x000000000804d070        0x4 /usr/lib/gcc/i586-suse-linux/4.3/crtbegin.o
                0x000000000804d070                __dso_handle
 .data          0x000000000804d074       0x80 /home/liyupeng/zengyao/6.13/DT-W724V-20140311/output/package/host-sign/rsamain.o
 .data          0x000000000804d0f4        0x0 /home/liyupeng/zengyao/6.13/DT-W724V-20140311/output/host/usr/lib/libsecapi.a(secapi.o)
 .data          0x000000000804d0f4        0x0 /home/liyupeng/zengyao/6.13/DT-W724V-20140311/output/host/usr/lib/libsecapi.a(seckmapi.o)
 .data          0x000000000804d0f4      0x27c /home/liyupeng/zengyao/6.13/DT-W724V-20140311/output/host/usr/lib/libkey.a(key1.o)
 .data          0x000000000804d370      0x27c /home/liyupeng/zengyao/6.13/DT-W724V-20140311/output/host/usr/lib/libkey.a(key2.o)
 .data          0x000000000804d5ec      0x27c /home/liyupeng/zengyao/6.13/DT-W724V-20140311/output/host/usr/lib/libkey.a(key3.o)
 .data          0x000000000804d868      0x27c /home/liyupeng/zengyao/6.13/DT-W724V-20140311/output/host/usr/lib/libkey.a(key4.o)
 .data          0x000000000804dae4        0x0 /usr/lib/libc_nonshared.a(elf-init.oS)
 .data          0x000000000804dae4        0x0 /usr/lib/gcc/i586-suse-linux/4.3/crtend.o
 .data          0x000000000804dae4        0x0 /usr/lib/gcc/i586-suse-linux/4.3/../../../crtn.o

.data1
 *(.data1)
                0x000000000804dae4                _edata = .
                0x000000000804dae4                PROVIDE (edata, .)
                0x000000000804dae4                __bss_start = .

.bss            0x000000000804dae4       0x1c
 *(.dynbss)
 .dynbss        0x000000000804dae4        0x8 /usr/lib/gcc/i586-suse-linux/4.3/../../../crt1.o
                0x000000000804dae4                stderr@@GLIBC_2.0
                0x000000000804dae8                optarg@@GLIBC_2.0
 *(.bss .bss.* .gnu.linkonce.b.*)
 .bss           0x000000000804daec        0x0 /usr/lib/gcc/i586-suse-linux/4.3/../../../crt1.o
 .bss           0x000000000804daec        0x0 /usr/lib/gcc/i586-suse-linux/4.3/../../../crti.o
 .bss           0x000000000804daec        0x8 /usr/lib/gcc/i586-suse-linux/4.3/crtbegin.o
 .bss           0x000000000804daf4        0x0 /home/liyupeng/zengyao/6.13/DT-W724V-20140311/output/package/host-sign/rsamain.o
 .bss           0x000000000804daf4        0x0 /home/liyupeng/zengyao/6.13/DT-W724V-20140311/output/host/usr/lib/libsecapi.a(secapi.o)
 .bss           0x000000000804daf4        0xc /home/liyupeng/zengyao/6.13/DT-W724V-20140311/output/host/usr/lib/libsecapi.a(seckmapi.o)
                0x000000000804daf4                g_pfSecLoadStaticKeysProc
 .bss           0x000000000804db00        0x0 /home/liyupeng/zengyao/6.13/DT-W724V-20140311/output/host/usr/lib/libkey.a(key1.o)
 .bss           0x000000000804db00        0x0 /home/liyupeng/zengyao/6.13/DT-W724V-20140311/output/host/usr/lib/libkey.a(key2.o)
 .bss           0x000000000804db00        0x0 /home/liyupeng/zengyao/6.13/DT-W724V-20140311/output/host/usr/lib/libkey.a(key3.o)
 .bss           0x000000000804db00        0x0 /home/liyupeng/zengyao/6.13/DT-W724V-20140311/output/host/usr/lib/libkey.a(key4.o)
 .bss           0x000000000804db00        0x0 /usr/lib/libc_nonshared.a(elf-init.oS)
 .bss           0x000000000804db00        0x0 /usr/lib/gcc/i586-suse-linux/4.3/crtend.o
 .bss           0x000000000804db00        0x0 /usr/lib/gcc/i586-suse-linux/4.3/../../../crtn.o
 *(COMMON)
                0x000000000804db00                . = ALIGN ((. != 0x0)?0x4:0x1)
                0x000000000804db00                . = ALIGN (0x4)
                0x000000000804db00                . = ALIGN (0x4)
                0x000000000804db00                _end = .
                0x000000000804db00                PROVIDE (end, .)
                0x000000000804db00                . = DATA_SEGMENT_END (.)

.stab
 *(.stab)

.stabstr
 *(.stabstr)

.stab.excl
 *(.stab.excl)

.stab.exclstr
 *(.stab.exclstr)

.stab.index
 *(.stab.index)

.stab.indexstr
 *(.stab.indexstr)

.comment.SUSE.OPTs
                0x0000000000000000        0x6
 .comment.SUSE.OPTs
                0x0000000000000000        0x6 /home/liyupeng/zengyao/6.13/DT-W724V-20140311/output/package/host-sign/rsamain.o
 .comment.SUSE.OPTs
                0x0000000000000000        0x6 /home/liyupeng/zengyao/6.13/DT-W724V-20140311/output/host/usr/lib/libsecapi.a(secapi.o)
 .comment.SUSE.OPTs
                0x0000000000000000        0x6 /home/liyupeng/zengyao/6.13/DT-W724V-20140311/output/host/usr/lib/libsecapi.a(seckmapi.o)
 .comment.SUSE.OPTs
                0x0000000000000000        0x6 /home/liyupeng/zengyao/6.13/DT-W724V-20140311/output/host/usr/lib/libkey.a(key1.o)
 .comment.SUSE.OPTs
                0x0000000000000000        0x6 /home/liyupeng/zengyao/6.13/DT-W724V-20140311/output/host/usr/lib/libkey.a(key2.o)
 .comment.SUSE.OPTs
                0x0000000000000000        0x6 /home/liyupeng/zengyao/6.13/DT-W724V-20140311/output/host/usr/lib/libkey.a(key3.o)
 .comment.SUSE.OPTs
                0x0000000000000000        0x6 /home/liyupeng/zengyao/6.13/DT-W724V-20140311/output/host/usr/lib/libkey.a(key4.o)

.comment        0x0000000000000000       0x39
 *(.comment)
 .comment       0x0000000000000000       0x39 /usr/lib/gcc/i586-suse-linux/4.3/../../../crt1.o
                                         0x3a (size before relaxing)
 .comment       0x0000000000000000       0x3a /usr/lib/gcc/i586-suse-linux/4.3/../../../crti.o
 .comment       0x0000000000000000       0x3a /usr/lib/gcc/i586-suse-linux/4.3/crtbegin.o
 .comment       0x0000000000000000       0x3a /home/liyupeng/zengyao/6.13/DT-W724V-20140311/output/package/host-sign/rsamain.o
 .comment       0x0000000000000000       0x3a /home/liyupeng/zengyao/6.13/DT-W724V-20140311/output/host/usr/lib/libsecapi.a(secapi.o)
 .comment       0x0000000000000000       0x3a /home/liyupeng/zengyao/6.13/DT-W724V-20140311/output/host/usr/lib/libsecapi.a(seckmapi.o)
 .comment       0x0000000000000000       0x3a /home/liyupeng/zengyao/6.13/DT-W724V-20140311/output/host/usr/lib/libkey.a(key1.o)
 .comment       0x0000000000000000       0x3a /home/liyupeng/zengyao/6.13/DT-W724V-20140311/output/host/usr/lib/libkey.a(key2.o)
 .comment       0x0000000000000000       0x3a /home/liyupeng/zengyao/6.13/DT-W724V-20140311/output/host/usr/lib/libkey.a(key3.o)
 .comment       0x0000000000000000       0x3a /home/liyupeng/zengyao/6.13/DT-W724V-20140311/output/host/usr/lib/libkey.a(key4.o)
 .comment       0x0000000000000000       0x3a /usr/lib/gcc/i586-suse-linux/4.3/crtend.o
 .comment       0x0000000000000000       0x3a /usr/lib/gcc/i586-suse-linux/4.3/../../../crtn.o

.debug
 *(.debug)

.line
 *(.line)

.debug_srcinfo
 *(.debug_srcinfo)

.debug_sfnames
 *(.debug_sfnames)

.debug_aranges
 *(.debug_aranges)

.debug_pubnames
 *(.debug_pubnames)

.debug_info
 *(.debug_info .gnu.linkonce.wi.*)

.debug_abbrev
 *(.debug_abbrev)

.debug_line
 *(.debug_line)

.debug_frame
 *(.debug_frame)

.debug_str
 *(.debug_str)

.debug_loc
 *(.debug_loc)

.debug_macinfo
 *(.debug_macinfo)

.debug_weaknames
 *(.debug_weaknames)

.debug_funcnames
 *(.debug_funcnames)

.debug_typenames
 *(.debug_typenames)

.debug_varnames
 *(.debug_varnames)

.debug_pubtypes
 *(.debug_pubtypes)

.debug_ranges
 *(.debug_ranges)

.gnu.attributes
 *(.gnu.attributes)

/DISCARD/
 *(.note.GNU-stack)
 *(.gnu_debuglink)
 *(.gnu.lto_*)
OUTPUT(/home/liyupeng/zengyao/6.13/DT-W724V-20140311/output/package/host-sign/rsautil elf32-i386)
