Archive member included because of file (symbol)

libbb/lib.a(appletlib.o)      /home/zengyao/DT_Hybrid_GPL_1.00.052/Hybrid_security_baseline/output/host/usr/arm-unknown-linux-uclibcgnueabi/sysroot/usr/lib/crt1.o (main)
libbb/lib.a(bb_basename.o)    libbb/lib.a(appletlib.o) (bb_basename)
libbb/lib.a(concat_path_file.o)
                              libbb/lib.a(appletlib.o) (concat_path_file)
libbb/lib.a(default_error_retval.o)
                              libbb/lib.a(appletlib.o) (xfunc_error_retval)
libbb/lib.a(error_msg_and_die.o)
                              libbb/lib.a(appletlib.o) (xfunc_die)
libbb/lib.a(get_last_path_component.o)
                              libbb/lib.a(appletlib.o) (bb_get_last_path_component_nostrip)
libbb/lib.a(last_char_is.o)   libbb/lib.a(concat_path_file.o) (last_char_is)
libbb/lib.a(messages.o)       libbb/lib.a(appletlib.o) (bb_banner)
libbb/lib.a(perror_msg.o)     libbb/lib.a(appletlib.o) (bb_simple_perror_msg)
libbb/lib.a(verror_msg.o)     libbb/lib.a(error_msg_and_die.o) (bb_verror_msg)
libbb/lib.a(xfuncs.o)         libbb/lib.a(concat_path_file.o) (xasprintf)
libbb/lib.a(xreadlink.o)      libbb/lib.a(appletlib.o) (xmalloc_readlink)
libbb/lib.a(copyfd.o)         libbb/lib.a(xfuncs.o) (bb_copyfd_eof)
libbb/lib.a(error_msg.o)      libbb/lib.a(xfuncs.o) (bb_error_msg)
libbb/lib.a(full_write.o)     libbb/lib.a(verror_msg.o) (full_write)
libbb/lib.a(perror_msg_and_die.o)
                              libbb/lib.a(xfuncs.o) (bb_perror_msg_and_die)
libbb/lib.a(read.o)           libbb/lib.a(xfuncs.o) (safe_read)
libbb/lib.a(safe_write.o)     libbb/lib.a(full_write.o) (safe_write)
loginutils/lib.a(su.o)        libbb/lib.a(appletlib.o) (su_main)
miscutils/lib.a(makedevs.o)   libbb/lib.a(appletlib.o) (makedevs_main)
modutils/lib.a(insmod.o)      libbb/lib.a(appletlib.o) (insmod_main)
networking/lib.a(ifconfig.o)  libbb/lib.a(appletlib.o) (ifconfig_main)
networking/lib.a(interface.o)
                              networking/lib.a(ifconfig.o) (display_interfaces)
networking/lib.a(netstat.o)   libbb/lib.a(appletlib.o) (netstat_main)
networking/lib.a(route.o)     networking/lib.a(netstat.o) (bb_displayroutes)
networking/lib.a(smuxctl.o)   libbb/lib.a(appletlib.o) (smuxctl_main)
networking/lib.a(tftp.o)      libbb/lib.a(appletlib.o) (tftp_main)
networking/lib.a(traceroute.o)
                              libbb/lib.a(appletlib.o) (traceroute_main)
networking/lib.a(vconfig.o)   libbb/lib.a(appletlib.o) (vconfig_main)
networking/lib.a(zcip.o)      libbb/lib.a(appletlib.o) (zcip_main)
procps/lib.a(kill.o)          libbb/lib.a(appletlib.o) (kill_main)
procps/lib.a(ps.o)            libbb/lib.a(appletlib.o) (ps_main)
procps/lib.a(top.o)           libbb/lib.a(appletlib.o) (top_main)
shell/lib.a(ash.o)            libbb/lib.a(appletlib.o) (ash_main)
util-linux/lib.a(fdisk.o)     libbb/lib.a(appletlib.o) (fdisk_main)
util-linux/lib.a(mount.o)     libbb/lib.a(appletlib.o) (mount_main)
util-linux/lib.a(umount.o)    libbb/lib.a(appletlib.o) (umount_main)
atpconfig/lib.a(arp.o)        libbb/lib.a(appletlib.o) (arp_main)
atpconfig/lib.a(atpcommon.o)  libbb/lib.a(xfuncs.o) (ATPUpgradePrecheckProc)
atpconfig/lib.a(ftpgetput.o)  libbb/lib.a(appletlib.o) (ftpget_main)
atpconfig/lib.a(gplgethostbyname.o)
                              networking/lib.a(traceroute.o) (ATP_GPL_Gethostbyname)
atpconfig/lib.a(ping.o)       libbb/lib.a(appletlib.o) (ping_main)
atpconfig/lib.a(traceroute6.o)
                              libbb/lib.a(appletlib.o) (traceroute6_main)
atpconfig/lib.a(wget.o)       libbb/lib.a(appletlib.o) (wget_main)
archival/libunarchive/lib.a(decompress_bunzip2.o)
                              libbb/lib.a(appletlib.o) (dealloc_bunzip)
coreutils/lib.a(cat.o)        libbb/lib.a(appletlib.o) (cat_main)
coreutils/lib.a(chmod.o)      libbb/lib.a(appletlib.o) (chmod_main)
coreutils/lib.a(cp.o)         libbb/lib.a(appletlib.o) (cp_main)
coreutils/lib.a(date.o)       libbb/lib.a(appletlib.o) (date_main)
coreutils/lib.a(df.o)         libbb/lib.a(appletlib.o) (df_main)
coreutils/lib.a(echo.o)       libbb/lib.a(appletlib.o) (echo_main)
coreutils/lib.a(ls.o)         libbb/lib.a(appletlib.o) (ls_main)
coreutils/lib.a(mkdir.o)      libbb/lib.a(appletlib.o) (mkdir_main)
coreutils/lib.a(mknod.o)      libbb/lib.a(appletlib.o) (mknod_main)
coreutils/lib.a(mv.o)         libbb/lib.a(appletlib.o) (mv_main)
coreutils/lib.a(rm.o)         libbb/lib.a(appletlib.o) (rm_main)
coreutils/lib.a(sleep.o)      libbb/lib.a(appletlib.o) (sleep_main)
coreutils/lib.a(test.o)       libbb/lib.a(appletlib.o) (test_main)
coreutils/lib.a(who.o)        libbb/lib.a(appletlib.o) (who_main)
coreutils/lib.a(whoami.o)     libbb/lib.a(appletlib.o) (whoami_main)
coreutils/libcoreutils/lib.a(cp_mv_stat.o)
                              coreutils/lib.a(cp.o) (cp_mv_stat2)
coreutils/libcoreutils/lib.a(getopt_mk_fifo_nod.o)
                              coreutils/lib.a(mknod.o) (getopt_mk_fifo_nod)
[...]
Memory Configuration

Name             Origin             Length             Attributes
*default*        0x00000000         0xffffffff

Linker script and memory map

LOAD /home/zengyao/DT_Hybrid_GPL_1.00.052/Hybrid_security_baseline/output/host/usr/arm-unknown-linux-uclibcgnueabi/sysroot/usr/lib/crt1.o
LOAD /home/zengyao/DT_Hybrid_GPL_1.00.052/Hybrid_security_baseline/output/host/usr/arm-unknown-linux-uclibcgnueabi/sysroot/usr/lib/crti.o
LOAD /opt/toolchain_hisi/arm-hsan-linux-uclibcgnueabi/bin/../lib/gcc/arm-hsan-linux-uclibcgnueabi/4.4.6/crtbegin.o
START GROUP
LOAD applets/built-in.o
LOAD archival/lib.a
LOAD archival/libunarchive/lib.a
LOAD console-tools/lib.a
LOAD coreutils/lib.a
LOAD coreutils/libcoreutils/lib.a
LOAD debianutils/lib.a
LOAD e2fsprogs/lib.a
LOAD editors/lib.a
LOAD findutils/lib.a
LOAD init/lib.a
LOAD ipsvd/lib.a
LOAD libbb/lib.a
LOAD libpwdgrp/lib.a
LOAD loginutils/lib.a
LOAD miscutils/lib.a
LOAD modutils/lib.a
LOAD networking/lib.a
LOAD networking/libiproute/lib.a
LOAD networking/udhcp/lib.a
LOAD procps/lib.a
LOAD runit/lib.a
LOAD selinux/lib.a
LOAD shell/lib.a
LOAD sysklogd/lib.a
LOAD util-linux/lib.a
LOAD atpconfig/lib.a
LOAD archival/built-in.o
LOAD archival/libunarchive/built-in.o
LOAD console-tools/built-in.o
LOAD coreutils/built-in.o
LOAD coreutils/libcoreutils/built-in.o
LOAD debianutils/built-in.o
LOAD e2fsprogs/built-in.o
LOAD editors/built-in.o
LOAD findutils/built-in.o
LOAD init/built-in.o
LOAD ipsvd/built-in.o
LOAD libbb/built-in.o
LOAD libpwdgrp/built-in.o
LOAD loginutils/built-in.o
LOAD miscutils/built-in.o
LOAD modutils/built-in.o
LOAD networking/built-in.o
LOAD networking/libiproute/built-in.o
LOAD networking/udhcp/built-in.o
LOAD procps/built-in.o
LOAD runit/built-in.o
LOAD selinux/built-in.o
LOAD shell/built-in.o
LOAD sysklogd/built-in.o
LOAD util-linux/built-in.o
LOAD atpconfig/built-in.o
END GROUP
START GROUP
LOAD /home/zengyao/DT_Hybrid_GPL_1.00.052/Hybrid_security_baseline/output/host/usr/arm-unknown-linux-uclibcgnueabi/sysroot/usr/lib/libcrypt.so
LOAD /home/zengyao/DT_Hybrid_GPL_1.00.052/Hybrid_security_baseline/output/host/usr/arm-unknown-linux-uclibcgnueabi/sysroot/lib//libgplutil.so
LOAD /home/zengyao/DT_Hybrid_GPL_1.00.052/Hybrid_security_baseline/output/host/usr/arm-unknown-linux-uclibcgnueabi/sysroot/lib//libssl.so
END GROUP
LOAD /opt/toolchain_hisi/arm-hsan-linux-uclibcgnueabi/bin/../lib/gcc/arm-hsan-linux-uclibcgnueabi/4.4.6/libgcc.a
LOAD /home/zengyao/DT_Hybrid_GPL_1.00.052/Hybrid_security_baseline/output/host/usr/arm-unknown-linux-uclibcgnueabi/sysroot/lib//libgcc_s.so
START GROUP
LOAD /home/zengyao/DT_Hybrid_GPL_1.00.052/Hybrid_security_baseline/output/host/usr/arm-unknown-linux-uclibcgnueabi/sysroot/lib//libgcc_s.so.1
LOAD /opt/toolchain_hisi/arm-hsan-linux-uclibcgnueabi/bin/../lib/gcc/arm-hsan-linux-uclibcgnueabi/4.4.6/libgcc.a
END GROUP
LOAD /home/zengyao/DT_Hybrid_GPL_1.00.052/Hybrid_security_baseline/output/host/usr/arm-unknown-linux-uclibcgnueabi/sysroot/usr/lib/libc.so
START GROUP
LOAD /home/zengyao/DT_Hybrid_GPL_1.00.052/Hybrid_security_baseline/output/host/usr/arm-unknown-linux-uclibcgnueabi/sysroot/lib//libc.so.0
LOAD /home/zengyao/DT_Hybrid_GPL_1.00.052/Hybrid_security_baseline/output/host/usr/arm-unknown-linux-uclibcgnueabi/sysroot/usr/lib/uclibc_nonshared.a
LOAD /home/zengyao/DT_Hybrid_GPL_1.00.052/Hybrid_security_baseline/output/host/usr/arm-unknown-linux-uclibcgnueabi/sysroot/lib//ld-uClibc.so.0
END GROUP
LOAD /opt/toolchain_hisi/arm-hsan-linux-uclibcgnueabi/bin/../lib/gcc/arm-hsan-linux-uclibcgnueabi/4.4.6/libgcc.a
LOAD /home/zengyao/DT_Hybrid_GPL_1.00.052/Hybrid_security_baseline/output/host/usr/arm-unknown-linux-uclibcgnueabi/sysroot/lib//libgcc_s.so
START GROUP
LOAD /home/zengyao/DT_Hybrid_GPL_1.00.052/Hybrid_security_baseline/output/host/usr/arm-unknown-linux-uclibcgnueabi/sysroot/lib//libgcc_s.so.1
LOAD /opt/toolchain_hisi/arm-hsan-linux-uclibcgnueabi/bin/../lib/gcc/arm-hsan-linux-uclibcgnueabi/4.4.6/libgcc.a
END GROUP
LOAD /opt/toolchain_hisi/arm-hsan-linux-uclibcgnueabi/bin/../lib/gcc/arm-hsan-linux-uclibcgnueabi/4.4.6/crtend.o
LOAD /home/zengyao/DT_Hybrid_GPL_1.00.052/Hybrid_security_baseline/output/host/usr/arm-unknown-linux-uclibcgnueabi/sysroot/usr/lib/crtn.o
                0x00008000                PROVIDE (__executable_start, 0x8000)
                0x00008114                . = (0x8000 + SIZEOF_HEADERS)

.interp         0x00008114       0x14
 *(SORT(.interp))
 .interp        0x00008114       0x14 /home/zengyao/DT_Hybrid_GPL_1.00.052/Hybrid_security_baseline/output/host/usr/arm-unknown-linux-uclibcgnueabi/sysroot/usr/lib/libcrypt.so

.note.gnu.build-id
 *(SORT(.note.gnu.build-id))

.hash           0x00008128      0x738
 *(SORT(.hash))
 .hash          0x00008128      0x738 /home/zengyao/DT_Hybrid_GPL_1.00.052/Hybrid_security_baseline/output/host/usr/arm-unknown-linux-uclibcgnueabi/sysroot/usr/lib/libcrypt.so

.gnu.hash
 *(SORT(.gnu.hash))

.dynsym         0x00008860     0x1070
 *(SORT(.dynsym))
 .dynsym        0x00008860     0x1070 /home/zengyao/DT_Hybrid_GPL_1.00.052/Hybrid_security_baseline/output/host/usr/arm-unknown-linux-uclibcgnueabi/sysroot/usr/lib/libcrypt.so

.dynstr         0x000098d0      0x85b
 *(SORT(.dynstr))
 .dynstr        0x000098d0      0x85b /home/zengyao/DT_Hybrid_GPL_1.00.052/Hybrid_security_baseline/output/host/usr/arm-unknown-linux-uclibcgnueabi/sysroot/usr/lib/libcrypt.so

.gnu.version    0x0000a12c      0x20e
 *(SORT(.gnu.version))
 .gnu.version   0x0000a12c      0x20e /home/zengyao/DT_Hybrid_GPL_1.00.052/Hybrid_security_baseline/output/host/usr/arm-unknown-linux-uclibcgnueabi/sysroot/usr/lib/libcrypt.so

.gnu.version_d  0x0000a33c        0x0
 *(SORT(.gnu.version_d))
 .gnu.version_d
                0x00000000        0x0 /home/zengyao/DT_Hybrid_GPL_1.00.052/Hybrid_security_baseline/output/host/usr/arm-unknown-linux-uclibcgnueabi/sysroot/usr/lib/libcrypt.so

.gnu.version_r  0x0000a33c       0x20
 *(SORT(.gnu.version_r))
 .gnu.version_r
                0x0000a33c       0x20 /home/zengyao/DT_Hybrid_GPL_1.00.052/Hybrid_security_baseline/output/host/usr/arm-unknown-linux-uclibcgnueabi/sysroot/usr/lib/libcrypt.so

.rel.dyn        0x0000a35c       0x50
 *(SORT(.rel.init))
 *(SORT(.rel.text) SORT(.rel.text.*) SORT(.rel.gnu.linkonce.t.*))
 *(SORT(.rel.fini))
 *(SORT(.rel.rodata) SORT(.rel.rodata.*) SORT(.rel.gnu.linkonce.r.*))
 *(SORT(.rel.data.rel.ro*) SORT(.rel.gnu.linkonce.d.rel.ro.*))
 *(SORT(.rel.data) SORT(.rel.data.*) SORT(.rel.gnu.linkonce.d.*))
 *(SORT(.rel.tdata) SORT(.rel.tdata.*) SORT(.rel.gnu.linkonce.td.*))
 *(SORT(.rel.tbss) SORT(.rel.tbss.*) SORT(.rel.gnu.linkonce.tb.*))
 *(SORT(.rel.ctors))
 *(SORT(.rel.dtors))
 *(SORT(.rel.got))
 .rel.got       0x00000000        0x0 /home/zengyao/DT_Hybrid_GPL_1.00.052/Hybrid_security_baseline/output/host/usr/arm-unknown-linux-uclibcgnueabi/sysroot/usr/lib/libcrypt.so
 *(SORT(.rel.bss) SORT(.rel.bss.*) SORT(.rel.gnu.linkonce.b.*))
 .rel.bss       0x0000a35c       0x50 /home/zengyao/DT_Hybrid_GPL_1.00.052/Hybrid_security_baseline/output/host/usr/arm-unknown-linux-uclibcgnueabi/sysroot/usr/lib/libcrypt.so
                0x0000a3ac                PROVIDE (__rel_iplt_start, .)
 *(SORT(.rel.iplt))
                0x0000a3ac                PROVIDE (__rel_iplt_end, .)
                0x0000a3ac                PROVIDE (__rela_iplt_start, .)
                0x0000a3ac                PROVIDE (__rela_iplt_end, .)

.rela.dyn       0x0000a3ac        0x0
 *(SORT(.rela.init))
 *(SORT(.rela.text) SORT(.rela.text.*) SORT(.rela.gnu.linkonce.t.*))
 *(SORT(.rela.fini))
 *(SORT(.rela.rodata) SORT(.rela.rodata.*) SORT(.rela.gnu.linkonce.r.*))
 *(SORT(.rela.data) SORT(.rela.data.*) SORT(.rela.gnu.linkonce.d.*))
 *(SORT(.rela.tdata) SORT(.rela.tdata.*) SORT(.rela.gnu.linkonce.td.*))
 *(SORT(.rela.tbss) SORT(.rela.tbss.*) SORT(.rela.gnu.linkonce.tb.*))
 *(SORT(.rela.ctors))
 *(SORT(.rela.dtors))
 *(SORT(.rela.got))
 *(SORT(.rela.bss) SORT(.rela.bss.*) SORT(.rela.gnu.linkonce.b.*))
                0x0000a3ac                PROVIDE (__rel_iplt_start, .)
                0x0000a3ac                PROVIDE (__rel_iplt_end, .)
                0x0000a3ac                PROVIDE (__rela_iplt_start, .)
 *(SORT(.rela.iplt))
                0x0000a3ac                PROVIDE (__rela_iplt_end, .)

.rel.plt        0x0000a3ac      0x760
 *(SORT(.rel.plt))
 .rel.plt       0x0000a3ac      0x760 /home/zengyao/DT_Hybrid_GPL_1.00.052/Hybrid_security_baseline/output/host/usr/arm-unknown-linux-uclibcgnueabi/sysroot/usr/lib/libcrypt.so

.rela.plt
 *(SORT(.rela.plt))

.init           0x0000ab0c       0x10
 *(SORT(.init))
 .init          0x0000ab0c        0xc /home/zengyao/DT_Hybrid_GPL_1.00.052/Hybrid_security_baseline/output/host/usr/arm-unknown-linux-uclibcgnueabi/sysroot/usr/lib/crti.o
                0x0000ab0c                _init
 .init          0x0000ab18        0x4 /home/zengyao/DT_Hybrid_GPL_1.00.052/Hybrid_security_baseline/output/host/usr/arm-unknown-linux-uclibcgnueabi/sysroot/usr/lib/crtn.o

.plt            0x0000ab1c      0xb24
 *(SORT(.plt))
 .plt           0x0000ab1c      0xb24 /home/zengyao/DT_Hybrid_GPL_1.00.052/Hybrid_security_baseline/output/host/usr/arm-unknown-linux-uclibcgnueabi/sysroot/usr/lib/libcrypt.so
                0x0000ab30                longjmp
                0x0000ab3c                putchar
                0x0000ab48                strcpy
                0x0000ab54                setrlimit64
                0x0000ab60                waitpid
                0x0000ab6c                pause
                0x0000ab78                ioctl
                0x0000ab84                getgid
                0x0000ab90                sysconf
                0x0000ab9c                printf
                0x0000aba8                getspnam_r
                0x0000abb4                utime
                0x0000abc0                md5_update
                0x0000abcc                recv
                0x0000abd8                connect
                0x0000abe4                SSL_set_fd
                0x0000abf0                sigemptyset
                0x0000abfc                strerror
                0x0000ac08                geteuid
                0x0000ac14                inet_pton
                0x0000ac20                stat64
                0x0000ac2c                memmove
                0x0000ac38                snprintf
                0x0000ac44                syscall
                0x0000ac50                mknod
                0x0000ac5c                getgrgid
                0x0000ac68                times
                0x0000ac74                statfs64
                0x0000ac80                getenv
                0x0000ac8c                getegid
                0x0000ac98                setlinebuf
                0x0000aca4                bsearch
                0x0000acb0                usleep
                0x0000acbc                execve
                0x0000acc8                getprotobyname
                0x0000acd4                getpagesize
                0x0000ace0                getpid
                0x0000acec                qsort
                0x0000acf8                fscanf
                0x0000ad04                fgets
                0x0000ad10                fcntl64
                0x0000ad1c                getrlimit64
                0x0000ad28                memcpy
                0x0000ad34                perror
                0x0000ad40                readlink
                0x0000ad4c                puts
                0x0000ad58                dup2
                0x0000ad64                tcflush
                0x0000ad70                SSL_new
                0x0000ad7c                getuid
                0x0000ad88                SSL_CTX_new
                0x0000ad94                feof
                0x0000ada0                malloc
                0x0000adac                isatty
                0x0000adb8                sleep
                0x0000adc4                vsnprintf
                0x0000add0                md5_finish
                0x0000addc                recvfrom
                0x0000ade8                strtoul
                0x0000adf4                getutent
                0x0000ae00                gethostbyaddr
                0x0000ae0c                rmdir
                0x0000ae18                socket
                0x0000ae24                select
                0x0000ae30                lchown
                0x0000ae3c                isspace
                0x0000ae48                fflush
                0x0000ae54                realpath
                0x0000ae60                putenv
                0x0000ae6c                sigaddset
                0x0000ae78                clearenv
                0x0000ae84                chown
                0x0000ae90                SSL_CTX_set_verify
                0x0000ae9c                strncasecmp
                0x0000aea8                setpgid
                0x0000aeb4                send
                0x0000aec0                freeaddrinfo
                0x0000aecc                __fgetc_unlocked
                0x0000aed8                abort
                0x0000aee4                chmod
                0x0000aef0                getnameinfo
                0x0000aefc                fstat64
                0x0000af08                alarm
                0x0000af14                strtol
                0x0000af20                pipe
                0x0000af2c                getpgrp
                0x0000af38                rename
                0x0000af44                strrchr
                0x0000af50                ssl_read
                0x0000af5c                write
                0x0000af68                fprintf
                0x0000af74                kill
                0x0000af80                ctime
                0x0000af8c                strcat
                0x0000af98                bind
                0x0000afa4                getmntent_r
                0x0000afb0                inet_addr
                0x0000afbc                vprintf
                0x0000afc8                umount2
                0x0000afd4                if_nametoindex
                0x0000afe0                reboot
                0x0000afec                chdir
                0x0000aff8                initgroups
                0x0000b004                endgrent
                0x0000b010                setsockopt
                0x0000b01c                wait3
                0x0000b028                wait
                0x0000b034                umask
                0x0000b040                dprintf
                0x0000b04c                mktime
                0x0000b058                ferror
                0x0000b064                strstr
                0x0000b070                rand
                0x0000b07c                setgid
                0x0000b088                signal
                0x0000b094                read
                0x0000b0a0                openlog
                0x0000b0ac                strncmp
                0x0000b0b8                __cmsg_nxthdr
                0x0000b0c4                strncpy
                0x0000b0d0                unlink
                0x0000b0dc                sync
                0x0000b0e8                setenv
                0x0000b0f4                strcasecmp
                0x0000b100                sendto
                0x0000b10c                ATP_UTIL_GetSysTime
                0x0000b118                realloc
                0x0000b124                readdir64
                0x0000b130                strtok
                0x0000b13c                sigfillset
                0x0000b148                memcmp
                0x0000b154                crypt
                0x0000b160                fdopen
                0x0000b16c                fork
                0x0000b178                sscanf
                0x0000b184                execv
                0x0000b190                setmntent
                0x0000b19c                isalpha
                0x0000b1a8                lstat64
                0x0000b1b4                execlp
                0x0000b1c0                sigaction
                0x0000b1cc                endmntent
                0x0000b1d8                killpg
                0x0000b1e4                fread
                0x0000b1f0                __uClibc_main
                0x0000b1fc                strdup
                0x0000b208                inet_aton
                0x0000b214                strtoull
                0x0000b220                symlink
                0x0000b22c                gettimeofday
                0x0000b238                getopt
                0x0000b244                localtime
                0x0000b250                memset
                0x0000b25c                fnmatch
                0x0000b268                srand
                0x0000b274                clearerr
                0x0000b280                fclose
                0x0000b28c                open64
                0x0000b298                inet_ntoa
                0x0000b2a4                getppid
                0x0000b2b0                tcgetattr
                0x0000b2bc                getservbyport
                0x0000b2c8                time
                0x0000b2d4                opendir
                0x0000b2e0                getgroups
                0x0000b2ec                poll
                0x0000b2f8                syslog
                0x0000b304                isalnum
                0x0000b310                ssl_write
                0x0000b31c                mount
                0x0000b328                strcmp
                0x0000b334                getpwuid
                0x0000b340                __h_errno_location
                0x0000b34c                getcwd
                0x0000b358                gethostbyname
                0x0000b364                strsignal
                0x0000b370                getpwnam
                0x0000b37c                getservbyname
                0x0000b388                fgetc
                0x0000b394                sprintf
                0x0000b3a0                strcspn
                0x0000b3ac                umount
                0x0000b3b8                vfork
                0x0000b3c4                strsep
                0x0000b3d0                getifaddrs
                0x0000b3dc                fputc
                0x0000b3e8                hstrerror
                0x0000b3f4                freeifaddrs
                0x0000b400                getaddrinfo
                0x0000b40c                strftime
                0x0000b418                getmntent
                0x0000b424                fwrite
                0x0000b430                access
                0x0000b43c                md5_starts
                0x0000b448                ATP_UTIL_ForkProcess
                0x0000b454                strptime
                0x0000b460                rewind
                0x0000b46c                tcgetpgrp
                0x0000b478                SSL_connect
                0x0000b484                __errno_location
                0x0000b490                link
                0x0000b49c                exit
                0x0000b4a8                stime
                0x0000b4b4                inet_ntop
                0x0000b4c0                getgrnam
                0x0000b4cc                atoi
                0x0000b4d8                fileno
                0x0000b4e4                vsyslog
                0x0000b4f0                _setjmp
                0x0000b4fc                _exit
                0x0000b508                gmtime
                0x0000b514                strspn
                0x0000b520                strlen
                0x0000b52c                lseek64
                0x0000b538                strchr
                0x0000b544                setutent
                0x0000b550                fputs
                0x0000b55c                execvp
                0x0000b568                setsid
                0x0000b574                closedir
                0x0000b580                vasprintf
                0x0000b58c                recvmsg
                0x0000b598                strchrnul
                0x0000b5a4                setuid
                0x0000b5b0                tcsetattr
                0x0000b5bc                mkdir
                0x0000b5c8                close
                0x0000b5d4                vfprintf
                0x0000b5e0                strpbrk
                0x0000b5ec                tcsetpgrp
                0x0000b5f8                raise
                0x0000b604                free
                0x0000b610                sigprocmask
                0x0000b61c                __fputc_unlocked
                0x0000b628                getsockname
                0x0000b634                fopen64

.iplt
 *(SORT(.iplt))

.text           0x0000b640    0x2b6b8
 *(SORT(.text.unlikely) SORT(.text.*_unlikely))
 *(SORT(.text.exit) SORT(.text.exit.*))
 *(SORT(.text.startup) SORT(.text.startup.*))
 *(SORT(.text.hot) SORT(.text.hot.*))
 *(SORT(.text) SORT(.stub) SORT(.text.*) SORT(.gnu.linkonce.t.*))
 .text          0x0000b640       0x3c /home/zengyao/DT_Hybrid_GPL_1.00.052/Hybrid_security_baseline/output/host/usr/arm-unknown-linux-uclibcgnueabi/sysroot/usr/lib/crt1.o
                0x0000b640                _start
 .text          0x0000b67c       0x50 /opt/toolchain_hisi/arm-hsan-linux-uclibcgnueabi/bin/../lib/gcc/arm-hsan-linux-uclibcgnueabi/4.4.6/crtbegin.o
 .text.applet_name_compare
                0x0000b6cc       0x38 libbb/lib.a(appletlib.o)
 .text.lbb_prepare
                0x0000b704       0x2c libbb/lib.a(appletlib.o)
                0x0000b704                lbb_prepare
 .text.find_applet_by_name
                0x0000b730       0x3c libbb/lib.a(appletlib.o)
                0x0000b730                find_applet_by_name
 .text.bb_show_usage
                0x0000b76c       0xec libbb/lib.a(appletlib.o)
                0x0000b76c                bb_show_usage
 .text.run_applet_no_and_exit
                0x0000b858       0xfc libbb/lib.a(appletlib.o)
                0x0000b858                run_applet_no_and_exit
 .text.run_applet_and_exit
                0x0000b954      0x264 libbb/lib.a(appletlib.o)
                0x0000b954                run_applet_and_exit
 .text.main     0x0000bbb8       0x6c libbb/lib.a(appletlib.o)
                0x0000bbb8                main
 .text.bb_basename
                0x0000bc24       0x24 libbb/lib.a(bb_basename.o)
                0x0000bc24                bb_basename
 .text.concat_path_file
                0x0000bc48       0x68 libbb/lib.a(concat_path_file.o)
                0x0000bc48                concat_path_file
 .text.xfunc_die
                0x0000bcb0       0x24 libbb/lib.a(error_msg_and_die.o)
                0x0000bcb0                xfunc_die
 .text.bb_error_msg_and_die
                0x0000bcd4       0x24 libbb/lib.a(error_msg_and_die.o)
                0x0000bcd4                bb_error_msg_and_die
 .text.bb_get_last_path_component_nostrip
                0x0000bcf8       0x3c libbb/lib.a(get_last_path_component.o)
                0x0000bcf8                bb_get_last_path_component_nostrip
 .text.bb_get_last_path_component_strip
                0x0000bd34       0x50 libbb/lib.a(get_last_path_component.o)
                0x0000bd34                bb_get_last_path_component_strip
 .text.last_char_is
                0x0000bd84       0x40 libbb/lib.a(last_char_is.o)
                0x0000bd84                last_char_is
 .text.bb_perror_msg
                0x0000bdc4       0x44 libbb/lib.a(perror_msg.o)
                0x0000bdc4                bb_perror_msg
 .text.bb_simple_perror_msg
                0x0000be08       0x10 libbb/lib.a(perror_msg.o)
                0x0000be08                bb_simple_perror_msg
 .text.bb_verror_msg
                0x0000be18      0x1a0 libbb/lib.a(verror_msg.o)
                0x0000be18                bb_verror_msg
 .text.utoa_to_buf
                0x0000bfb8       0x90 libbb/lib.a(xfuncs.o)
                0x0000bfb8                utoa_to_buf
 .text.itoa_to_buf
                0x0000c048       0x28 libbb/lib.a(xfuncs.o)
                0x0000c048                itoa_to_buf
 .text.itoa     0x0000c070       0x2c libbb/lib.a(xfuncs.o)
                0x0000c070                itoa
 .text.bb_xioctl
                0x0000c09c       0x20 libbb/lib.a(xfuncs.o)
                0x0000c09c                bb_xioctl
 .text.bb_ioctl_or_warn
                0x0000c0bc       0x24 libbb/lib.a(xfuncs.o)
                0x0000c0bc                bb_ioctl_or_warn
 .text.ioctl_or_perror_and_die
                0x0000c0e0       0x50 libbb/lib.a(xfuncs.o)
                0x0000c0e0                ioctl_or_perror_and_die
 .text.get_terminal_width_height
                0x0000c130       0xe4 libbb/lib.a(xfuncs.o)
                0x0000c130                get_terminal_width_height
 .text.xstat    0x0000c214       0x28 libbb/lib.a(xfuncs.o)
                0x0000c214                xstat
 .text.xsendto  0x0000c23c       0x30 libbb/lib.a(xfuncs.o)
                0x0000c23c                xsendto
 .text.xbind    0x0000c26c       0x20 libbb/lib.a(xfuncs.o)
                0x0000c26c                xbind
 .text.xsocket  0x0000c28c       0x20 libbb/lib.a(xfuncs.o)
                0x0000c28c                xsocket
 .text.xopendir
                0x0000c2ac       0x28 libbb/lib.a(xfuncs.o)
                0x0000c2ac                xopendir
 .text.warn_opendir
                0x0000c2d4       0x2c libbb/lib.a(xfuncs.o)
                0x0000c2d4                warn_opendir
 .text.xchdir   0x0000c300       0x28 libbb/lib.a(xfuncs.o)
                0x0000c300                xchdir
 .text.xasprintf
                0x0000c328       0x40 libbb/lib.a(xfuncs.o)
                0x0000c328                xasprintf
 .text.bb_putchar
                0x0000c368       0x4c libbb/lib.a(xfuncs.o)
                0x0000c368                bb_putchar
 .text.xlseek   0x0000c3b4       0x54 libbb/lib.a(xfuncs.o)
                0x0000c3b4                xlseek
 .text.xsetuid  0x0000c408       0x20 libbb/lib.a(xfuncs.o)
                0x0000c408                xsetuid
 .text.xsetgid  0x0000c428       0x20 libbb/lib.a(xfuncs.o)
                0x0000c428                xsetgid
 .text.xsetenv  0x0000c448       0x24 libbb/lib.a(xfuncs.o)
                0x0000c448                xsetenv
 .text.xwrite   0x0000c46c       0x68 libbb/lib.a(xfuncs.o)
                0x0000c46c                xwrite
 .text.xdup2    0x0000c4d4       0x24 libbb/lib.a(xfuncs.o)
                0x0000c4d4                xdup2
 .text.xmove_fd
                0x0000c4f8       0x24 libbb/lib.a(xfuncs.o)
                0x0000c4f8                xmove_fd
 .text.close_on_exec_on
                0x0000c51c       0x18 libbb/lib.a(xfuncs.o)
                0x0000c51c                close_on_exec_on
 .text.open3_or_warn
                0x0000c534       0x2c libbb/lib.a(xfuncs.o)
                0x0000c534                open3_or_warn
 .text.open_or_warn
                0x0000c560        0xc libbb/lib.a(xfuncs.o)
                0x0000c560                open_or_warn
 .text.xopen3   0x0000c56c       0x28 libbb/lib.a(xfuncs.o)
                0x0000c56c                xopen3
 .text.xopen    0x0000c594        0xc libbb/lib.a(xfuncs.o)
                0x0000c594                xopen
 .text.xfopen   0x0000c5a0       0x28 libbb/lib.a(xfuncs.o)
                0x0000c5a0                xfopen
 .text.xstrdup  0x0000c5c8       0x30 libbb/lib.a(xfuncs.o)
                0x0000c5c8                xstrdup
 .text.xrealloc
                0x0000c5f8       0x34 libbb/lib.a(xfuncs.o)
                0x0000c5f8                xrealloc
 .text.xmalloc  0x0000c62c       0x34 libbb/lib.a(xfuncs.o)
                0x0000c62c                xmalloc
 .text.xzalloc  0x0000c660       0x28 libbb/lib.a(xfuncs.o)
                0x0000c660                xzalloc
 .text.malloc_or_warn
                0x0000c688       0x3c libbb/lib.a(xfuncs.o)
                0x0000c688                malloc_or_warn
 .text.xmalloc_readlink
                0x0000c6c4       0x68 libbb/lib.a(xreadlink.o)
                0x0000c6c4                xmalloc_readlink
 .text.xmalloc_readlink_or_warn
                0x0000c72c       0x2c libbb/lib.a(xreadlink.o)
                0x0000c72c                xmalloc_readlink_or_warn
 .text.bb_full_fd_action
                0x0000c758      0x104 libbb/lib.a(copyfd.o)
 .text.bb_copyfd_eof
                0x0000c85c        0xc libbb/lib.a(copyfd.o)
                0x0000c85c                bb_copyfd_eof
 .text.bb_error_msg
                0x0000c868       0x2c libbb/lib.a(error_msg.o)
                0x0000c868                bb_error_msg
 .text.full_write
                0x0000c894       0x50 libbb/lib.a(full_write.o)
                0x0000c894                full_write
 .text.bb_perror_msg_and_die
                0x0000c8e4       0x3c libbb/lib.a(perror_msg_and_die.o)
                0x0000c8e4                bb_perror_msg_and_die
 .text.bb_simple_perror_msg_and_die
                0x0000c920       0x10 libbb/lib.a(perror_msg_and_die.o)
                0x0000c920                bb_simple_perror_msg_and_die
 .text.safe_read
                0x0000c930       0x48 libbb/lib.a(read.o)
                0x0000c930                safe_read
 .text.full_read
                0x0000c978       0x54 libbb/lib.a(read.o)
                0x0000c978                full_read
 .text.read_close
                0x0000c9cc       0x24 libbb/lib.a(read.o)
                0x0000c9cc                read_close
 .text.xmalloc_open_read_close
                0x0000c9f0       0xd0 libbb/lib.a(read.o)
                0x0000c9f0                xmalloc_open_read_close
 .text.open_read_close
                0x0000cac0       0x34 libbb/lib.a(read.o)
                0x0000cac0                open_read_close
 .text.safe_write
                0x0000caf4       0x48 libbb/lib.a(safe_write.o)
                0x0000caf4                safe_write
 .text.su_main  0x0000cb3c      0x164 loginutils/lib.a(su.o)
                0x0000cb3c                su_main
 .text.makedevs_main
                0x0000cca0      0x4c0 miscutils/lib.a(makedevs.o)
                0x0000cca0                makedevs_main
 .text.insmod_main
                0x0000d160      0x12c modutils/lib.a(insmod.o)
                0x0000d160                insmod_main
 .text.ifconfig_main
                0x0000d28c      0x518 networking/lib.a(ifconfig.o)
                0x0000d28c                ifconfig_main
 .text.get_afntype
                0x0000d7a4       0x34 networking/lib.a(interface.o)
 .text.hexchar2int
                0x0000d7d8       0x28 networking/lib.a(interface.o)
 .text.in_ether
                0x0000d800       0xb8 networking/lib.a(interface.o)
 .text.get_hwntype
                0x0000d8b8       0x34 networking/lib.a(interface.o)
                0x0000d8b8                get_hwntype
 .text.get_hwtype
                0x0000d8ec       0x48 networking/lib.a(interface.o)
                0x0000d8ec                get_hwtype
 .text.get_aftype
                0x0000d934       0x48 networking/lib.a(interface.o)
                0x0000d934                get_aftype
 .text.add_interface
                0x0000d97c       0x98 networking/lib.a(interface.o)
 .text.if_readconf
                0x0000da14       0xd4 networking/lib.a(interface.o)
 .text.if_readlist_proc
                0x0000dae8      0x314 networking/lib.a(interface.o)
 .text.do_if_fetch
                0x0000ddfc      0x344 networking/lib.a(interface.o)
 .text.print_bytes_scaled
                0x0000e140       0x9c networking/lib.a(interface.o)
 .text.UNSPEC_print
                0x0000e1dc       0x68 networking/lib.a(interface.o)
 .text.UNSPEC_sprint
                0x0000e244       0x28 networking/lib.a(interface.o)
 .text.INET6_input
                0x0000e26c       0x10 networking/lib.a(interface.o)
 .text.INET_input
                0x0000e27c       0x14 networking/lib.a(interface.o)
 .text.INET_sprint
                0x0000e290       0x54 networking/lib.a(interface.o)
 .text.INET6_sprint
                0x0000e2e4       0x50 networking/lib.a(interface.o)
 .text.ife_print
                0x0000e334      0x5d0 networking/lib.a(interface.o)
 .text.display_interfaces
                0x0000e904       0xd4 networking/lib.a(interface.o)
                0x0000e904                display_interfaces
 .text.pr_ether
                0x0000e9d8       0x54 networking/lib.a(interface.o)
 .text.do_info  0x0000ea2c       0xa0 networking/lib.a(netstat.o)
 .text.netstat_main
                0x0000eacc      0x27c networking/lib.a(netstat.o)
                0x0000eacc                netstat_main
 .text.build_ipv4_addr
                0x0000ed48       0x28 networking/lib.a(netstat.o)
 .text.unix_do_one
                0x0000ed70      0x248 networking/lib.a(netstat.o)
 .text.build_ipv6_addr
                0x0000efb8       0x70 networking/lib.a(netstat.o)
 .text.ip_port_str
                0x0000f028       0x98 networking/lib.a(netstat.o)
 .text.raw_do_one
                0x0000f0c0      0x200 networking/lib.a(netstat.o)
 .text.udp_do_one
                0x0000f2c0      0x20c networking/lib.a(netstat.o)
 .text.tcp_do_one
                0x0000f4cc      0x1bc networking/lib.a(netstat.o)
 .text.set_flags
                0x0000f688       0x4c networking/lib.a(route.o)
 .text.kw_lookup
                0x0000f6d4       0x80 networking/lib.a(route.o)
 .text.INET6_displayroutes
                0x0000f754      0x210 networking/lib.a(route.o)
 .text.bb_displayroutes
                0x0000f964      0x1f8 networking/lib.a(route.o)
                0x0000f964                bb_displayroutes
 .text.route_main
                0x0000fb5c      0x734 networking/lib.a(route.o)
                0x0000fb5c                route_main
 .text.xfind_str
                0x00010290       0x40 networking/lib.a(smuxctl.o)
 .text.smuxctl_main
                0x000102d0       0xf4 networking/lib.a(smuxctl.o)
                0x000102d0                smuxctl_main
 .text.tftp     0x000103c4      0x374 networking/lib.a(tftp.o)
 .text.tftp_main
                0x00010738      0x134 networking/lib.a(tftp.o)
                0x00010738                tftp_main
 .text.in_cksum
                0x0001086c       0x4c networking/lib.a(traceroute.o)
 .text.setsin   0x000108b8       0x2c networking/lib.a(traceroute.o)
 .text.init_diag_para
                0x000108e4       0x4c networking/lib.a(traceroute.o)
                0x000108e4                init_diag_para
 .text.freehostinfo
                0x00010930       0x28 networking/lib.a(traceroute.o)
 .text.ifaddrlist
                0x00010958      0x208 networking/lib.a(traceroute.o)
 .text.gethostinfo
                0x00010b60      0x118 networking/lib.a(traceroute.o)
 .text.TRouteToLogWeb
                0x00010c78      0x2e8 networking/lib.a(traceroute.o)
 .text.traceroute_main
                0x00010f60     0x1534 networking/lib.a(traceroute.o)
                0x00010f60                traceroute_main
 .text.xfind_str
                0x00012494       0x40 networking/lib.a(vconfig.o)
 .text.vconfig_main
                0x000124d4      0x17c networking/lib.a(vconfig.o)
                0x000124d4                vconfig_main
 .text.pick     0x00012650       0x54 networking/lib.a(zcip.o)
 .text.run      0x000126a4       0xb8 networking/lib.a(zcip.o)
 .text.T.21     0x0001275c       0xe8 networking/lib.a(zcip.o)
 .text.zcip_main
                0x00012844      0x5ec networking/lib.a(zcip.o)
                0x00012844                zcip_main
 .text.kill_main
                0x00012e30      0x2c0 procps/lib.a(kill.o)
                0x00012e30                kill_main
 .text.ps_main  0x000130f0       0xd0 procps/lib.a(ps.o)
                0x000130f0                ps_main
 .text.mem_sort
                0x000131c0       0x20 procps/lib.a(top.o)
 .text.pcpu_sort
                0x000131e0       0x10 procps/lib.a(top.o)
 .text.time_sort
                0x000131f0       0x20 procps/lib.a(top.o)
 .text.mult_lvl_cmp
                0x00013210       0x48 procps/lib.a(top.o)
 .text.do_stats
                0x00013258      0x228 procps/lib.a(top.o)
 .text.clearmems
                0x00013480       0x2c procps/lib.a(top.o)
 .text.display_process_list
                0x000134ac      0x570 procps/lib.a(top.o)
 .text.top_main
                0x00013a1c      0x210 procps/lib.a(top.o)
                0x00013a1c                top_main
 .text.stunalloc
                0x00013c2c       0x28 shell/lib.a(ash.o)
 .text.setstackmark
                0x00013c54       0x34 shell/lib.a(ash.o)
 .text.prefix   0x00013c88       0x38 shell/lib.a(ash.o)
 .text.is_number
                0x00013cc0       0x2c shell/lib.a(ash.o)
 .text.varcmp   0x00013cec       0x44 shell/lib.a(ash.o)
 .text.varequal
                0x00013d30       0x18 shell/lib.a(ash.o)
 .text.hashvar  0x00013d48       0x54 shell/lib.a(ash.o)
 .text.vpcmp    0x00013d9c        0xc shell/lib.a(ash.o)
 .text.findvar  0x00013da8       0x40 shell/lib.a(ash.o)
 .text.setprompt
                0x00013de8       0x64 shell/lib.a(ash.o)
 .text.set_curjob
                0x00013e4c       0x70 shell/lib.a(ash.o)
 .text.jobno    0x00013ebc       0x28 shell/lib.a(ash.o)
 .text.getstatus
                0x00013ee4       0x54 shell/lib.a(ash.o)
 .text.esclen   0x00013f38       0x28 shell/lib.a(ash.o)
 .text.falsecmd
                0x00013f60        0x8 shell/lib.a(ash.o)
 .text.truecmd  0x00013f68        0x8 shell/lib.a(ash.o)
 .text.bltincmd
                0x00013f70       0x10 shell/lib.a(ash.o)
 .text.pungetc  0x00013f80       0x2c shell/lib.a(ash.o)
 .text.changemail
                0x00013fac       0x14 shell/lib.a(ash.o)
 .text.lookupvar
                0x00013fc0       0x4c shell/lib.a(ash.o)
 .text.bltinlookup
                0x0001400c       0x5c shell/lib.a(ash.o)
 .text.calcsize
                0x00014068      0x130 shell/lib.a(ash.o)
 .text.sizenodelist
                0x00014198       0x3c shell/lib.a(ash.o)
 .text.ignoresig
                0x000141d4       0x40 shell/lib.a(ash.o)
 .text.SIT      0x00014214       0x8c shell/lib.a(ash.o)
 .text.endofname
                0x000142a0       0x48 shell/lib.a(ash.o)
 .text.goodname
                0x000142e8       0x1c shell/lib.a(ash.o)
 .text.isassignment
                0x00014304       0x30 shell/lib.a(ash.o)
 .text.freealias
                0x00014334       0x48 shell/lib.a(ash.o)
 .text.freefunc
                0x0001437c       0x28 shell/lib.a(ash.o)
 .text.freeparam
                0x000143a4       0x44 shell/lib.a(ash.o)
 .text.scanright
                0x000143e8       0xa8 shell/lib.a(ash.o)
 .text.scanleft
                0x00014490       0x80 shell/lib.a(ash.o)
 .text.__lookupalias
                0x00014510       0x78 shell/lib.a(ash.o)
 .text.lookupalias
                0x00014588       0x30 shell/lib.a(ash.o)
 .text.msort    0x000145b8       0xc4 shell/lib.a(ash.o)
 .text.pstrcmp  0x0001467c       0x18 shell/lib.a(ash.o)
 .text.setsignal
                0x00014694      0x1a0 shell/lib.a(ash.o)
 .text.nodeckstrdup
                0x00014834       0x44 shell/lib.a(ash.o)
 .text.copynode
                0x00014878      0x150 shell/lib.a(ash.o)
 .text.copynodelist
                0x000149c8       0x54 shell/lib.a(ash.o)
 .text.raise_exception
                0x00014a1c       0x28 shell/lib.a(ash.o)
 .text.raise_interrupt
                0x00014a44       0x8c shell/lib.a(ash.o)
 .text.int_on   0x00014ad0       0x3c shell/lib.a(ash.o)
 .text.fmtstr   0x00014b0c       0x4c shell/lib.a(ash.o)
 .text.sprint_status
                0x00014b58       0xcc shell/lib.a(ash.o)
 .text.removerecordregions
                0x00014c24      0x118 shell/lib.a(ash.o)
 .text.freejob  0x00014d3c       0x84 shell/lib.a(ash.o)
 .text.unalias  0x00014dc0       0x50 shell/lib.a(ash.o)
 .text.popstring
                0x00014e10       0xdc shell/lib.a(ash.o)
 .text.popfile  0x00014eec       0xb0 shell/lib.a(ash.o)
 .text.popallfiles
                0x00014f9c       0x30 shell/lib.a(ash.o)
 .text.outstr   0x00014fcc       0x28 shell/lib.a(ash.o)
 .text.out1str  0x00014ff4       0x10 shell/lib.a(ash.o)
 .text.flush_stderr
                0x00015004       0x34 shell/lib.a(ash.o)
 .text.out2str  0x00015038       0x1c shell/lib.a(ash.o)
 .text.stoppedjobs
                0x00015054       0x60 shell/lib.a(ash.o)
 .text.dowait   0x000150b4      0x1b0 shell/lib.a(ash.o)
 .text.popstackmark
                0x00015264       0x84 shell/lib.a(ash.o)
 .text.flush_stdout_stderr
                0x000152e8       0x44 shell/lib.a(ash.o)
 .text.delete_cmd_entry
                0x0001532c       0x54 shell/lib.a(ash.o)
 .text.clearcmdentry
                0x00015380       0xa0 shell/lib.a(ash.o)
 .text.changepath
                0x00015420      0x118 shell/lib.a(ash.o)
 .text.onsig    0x00015538       0x60 shell/lib.a(ash.o)
 .text.force_int_on
                0x00015598       0x2c shell/lib.a(ash.o)
 .text.errmsg   0x000155c4       0x24 shell/lib.a(ash.o)
 .text.pgetc    0x000155e8      0x304 shell/lib.a(ash.o)
 .text.pgetc2   0x000158ec       0x18 shell/lib.a(ash.o)
 .text.tokname  0x00015904       0x50 shell/lib.a(ash.o)
 .text.findkwd  0x00015954       0x2c shell/lib.a(ash.o)
 .text.find_builtin
                0x00015980       0x2c shell/lib.a(ash.o)
 .text.out1fmt  0x000159ac       0x4c shell/lib.a(ash.o)
 .text.printlim
                0x000159f8       0x5c shell/lib.a(ash.o)
 .text.helpcmd  0x00015a54       0x80 shell/lib.a(ash.o)
 .text.timescmd
                0x00015ad4       0xac shell/lib.a(ash.o)
 .text.evalbltin
                0x00015b80       0xfc shell/lib.a(ash.o)
 .text.T.882    0x00015c7c       0x74 shell/lib.a(ash.o)
 .text.showpipe
                0x00015cf0       0x4c shell/lib.a(ash.o)
 .text.showjob  0x00015d3c      0x1d0 shell/lib.a(ash.o)
 .text.showjobs
                0x00015f0c       0x6c shell/lib.a(ash.o)
 .text.ash_vmsg
                0x00015f78       0xd4 shell/lib.a(ash.o)
 .text.ash_msg  0x0001604c       0x28 shell/lib.a(ash.o)
 .text.ash_vmsg_and_raise
                0x00016074       0x1c shell/lib.a(ash.o)
 .text.ash_msg_and_raise_error
                0x00016090       0x20 shell/lib.a(ash.o)
 .text.ckrealloc
                0x000160b0       0x20 shell/lib.a(ash.o)
 .text.ckmalloc
                0x000160d0        0xc shell/lib.a(ash.o)
 .text.recordregion
                0x000160dc       0x78 shell/lib.a(ash.o)
 .text.cmdlookup
                0x00016154       0xe0 shell/lib.a(ash.o)
 .text.pushfile
                0x00016234       0x80 shell/lib.a(ash.o)
 .text.setinputstring
                0x000162b4       0x70 shell/lib.a(ash.o)
 .text.pushstring
                0x00016324       0xb0 shell/lib.a(ash.o)
 .text.tryexec  0x000163d4       0xbc shell/lib.a(ash.o)
 .text.makejob  0x00016490      0x1b8 shell/lib.a(ash.o)
 .text.varunset
                0x00016648       0x64 shell/lib.a(ash.o)
 .text.ckstrdup
                0x000166ac       0x20 shell/lib.a(ash.o)
 .text.setparam
                0x000166cc       0x8c shell/lib.a(ash.o)
 .text.setvareq
                0x00016758      0x110 shell/lib.a(ash.o)
 .text.listsetvar
                0x00016868       0x50 shell/lib.a(ash.o)
 .text.setvar   0x000168b8       0xe0 shell/lib.a(ash.o)
 .text.arith    0x00016998      0x69c shell/lib.a(ash.o)
 .text.arith_lookup_val
                0x00017034       0xa0 shell/lib.a(ash.o)
 .text.unsetvar
                0x000170d4       0xb0 shell/lib.a(ash.o)
 .text.setvarsafe
                0x00017184       0x9c shell/lib.a(ash.o)
 .text.localcmd
                0x00017220      0x13c shell/lib.a(ash.o)
 .text.setpwd   0x0001735c       0xe0 shell/lib.a(ash.o)
 .text.xtcsetpgrp
                0x0001743c       0x20 shell/lib.a(ash.o)
 .text.waitforjob
                0x0001745c       0x88 shell/lib.a(ash.o)
 .text.setjobctl
                0x000174e4      0x1b4 shell/lib.a(ash.o)
 .text.optschanged
                0x00017698       0x9c shell/lib.a(ash.o)
 .text.copyfd   0x00017734       0x4c shell/lib.a(ash.o)
 .text.popredir
                0x00017780       0xc8 shell/lib.a(ash.o)
 .text.clearredir
                0x00017848       0x3c shell/lib.a(ash.o)
 .text.raise_error_syntax
                0x00017884       0x10 shell/lib.a(ash.o)
 .text.raise_error_unexpected_syntax
                0x00017894       0x5c shell/lib.a(ash.o)
 .text.dash_arith
                0x000178f0       0x8c shell/lib.a(ash.o)
 .text.stalloc  0x0001797c       0x98 shell/lib.a(ash.o)
 .text.ststrdup
                0x00017a14       0x2c shell/lib.a(ash.o)
 .text.addfname
                0x00017a40       0x3c shell/lib.a(ash.o)
 .text.expmeta  0x00017a7c      0x294 shell/lib.a(ash.o)
 .text.makename
                0x00017d10       0x44 shell/lib.a(ash.o)
 .text.fixredir
                0x00017d54       0x6c shell/lib.a(ash.o)
 .text.growstackblock
                0x00017dc0      0x104 shell/lib.a(ash.o)
 .text.makestrspace
                0x00017ec4       0x44 shell/lib.a(ash.o)
 .text.memtodest
                0x00017f08       0x90 shell/lib.a(ash.o)
 .text.stack_nputstr
                0x00017f98       0x30 shell/lib.a(ash.o)
 .text.stack_putstr
                0x00017fc8       0x24 shell/lib.a(ash.o)
 .text.cvtnum   0x00017fec       0x48 shell/lib.a(ash.o)
 .text.cmdputs  0x00018034      0x1fc shell/lib.a(ash.o)
 .text.cmdtxt   0x00018230      0x33c shell/lib.a(ash.o)
 .text.cmdlist  0x0001856c       0x54 shell/lib.a(ash.o)
 .text._rmescapes
                0x000185c0      0x128 shell/lib.a(ash.o)
 .text.preglob  0x000186e8       0x10 shell/lib.a(ash.o)
 .text.single_quote
                0x000186f8       0xc0 shell/lib.a(ash.o)
 .text.printalias
                0x000187b8       0x2c shell/lib.a(ash.o)
 .text.aliascmd
                0x000187e4      0x170 shell/lib.a(ash.o)
 .text.growstackstr
                0x00018954       0x5c shell/lib.a(ash.o)
 .text._STPUTC  0x000189b0       0x38 shell/lib.a(ash.o)
 .text.listvars
                0x000189e8       0x98 shell/lib.a(ash.o)
 .text.showvars
                0x00018a80       0xd0 shell/lib.a(ash.o)
 .text.padvance
                0x00018b50      0x114 shell/lib.a(ash.o)
 .text.readtoken1
                0x00018c64      0xe1c shell/lib.a(ash.o)
 .text.parseheredoc
                0x00019a80       0xac shell/lib.a(ash.o)
 .text.xxreadtoken
                0x00019b2c      0x198 shell/lib.a(ash.o)
 .text.readtoken
                0x00019cc4       0xe8 shell/lib.a(ash.o)
 .text.parsefname
                0x00019dac      0x144 shell/lib.a(ash.o)
 .text.peektoken
                0x00019ef0       0x30 shell/lib.a(ash.o)
 .text.list     0x00019f20      0x1ac shell/lib.a(ash.o)
 .text.parse_command
                0x0001a0cc      0x6fc shell/lib.a(ash.o)
 .text.pipeline
                0x0001a7c8       0xec shell/lib.a(ash.o)
 .text.parsecmd
                0x0001a8b4       0x74 shell/lib.a(ash.o)
 .text.forkshell
                0x0001a928      0x32c shell/lib.a(ash.o)
 .text.nextopt  0x0001ac54      0x110 shell/lib.a(ash.o)
 .text.unsetcmd
                0x0001ad64       0x90 shell/lib.a(ash.o)
 .text.unaliascmd
                0x0001adf4       0xfc shell/lib.a(ash.o)
 .text.cdopt    0x0001aef0       0x3c shell/lib.a(ash.o)
 .text.pwdcmd   0x0001af2c       0x58 shell/lib.a(ash.o)
 .text.exportcmd
                0x0001af84       0xc4 shell/lib.a(ash.o)
 .text.number   0x0001b048       0x30 shell/lib.a(ash.o)
 .text.returncmd
                0x0001b078       0x44 shell/lib.a(ash.o)
 .text.getoptsreset
                0x0001b0bc       0x24 shell/lib.a(ash.o)
 .text.exitcmd  0x0001b0e0       0x48 shell/lib.a(ash.o)
 .text.getjob   0x0001b128      0x184 shell/lib.a(ash.o)
 .text.jobscmd  0x0001b2ac       0x98 shell/lib.a(ash.o)
 .text.waitcmd  0x0001b344      0x130 shell/lib.a(ash.o)
 .text.fg_bgcmd
                0x0001b474      0x150 shell/lib.a(ash.o)
 .text.killcmd  0x0001b5c4       0x98 shell/lib.a(ash.o)
 .text.shiftcmd
                0x0001b65c       0xb8 shell/lib.a(ash.o)
 .text.letcmd   0x0001b714       0x48 shell/lib.a(ash.o)
 .text.breakcmd
                0x0001b75c       0x8c shell/lib.a(ash.o)
 .text.getoptscmd
                0x0001b7e8      0x330 shell/lib.a(ash.o)
 .text.umaskcmd
                0x0001bb18      0x1c0 shell/lib.a(ash.o)
 .text.options  0x0001bcd8      0x254 shell/lib.a(ash.o)
 .text.setcmd   0x0001bf2c       0x70 shell/lib.a(ash.o)
 .text.ulimitcmd
                0x0001bf9c      0x21c shell/lib.a(ash.o)
 .text.setinputfile
                0x0001c1b8      0x108 shell/lib.a(ash.o)
 .text.trapcmd  0x0001c2c0      0x120 shell/lib.a(ash.o)
 .text.readcmd  0x0001c3e0      0x260 shell/lib.a(ash.o)
 .text.cdcmd    0x0001c640      0x398 shell/lib.a(ash.o)
 .text.ash_msg_and_raise
                0x0001c9d8       0x1c shell/lib.a(ash.o)
 .text.shellexec
                0x0001c9f4      0x128 shell/lib.a(ash.o)
 .text.execcmd  0x0001cb1c       0x54 shell/lib.a(ash.o)
 .text.expandarg
                0x0001cb70      0x448 shell/lib.a(ash.o)
 .text.expredir
                0x0001cfb8       0xbc shell/lib.a(ash.o)
 .text.redirect
                0x0001d074      0x4d4 shell/lib.a(ash.o)
 .text.redirectsafe
                0x0001d548       0xb8 shell/lib.a(ash.o)
 .text.evaltree
                0x0001d600      0x34c shell/lib.a(ash.o)
 .text.evalstring
                0x0001d94c       0x78 shell/lib.a(ash.o)
 .text.evalcmd  0x0001d9c4       0x90 shell/lib.a(ash.o)
 .text.exitshell
                0x0001da54       0x7c shell/lib.a(ash.o)
 .text.argstr   0x0001dad0      0x60c shell/lib.a(ash.o)
 .text.subevalvar
                0x0001e0dc      0x1a8 shell/lib.a(ash.o)
 .text.evalvar  0x0001e284      0x588 shell/lib.a(ash.o)
 .text.evalloop
                0x0001e80c      0x10c shell/lib.a(ash.o)
 .text.cmdloop  0x0001e918      0x23c shell/lib.a(ash.o)
 .text.find_command
                0x0001eb54      0x408 shell/lib.a(ash.o)
 .text.describe_command
                0x0001ef5c      0x1f0 shell/lib.a(ash.o)
 .text.typecmd  0x0001f14c       0x68 shell/lib.a(ash.o)
 .text.commandcmd
                0x0001f1b4       0x60 shell/lib.a(ash.o)
 .text.hashcmd  0x0001f214      0x194 shell/lib.a(ash.o)
 .text.evalpipe
                0x0001f3a8      0x1b4 shell/lib.a(ash.o)
 .text.dotcmd   0x0001f55c      0x170 shell/lib.a(ash.o)
 .text.read_profile
                0x0001f6cc       0x34 shell/lib.a(ash.o)
 .text.ash_main
                0x0001f700      0x608 shell/lib.a(ash.o)
                0x0001f700                ash_main
 .text.evalfun  0x0001fd08      0x238 shell/lib.a(ash.o)
 .text.evalsubshell
                0x0001ff40       0xd0 shell/lib.a(ash.o)
 .text.evalcase
                0x00020010      0x158 shell/lib.a(ash.o)
 .text.evalfor  0x00020168      0x140 shell/lib.a(ash.o)
 .text.evalcommand
                0x000202a8      0x5c8 shell/lib.a(ash.o)
 .text.valid_part_table_flag
                0x00020870       0x24 util-linux/lib.a(fdisk.o)
 .text.read4_little_endian
                0x00020894       0x24 util-linux/lib.a(fdisk.o)
 .text.get_start_sect
                0x000208b8        0x8 util-linux/lib.a(fdisk.o)
 .text.get_nr_sects
                0x000208c0        0x8 util-linux/lib.a(fdisk.o)
 .text.get_partition_start
                0x000208c8       0x20 util-linux/lib.a(fdisk.o)
 .text.linear2chs
                0x000208e8       0x74 util-linux/lib.a(fdisk.o)
 .text.fdisk_fatal
                0x0002095c       0x40 util-linux/lib.a(fdisk.o)
 .text.list_disk_geometry
                0x0002099c      0x150 util-linux/lib.a(fdisk.o)
 .text.trydev   0x00020aec      0xfc8 util-linux/lib.a(fdisk.o)
 .text.tryprocpt
                0x00021ab4       0xd0 util-linux/lib.a(fdisk.o)
 .text.fdisk_main
                0x00021b84      0x1cc util-linux/lib.a(fdisk.o)
                0x00021b84                fdisk_main
 .text.append_mount_options
                0x00021d50       0xf4 util-linux/lib.a(mount.o)
 .text.parse_mount_options
                0x00021e44      0x110 util-linux/lib.a(mount.o)
 .text.mount_it_now
                0x00021f54       0x8c util-linux/lib.a(mount.o)
 .text.singlemount
                0x00021fe0      0x220 util-linux/lib.a(mount.o)
 .text.mount_main
                0x00022200      0x400 util-linux/lib.a(mount.o)
                0x00022200                mount_main
 .text.umount_main
                0x00022600      0x318 util-linux/lib.a(umount.o)
                0x00022600                umount_main
 .text.arp_show
                0x00022918      0x330 atpconfig/lib.a(arp.o)
 .text.arp_main
                0x00022c48      0xa74 atpconfig/lib.a(arp.o)
                0x00022c48                arp_main
 .text.ATPUpgradePrecheckInit
                0x000236bc       0x20 atpconfig/lib.a(atpcommon.o)
                0x000236bc                ATPUpgradePrecheckInit
 .text.ATPUpgradePrecheckProc
                0x000236dc      0x13c atpconfig/lib.a(atpcommon.o)
                0x000236dc                ATPUpgradePrecheckProc
 .text.ATPUpgradePrecheckDestroy
                0x00023818       0x18 atpconfig/lib.a(atpcommon.o)
                0x00023818                ATPUpgradePrecheckDestroy
 .text.ATP_UTIL_GetIfcStatInfo
                0x00023830      0x26c atpconfig/lib.a(atpcommon.o)
                0x00023830                ATP_UTIL_GetIfcStatInfo
 .text.GetCurDateTime
                0x00023a9c       0x88 atpconfig/lib.a(atpcommon.o)
                0x00023a9c                GetCurDateTime
 .text.diag_copy_fd_with_timeout
                0x00023b24      0x108 atpconfig/lib.a(atpcommon.o)
                0x00023b24                diag_copy_fd_with_timeout
 .text.SetUpDiagState
                0x00023c2c       0xec atpconfig/lib.a(atpcommon.o)
                0x00023c2c                SetUpDiagState
 .text.SetDownDiagState
                0x00023d18      0x100 atpconfig/lib.a(atpcommon.o)
                0x00023d18                SetDownDiagState
 .text.SetDiagState
                0x00023e18       0x14 atpconfig/lib.a(atpcommon.o)
                0x00023e18                SetDiagState
 .text.ATP_TransHostname2IP
                0x00023e2c      0x164 atpconfig/lib.a(atpcommon.o)
                0x00023e2c                ATP_TransHostname2IP
 .text.atp_copy_fd_with_timeoutEx
                0x00023f90      0x180 atpconfig/lib.a(atpcommon.o)
                0x00023f90                atp_copy_fd_with_timeoutEx
 .text.atp_copy_fd_with_timeout
                0x00024110       0x1c atpconfig/lib.a(atpcommon.o)
                0x00024110                atp_copy_fd_with_timeout
 .text.atp_setup_alarm
                0x0002412c       0x54 atpconfig/lib.a(atpcommon.o)
                0x0002412c                atp_setup_alarm
 .text.transfer_timeout
                0x00024180       0x54 atpconfig/lib.a(atpcommon.o)
 .text.xconnect_tr143
                0x000241d4       0x7c atpconfig/lib.a(atpcommon.o)
                0x000241d4                xconnect_tr143
 .text.xbind_connect_tr143
                0x00024250       0xf0 atpconfig/lib.a(atpcommon.o)
                0x00024250                xbind_connect_tr143
 .text.xbind_connect
                0x00024340       0x5c atpconfig/lib.a(atpcommon.o)
                0x00024340                xbind_connect
 .text.ftpcmd   0x0002439c      0x11c atpconfig/lib.a(ftpgetput.o)
 .text.ftp_die  0x000244b8       0x54 atpconfig/lib.a(ftpgetput.o)
 .text.ftpget_main
                0x0002450c      0x6d4 atpconfig/lib.a(ftpgetput.o)
                0x0002450c                ftpget_main
 .text.xconnect_ftpdata
                0x00024be0      0x120 atpconfig/lib.a(ftpgetput.o)
 .text.unlock_file
                0x00024d00       0x48 atpconfig/lib.a(ftpgetput.o)
 .text.ftp_receive
                0x00024d48      0x690 atpconfig/lib.a(ftpgetput.o)
 .text.ftp_send
                0x000253d8      0x388 atpconfig/lib.a(ftpgetput.o)
 .text.handy_dns_lookup
                0x00025760      0x9dc atpconfig/lib.a(gplgethostbyname.o)
 .text.gethostbyname_handy_r
                0x0002613c      0x22c atpconfig/lib.a(gplgethostbyname.o)
 .text.handy_gethostbyname2_r
                0x00026368      0x2b4 atpconfig/lib.a(gplgethostbyname.o)
                0x00026368                handy_gethostbyname2_r
 .text.ATP_GPL_Gethostbyname
                0x0002661c       0x3c atpconfig/lib.a(gplgethostbyname.o)
                0x0002661c                ATP_GPL_Gethostbyname
 .text.getIfIpAddr
                0x00026658      0x13c atpconfig/lib.a(ping.o)
 .text.ping_compensate_time
                0x00026794       0xa8 atpconfig/lib.a(ping.o)
 .text.sendping6
                0x0002683c       0xd4 atpconfig/lib.a(ping.o)
 .text.sendping4
                0x00026910      0x13c atpconfig/lib.a(ping.o)
 .text.PingToLogWeb
                0x00026a4c      0x28c atpconfig/lib.a(ping.o)
 .text.unpack_tail
                0x00026cd8      0x174 atpconfig/lib.a(ping.o)
 .text.ping6    0x00026e4c      0x4b8 atpconfig/lib.a(ping.o)
 .text.ping4    0x00027304      0x35c atpconfig/lib.a(ping.o)
 .text.pingstats
                0x00027660      0x188 atpconfig/lib.a(ping.o)
 .text.atp_xhost_and_af2sockaddr
                0x000277e8      0x224 atpconfig/lib.a(ping.o)
                0x000277e8                atp_xhost_and_af2sockaddr
 .text.ping_main
                0x00027a0c      0x368 atpconfig/lib.a(ping.o)
                0x00027a0c                ping_main
 .text.ping6_main
                0x00027d74       0x14 atpconfig/lib.a(ping.o)
                0x00027d74                ping6_main
 .text.deltaT   0x00027d88       0x6c atpconfig/lib.a(traceroute6.o)
                0x00027d88                deltaT
 .text.pr_type  0x00027df4       0x84 atpconfig/lib.a(traceroute6.o)
                0x00027df4                pr_type
 .text.usage    0x00027e78       0x24 atpconfig/lib.a(traceroute6.o)
                0x00027e78                usage
 .text.print    0x00027e9c       0xd0 atpconfig/lib.a(traceroute6.o)
                0x00027e9c                print
 .text.packet_ok
                0x00027f6c      0x174 atpconfig/lib.a(traceroute6.o)
                0x00027f6c                packet_ok
 .text.send_probe
                0x000280e0      0x160 atpconfig/lib.a(traceroute6.o)
                0x000280e0                send_probe
 .text.wait_for_reply
                0x00028240       0xf4 atpconfig/lib.a(traceroute6.o)
                0x00028240                wait_for_reply
 .text.TRouteToLogWeb
                0x00028334      0x2d8 atpconfig/lib.a(traceroute6.o)
 .text.traceroute6_main
                0x0002860c      0xb54 atpconfig/lib.a(traceroute6.o)
                0x0002860c                traceroute6_main
 .text.CvtHex   0x00029160       0x54 atpconfig/lib.a(wget.o)
 .text.safe_fgets
                0x000291b4       0x2c atpconfig/lib.a(wget.o)
 .text.open_socket
                0x000291e0      0x178 atpconfig/lib.a(wget.o)
 .text.build_auth_header
                0x00029358      0xa0c atpconfig/lib.a(wget.o)
 .text.parse_url
                0x00029d64      0x1e8 atpconfig/lib.a(wget.o)
 .text.T.111    0x00029f4c      0x114 atpconfig/lib.a(wget.o)
 .text.T.110    0x0002a060      0x138 atpconfig/lib.a(wget.o)
 .text.http_download
                0x0002a198      0xdc0 atpconfig/lib.a(wget.o)
 .text.wget_main
                0x0002af58      0xd5c atpconfig/lib.a(wget.o)
                0x0002af58                wget_main
 .text.dealloc_bunzip
                0x0002bcb4       0x20 archival/libunarchive/lib.a(decompress_bunzip2.o)
                0x0002bcb4                dealloc_bunzip
 .text.get_bits
                0x0002bcd4       0xd8 archival/libunarchive/lib.a(decompress_bunzip2.o)
 .text.start_bunzip
                0x0002bdac       0xec archival/libunarchive/lib.a(decompress_bunzip2.o)
                0x0002bdac                start_bunzip
 .text.get_next_block
                0x0002be98      0x8e8 archival/libunarchive/lib.a(decompress_bunzip2.o)
 .text.read_bunzip
                0x0002c780      0x180 archival/libunarchive/lib.a(decompress_bunzip2.o)
                0x0002c780                read_bunzip
 .text.bb_cat   0x0002c900       0x8c coreutils/lib.a(cat.o)
                0x0002c900                bb_cat
 .text.cat_main
                0x0002c98c       0x30 coreutils/lib.a(cat.o)
                0x0002c98c                cat_main
 .text.chmod_main
                0x0002c9bc       0xec coreutils/lib.a(chmod.o)
                0x0002c9bc                chmod_main
 .text.fileAction
                0x0002caa8       0x90 coreutils/lib.a(chmod.o)
 .text.cp_main  0x0002cb38      0x13c coreutils/lib.a(cp.o)
                0x0002cb38                cp_main
 .text.maybe_set_utc
                0x0002cc74       0x1c coreutils/lib.a(date.o)
 .text.date_main
                0x0002cc90      0x538 coreutils/lib.a(date.o)
                0x0002cc90                date_main
 .text.kscale   0x0002d1c8       0x20 coreutils/lib.a(df.o)
 .text.df_main  0x0002d1e8      0x214 coreutils/lib.a(df.o)
                0x0002d1e8                df_main
 .text.echo_main
                0x0002d3fc      0x15c coreutils/lib.a(echo.o)
                0x0002d3fc                echo_main
 .text.count_dirs
                0x0002d558       0x80 coreutils/lib.a(ls.o)
 .text.my_stat  0x0002d5d8       0xbc coreutils/lib.a(ls.o)
 .text.dnalloc  0x0002d694       0x1c coreutils/lib.a(ls.o)
 .text.splitdnarray
                0x0002d6b0       0xdc coreutils/lib.a(ls.o)
 .text.showfiles
                0x0002d78c      0x494 coreutils/lib.a(ls.o)
 .text.ls_main  0x0002dc20      0x3c4 coreutils/lib.a(ls.o)
                0x0002dc20                ls_main
 .text.mkdir_main
                0x0002dfe4       0xb4 coreutils/lib.a(mkdir.o)
                0x0002dfe4                mkdir_main
 .text.mknod_main
                0x0002e098       0xf0 coreutils/lib.a(mknod.o)
                0x0002e098                mknod_main
 .text.mv_main  0x0002e188      0x23c coreutils/lib.a(mv.o)
                0x0002e188                mv_main
 .text.rm_main  0x0002e3c4       0xe4 coreutils/lib.a(rm.o)
                0x0002e3c4                rm_main
 .text.sleep_main
                0x0002e4a8       0x28 coreutils/lib.a(sleep.o)
                0x0002e4a8                sleep_main
 .text.t_lex    0x0002e4d0       0x68 coreutils/lib.a(test.o)
 .text.syntax   0x0002e538       0x54 coreutils/lib.a(test.o)
 .text.getn     0x0002e58c       0x74 coreutils/lib.a(test.o)
 .text.binop    0x0002e600      0x23c coreutils/lib.a(test.o)
 .text.nexpr    0x0002e83c      0x3cc coreutils/lib.a(test.o)
 .text.aexpr    0x0002ec08       0x74 coreutils/lib.a(test.o)
 .text.oexpr    0x0002ec7c       0x74 coreutils/lib.a(test.o)
 .text.test_main
                0x0002ecf0      0x214 coreutils/lib.a(test.o)
                0x0002ecf0                test_main
 .text.who_main
                0x0002ef04      0x154 coreutils/lib.a(who.o)
                0x0002ef04                who_main
 .text.whoami_main
                0x0002f058       0x3c coreutils/lib.a(whoami.o)
                0x0002f058                whoami_main
 .text.cp_mv_stat2
                0x0002f094       0x6c coreutils/libcoreutils/lib.a(cp_mv_stat.o)
                0x0002f094                cp_mv_stat2
 .text.cp_mv_stat
                0x0002f100        0xc coreutils/libcoreutils/lib.a(cp_mv_stat.o)
                0x0002f100                cp_mv_stat
 .text.getopt_mk_fifo_nod
                0x0002f10c       0x5c coreutils/libcoreutils/lib.a(getopt_mk_fifo_nod.o)
                0x0002f10c                getopt_mk_fifo_nod
 .text.halt_main
                0x0002f168       0xe4 init/lib.a(halt.o)
                0x0002f168                halt_main
 .text.cont_handler
                0x0002f24c       0x14 init/lib.a(init.o)
 .text.loop_forever
                0x0002f260       0x10 init/lib.a(init.o)
 .text.init_reboot
                0x0002f270       0x38 init/lib.a(init.o)
 .text.set_sane_term
                0x0002f2a8       0xb0 init/lib.a(init.o)
 .text.new_init_action
                0x0002f358       0xc0 init/lib.a(init.o)
 .text.delete_init_action
                0x0002f418       0x50 init/lib.a(init.o)
 .text.message  0x0002f468      0x114 init/lib.a(init.o)
 .text.parse_inittab
                0x0002f57c      0x290 init/lib.a(init.o)
 .text.stop_handler
                0x0002f80c       0x48 init/lib.a(init.o)
 .text.shutdown_system
                0x0002f854      0x120 init/lib.a(init.o)
 .text.shutdown_signal
                0x0002f974       0x78 init/lib.a(init.o)
 .text.open_stdio_to_tty
                0x0002f9ec       0xa0 init/lib.a(init.o)
 .text.run      0x0002fa8c      0x284 init/lib.a(init.o)
 .text.run_actions
                0x0002fd10       0xdc init/lib.a(init.o)
 .text.init_main
                0x0002fdec      0x3dc init/lib.a(init.o)
                0x0002fdec                init_main
 .text.reload_signal
                0x000301c8       0x78 init/lib.a(init.o)
 .text.ctrlaltdel_signal
                0x00030240        0x8 init/lib.a(init.o)
 .text.exec_signal
                0x00030248      0x134 init/lib.a(init.o)
 .text.bb_ask_confirmation
                0x0003037c       0xa0 libbb/lib.a(ask_confirmation.o)
                0x0003037c                bb_ask_confirmation
 .text.get_ug_id
                0x0003041c       0x40 libbb/lib.a(bb_pwd.o)
                0x0003041c                get_ug_id
 .text.xuname2uid
                0x0003045c       0x2c libbb/lib.a(bb_pwd.o)
                0x0003045c                xuname2uid
 .text.xgroup2gid
                0x00030488       0x2c libbb/lib.a(bb_pwd.o)
                0x00030488                xgroup2gid
 .text.bb_getug
                0x000304b4       0x74 libbb/lib.a(bb_pwd.o)
 .text.bb_getgrgid
                0x00030528       0x40 libbb/lib.a(bb_pwd.o)
                0x00030528                bb_getgrgid
 .text.bb_getpwuid
                0x00030568       0x40 libbb/lib.a(bb_pwd.o)
                0x00030568                bb_getpwuid
 .text.ret_ERANGE
                0x000305a8       0x20 libbb/lib.a(bb_strtonum.o)
 .text.handle_errors
                0x000305c8       0x70 libbb/lib.a(bb_strtonum.o)
 .text.bb_strtol
                0x00030638       0x6c libbb/lib.a(bb_strtonum.o)
                0x00030638                bb_strtol
 .text.bb_strtoul
                0x000306a4       0x64 libbb/lib.a(bb_strtonum.o)
                0x000306a4                bb_strtoul
 .text.bb_strtoull
                0x00030708       0x60 libbb/lib.a(bb_strtonum.o)
                0x00030708                bb_strtoull
 .text.change_identity_e2str
                0x00030768       0x44 libbb/lib.a(change_identity.o)
                0x00030768                change_identity_e2str
 .text.change_identity
                0x000307ac       0x18 libbb/lib.a(change_identity.o)
                0x000307ac                change_identity
 .text.index_in_strings
                0x000307c4       0x58 libbb/lib.a(compare_string_array.o)
                0x000307c4                index_in_strings
 .text.ask_and_unlink
                0x0003081c       0x74 libbb/lib.a(copy_file.o)
 .text.copy_file
                0x00030890      0x5d4 libbb/lib.a(copy_file.o)
                0x00030890                copy_file
 .text.correct_password
                0x00030e64       0xe4 libbb/lib.a(correct_password.o)
                0x00030e64                correct_password
 .text.crc32_filltable
                0x00030f48       0x88 libbb/lib.a(crc32.o)
                0x00030f48                crc32_filltable
 .text.create_icmp6_socket
                0x00030fd0       0x70 libbb/lib.a(create_icmp6_socket.o)
                0x00030fd0                create_icmp6_socket
 .text.create_icmp_socket
                0x00031040       0x70 libbb/lib.a(create_icmp_socket.o)
                0x00031040                create_icmp_socket
 .text.device_open
                0x000310b0       0x60 libbb/lib.a(device_open.o)
                0x000310b0                device_open
 .text.fflush_stdout_and_exit
                0x00031110       0x2c libbb/lib.a(fflush_stdout_and_exit.o)
                0x00031110                fflush_stdout_and_exit
 .text.find_mount_point
                0x0003113c      0x120 libbb/lib.a(find_mount_point.o)
                0x0003113c                find_mount_point
 .text.find_pid_by_name
                0x0003125c       0xa4 libbb/lib.a(find_pid_by_name.o)
                0x0003125c                find_pid_by_name
 .text.bb_get_chunk_from_file
                0x00031300       0xdc libbb/lib.a(get_line_from_file.o)
                0x00031300                bb_get_chunk_from_file
 .text.xmalloc_getline
                0x000313dc       0x38 libbb/lib.a(get_line_from_file.o)
                0x000313dc                xmalloc_getline
 .text.xmalloc_fgets
                0x00031414       0x14 libbb/lib.a(get_line_from_file.o)
                0x00031414                xmalloc_fgets
 .text.getopt32
                0x00031428      0x4a8 libbb/lib.a(getopt32.o)
                0x00031428                getopt32
 .text.bb_herror_msg_and_die
                0x000318d0       0x30 libbb/lib.a(herror_msg_and_die.o)
                0x000318d0                bb_herror_msg_and_die
 .text.INET6_rresolve
                0x00031900       0xfc libbb/lib.a(inet_common.o)
                0x00031900                INET6_rresolve
 .text.INET6_resolve
                0x000319fc       0x90 libbb/lib.a(inet_common.o)
                0x000319fc                INET6_resolve
 .text.INET_rresolve
                0x00031a8c      0x160 libbb/lib.a(inet_common.o)
                0x00031a8c                INET_rresolve
 .text.INET_resolve
                0x00031bec       0xc4 libbb/lib.a(inet_common.o)
                0x00031bec                INET_resolve
 .text.bb_info_msg
                0x00031cb0       0x78 libbb/lib.a(info_msg.o)
                0x00031cb0                bb_info_msg
 .text.is_in_ino_dev_hashtable
                0x00031d28       0x98 libbb/lib.a(inode_hash.o)
                0x00031d28                is_in_ino_dev_hashtable
 .text.add_to_ino_dev_hashtable
                0x00031dc0       0xb4 libbb/lib.a(inode_hash.o)
                0x00031dc0                add_to_ino_dev_hashtable
 .text.new_line_input_t
                0x00031e74       0x1c libbb/lib.a(lineedit.o)
                0x00031e74                new_line_input_t
 .text.put_prompt
                0x00031e90       0x44 libbb/lib.a(lineedit.o)
 .text.parse_and_put_prompt
                0x00031ed4       0x24 libbb/lib.a(lineedit.o)
 .text.beep     0x00031ef8       0x14 libbb/lib.a(lineedit.o)
 .text.cmdedit_set_out_char
                0x00031f0c       0x7c libbb/lib.a(lineedit.o)
 .text.input_end
                0x00031f88       0x34 libbb/lib.a(lineedit.o)
 .text.goto_new_line
                0x00031fbc       0x2c libbb/lib.a(lineedit.o)
 .text.match_compare
                0x00031fe8       0x18 libbb/lib.a(lineedit.o)
 .text.free_tab_completion_data
                0x00032000       0x54 libbb/lib.a(lineedit.o)
 .text.deinit_S
                0x00032054       0x1c libbb/lib.a(lineedit.o)
 .text.get_previous_history
                0x00032070       0x7c libbb/lib.a(lineedit.o)
 .text.get_next_history
                0x000320ec       0x5c libbb/lib.a(lineedit.o)
 .text.add_quote_for_spec_chars
                0x00032148       0x70 libbb/lib.a(lineedit.o)
 .text.input_backward
                0x000321b8       0xb4 libbb/lib.a(lineedit.o)
 .text.input_delete
                0x0003226c       0x64 libbb/lib.a(lineedit.o)
 .text.input_backspace
                0x000322d0       0x38 libbb/lib.a(lineedit.o)
 .text.redraw   0x00032308       0x44 libbb/lib.a(lineedit.o)
 .text.input_tab
                0x0003234c      0xd74 libbb/lib.a(lineedit.o)
 .text.win_changed
                0x000330c0       0x88 libbb/lib.a(lineedit.o)
 .text.read_line_input
                0x00033148      0x5b4 libbb/lib.a(lineedit.o)
                0x00033148                read_line_input
 .text.llist_add_to_end
                0x000336fc       0x4c libbb/lib.a(llist.o)
                0x000336fc                llist_add_to_end
 .text.bb_make_directory
                0x00033748      0x16c libbb/lib.a(make_directory.o)
                0x00033748                bb_make_directory
 .text.bb_makedev
                0x000338b4       0x5c libbb/lib.a(makedev.o)
                0x000338b4                bb_makedev
 .text.match_fstype
                0x00033910       0xb0 libbb/lib.a(match_fstype.o)
                0x00033910                match_fstype
 .text.bb_mode_string
                0x000339c0       0xb0 libbb/lib.a(mode_string.o)
                0x000339c0                bb_mode_string
 .text.bb_parse_mode
                0x00033a70      0x238 libbb/lib.a(parse_mode.o)
                0x00033a70                bb_parse_mode
 .text.bb_perror_nomsg_and_die
                0x00033ca8       0x14 libbb/lib.a(perror_nomsg_and_die.o)
                0x00033ca8                bb_perror_nomsg_and_die
 .text.bb_process_escape_sequence
                0x00033cbc       0xc8 libbb/lib.a(process_escape_sequence.o)
                0x00033cbc                bb_process_escape_sequence
 .text.fast_strtoul_10
                0x00033d84       0x38 libbb/lib.a(procps.o)
 .text.skip_fields
                0x00033dbc       0x18 libbb/lib.a(procps.o)
 .text.read_cmdline
                0x00033dd4       0x94 libbb/lib.a(procps.o)
                0x00033dd4                read_cmdline
 .text.clear_cache
                0x00033e68       0x24 libbb/lib.a(procps.o)
 .text.clear_username_cache
                0x00033e8c       0x20 libbb/lib.a(procps.o)
                0x00033e8c                clear_username_cache
 .text.read_to_buf
                0x00033eac       0x50 libbb/lib.a(procps.o)
 .text.free_procps_scan
                0x00033efc       0x28 libbb/lib.a(procps.o)
                0x00033efc                free_procps_scan
 .text.alloc_procps_scan
                0x00033f24       0x50 libbb/lib.a(procps.o)
                0x00033f24                alloc_procps_scan
 .text.procps_scan
                0x00033f74      0x2e8 libbb/lib.a(procps.o)
                0x00033f74                procps_scan
 .text.get_cached
                0x0003425c       0x90 libbb/lib.a(procps.o)
 .text.get_cached_groupname
                0x000342ec       0x18 libbb/lib.a(procps.o)
                0x000342ec                get_cached_groupname
 .text.get_cached_username
                0x00034304       0x18 libbb/lib.a(procps.o)
                0x00034304                get_cached_username
 .text.true_action
                0x0003431c        0x8 libbb/lib.a(recursive_action.o)
 .text.recursive_action
                0x00034324      0x1d0 libbb/lib.a(recursive_action.o)
                0x00034324                recursive_action
 .text.remove_file
                0x000344f4      0x244 libbb/lib.a(remove_file.o)
                0x000344f4                remove_file
 .text.run_shell
                0x00034738       0xe0 libbb/lib.a(run_shell.o)
                0x00034738                run_shell
 .text.safe_poll
                0x00034818       0x68 libbb/lib.a(safe_poll.o)
                0x00034818                safe_poll
 .text.safe_strncpy
                0x00034880       0x30 libbb/lib.a(safe_strncpy.o)
                0x00034880                safe_strncpy
 .text.setup_environment
                0x000348b0       0xf8 libbb/lib.a(setup_environment.o)
                0x000348b0                setup_environment
 .text.bb_simplify_path
                0x000349a8       0xfc libbb/lib.a(simplify_path.o)
                0x000349a8                bb_simplify_path
 .text.skip_non_whitespace
                0x00034aa4       0x34 libbb/lib.a(skip_whitespace.o)
                0x00034aa4                skip_non_whitespace
 .text.skip_whitespace
                0x00034ad8       0x2c libbb/lib.a(skip_whitespace.o)
                0x00034ad8                skip_whitespace
 .text.str_tolower
                0x00034b04       0x34 libbb/lib.a(str_tolower.o)
                0x00034b04                str_tolower
 .text.monotonic_us
                0x00034b38       0x34 libbb/lib.a(time.o)
                0x00034b38                monotonic_us
 .text.print_signames
                0x00034b6c       0x38 libbb/lib.a(u_signal_names.o)
                0x00034b6c                print_signames
 .text.get_signame
                0x00034ba4       0x3c libbb/lib.a(u_signal_names.o)
                0x00034ba4                get_signame
 .text.get_signum
                0x00034be0       0x8c libbb/lib.a(u_signal_names.o)
                0x00034be0                get_signum
 .text.bb_daemonize_or_rexec
                0x00034c6c       0x40 libbb/lib.a(vfork_daemon_rexec.o)
                0x00034c6c                bb_daemonize_or_rexec
 .text.bb_sanitize_stdio
                0x00034cac        0x8 libbb/lib.a(vfork_daemon_rexec.o)
                0x00034cac                bb_sanitize_stdio
 .text.wait4pid
                0x00034cb4       0x5c libbb/lib.a(vfork_daemon_rexec.o)
                0x00034cb4                wait4pid
 .text.spawn    0x00034d10       0x70 libbb/lib.a(vfork_daemon_rexec.o)
                0x00034d10                spawn
 .text.fopen_or_warn
                0x00034d80       0x38 libbb/lib.a(wfopen.o)
                0x00034d80                fopen_or_warn
 .text.xstrtoul_range_sfx
                0x00034db8      0x130 libbb/lib.a(xatonum.o)
                0x00034db8                xstrtoul_range_sfx
 .text.xatoul_sfx
                0x00034ee8       0x20 libbb/lib.a(xatonum.o)
                0x00034ee8                xatoul_sfx
 .text.xatoul   0x00034f08        0x8 libbb/lib.a(xatonum.o)
                0x00034f08                xatoul
 .text.xatoul_range
                0x00034f10       0x24 libbb/lib.a(xatonum.o)
                0x00034f10                xatoul_range
 .text.xatou16  0x00034f34       0x24 libbb/lib.a(xatonum.o)
                0x00034f34                xatou16
 .text.xatoi_u  0x00034f58        0xc libbb/lib.a(xatonum.o)
                0x00034f58                xatoi_u
 .text.get_nport
                0x00034f64       0x20 libbb/lib.a(xconnect.o)
                0x00034f64                get_nport
 .text.set_nport
                0x00034f84       0x1c libbb/lib.a(xconnect.o)
                0x00034f84                set_nport
 .text.sockaddr2str
                0x00034fa0       0xb8 libbb/lib.a(xconnect.o)
 .text.xmalloc_sockaddr2dotted_noport
                0x00035058        0x8 libbb/lib.a(xconnect.o)
                0x00035058                xmalloc_sockaddr2dotted_noport
 .text.xmalloc_sockaddr2dotted
                0x00035060        0x8 libbb/lib.a(xconnect.o)
                0x00035060                xmalloc_sockaddr2dotted
 .text.xmalloc_sockaddr2host_noport
                0x00035068        0x8 libbb/lib.a(xconnect.o)
                0x00035068                xmalloc_sockaddr2host_noport
 .text.xsocket_type
                0x00035070       0x78 libbb/lib.a(xconnect.o)
                0x00035070                xsocket_type
 .text.str2sockaddr
                0x000350e8      0x194 libbb/lib.a(xconnect.o)
 .text.xdotted2sockaddr
                0x0003527c        0xc libbb/lib.a(xconnect.o)
                0x0003527c                xdotted2sockaddr
 .text.xhost2sockaddr
                0x00035288        0xc libbb/lib.a(xconnect.o)
                0x00035288                xhost2sockaddr
 .text.bb_lookup_port
                0x00035294       0x8c libbb/lib.a(xconnect.o)
                0x00035294                bb_lookup_port
 .text.xconnect
                0x00035320       0x50 libbb/lib.a(xconnect.o)
                0x00035320                xconnect
 .text.xconnect_stream
                0x00035370       0x38 libbb/lib.a(xconnect.o)
                0x00035370                xconnect_stream
 .text.setsockopt_broadcast
                0x000353a8       0x28 libbb/lib.a(xconnect.o)
                0x000353a8                setsockopt_broadcast
 .text.setsockopt_reuseaddr
                0x000353d0       0x28 libbb/lib.a(xconnect.o)
                0x000353d0                setsockopt_reuseaddr
 .text.create_and_bind_or_die
                0x000353f8       0xe0 libbb/lib.a(xconnect.o)
 .text.create_and_bind_stream_or_die
                0x000354d8        0x8 libbb/lib.a(xconnect.o)
                0x000354d8                create_and_bind_stream_or_die
 .text.xrealloc_getcwd_or_warn
                0x000354e0       0x80 libbb/lib.a(xgetcwd.o)
                0x000354e0                xrealloc_getcwd_or_warn
 .text.askpass_timeout
                0x00035560        0x4 libbb/lib.a(bb_askpass.o)
 .text.bb_askpass
                0x00035564      0x1b4 libbb/lib.a(bb_askpass.o)
                0x00035564                bb_askpass
 .text.concat_subpath_file
                0x00035718       0x4c libbb/lib.a(concat_subpath_file.o)
                0x00035718                concat_subpath_file
 .text          0x00035764      0x114 /opt/toolchain_hisi/arm-hsan-linux-uclibcgnueabi/bin/../lib/gcc/arm-hsan-linux-uclibcgnueabi/4.4.6/libgcc.a(_udivsi3.o)
                0x00035764                __udivsi3
                0x00035764                __aeabi_uidiv
                0x00035860                __aeabi_uidivmod
 .text          0x00035878      0x144 /opt/toolchain_hisi/arm-hsan-linux-uclibcgnueabi/bin/../lib/gcc/arm-hsan-linux-uclibcgnueabi/4.4.6/libgcc.a(_divsi3.o)
                0x00035878                __aeabi_idiv
                0x00035878                __divsi3
                0x000359a4                __aeabi_idivmod
 .text          0x000359bc       0x1c /opt/toolchain_hisi/arm-hsan-linux-uclibcgnueabi/bin/../lib/gcc/arm-hsan-linux-uclibcgnueabi/4.4.6/libgcc.a(_lshrdi3.o)
                0x000359bc                __aeabi_llsr
                0x000359bc                __lshrdi3
 .text          0x000359d8       0x1c /opt/toolchain_hisi/arm-hsan-linux-uclibcgnueabi/bin/../lib/gcc/arm-hsan-linux-uclibcgnueabi/4.4.6/libgcc.a(_ashldi3.o)
                0x000359d8                __ashldi3
                0x000359d8                __aeabi_llsl
 .text          0x000359f4      0x41c /opt/toolchain_hisi/arm-hsan-linux-uclibcgnueabi/bin/../lib/gcc/arm-hsan-linux-uclibcgnueabi/4.4.6/libgcc.a(_arm_addsubdf3.o)
                0x000359f4                __aeabi_drsub
                0x000359fc                __aeabi_dsub
                0x000359fc                __subdf3
                0x00035a00                __adddf3
                0x00035a00                __aeabi_dadd
                0x00035d10                __aeabi_ui2d
                0x00035d10                __floatunsidf
                0x00035d34                __floatsidf
                0x00035d34                __aeabi_i2d
                0x00035d5c                __extendsfdf2
                0x00035d5c                __aeabi_f2d
                0x00035d9c                __aeabi_ul2d
                0x00035d9c                __floatundidf
                0x00035db0                __floatdidf
                0x00035db0                __aeabi_l2d
 .text          0x00035e10      0x49c /opt/toolchain_hisi/arm-hsan-linux-uclibcgnueabi/bin/../lib/gcc/arm-hsan-linux-uclibcgnueabi/4.4.6/libgcc.a(_arm_muldivdf3.o)
                0x00035e10                __aeabi_dmul
                0x00035e10                __muldf3
                0x000360a0                __aeabi_ddiv
                0x000360a0                __divdf3
 .text          0x000362ac       0x5c /opt/toolchain_hisi/arm-hsan-linux-uclibcgnueabi/bin/../lib/gcc/arm-hsan-linux-uclibcgnueabi/4.4.6/libgcc.a(_arm_fixdfsi.o)
                0x000362ac                __fixdfsi
                0x000362ac                __aeabi_d2iz
 .text          0x00036308       0x1c /opt/toolchain_hisi/arm-hsan-linux-uclibcgnueabi/bin/../lib/gcc/arm-hsan-linux-uclibcgnueabi/4.4.6/libgcc.a(_aeabi_ldivmod.o)
                0x00036308                __aeabi_ldivmod
 .text          0x00036324       0x1c /opt/toolchain_hisi/arm-hsan-linux-uclibcgnueabi/bin/../lib/gcc/arm-hsan-linux-uclibcgnueabi/4.4.6/libgcc.a(_aeabi_uldivmod.o)
                0x00036324                __aeabi_uldivmod
 .text          0x00036340       0x14 /opt/toolchain_hisi/arm-hsan-linux-uclibcgnueabi/bin/../lib/gcc/arm-hsan-linux-uclibcgnueabi/4.4.6/libgcc.a(_dvmd_lnx.o)
                0x00036340                __div0
 .text          0x00036354       0x90 /opt/toolchain_hisi/arm-hsan-linux-uclibcgnueabi/bin/../lib/gcc/arm-hsan-linux-uclibcgnueabi/4.4.6/libgcc.a(bpabi.o)
                0x00036354                __gnu_uldivmod_helper
                0x0003639c                __gnu_ldivmod_helper
 .text          0x000363e4      0x4a0 /opt/toolchain_hisi/arm-hsan-linux-uclibcgnueabi/bin/../lib/gcc/arm-hsan-linux-uclibcgnueabi/4.4.6/libgcc.a(_divdi3.o)
                0x000363e4                __divdi3
 .text          0x00036884      0x42c /opt/toolchain_hisi/arm-hsan-linux-uclibcgnueabi/bin/../lib/gcc/arm-hsan-linux-uclibcgnueabi/4.4.6/libgcc.a(_udivdi3.o)
                0x00036884                __udivdi3
 .text          0x00036cb0       0x48 /opt/toolchain_hisi/arm-hsan-linux-uclibcgnueabi/bin/../lib/gcc/arm-hsan-linux-uclibcgnueabi/4.4.6/libgcc.a(_clzsi2.o)
                0x00036cb0                __clzsi2
 *(SORT(.gnu.warning))
 *(SORT(.glue_7t))
 .glue_7t       0x00000000        0x0 linker stubs
 *(SORT(.glue_7))
 .glue_7        0x00000000        0x0 linker stubs
 *(SORT(.vfp11_veneer))
 .vfp11_veneer  0x00000000        0x0 linker stubs
 *(SORT(.v4_bx))
 .v4_bx         0x00000000        0x0 linker stubs

.fini           0x00036cf8       0x10
 *(SORT(.fini))
 .fini          0x00036cf8        0xc /home/zengyao/DT_Hybrid_GPL_1.00.052/Hybrid_security_baseline/output/host/usr/arm-unknown-linux-uclibcgnueabi/sysroot/usr/lib/crti.o
                0x00036cf8                _fini
 .fini          0x00036d04        0x4 /home/zengyao/DT_Hybrid_GPL_1.00.052/Hybrid_security_baseline/output/host/usr/arm-unknown-linux-uclibcgnueabi/sysroot/usr/lib/crtn.o
                0x00036d08                PROVIDE (__etext, .)
                0x00036d08                PROVIDE (_etext, .)
                0x00036d08                PROVIDE (etext, .)

.rodata         0x00036d08     0x7242
 *(SORT(.rodata) SORT(.rodata.*) SORT(.gnu.linkonce.r.*))
 .rodata.install_dir.7112
                0x00036d08       0x14 libbb/lib.a(appletlib.o)
 .rodata.applet_main
                0x00036d1c       0xc4 libbb/lib.a(appletlib.o)
                0x00036d1c                applet_main
 .rodata.const_int_0
                0x00036de0        0x4 libbb/lib.a(messages.o)
                0x00036de0                const_int_0
 .rodata.const_int_1
                0x00036de4        0x4 libbb/lib.a(messages.o)
                0x00036de4                const_int_1
 .rodata.OptArray
                0x00036de8       0xc0 networking/lib.a(ifconfig.o)
 .rodata.Arg1Opt
                0x00036ea8       0x80 networking/lib.a(ifconfig.o)
 .rodata.hwtypes
                0x00036f28       0x18 networking/lib.a(interface.o)
 .rodata.sit_hwtype
                0x00036f40       0x20 networking/lib.a(interface.o)
 .rodata.inet_aftype
                0x00036f60       0x2c networking/lib.a(interface.o)
 .rodata.unspec_aftype
                0x00036f8c       0x2c networking/lib.a(interface.o)
 .rodata.inet6_aftype
                0x00036fb8       0x2c networking/lib.a(interface.o)
 .rodata.ether_hwtype
                0x00036fe4       0x20 networking/lib.a(interface.o)
 .rodata.if_port_text
                0x00037004       0x20 networking/lib.a(interface.o)
 .rodata.ppp_hwtype
                0x00037024       0x20 networking/lib.a(interface.o)
 .rodata.ss_fmt
                0x00037044        0xc networking/lib.a(interface.o)
 .rodata.loop_hwtype
                0x00037050       0x20 networking/lib.a(interface.o)
 .rodata.aftypes
                0x00037070       0x10 networking/lib.a(interface.o)
 .rodata.unspec_hwtype
                0x00037080       0x20 networking/lib.a(interface.o)
 .rodata.tcp_state
                0x000370a0       0x30 networking/lib.a(netstat.o)
 .rodata.CSWTCH.81
                0x000370d0       0x14 networking/lib.a(netstat.o)
 .rodata.CSWTCH.84
                0x000370e4       0x1c networking/lib.a(netstat.o)
 .rodata.flagvals
                0x00037100       0x20 networking/lib.a(route.o)
 .rodata.flags_ipvx
                0x00037120       0x10 networking/lib.a(route.o)
 .rodata.smux_protos
                0x00037130       0x18 networking/lib.a(smuxctl.o)
 .rodata.cmds   0x00037148       0x10 networking/lib.a(smuxctl.o)
 .rodata.errcode_str.6754
                0x00037158       0x24 networking/lib.a(tftp.o)
 .rodata.ttab.7241
                0x0003717c       0x4c networking/lib.a(traceroute.o)
 .rodata.vstype.9151
                0x000371c8       0x40 shell/lib.a(ash.o)
 .rodata.varinit_data
                0x00037208       0x60 shell/lib.a(ash.o)
 .rodata.limits_name
                0x00037268       0x80 shell/lib.a(ash.o)
 .rodata.nodesize
                0x000372e8       0x34 shell/lib.a(ash.o)
 .rodata.S_I_T  0x0003731c       0x30 shell/lib.a(ash.o)
 .rodata.tokname_array
                0x0003734c       0x74 shell/lib.a(ash.o)
 .rodata.limits_tbl
                0x000373c0       0x24 shell/lib.a(ash.o)
 .rodata.CSWTCH.876
                0x000373e4        0x8 shell/lib.a(ash.o)
 .rodata.CSWTCH.879
                0x000373ec       0x30 shell/lib.a(ash.o)
 .rodata.builtintab
                0x0003741c      0x130 shell/lib.a(ash.o)
 .rodata.optletters_optnames
                0x0003754c       0x38 shell/lib.a(ash.o)
 .rodata.bltin.12325
                0x00037584        0x8 shell/lib.a(ash.o)
 .rodata.i386_sys_types
                0x0003758c       0xc4 util-linux/lib.a(fdisk.o)
 .rodata.filesystems.7522
                0x00037650       0x24 util-linux/lib.a(mount.o)
 .rodata.mount_option_str
                0x00037674       0xcc util-linux/lib.a(mount.o)
 .rodata.mount_options
                0x00037740       0x78 util-linux/lib.a(mount.o)
 .rodata.CSWTCH.88
                0x000377b8       0x4c atpconfig/lib.a(ping.o)
 .rodata.C.87.7719
                0x00037804       0x14 atpconfig/lib.a(traceroute6.o)
 .rodata.C.86.7718
                0x00037818       0x14 atpconfig/lib.a(traceroute6.o)
 .rodata.HTTPDigest_FieldNames
                0x0003782c       0x30 atpconfig/lib.a(wget.o)
 .rodata.argv_dash.6712
                0x0003785c        0x8 coreutils/lib.a(cat.o)
 .rodata.isoformats.6736
                0x00037864       0x10 coreutils/lib.a(date.o)
 .rodata.opt_flags
                0x00037874       0x48 coreutils/lib.a(ls.o)
 .rodata.dotdir.7251
                0x000378bc        0x4 coreutils/lib.a(ls.o)
 .rodata.modes_cubp
                0x000378c0        0xc coreutils/lib.a(mknod.o)
 .rodata.ops    0x000378cc       0xf0 coreutils/lib.a(test.o)
 .rodata.signals.6719
                0x000379bc        0xc init/lib.a(halt.o)
 .rodata.magic.6718
                0x000379c8        0xc init/lib.a(halt.o)
 .rodata.actions.7054
                0x000379d4       0x48 init/lib.a(init.o)
 .rodata.environment
                0x00037a1c       0x14 init/lib.a(init.o)
 .rodata.type_chars
                0x00037a30       0x10 libbb/lib.a(mode_string.o)
 .rodata.mode_chars
                0x00037a40        0x8 libbb/lib.a(mode_string.o)
 .rodata.who_mask.6713
                0x00037a48       0x10 libbb/lib.a(parse_mode.o)
 .rodata.perm_mask.6714
                0x00037a58       0x18 libbb/lib.a(parse_mode.o)
 .rodata.signals
                0x00037a70       0xe0 libbb/lib.a(u_signal_names.o)
 .rodata.applet_nameofs
                0x00037b50       0x62 libbb/lib.a(appletlib.o)
                0x00037b50                applet_nameofs
 .rodata.ife_print_flags_mask.7446
                0x00037bb2       0x1a networking/lib.a(interface.o)
 .rodata.permmask.14964
                0x00037bcc       0x12 shell/lib.a(ash.o)
 .rodata.usr_sbin.7111
                0x00037bde        0xa libbb/lib.a(appletlib.o)
 .rodata.usr_bin.7110
                0x00037be8        0x9 libbb/lib.a(appletlib.o)
 .rodata.applet_install_loc
                0x00037bf1       0x19 libbb/lib.a(appletlib.o)
                0x00037bf1                applet_install_loc
 .rodata.applet_names
                0x00037c0a      0x118 libbb/lib.a(appletlib.o)
                0x00037c0a                applet_names
 .rodata.str1.1
                0x00037d22      0x261 libbb/lib.a(appletlib.o)
                                0x275 (size before relaxing)
 .rodata.packed_usage
                0x00037f83     0x12e6 libbb/lib.a(appletlib.o)
 .rodata.str1.1
                0x00039269        0x7 libbb/lib.a(concat_path_file.o)
                                  0xa (size before relaxing)
 .rodata.bb_msg_memory_exhausted
                0x00039270       0x11 libbb/lib.a(messages.o)
                0x00039270                bb_msg_memory_exhausted
 .rodata.bb_banner
                0x00039281       0x13 libbb/lib.a(messages.o)
                0x00039281                bb_banner
 .rodata.bb_msg_perm_denied_are_you_root
                0x00039294       0x23 libbb/lib.a(messages.o)
                0x00039294                bb_msg_perm_denied_are_you_root
 .rodata.bb_msg_can_not_create_raw_socket
                0x000392b7       0x18 libbb/lib.a(messages.o)
                0x000392b7                bb_msg_can_not_create_raw_socket
 .rodata.bb_msg_read_error
                0x000392cf        0xb libbb/lib.a(messages.o)
                0x000392cf                bb_msg_read_error
 .rodata.bb_dev_null
                0x000392da        0xa libbb/lib.a(messages.o)
                0x000392da                bb_dev_null
 .rodata.bb_busybox_exec_path
                0x000392e4        0xf libbb/lib.a(messages.o)
                0x000392e4                bb_busybox_exec_path
 .rodata.bb_msg_write_error
                0x000392f3        0xc libbb/lib.a(messages.o)
                0x000392f3                bb_msg_write_error
 .rodata.bb_msg_requires_arg
                0x000392ff       0x18 libbb/lib.a(messages.o)
                0x000392ff                bb_msg_requires_arg
 .rodata.bb_msg_standard_output
                0x00039317       0x10 libbb/lib.a(messages.o)