Archive member included because of file (symbol)

/home/z00250609/hybrid/5115_GPL/Hybrid_security_baseline/output/host/usr/arm-unknown-linux-uclibcgnueabi/sysroot/lib/libcmscore.a(cmsmsgproc.o)
                              (--whole-archive)
/home/z00250609/hybrid/5115_GPL/Hybrid_security_baseline/output/host/usr/arm-unknown-linux-uclibcgnueabi/sysroot/lib/libcmscore.a(cmsutil.o)
                              (--whole-archive)
/home/z00250609/hybrid/5115_GPL/Hybrid_security_baseline/output/host/usr/arm-unknown-linux-uclibcgnueabi/sysroot/lib/libcmscore.a(cmsinitapi.o)
                              (--whole-archive)
/home/z00250609/hybrid/5115_GPL/Hybrid_security_baseline/output/host/usr/arm-unknown-linux-uclibcgnueabi/sysroot/lib/libcmscore.a(cmssigqueue.o)
                              (--whole-archive)
/home/z00250609/hybrid/5115_GPL/Hybrid_security_baseline/output/host/usr/arm-unknown-linux-uclibcgnueabi/sysroot/lib/libledservicecms.a(ledserviceini.o)
                              (--whole-archive)
/home/z00250609/hybrid/5115_GPL/Hybrid_security_baseline/output/host/usr/arm-unknown-linux-uclibcgnueabi/sysroot/lib/libtr143cms.a(tr143cmsmsgproc.o)
                              (--whole-archive)
/home/z00250609/hybrid/5115_GPL/Hybrid_security_baseline/output/host/usr/arm-unknown-linux-uclibcgnueabi/sysroot/lib/libclicms.a(clicmsmsgproc.o)
                              (--whole-archive)
/home/z00250609/hybrid/5115_GPL/Hybrid_security_baseline/output/host/usr/arm-unknown-linux-uclibcgnueabi/sysroot/lib/libcwmpcms.a(cwmpcmsmsgproc.o)
                              (--whole-archive)
/home/z00250609/hybrid/5115_GPL/Hybrid_security_baseline/output/host/usr/arm-unknown-linux-uclibcgnueabi/sysroot/lib/libcwmpcms.a(cwmpcms.o)
                              (--whole-archive)
/home/z00250609/hybrid/5115_GPL/Hybrid_security_baseline/output/host/usr/arm-unknown-linux-uclibcgnueabi/sysroot/lib/libippingcms.a(ippingcmsmsgproc.o)
                              (--whole-archive)
/home/z00250609/hybrid/5115_GPL/Hybrid_security_baseline/output/host/usr/arm-unknown-linux-uclibcgnueabi/sysroot/lib/liblogcms.a(logcms.o)
                              (--whole-archive)
/home/z00250609/hybrid/5115_GPL/Hybrid_security_baseline/output/host/usr/arm-unknown-linux-uclibcgnueabi/sysroot/lib/liblogcms.a(logcmsinit.o)
                              (--whole-archive)
/home/z00250609/hybrid/5115_GPL/Hybrid_security_baseline/output/host/usr/arm-unknown-linux-uclibcgnueabi/sysroot/lib/liblogcms.a(logcmsmsgproc.o)
                              (--whole-archive)
/home/z00250609/hybrid/5115_GPL/Hybrid_security_baseline/output/host/usr/arm-unknown-linux-uclibcgnueabi/sysroot/lib/libportmntcms.a(portmntcms.o)
                              (--whole-archive)
/home/z00250609/hybrid/5115_GPL/Hybrid_security_baseline/output/host/usr/arm-unknown-linux-uclibcgnueabi/sysroot/lib/libsyscfgcms.a(syscfginit.o)
                              (--whole-archive)
/home/z00250609/hybrid/5115_GPL/Hybrid_security_baseline/output/host/usr/arm-unknown-linux-uclibcgnueabi/sysroot/lib/libsyscfgcms.a(syscfgcmsmsgproc.o)
                              (--whole-archive)
/home/z00250609/hybrid/5115_GPL/Hybrid_security_baseline/output/host/usr/arm-unknown-linux-uclibcgnueabi/sysroot/lib/libsyscfgcms.a(syscfgcms.o)
                              (--whole-archive)
/home/z00250609/hybrid/5115_GPL/Hybrid_security_baseline/output/host/usr/arm-unknown-linux-uclibcgnueabi/sysroot/lib/libsysinfocms.a(sysinfoinit.o)
                              (--whole-archive)
/home/z00250609/hybrid/5115_GPL/Hybrid_security_baseline/output/host/usr/arm-unknown-linux-uclibcgnueabi/sysroot/lib/libsysinfocms.a(sysinfocmsmsgproc.o)
                              (--whole-archive)
/home/z00250609/hybrid/5115_GPL/Hybrid_security_baseline/output/host/usr/arm-unknown-linux-uclibcgnueabi/sysroot/lib/libsysinfocms.a(sysinfocms.o)
                              (--whole-archive)
/home/z00250609/hybrid/5115_GPL/Hybrid_security_baseline/output/host/usr/arm-unknown-linux-uclibcgnueabi/sysroot/lib/libtr111cms.a(tr111cmsmsgproc.o)
                              (--whole-archive)
/home/z00250609/hybrid/5115_GPL/Hybrid_security_baseline/output/host/usr/arm-unknown-linux-uclibcgnueabi/sysroot/lib/libtr111cms.a(tr111cms.o)
                              (--whole-archive)
/home/z00250609/hybrid/5115_GPL/Hybrid_security_baseline/output/host/usr/arm-unknown-linux-uclibcgnueabi/sysroot/lib/libtraceroutecms.a(traceroutecmsmsgproc.o)
                              (--whole-archive)
/home/z00250609/hybrid/5115_GPL/Hybrid_security_baseline/output/host/usr/arm-unknown-linux-uclibcgnueabi/sysroot/lib/libupnpcms.a(upnpcms.o)
                              (--whole-archive)
/home/z00250609/hybrid/5115_GPL/Hybrid_security_baseline/output/host/usr/arm-unknown-linux-uclibcgnueabi/sysroot/lib/libwebcms.a(webcmsmsgproc.o)
                              (--whole-archive)
[...]
Memory Configuration

Name             Origin             Length             Attributes
*default*        0x00000000         0xffffffff

Linker script and memory map

LOAD /home/z00250609/hybrid/5115_GPL/Hybrid_security_baseline/output/host/usr/arm-unknown-linux-uclibcgnueabi/sysroot/usr/lib/crt1.o
LOAD /home/z00250609/hybrid/5115_GPL/Hybrid_security_baseline/output/host/usr/arm-unknown-linux-uclibcgnueabi/sysroot/usr/lib/crti.o
LOAD /opt/toolchain_hisi/arm-hsan-linux-uclibcgnueabi/bin/../lib/gcc/arm-hsan-linux-uclibcgnueabi/4.4.6/crtbegin.o
LOAD /home/z00250609/hybrid/5115_GPL/Hybrid_security_baseline/output/package/atp/configuration/cmsmain/management.o
LOAD /home/z00250609/hybrid/5115_GPL/Hybrid_security_baseline/output/package/atp/configuration/cmsmain/cmsmonitor.o
LOAD /home/z00250609/hybrid/5115_GPL/Hybrid_security_baseline/output/package/atp/configuration/cmsmain/cmsinit.o
LOAD /home/z00250609/hybrid/5115_GPL/Hybrid_security_baseline/output/host/usr/arm-unknown-linux-uclibcgnueabi/sysroot/lib/libcmscore.a
LOAD /home/z00250609/hybrid/5115_GPL/Hybrid_security_baseline/output/host/usr/arm-unknown-linux-uclibcgnueabi/sysroot/lib/libledservicecms.a
LOAD /home/z00250609/hybrid/5115_GPL/Hybrid_security_baseline/output/host/usr/arm-unknown-linux-uclibcgnueabi/sysroot/lib/libtr143cms.a
LOAD /home/z00250609/hybrid/5115_GPL/Hybrid_security_baseline/output/host/usr/arm-unknown-linux-uclibcgnueabi/sysroot/lib/libclicms.a
LOAD /home/z00250609/hybrid/5115_GPL/Hybrid_security_baseline/output/host/usr/arm-unknown-linux-uclibcgnueabi/sysroot/lib/libcwmpcms.a
LOAD /home/z00250609/hybrid/5115_GPL/Hybrid_security_baseline/output/host/usr/arm-unknown-linux-uclibcgnueabi/sysroot/lib/libippingcms.a
LOAD /home/z00250609/hybrid/5115_GPL/Hybrid_security_baseline/output/host/usr/arm-unknown-linux-uclibcgnueabi/sysroot/lib/liblogcms.a
LOAD /home/z00250609/hybrid/5115_GPL/Hybrid_security_baseline/output/host/usr/arm-unknown-linux-uclibcgnueabi/sysroot/lib/libportmntcms.a
LOAD /home/z00250609/hybrid/5115_GPL/Hybrid_security_baseline/output/host/usr/arm-unknown-linux-uclibcgnueabi/sysroot/lib/libsyscfgcms.a
LOAD /home/z00250609/hybrid/5115_GPL/Hybrid_security_baseline/output/host/usr/arm-unknown-linux-uclibcgnueabi/sysroot/lib/libsysinfocms.a
LOAD /home/z00250609/hybrid/5115_GPL/Hybrid_security_baseline/output/host/usr/arm-unknown-linux-uclibcgnueabi/sysroot/lib/libtr111cms.a
LOAD /home/z00250609/hybrid/5115_GPL/Hybrid_security_baseline/output/host/usr/arm-unknown-linux-uclibcgnueabi/sysroot/lib/libtraceroutecms.a
LOAD /home/z00250609/hybrid/5115_GPL/Hybrid_security_baseline/output/host/usr/arm-unknown-linux-uclibcgnueabi/sysroot/lib/libupnpcms.a
LOAD /home/z00250609/hybrid/5115_GPL/Hybrid_security_baseline/output/host/usr/arm-unknown-linux-uclibcgnueabi/sysroot/lib/libwebcms.a
LOAD /home/z00250609/hybrid/5115_GPL/Hybrid_security_baseline/output/host/usr/arm-unknown-linux-uclibcgnueabi/sysroot/lib/libalgcms.a
LOAD /home/z00250609/hybrid/5115_GPL/Hybrid_security_baseline/output/host/usr/arm-unknown-linux-uclibcgnueabi/sysroot/lib/libbridgecms.a
LOAD /home/z00250609/hybrid/5115_GPL/Hybrid_security_baseline/output/host/usr/arm-unknown-linux-uclibcgnueabi/sysroot/lib/libipv6commoncms.a
LOAD /home/z00250609/hybrid/5115_GPL/Hybrid_security_baseline/output/host/usr/arm-unknown-linux-uclibcgnueabi/sysroot/lib/libddnscms.a
LOAD /home/z00250609/hybrid/5115_GPL/Hybrid_security_baseline/output/host/usr/arm-unknown-linux-uclibcgnueabi/sysroot/lib/libdhcp6ccms.a
LOAD /home/z00250609/hybrid/5115_GPL/Hybrid_security_baseline/output/host/usr/arm-unknown-linux-uclibcgnueabi/sysroot/lib/libdhcp6scms.a
LOAD /home/z00250609/hybrid/5115_GPL/Hybrid_security_baseline/output/host/usr/arm-unknown-linux-uclibcgnueabi/sysroot/lib/libdhcpccms.a
LOAD /home/z00250609/hybrid/5115_GPL/Hybrid_security_baseline/output/host/usr/arm-unknown-linux-uclibcgnueabi/sysroot/lib/libdhcpscms.a
LOAD /home/z00250609/hybrid/5115_GPL/Hybrid_security_baseline/output/host/usr/arm-unknown-linux-uclibcgnueabi/sysroot/lib/libdnscms.a
LOAD /home/z00250609/hybrid/5115_GPL/Hybrid_security_baseline/output/host/usr/arm-unknown-linux-uclibcgnueabi/sysroot/lib/liblanethcms.a
LOAD /home/z00250609/hybrid/5115_GPL/Hybrid_security_baseline/output/host/usr/arm-unknown-linux-uclibcgnueabi/sysroot/lib/libwanethcms.a
LOAD /home/z00250609/hybrid/5115_GPL/Hybrid_security_baseline/output/host/usr/arm-unknown-linux-uclibcgnueabi/sysroot/lib/libfirewallcms.a
LOAD /home/z00250609/hybrid/5115_GPL/Hybrid_security_baseline/output/host/usr/arm-unknown-linux-uclibcgnueabi/sysroot/lib/libipcheckcms.a
LOAD /home/z00250609/hybrid/5115_GPL/Hybrid_security_baseline/output/host/usr/arm-unknown-linux-uclibcgnueabi/sysroot/lib/libiptunnelcms.a
LOAD /home/z00250609/hybrid/5115_GPL/Hybrid_security_baseline/output/host/usr/arm-unknown-linux-uclibcgnueabi/sysroot/lib/liblannamecms.a
LOAD /home/z00250609/hybrid/5115_GPL/Hybrid_security_baseline/output/host/usr/arm-unknown-linux-uclibcgnueabi/sysroot/lib/libmldcms.a
LOAD /home/z00250609/hybrid/5115_GPL/Hybrid_security_baseline/output/host/usr/arm-unknown-linux-uclibcgnueabi/sysroot/lib/libnatcms.a
LOAD /home/z00250609/hybrid/5115_GPL/Hybrid_security_baseline/output/host/usr/arm-unknown-linux-uclibcgnueabi/sysroot/lib/libndiscms.a
LOAD /home/z00250609/hybrid/5115_GPL/Hybrid_security_baseline/output/host/usr/arm-unknown-linux-uclibcgnueabi/sysroot/lib/libpppccms.a
LOAD /home/z00250609/hybrid/5115_GPL/Hybrid_security_baseline/output/host/usr/arm-unknown-linux-uclibcgnueabi/sysroot/lib/libradvdcms.a
LOAD /home/z00250609/hybrid/5115_GPL/Hybrid_security_baseline/output/host/usr/arm-unknown-linux-uclibcgnueabi/sysroot/lib/libroute6cms.a
LOAD /home/z00250609/hybrid/5115_GPL/Hybrid_security_baseline/output/host/usr/arm-unknown-linux-uclibcgnueabi/sysroot/lib/libroutecms.a
LOAD /home/z00250609/hybrid/5115_GPL/Hybrid_security_baseline/output/host/usr/arm-unknown-linux-uclibcgnueabi/sysroot/lib/libsntpcms.a
LOAD /home/z00250609/hybrid/5115_GPL/Hybrid_security_baseline/output/host/usr/arm-unknown-linux-uclibcgnueabi/sysroot/lib/libwancms.a
LOAD /home/z00250609/hybrid/5115_GPL/Hybrid_security_baseline/output/host/usr/arm-unknown-linux-uclibcgnueabi/sysroot/lib/libwancorecms.a
LOAD /home/z00250609/hybrid/5115_GPL/Hybrid_security_baseline/output/host/usr/arm-unknown-linux-uclibcgnueabi/sysroot/lib/libwanumtscms.a
LOAD /home/z00250609/hybrid/5115_GPL/Hybrid_security_baseline/output/host/usr/arm-unknown-linux-uclibcgnueabi/sysroot/lib/libwanvlancms.a
LOAD /home/z00250609/hybrid/5115_GPL/Hybrid_security_baseline/output/host/usr/arm-unknown-linux-uclibcgnueabi/sysroot/lib/libhttpapi.so
LOAD /home/z00250609/hybrid/5115_GPL/Hybrid_security_baseline/output/host/usr/arm-unknown-linux-uclibcgnueabi/sysroot/lib/libcfmapi.so
LOAD /home/z00250609/hybrid/5115_GPL/Hybrid_security_baseline/output/host/usr/arm-unknown-linux-uclibcgnueabi/sysroot/lib/libmsgapi.so
LOAD /home/z00250609/hybrid/5115_GPL/Hybrid_security_baseline/output/host/usr/arm-unknown-linux-uclibcgnueabi/sysroot/lib/libxmlapi.so
LOAD /home/z00250609/hybrid/5115_GPL/Hybrid_security_baseline/output/host/usr/arm-unknown-linux-uclibcgnueabi/sysroot/lib/libbhalapi.so
LOAD /home/z00250609/hybrid/5115_GPL/Hybrid_security_baseline/output/host/usr/arm-unknown-linux-uclibcgnueabi/sysroot/lib/liblgplutil.so
LOAD /home/z00250609/hybrid/5115_GPL/Hybrid_security_baseline/output/host/usr/arm-unknown-linux-uclibcgnueabi/sysroot/usr/lib/libpthread.so
START GROUP
LOAD /opt/toolchain_hisi/arm-hsan-linux-uclibcgnueabi/bin/../lib/gcc/arm-hsan-linux-uclibcgnueabi/4.4.6/../../../../arm-hsan-linux-uclibcgnueabi/lib/libpthread.so.0
LOAD /home/z00250609/hybrid/5115_GPL/Hybrid_security_baseline/output/host/usr/arm-unknown-linux-uclibcgnueabi/sysroot/usr/lib/libpthread_nonshared.a
END GROUP
LOAD /home/z00250609/hybrid/5115_GPL/Hybrid_security_baseline/output/host/usr/arm-unknown-linux-uclibcgnueabi/sysroot/lib/libcrypto.so
LOAD /home/z00250609/hybrid/5115_GPL/Hybrid_security_baseline/output/host/usr/arm-unknown-linux-uclibcgnueabi/sysroot/lib/libz.so
LOAD /home/z00250609/hybrid/5115_GPL/Hybrid_security_baseline/output/host/usr/arm-unknown-linux-uclibcgnueabi/sysroot/lib/libatshared.so
LOAD /opt/toolchain_hisi/arm-hsan-linux-uclibcgnueabi/bin/../lib/gcc/arm-hsan-linux-uclibcgnueabi/4.4.6/libgcc.a
LOAD /opt/toolchain_hisi/arm-hsan-linux-uclibcgnueabi/bin/../lib/gcc/arm-hsan-linux-uclibcgnueabi/4.4.6/../../../../arm-hsan-linux-uclibcgnueabi/lib/libgcc_s.so
START GROUP
LOAD /opt/toolchain_hisi/arm-hsan-linux-uclibcgnueabi/bin/../lib/gcc/arm-hsan-linux-uclibcgnueabi/4.4.6/../../../../arm-hsan-linux-uclibcgnueabi/lib/libgcc_s.so.1
LOAD /opt/toolchain_hisi/arm-hsan-linux-uclibcgnueabi/bin/../lib/gcc/arm-hsan-linux-uclibcgnueabi/4.4.6/libgcc.a
END GROUP
LOAD /home/z00250609/hybrid/5115_GPL/Hybrid_security_baseline/output/host/usr/arm-unknown-linux-uclibcgnueabi/sysroot/usr/lib/libc.so
START GROUP
LOAD /opt/toolchain_hisi/arm-hsan-linux-uclibcgnueabi/bin/../lib/gcc/arm-hsan-linux-uclibcgnueabi/4.4.6/../../../../arm-hsan-linux-uclibcgnueabi/lib/libc.so.0
LOAD /home/z00250609/hybrid/5115_GPL/Hybrid_security_baseline/output/host/usr/arm-unknown-linux-uclibcgnueabi/sysroot/usr/lib/uclibc_nonshared.a
LOAD /opt/toolchain_hisi/arm-hsan-linux-uclibcgnueabi/bin/../lib/gcc/arm-hsan-linux-uclibcgnueabi/4.4.6/../../../../arm-hsan-linux-uclibcgnueabi/lib/ld-uClibc.so.0
END GROUP
LOAD /opt/toolchain_hisi/arm-hsan-linux-uclibcgnueabi/bin/../lib/gcc/arm-hsan-linux-uclibcgnueabi/4.4.6/libgcc.a
LOAD /opt/toolchain_hisi/arm-hsan-linux-uclibcgnueabi/bin/../lib/gcc/arm-hsan-linux-uclibcgnueabi/4.4.6/../../../../arm-hsan-linux-uclibcgnueabi/lib/libgcc_s.so
START GROUP
LOAD /opt/toolchain_hisi/arm-hsan-linux-uclibcgnueabi/bin/../lib/gcc/arm-hsan-linux-uclibcgnueabi/4.4.6/../../../../arm-hsan-linux-uclibcgnueabi/lib/libgcc_s.so.1
LOAD /opt/toolchain_hisi/arm-hsan-linux-uclibcgnueabi/bin/../lib/gcc/arm-hsan-linux-uclibcgnueabi/4.4.6/libgcc.a
END GROUP
LOAD /opt/toolchain_hisi/arm-hsan-linux-uclibcgnueabi/bin/../lib/gcc/arm-hsan-linux-uclibcgnueabi/4.4.6/crtend.o
LOAD /home/z00250609/hybrid/5115_GPL/Hybrid_security_baseline/output/host/usr/arm-unknown-linux-uclibcgnueabi/sysroot/usr/lib/crtn.o
                0x00008000                PROVIDE (__executable_start, 0x8000)
                0x000080f4                . = (0x8000 + SIZEOF_HEADERS)

.interp         0x000080f4       0x14
 *(.interp)
 .interp        0x000080f4       0x14 /home/z00250609/hybrid/5115_GPL/Hybrid_security_baseline/output/host/usr/arm-unknown-linux-uclibcgnueabi/sysroot/lib/libhttpapi.so

.note.gnu.build-id
 *(.note.gnu.build-id)

.hash           0x00008108      0x710
 *(.hash)
 .hash          0x00008108      0x710 /home/z00250609/hybrid/5115_GPL/Hybrid_security_baseline/output/host/usr/arm-unknown-linux-uclibcgnueabi/sysroot/lib/libhttpapi.so

.gnu.hash
 *(.gnu.hash)

.dynsym         0x00008818      0xfd0
 *(.dynsym)
 .dynsym        0x00008818      0xfd0 /home/z00250609/hybrid/5115_GPL/Hybrid_security_baseline/output/host/usr/arm-unknown-linux-uclibcgnueabi/sysroot/lib/libhttpapi.so

.dynstr         0x000097e8      0xfe7
 *(.dynstr)
 .dynstr        0x000097e8      0xfe7 /home/z00250609/hybrid/5115_GPL/Hybrid_security_baseline/output/host/usr/arm-unknown-linux-uclibcgnueabi/sysroot/lib/libhttpapi.so

.gnu.version    0x0000a7d0        0x0
 *(.gnu.version)
 .gnu.version   0x00000000        0x0 /home/z00250609/hybrid/5115_GPL/Hybrid_security_baseline/output/host/usr/arm-unknown-linux-uclibcgnueabi/sysroot/lib/libhttpapi.so

.gnu.version_d  0x0000a7d0        0x0
 *(.gnu.version_d)
 .gnu.version_d
                0x00000000        0x0 /home/z00250609/hybrid/5115_GPL/Hybrid_security_baseline/output/host/usr/arm-unknown-linux-uclibcgnueabi/sysroot/lib/libhttpapi.so

.gnu.version_r  0x0000a7d0        0x0
 *(.gnu.version_r)
 .gnu.version_r
                0x00000000        0x0 /home/z00250609/hybrid/5115_GPL/Hybrid_security_baseline/output/host/usr/arm-unknown-linux-uclibcgnueabi/sysroot/lib/libhttpapi.so

.rel.dyn        0x0000a7d0       0x18
 *(.rel.init)
 *(.rel.text .rel.text.* .rel.gnu.linkonce.t.*)
 *(.rel.fini)
 *(.rel.rodata .rel.rodata.* .rel.gnu.linkonce.r.*)
 *(.rel.data.rel.ro* .rel.gnu.linkonce.d.rel.ro.*)
 *(.rel.data .rel.data.* .rel.gnu.linkonce.d.*)
 *(.rel.tdata .rel.tdata.* .rel.gnu.linkonce.td.*)
 *(.rel.tbss .rel.tbss.* .rel.gnu.linkonce.tb.*)
 *(.rel.ctors)
 *(.rel.dtors)
 *(.rel.got)
 .rel.got       0x00000000        0x0 /home/z00250609/hybrid/5115_GPL/Hybrid_security_baseline/output/host/usr/arm-unknown-linux-uclibcgnueabi/sysroot/lib/libhttpapi.so
 *(.rel.bss .rel.bss.* .rel.gnu.linkonce.b.*)
 .rel.bss       0x0000a7d0       0x18 /home/z00250609/hybrid/5115_GPL/Hybrid_security_baseline/output/host/usr/arm-unknown-linux-uclibcgnueabi/sysroot/lib/libhttpapi.so
                0x0000a7e8                PROVIDE (__rel_iplt_start, .)
 *(.rel.iplt)
                0x0000a7e8                PROVIDE (__rel_iplt_end, .)
                0x0000a7e8                PROVIDE (__rela_iplt_start, .)
                0x0000a7e8                PROVIDE (__rela_iplt_end, .)

.rela.dyn       0x0000a7e8        0x0
 *(.rela.init)
 *(.rela.text .rela.text.* .rela.gnu.linkonce.t.*)
 *(.rela.fini)
 *(.rela.rodata .rela.rodata.* .rela.gnu.linkonce.r.*)
 *(.rela.data .rela.data.* .rela.gnu.linkonce.d.*)
 *(.rela.tdata .rela.tdata.* .rela.gnu.linkonce.td.*)
 *(.rela.tbss .rela.tbss.* .rela.gnu.linkonce.tb.*)
 *(.rela.ctors)
 *(.rela.dtors)
 *(.rela.got)
 *(.rela.bss .rela.bss.* .rela.gnu.linkonce.b.*)
                0x0000a7e8                PROVIDE (__rel_iplt_start, .)
                0x0000a7e8                PROVIDE (__rel_iplt_end, .)
                0x0000a7e8                PROVIDE (__rela_iplt_start, .)
 *(.rela.iplt)
                0x0000a7e8                PROVIDE (__rela_iplt_end, .)

.rel.plt        0x0000a7e8      0x760
 *(.rel.plt)
 .rel.plt       0x0000a7e8      0x760 /home/z00250609/hybrid/5115_GPL/Hybrid_security_baseline/output/host/usr/arm-unknown-linux-uclibcgnueabi/sysroot/lib/libhttpapi.so

.rela.plt
 *(.rela.plt)

.init           0x0000af48       0x10
 *(.init)
 .init          0x0000af48        0xc /home/z00250609/hybrid/5115_GPL/Hybrid_security_baseline/output/host/usr/arm-unknown-linux-uclibcgnueabi/sysroot/usr/lib/crti.o
                0x0000af48                _init
 .init          0x0000af54        0x4 /home/z00250609/hybrid/5115_GPL/Hybrid_security_baseline/output/host/usr/arm-unknown-linux-uclibcgnueabi/sysroot/usr/lib/crtn.o

.plt            0x0000af58      0xb24
 *(.plt)
 .plt           0x0000af58      0xb24 /home/z00250609/hybrid/5115_GPL/Hybrid_security_baseline/output/host/usr/arm-unknown-linux-uclibcgnueabi/sysroot/lib/libhttpapi.so
                0x0000af6c                ATP_MSG_SimpleBuilder
                0x0000af78                ATP_CFM_ExtDecryptedCfgFile
                0x0000af84                AT_CellInfo
                0x0000af90                ATP_UTIL_StrFileClose
                0x0000af9c                BSP_SYS_GetSWVersion
                0x0000afa8                rewind
                0x0000afb4                bind
                0x0000afc0                ATP_CFM_GetAttrOfCMO
                0x0000afcc                ATP_UTIL_ExecCmd_ByTime
                0x0000afd8                ATP_DBDomainToKeyListIgnorePrefix
                0x0000afe4                ATP_DBSave
                0x0000aff0                AT_ClipConfig
                0x0000affc                strftime
                0x0000b008                AT_ICCID
                0x0000b014                strtok_r
                0x0000b020                ATP_MSG_SendSimpleMsg
                0x0000b02c                ATP_GMSG_Reply
                0x0000b038                __errno_location
                0x0000b044                inet_aton
                0x0000b050                ATP_GMSG_Free
                0x0000b05c                ATP_UTIL_getaddrinfo
                0x0000b068                open
                0x0000b074                fwrite
                0x0000b080                ATP_GMSG_Builder
                0x0000b08c                system
                0x0000b098                ATP_UTIL_Base64Encode
                0x0000b0a4                ATP_MSG_Printf
                0x0000b0b0                usleep
                0x0000b0bc                memcpy
                0x0000b0c8                ATP_UTIL_StrTrim
                0x0000b0d4                uname
                0x0000b0e0                ATP_CFM_GetObjectFromGetMsg
                0x0000b0ec                sleep
                0x0000b0f8                ATP_GMSG_AppendNV
                0x0000b104                ATP_FLASH_ReadArea
                0x0000b110                sysinfo
                0x0000b11c                ATP_CFM_GetObjectFromSetOrAddMsgForAll
                0x0000b128                putchar
                0x0000b134                ATP_GMSG_GetValueByName
                0x0000b140                strcat
                0x0000b14c                ATP_UTIL_ListGetCount
                0x0000b158                remove
                0x0000b164                ATP_MSG_SendMsgData
                0x0000b170                ATP_CFM_FreeObjByName
                0x0000b17c                ATP_MSG_RegisterMsgProc
                0x0000b188                ATP_CFM_ResponseMsgRetCode
                0x0000b194                ATP_LOG_RtoToServer
                0x0000b1a0                getnameinfo
                0x0000b1ac                strcasecmp
                0x0000b1b8                freeaddrinfo
                0x0000b1c4                ATP_UTIL_TimerDel
                0x0000b1d0                strtoul
                0x0000b1dc                ATP_DBGetNumOfObjs
                0x0000b1e8                ATP_UTIL_ParseUrl
                0x0000b1f4                ATP_UTIL_GetSysTime
                0x0000b200                mkdir
                0x0000b20c                ATP_UTIL_SockBaseRegEvtProc
                0x0000b218                malloc
                0x0000b224                ATP_CFM_ResponseInstArrayMsg
                0x0000b230                ATP_DBSetCurrUser
                0x0000b23c                ATP_UTIL_RestartDynApp
                0x0000b248                strrchr
                0x0000b254                ATP_LOG_RecordItem
                0x0000b260                strncmp
                0x0000b26c                __uClibc_main
                0x0000b278                inet_pton
                0x0000b284                ATP_DBSetObj
                0x0000b290                ATP_SET_LED
                0x0000b29c                ATP_UTIL_ListFindItem
                0x0000b2a8                ATP_CFM_GetObjectFromSetOrAddMsgEx
                0x0000b2b4                ATP_CFM_ExtRestoreDft
                0x0000b2c0                ioctl
                0x0000b2cc                strlen
                0x0000b2d8                opendir
                0x0000b2e4                ATP_CFM_CopyObj
                0x0000b2f0                ATP_UTIL_SockBaseReg
                0x0000b2fc                stat
                0x0000b308                ATP_DBGetInstDepthOfOID
                0x0000b314                strtol
                0x0000b320                ATP_CFM_FreeObj
                0x0000b32c                ATP_CFM_CfgMsgAppendPara
                0x0000b338                ATP_FLASH_WriteArea
                0x0000b344                sendmsg
                0x0000b350                snprintf
                0x0000b35c                ATP_SYS_GetInfo
                0x0000b368                ATP_DBGetParaByName
                0x0000b374                ATP_DBGetPara
                0x0000b380                ATP_DBCheckFile
                0x0000b38c                ATP_CFM_CompareObj
                0x0000b398                ATP_UTIL_NotifierInit
                0x0000b3a4                ATP_NET_GetMacAddress
                0x0000b3b0                _exit
                0x0000b3bc                strncasecmp
                0x0000b3c8                ATP_CFM_InitResponseMsg
                0x0000b3d4                ATP_CFM_ChangeInstIdByNow
                0x0000b3e0                ATP_UTIL_ExecCmdNoHang
                0x0000b3ec                access
                0x0000b3f8                fdopen
                0x0000b404                ATP_DBGetObj
                0x0000b410                ATP_UTIL_GetVerFromFile
                0x0000b41c                getpid
                0x0000b428                ATP_UTIL_TimerAdd
                0x0000b434                ATP_UTIL_UpdateDynAppListenFd
                0x0000b440                ATP_UTIL_WriteBufToFile
                0x0000b44c                ATP_CFM_ResponseSetMsg
                0x0000b458                fclose
                0x0000b464                fread
                0x0000b470                AT_ChoseOperators
                0x0000b47c                strncat
                0x0000b488                fopen
                0x0000b494                ATP_MSG_Destroy
                0x0000b4a0                ATP_CFM_ErrorCode
                0x0000b4ac                ATP_DBGetObjectBySeqNum
                0x0000b4b8                ATP_MSG_SafeExitProcesses
                0x0000b4c4                ATP_DBGetObjByName
                0x0000b4d0                time
                0x0000b4dc                strtok
                0x0000b4e8                ATP_UTIL_GetAllLogLevel
                0x0000b4f4                ATP_DBGetDftObject
                0x0000b500                write
                0x0000b50c                ATP_UTIL_StrIdxArrayGetIdxByStr
                0x0000b518                ATP_CFM_CfgMsgAppendDiffPara
                0x0000b524                ATP_CFM_AppendErrorCode
                0x0000b530                closedir
                0x0000b53c                ATP_UTIL_GetInterfaceNameByMacAddr
                0x0000b548                ATP_DBPreGetObjInstID
                0x0000b554                ATP_UTIL_ParseUrlEx
                0x0000b560                ATP_UTIL_GetIfcStatInfo
                0x0000b56c                localtime
                0x0000b578                close
                0x0000b584                ATP_DBSetParaByName
                0x0000b590                ATP_DBKeyListToDomain
                0x0000b59c                ATP_FLASH_GetAreaSize
                0x0000b5a8                ATP_UTIL_UpdateDynAppStatus
                0x0000b5b4                ATP_UTIL_ForkProcessEx
                0x0000b5c0                ATP_CFM_SetHideBitsOfCMO
                0x0000b5cc                random
                0x0000b5d8                ATP_LOG_GetFilter
                0x0000b5e4                ATP_CFM_CfgMsgHeadBuilder
                0x0000b5f0                ATP_UTIL_GetMatchType
                0x0000b5fc                ATP_DEL_LED
                0x0000b608                fgets
                0x0000b614                sigaction
                0x0000b620                ATP_GMSG_GetHeadInfo
                0x0000b62c                ATP_MSG_GetMsgHead
                0x0000b638                sscanf
                0x0000b644                AT_MMGMM
                0x0000b650                ATP_GetWan2InterfaceName
                0x0000b65c                strncpy
                0x0000b668                ATP_CFM_MsgFree
                0x0000b674                ATP_MSG_SendAndRecv
                0x0000b680                fputs
                0x0000b68c                ATP_CFM_GetObjectFromDelMsg
                0x0000b698                ATP_CFM_ExtReboot
                0x0000b6a4                BSP_SYS_SoftRebootEx
                0x0000b6b0                ATP_CFM_SetObjStrValue
                0x0000b6bc                ATP_UTIL_ForkProcess
                0x0000b6c8                unlink
                0x0000b6d4                ATP_DBDomainToKeyList
                0x0000b6e0                AT_SysConfig
                0x0000b6ec                ATP_DBAddObj
                0x0000b6f8                memset
                0x0000b704                ATP_UTIL_Write_To_File
                0x0000b710                ATP_UTIL_ListDeleteAll
                0x0000b71c                inet_ntoa
                0x0000b728                if_nametoindex
                0x0000b734                ATP_CFM_FreeObjList
                0x0000b740                perror
                0x0000b74c                flock
                0x0000b758                ATP_UTIL_ListDeleteItem
                0x0000b764                ATP_UTIL_WaitForPid
                0x0000b770                fprintf
                0x0000b77c                ATP_UTIL_NotifierRegister
                0x0000b788                ATP_UTIL_GetIpv6LinkAddress
                0x0000b794                ATP_DBSetDftObject
                0x0000b7a0                ATP_UTIL_SockBaseStart
                0x0000b7ac                recvmsg
                0x0000b7b8                ATP_DBInit
                0x0000b7c4                ATP_NET_ReleaseMacAddress
                0x0000b7d0                inet_addr
                0x0000b7dc                ATP_UTIL_ListAppend
                0x0000b7e8                ATP_UTIL_StrFileOpenEx
                0x0000b7f4                abort
                0x0000b800                ATP_UTIL_StrIdxArrayGetStrByIdx
                0x0000b80c                memcmp
                0x0000b818                sigemptyset
                0x0000b824                sprintf
                0x0000b830                ATP_UTIL_NotifierUnRegister
                0x0000b83c                ATP_LOG_SetFilter
                0x0000b848                ATP_UTIL_DecryptWebData
                0x0000b854                socket
                0x0000b860                ATP_DBGetCurrUser
                0x0000b86c                ATP_CFM_ResponseGetMsg
                0x0000b878                ATP_UTIL_FilePrintf
                0x0000b884                rand
                0x0000b890                ATP_DBDelObj
                0x0000b89c                exit
                0x0000b8a8                ATP_LOG_Enable
                0x0000b8b4                ATP_CFM_ExtImportEncryptedCfgFile
                0x0000b8c0                raise
                0x0000b8cc                strstr
                0x0000b8d8                strcmp
                0x0000b8e4                __libc_current_sigrtmin
                0x0000b8f0                waitpid
                0x0000b8fc                ATP_LOG_KLogPrintf
                0x0000b908                ATP_UTIL_EncryptWEBdata
                0x0000b914                ATP_DBSetPara
                0x0000b920                ATP_LOG_Query
                0x0000b92c                ATP_UTIL_ValidatePort
                0x0000b938                free
                0x0000b944                atoi
                0x0000b950                readdir
                0x0000b95c                ATP_CFM_GetObjectFromOtherMsg
                0x0000b968                strchr
                0x0000b974                ATP_MSG_RecvWithType
                0x0000b980                ATP_UTIL_NotifierDoNotify
                0x0000b98c                strerror
                0x0000b998                srand
                0x0000b9a4                printf
                0x0000b9b0                strdup
                0x0000b9bc                puts
                0x0000b9c8                ATP_UTIL_CstrMatch
                0x0000b9d4                fscanf
                0x0000b9e0                ATP_MSG_Init
                0x0000b9ec                ATP_UTIL_TimerChgPeriod
                0x0000b9f8                inet_ntop
                0x0000ba04                ATP_UTIL_GetPid
                0x0000ba10                strcpy
                0x0000ba1c                ATP_UTIL_Base64Decode
                0x0000ba28                kill
                0x0000ba34                AT_AntennaConfig
                0x0000ba40                getpgid
                0x0000ba4c                ATP_UTIL_ForkProcessFull
                0x0000ba58                ATP_CFM_ExtExportEncryptedCfgFile
                0x0000ba64                ATP_UTIL_ReadFileToBuf
                0x0000ba70                ATP_MSG_Send

.iplt
 *(.iplt)

.text           0x0000ba7c    0x5e8f0
 *(.text.unlikely .text.*_unlikely)
 *(.text.exit .text.exit.*)
 *(.text.startup .text.startup.*)
 *(.text.hot .text.hot.*)
 *(.text .stub .text.* .gnu.linkonce.t.*)
 .text          0x0000ba7c       0x3c /home/z00250609/hybrid/5115_GPL/Hybrid_security_baseline/output/host/usr/arm-unknown-linux-uclibcgnueabi/sysroot/usr/lib/crt1.o
                0x0000ba7c                _start
 .text          0x0000bab8       0x3c /home/z00250609/hybrid/5115_GPL/Hybrid_security_baseline/output/host/usr/arm-unknown-linux-uclibcgnueabi/sysroot/usr/lib/crti.o
                0x0000bab8                _call_via_r0
                0x0000babc                _call_via_r1
                0x0000bac0                _call_via_r2
                0x0000bac4                _call_via_r3
                0x0000bac8                _call_via_r4
                0x0000bacc                _call_via_r5
                0x0000bad0                _call_via_r6
                0x0000bad4                _call_via_r7
                0x0000bad8                _call_via_r8
                0x0000badc                _call_via_r9
                0x0000bae0                _call_via_sl
                0x0000bae4                _call_via_fp
                0x0000bae8                _call_via_ip
                0x0000baec                _call_via_sp
                0x0000baf0                _call_via_lr
 .text          0x0000baf4       0x50 /opt/toolchain_hisi/arm-hsan-linux-uclibcgnueabi/bin/../lib/gcc/arm-hsan-linux-uclibcgnueabi/4.4.6/crtbegin.o
 .text          0x0000bb44      0x148 /home/z00250609/hybrid/5115_GPL/Hybrid_security_baseline/output/package/atp/configuration/cmsmain/management.o
                0x0000bb44                main
 .text          0x0000bc8c      0x310 /home/z00250609/hybrid/5115_GPL/Hybrid_security_baseline/output/package/atp/configuration/cmsmain/cmsmonitor.o
                0x0000bc8c                ATP_CMS_MonitorCreate
 .text          0x0000bf9c       0x70 /home/z00250609/hybrid/5115_GPL/Hybrid_security_baseline/output/package/atp/configuration/cmsmain/cmsinit.o
                0x0000bf9c                ATP_CMS_Init
 .text          0x0000c00c     0x14a4 /home/z00250609/hybrid/5115_GPL/Hybrid_security_baseline/output/host/usr/arm-unknown-linux-uclibcgnueabi/sysroot/lib/libcmscore.a(cmsmsgproc.o)
                0x0000c00c                ATP_CMS_DoMsgProc
                0x0000c05c                ATP_CMS_DoGMsgProc
                0x0000c0c4                ATP_CMS_UnRegGMsgProc
                0x0000c0e4                ATP_CMS_UnRegMsgProc
                0x0000c104                ATP_CMS_RegMsgProc
                0x0000c268                ATP_CMS_RegGMsgProc
                0x0000c338                ATP_CMS_DelMsgProc
                0x0000c580                ATP_CMS_CwmpSessionEndMsgProc
                0x0000c5a4                ATP_CMS_GetInstMsgProc
                0x0000c6f8                ATP_CMS_GetMsgProc
                0x0000c830                ATP_CMS_GetObj
                0x0000c99c                ATP_CMS_AddSetMsgProc
                0x0000d340                ATP_CMS_RegSetMsgHook
                0x0000d358                ATP_CMS_RegSetMsgHookEx
                0x0000d370                ATP_CMS_RegCwmpEndSessionHook
                0x0000d388                CmsInitDbForSafe
                0x0000d480                ATP_CMS_RegMObj
                0x0000d490                ATP_CMS_RegSObj
                0x0000d4a0                ATP_CMS_RegGetObj
 .text          0x0000d4b0     0x1758 /home/z00250609/hybrid/5115_GPL/Hybrid_security_baseline/output/host/usr/arm-unknown-linux-uclibcgnueabi/sysroot/lib/libcmscore.a(cmsutil.o)
                0x0000d4b0                ATP_UTIL_CheckNum
                0x0000d50c                ATP_UTIL_ValidateNumberRange
                0x0000d52c                ATP_UTIL_ValidateBroadcastIp
                0x0000d678                ATP_UTIL_CompareIpv6Address
                0x0000d6d8                ATP_STATUS_ChangeNotify
                0x0000d728                ATP_UTIL_ValidateNumberAlpha
                0x0000d780                ATP_UTIL_ValidateDomainNameEx
                0x0000d850                ATP_UTIL_ValidateLength
                0x0000d888                ATP_UTIL_ValidateNumber
                0x0000d8f0                ATP_UTIL_ValidateThreeNumberEx
                0x0000daf8                ATP_UTIL_ValidateMCastIpAddress
                0x0000db00                ATP_UTIL_ValidateHostIpAddress
                0x0000db08                ATP_UTIL_ValidateRange
                0x0000db50                ATP_UTIL_ValidateIpv6Address
                0x0000dba0                ATP_UTIL_ValidateIpv6AddressEx
                0x0000dc6c                ATP_UTIL_Ipv6AddressFilter
                0x0000dd70                ATP_UTIL_IsGlobalIpv6Address
                0x0000de00                ATP_UTIL_IsIpFormat
                0x0000de98                ATP_UTIL_ValidateDnsOrHostAddress
                0x0000dec8                ATP_UTIL_IsIpv4Format
                0x0000def0                ATP_UTIL_ValidateIpAddressOrDomainNameEx
                0x0000dfbc                ATP_UTIL_ValidateIpAddressOrDomainName
                0x0000e09c                ATP_UTIL_IsIpv4FormatRepair
                0x0000e148                ATP_STATUS_DestroyAllNotify
                0x0000e168                ATP_STATUS_RegNotifyProc
                0x0000e1bc                ATP_UTIL_IsModuleInserted
                0x0000e260                ATP_UTIL_InsertModule
                0x0000e2d8                ATP_UTIL_GetInterfaceNameById
                0x0000e3a0                ATP_UTIL_IpAddrSplit
                0x0000e488                ATP_UTIL_QosValidateSubnetMask
                0x0000e5dc                ATP_UTIL_ValidateSubnetMask
                0x0000e748                ATP_UTIL_ValidateTime
                0x0000e84c                ATP_UTIL_ValidateDomainName
                0x0000e9b8                ATP_UTIL_ValidateMacAddress
                0x0000ead4                ATP_UTIL_ValidateIpAddress
 .text          0x0000ec08      0x198 /home/z00250609/hybrid/5115_GPL/Hybrid_security_baseline/output/host/usr/arm-unknown-linux-uclibcgnueabi/sysroot/lib/libcmscore.a(cmsinitapi.o)
                0x0000ec08                ATP_CMS_DoAfterModuleInit
                0x0000ec8c                ATP_CMS_AddAfterCmsInitCallback
                0x0000ecf0                ATP_CMS_UpdateDynAppListenFd
 .text          0x0000eda0       0xb0 /home/z00250609/hybrid/5115_GPL/Hybrid_security_baseline/output/host/usr/arm-unknown-linux-uclibcgnueabi/sysroot/lib/libcmscore.a(cmssigqueue.o)
                0x0000eda0                ATP_CMS_SigRtSigInit
 .text          0x0000ee50      0x368 /home/z00250609/hybrid/5115_GPL/Hybrid_security_baseline/output/host/usr/arm-unknown-linux-uclibcgnueabi/sysroot/lib/libledservicecms.a(ledserviceini.o)
                0x0000f194                ATP_BUTTON_Restore
 .text          0x0000f1b8     0x2134 /home/z00250609/hybrid/5115_GPL/Hybrid_security_baseline/output/host/usr/arm-unknown-linux-uclibcgnueabi/sysroot/lib/libtr143cms.a(tr143cmsmsgproc.o)
                0x0000f234                ATP_TR143_SaveUdpEchoDiagRecord
                0x0000f458                ATP_TR143_UploadDiagGet
                0x0000f510                ATP_TR143_DownloadDiagGet
                0x0000f614                ATP_TR143_UploadDiagSet
                0x0000f7b4                ATP_TR143_DownloadDiagSet
                0x0000ff24                ATP_TR143_UploadDiagCheck
                0x00010114                ATP_TR143_DownloadDiagCheck
                0x00010464                ATP_TR143_UdpEchoCheck
                0x00010870                ATP_TR143_Init
                0x000108a4                ATP_TR143_UdpEchoSet
 .text          0x000112ec      0x140 /home/z00250609/hybrid/5115_GPL/Hybrid_security_baseline/output/host/usr/arm-unknown-linux-uclibcgnueabi/sysroot/lib/libclicms.a(clicmsmsgproc.o)
                0x000113e4                ATP_CLI_UserInfoAddSetMsgProc
 .text          0x0001142c     0x1148 /home/z00250609/hybrid/5115_GPL/Hybrid_security_baseline/output/host/usr/arm-unknown-linux-uclibcgnueabi/sysroot/lib/libcwmpcms.a(cwmpcmsmsgproc.o)
                0x00011984                ATP_CWMP_GetConnectStateMsgProc
                0x00012180                ATP_CWMP_GetConnectWANMsgProc
                0x000121e4                ATP_Cwmp_Changed_NotifyRegister
                0x00012234                ValidUserName
 .text          0x00012574       0xd0 /home/z00250609/hybrid/5115_GPL/Hybrid_security_baseline/output/host/usr/arm-unknown-linux-uclibcgnueabi/sysroot/lib/libcwmpcms.a(cwmpcms.o)
                0x00012574                CwmpTakeEffectProc
 .text          0x00012644      0xf78 /home/z00250609/hybrid/5115_GPL/Hybrid_security_baseline/output/host/usr/arm-unknown-linux-uclibcgnueabi/sysroot/lib/libippingcms.a(ippingcmsmsgproc.o)
                0x00012814                ATP_IPPing_GetMsgProc
                0x00012920                ATP_IPPing_SetMsgProc
                0x00013284                ATP_IPPing_ParaCheck
 .text          0x000135bc      0x168 /home/z00250609/hybrid/5115_GPL/Hybrid_security_baseline/output/host/usr/arm-unknown-linux-uclibcgnueabi/sysroot/lib/liblogcms.a(logcms.o)
                0x000135bc                logMergeLogLevel
 .text          0x00013724      0x2fc /home/z00250609/hybrid/5115_GPL/Hybrid_security_baseline/output/host/usr/arm-unknown-linux-uclibcgnueabi/sysroot/lib/liblogcms.a(logcmsinit.o)
                0x0001378c                ATP_LOG_Init
 .text          0x00013a20      0x3a4 /home/z00250609/hybrid/5115_GPL/Hybrid_security_baseline/output/host/usr/arm-unknown-linux-uclibcgnueabi/sysroot/lib/liblogcms.a(logcmsmsgproc.o)
                0x00013a94                ATP_LOG_SetMsgProc
                0x00013c3c                ATP_LOG_ParaCheck
 .text          0x00013dc4      0x280 /home/z00250609/hybrid/5115_GPL/Hybrid_security_baseline/output/host/usr/arm-unknown-linux-uclibcgnueabi/sysroot/lib/libportmntcms.a(portmntcms.o)
                0x00013dc4                PortListItemCompareSubscribeInfoProc
                0x00013df0                CreateItem
                0x00013e3c                DeletePortRange
                0x00013eac                DeletePort
                0x00013eb4                ValidatePort
                0x00013f94                RegistPortRange
                0x00013fe8                RegistPort
                0x00013ff0                PortListItemCompareSubscribeInfoProcSame
 .text          0x00014044        0x8 /home/z00250609/hybrid/5115_GPL/Hybrid_security_baseline/output/host/usr/arm-unknown-linux-uclibcgnueabi/sysroot/lib/libsyscfgcms.a(syscfginit.o)
                0x00014044                ATP_SYSCFG_Init
 .text          0x0001404c        0x4 /home/z00250609/hybrid/5115_GPL/Hybrid_security_baseline/output/host/usr/arm-unknown-linux-uclibcgnueabi/sysroot/lib/libsyscfgcms.a(syscfgcmsmsgproc.o)
 .text          0x00014050        0x0 /home/z00250609/hybrid/5115_GPL/Hybrid_security_baseline/output/host/usr/arm-unknown-linux-uclibcgnueabi/sysroot/lib/libsyscfgcms.a(syscfgcms.o)
 .text          0x00014050      0x2e8 /home/z00250609/hybrid/5115_GPL/Hybrid_security_baseline/output/host/usr/arm-unknown-linux-uclibcgnueabi/sysroot/lib/libsysinfocms.a(sysinfoinit.o)
                0x00014050                SysGetSerialNumber
                0x00014098                ATP_SYS_DeviceInfoInit
 .text          0x00014338      0xb8c /home/z00250609/hybrid/5115_GPL/Hybrid_security_baseline/output/host/usr/arm-unknown-linux-uclibcgnueabi/sysroot/lib/libsysinfocms.a(sysinfocmsmsgproc.o)
                0x000143c0                ATP_SYS_DeviceConfigSet
                0x000144b4                ATP_SYS_DeviceConfigCheck
                0x000145f4                ATP_SYS_DeviceConfigGet
                0x00014660                ATP_SYS_DevInfoModemGet
                0x00014b60                ATP_SYS_DeviceInfoGet
                0x00014d7c                ATP_SYS_DeviceInfoSet
                0x00014de4                ATP_SYS_DeviceInfoCheck
 .text          0x00014ec4      0x154 /home/z00250609/hybrid/5115_GPL/Hybrid_security_baseline/output/host/usr/arm-unknown-linux-uclibcgnueabi/sysroot/lib/libsysinfocms.a(sysinfocms.o)
                0x00014ec4                SysGetUpTime
                0x00014ee4                ATP_IS_ValidateSubCode
                0x00014f40                ATP_SYS_GetDecodeBase64String
                0x00014f9c                ATP_SYS_GetEncodeBase64File
 .text          0x00015018     0x1734 /home/z00250609/hybrid/5115_GPL/Hybrid_security_baseline/output/host/usr/arm-unknown-linux-uclibcgnueabi/sysroot/lib/libtr111cms.a(tr111cmsmsgproc.o)
                0x00015018                ATP_TR111Part1_ParaCheck
                0x000155e4                ATP_TR111Part2_ParaCheck
                0x0001580c                TR111ParseOption125
                0x00015924                ATP_CFM_NotifyWithLimit
                0x00016200                ATP_CWMP_TR111StartMsgProc
                0x000163c0                ATP_TR111_StuncDetectedMsgProc
                0x00016530                ATP_CFM_NotifyChangeTimer
                0x0001658c                ATP_TR111Part2_SetMsgProc
                0x00016714                ATP_TR111Part1_SetMsgProc
 .text          0x0001674c      0x144 /home/z00250609/hybrid/5115_GPL/Hybrid_security_baseline/output/host/usr/arm-unknown-linux-uclibcgnueabi/sysroot/lib/libtr111cms.a(tr111cms.o)
                0x000167f4                NotifyDoRealMsg
 .text          0x00016890     0x1180 /home/z00250609/hybrid/5115_GPL/Hybrid_security_baseline/output/host/usr/arm-unknown-linux-uclibcgnueabi/sysroot/lib/libtraceroutecms.a(traceroutecmsmsgproc.o)
                0x00016890                ATP_TraceRouteHopsInstNumGetMsgProc
                0x00016930                ATP_TraceRouteHops_GetMsgProc
                0x000169b4                ATP_TraceRoute_GetMsgProc
                0x00016ad4                ATP_HopsArray_Allocate
                0x00016c08                ATP_TraceRoute_ParaCheck
                0x00016f78                getIpByIntfname
                0x0001730c                TRoute_Result_Analysis
                0x00017610                ATP_HopsArray_Destroy
                0x0001766c                ATP_TraceRoute_SetMsgProc
 .text          0x00017a10      0x588 /home/z00250609/hybrid/5115_GPL/Hybrid_security_baseline/output/host/usr/arm-unknown-linux-uclibcgnueabi/sysroot/lib/libupnpcms.a(upnpcms.o)
                0x00017dc8                ATP_UPNP_SendRenewMsg
                0x00017e3c                UpnpRestart
                0x00017e88                ATP_UPNP_SetMsgProc
 .text          0x00017f98      0x2cc /home/z00250609/hybrid/5115_GPL/Hybrid_security_baseline/output/host/usr/arm-unknown-linux-uclibcgnueabi/sysroot/lib/libwebcms.a(webcmsmsgproc.o)
                0x000181f4                ATP_WEB_UserInfoAddSetMsgProc
 .text          0x00018264     0x127c /home/z00250609/hybrid/5115_GPL/Hybrid_security_baseline/output/host/usr/arm-unknown-linux-uclibcgnueabi/sysroot/lib/libalgcms.a(algapi.o)
                0x00018264                AlgSipPortFilter
                0x0001833c                AlgRedirectPPPProxySipPkt
                0x000183c4                ATP_ALG_SipSig
                0x0001846c                AlgSipStart
                0x00018638                ATP_ALG_SipStart
                0x00018788                ATP_UTIL_ParseStrInfo
                0x00018850                AlgSipGetConfValue
                0x00018914                AlgSipStop
                0x00018aa8                ATP_ALG_UnInit
                0x00018b9c                AlgSipReset
                0x00018dbc                ATP_ALG_SipClear
                0x00018e44                ATP_ALG_SetCfgInfo
                0x00019094                ATP_ALG_SipStop
                0x00019184                ATP_ALG_Check
                0x00019308                ATP_ALG_Init
 .text          0x000194e0     0x34e8 /home/z00250609/hybrid/5115_GPL/Hybrid_security_baseline/output/host/usr/arm-unknown-linux-uclibcgnueabi/sysroot/lib/libbridgecms.a(bridgecms.o)
                0x000194e0                BridgeGetFilterNum
                0x00019518                BridgeGetBridgeNum
                0x00019550                BridgeGetAvailabeInterfaceNum
                0x00019588                BridgeGetBridgeInstIdByBridgeKey
                0x00019690                ATP_BRIDGE_GetBridgeInstIdByBridgeKey
                0x00019694                BridgeGetBridgeKeyByInstId
                0x00019710                ATP_BRIDGE_GetBridgeKeyByLANInstId
                0x00019714                BridgeGetAIFByInterfacePath
                0x0001989c                BridgeGetAIFByInterfaceName
                0x00019a0c                BridgeGetAIFByFilterInterface
                0x00019bb8                BridgeGetWANAIFByBridgeKey
                0x00019d54                ATP_BRIDGE_GetAvailableWanPathByBridgeKey
                0x00019da0                BridgeFilterCheckDuplicated
                0x00019ef8                BridgeDhcpOptionFilterCheckInterface
                0x0001a054                BridgeFilterGetBridgeKeyByInterfaceKey
                0x0001a17c                ATP_BRIDGE_GetBridgeKeyByWanPath
                0x0001a1a8                ATP_BRIDGE_GetBridgeKeyByInterfacePath
                0x0001a228                ATP_BRIDGE_GetBridgeIntfNameByInterfacePath
                0x0001a284                ATP_BRIDGE_GetBridgeKeyByInterfaceName
                0x0001a304                ATP_BRIDGE_GetBridgeIntfNameByInterfaceName
                0x0001a360                ATP_BRIDGE_EnableIgmpSnooping
                0x0001a3e0                BridgeUnSetup
                0x0001a578                BridgeCreateBr
                0x0001a5f4                ATP_BRIDGE_Down_ByInstId
                0x0001a660                ATP_BRIDGE_GetIPByBridgeKey
                0x0001a82c                BridgeSetup
                0x0001a98c                ATP_BRIDGE_GetIPAddrMaskByInterfacePath
                0x0001aa10                ATP_BRIDGE_SetupIP
                0x0001ab08                BridgeUpdateAIFInterfaceReference
                0x0001ac4c                BridgeAddAIFToDb
                0x0001afa4                BridgeFilterCopyDhcpOptionFilterWithInterfaceName
                0x0001b068                BridgeDelFilterToDb
                0x0001b2a0                BridgeAddFilterToDb
                0x0001b4f8                BridgeDelAIFToDb
                0x0001b630                ATP_BRIDGE_Update_WAN_LAN_Interface_without_Activate
                0x0001b8dc                BridgeFilterCheckDhcpOption
                0x0001bbe8                BridgeAddDelIf
                0x0001bd54                ATP_BRIDGE_Update_WAN_LAN_Interface
                0x0001c03c                BridgeDelFilterByBridgeKey
                0x0001c140                BridgeSetNullFilterByBridgeKey
                0x0001c24c                BridgeFilterDelfromOldBr_ThenAddtoNewBr_ByBridgeKey
                0x0001c3f0                BridgeDhcpOptionFilterDelInterface
                0x0001c4e0                BridgeDelFilterByInterfaceRef
                0x0001c5f4                BridgeDhcpOptionFilterMoveInterface
                0x0001c8c4                ATP_BRIDGE_SetupIP_ByInstId
 .text          0x0001c9c8       0x1c /home/z00250609/hybrid/5115_GPL/Hybrid_security_baseline/output/host/usr/arm-unknown-linux-uclibcgnueabi/sysroot/lib/libbridgecms.a(bridgecmsinit.o)
                0x0001c9c8                ATP_BRIDGE_Init
 .text          0x0001c9e4     0x14d4 /home/z00250609/hybrid/5115_GPL/Hybrid_security_baseline/output/host/usr/arm-unknown-linux-uclibcgnueabi/sysroot/lib/libbridgecms.a(bridgecmsmsgproc.o)
                0x0001c9e4                AddToDhcpOptionList
                0x0001d728                BridgeBindChgDoNotify
                0x0001d750                BridgeInitBridgeDoNotify
                0x0001d778                BridgeAddRoutedWANFilterDoNotify
                0x0001d7a0                BridgeDelRoutedWANFilterDoNotify
                0x0001dab0                UpdateDhcpOptionListAndRegister
                0x0001dc88                ATP_BridgeBindChg_NotifyRegister
                0x0001dcd8                ATP_BridgeInitBridge_NotifyRegister
                0x0001dd28                ATP_BridgeAddBridge_NotifyRegister
                0x0001dd78                ATP_BridgeDelBridge_NotifyRegister
                0x0001ddc8                ATP_BridgeBeforeDelBridge_NotifyRegister
                0x0001de18                ATP_BridgeAddRoutedWANFilter_NotifyRegister
                0x0001de68                ATP_BridgeDelRoutedWANFilter_NotifyRegister
 .text          0x0001deb8     0x1374 /home/z00250609/hybrid/5115_GPL/Hybrid_security_baseline/output/host/usr/arm-unknown-linux-uclibcgnueabi/sysroot/lib/libipv6commoncms.a(ipv6commoncms.o)
                0x0001deb8                ATP_IPV6COMMON_CheckHex
                0x0001df10                ATP_UTIL_UnlockFile
                0x0001df48                ATP_UTIL_LockFile
                0x0001dff0                ATP_IPV6COMMON_CtlGeneratePrefix
                0x0001e440                ATP_IPV6COMMON_TransformStrToFullIPv6Address
                0x0001e570                ATP_IPV6COMMON_CheckIPv6Address
                0x0001e6d8                ATP_IPV6COMMON_CtlSetLocalCfg
                0x0001e9fc                ATP_IPV6COMMON_CtlDeleteLocalCfg
                0x0001ed68                ATP_IPV6COMMON_CtlCheckLocalCfg
                0x0001ee7c                ATP_IPV6COMMON_GetInterfaceIPv6AddressDetail
                0x0001f208                ATP_IPV6COMMON_GetInterfaceIPv6Address
 .text          0x0001f22c      0x658 /home/z00250609/hybrid/5115_GPL/Hybrid_security_baseline/output/host/usr/arm-unknown-linux-uclibcgnueabi/sysroot/lib/libipv6commoncms.a(ipv6commoncmsproc.o)
                0x0001f394                WanIpv6NotifyLan
                0x0001f7f8                WanIpv6NotifyLanForNotify
                0x0001f7fc                ATP_IPV6COMMON_IPv6HostCfgInfoGetMsgProc
 .text          0x0001f884      0xecc /home/z00250609/hybrid/5115_GPL/Hybrid_security_baseline/output/host/usr/arm-unknown-linux-uclibcgnueabi/sysroot/lib/libddnscms.a(ddnscms.o)
                0x0001f884                DDNSFindEntry
                0x0001f8c4                DDNSEffCheck
                0x0001f950                DDNSCheckEntryByWanPath
                0x0001f994                DDNSGetEntryNum
                0x0001f9bc                DDNSStopService
                0x0001fa84                DDNSStartService
                0x0001fc74                DDNSValidNode
                0x0001fd88                DDNSVaildProtocol
                0x0001fde4                DDNSVaildHostName
                0x0001fe5c                DDNSVaildUserName
                0x0001fed0                DDNSVaildDomain
                0x0001ffac                DDNSDelEntry
                0x00020018                DDNSDelMsgProc
                0x00020078                DDNSRemoveEntries
                0x000201e8                DDNSRemoveRules
                0x00020204                DDNSAddEntry
                0x00020298                DDNSSetEntry
                0x000202f0                DDNSSetMsgProc
                0x0002049c                DDNSGetParaFromDB
                0x00020600                DDNSCheck
 .text          0x00020750       0x30 /home/z00250609/hybrid/5115_GPL/Hybrid_security_baseline/output/host/usr/arm-unknown-linux-uclibcgnueabi/sysroot/lib/libddnscms.a(ddnscmsinit.o)
                0x00020750                ATP_DDNS_UnInit
                0x0002076c                ATP_DDNS_Init
 .text          0x00020780       0x90 /home/z00250609/hybrid/5115_GPL/Hybrid_security_baseline/output/host/usr/arm-unknown-linux-uclibcgnueabi/sysroot/lib/libddnscms.a(ddnscmsmsgproc.o)
                0x000207a0                ATP_DDNS_DelMsgProc
                0x000207b0                ATP_DDNS_AddSetMsgProc
                0x000207e4                ATP_DDNS_Check
 .text          0x00020810       0xc8 /home/z00250609/hybrid/5115_GPL/Hybrid_security_baseline/output/host/usr/arm-unknown-linux-uclibcgnueabi/sysroot/lib/libddnscms.a(ddnscmsapi.o)
                0x00020858                ATP_DDNS_RemoveRules
                0x00020878                ATP_DDNS_StopService
                0x000208a8                ATP_DDNS_StartService
 .text          0x000208d8      0x53c /home/z00250609/hybrid/5115_GPL/Hybrid_security_baseline/output/host/usr/arm-unknown-linux-uclibcgnueabi/sysroot/lib/libdhcp6ccms.a(dhcp6ccms.o)
                0x00020ab4                ATP_DHCP6C_Stop
                0x00020bc0                ATP_DHCP6C_Start
 .text          0x00020e14        0x0 /home/z00250609/hybrid/5115_GPL/Hybrid_security_baseline/output/host/usr/arm-unknown-linux-uclibcgnueabi/sysroot/lib/libdhcp6ccms.a(dhcp6ccmsmsgproc.o)
 .text          0x00020e14     0x1bbc /home/z00250609/hybrid/5115_GPL/Hybrid_security_baseline/output/host/usr/arm-unknown-linux-uclibcgnueabi/sysroot/lib/libdhcp6scms.a(dhcp6scms.o)
                0x00020e70                Dhcp6sCtlCheckTime
                0x00020ef8                Dhcp6sCtlCheckPrefixLength
                0x00020f34                Dhcp6sCtlCheckDomainName
                0x0002104c                Dhcp6sCtlGenerateIPPool
                0x000212a8                Dhcp6sCtlServerStart
                0x0002138c                Dhcp6sCtlServerStop
                0x00021640                Dhcp6sCtlServerRestart
                0x000216c4                Dhcp6sCtlCheckDir
                0x00021734                Dhcp6sCtlAnalyseFile
                0x000217d0                Dhcp6sCtlGenerateConfigOption
                0x00021c24                Dhcp6sCtlProcess
                0x00021ccc                Dhcp6sCtlCheckDNSServer
                0x00021d58                DHCP6sCtlCopyDNSServerToList
                0x00021e64                Dhcp6sCtlCfgDnsServer
                0x00021fd4                Dhcp6sCtlDnsServer
                0x00022044                Dhcp6sCtlCheckPrefix
                0x00022104                Dhcp6sCtlNormalCfgMode
                0x00022440                Dhcp6sCtlCfgInterface
                0x000226b8                Dhcp6sCtlPrefix
                0x000227d4                Dhcp6sCmsInit
 .text          0x000229d0       0x40 /home/z00250609/hybrid/5115_GPL/Hybrid_security_baseline/output/host/usr/arm-unknown-linux-uclibcgnueabi/sysroot/lib/libdhcp6scms.a(dhcp6scmsinit.o)
                0x000229d0                ATP_DHCP6S_Init
 .text          0x00022a10      0x4a0 /home/z00250609/hybrid/5115_GPL/Hybrid_security_baseline/output/host/usr/arm-unknown-linux-uclibcgnueabi/sysroot/lib/libdhcp6scms.a(dhcp6scmsmsgproc.o)
 .text          0x00022eb0      0x284 /home/z00250609/hybrid/5115_GPL/Hybrid_security_baseline/output/host/usr/arm-unknown-linux-uclibcgnueabi/sysroot/lib/libdhcp6scms.a(dhcp6scmsapi.o)
                0x00022eb0                ATP_DHCPV6_SERVER_LanHostCfgUseParameterFromWAN
 .text          0x00023134        0x0 /home/z00250609/hybrid/5115_GPL/Hybrid_security_baseline/output/host/usr/arm-unknown-linux-uclibcgnueabi/sysroot/lib/libdhcpccms.a(dhcpccmsmsgproc.o)
 .text          0x00023134       0x70 /home/z00250609/hybrid/5115_GPL/Hybrid_security_baseline/output/host/usr/arm-unknown-linux-uclibcgnueabi/sysroot/lib/libdhcpccms.a(dhcpccmsinit.o)
                0x00023134                ATP_DHCP_CLIENT_UnInit
                0x0002316c                ATP_DHCP_CLIENT_Init
 .text          0x000231a4      0x48c /home/z00250609/hybrid/5115_GPL/Hybrid_security_baseline/output/host/usr/arm-unknown-linux-uclibcgnueabi/sysroot/lib/libdhcpccms.a(dhcpccms.o)
                0x000231a4                DhcpccmsGetPid
                0x00023230                DhcpccmsBridgeUnInit
                0x000232c4                DhcpccmsBridgeInit
                0x00023398                DhcpccmsIpoeUnInit
                0x0002352c                DhcpccmsIpoeInit
 .text          0x00023630     0x1768 /home/z00250609/hybrid/5115_GPL/Hybrid_security_baseline/output/host/usr/arm-unknown-linux-uclibcgnueabi/sysroot/lib/libdhcpscms.a(lanapi.o)
                0x00023630                ATP_LAN_GetOptionByTag
                0x00023700                ATP_LAN_GetBridgeKeyByLanPath
                0x000237d4                ATP_LAN_GetBrIdByLanId
                0x000237d8                ATP_LAN_SetSpoofDownInfo
                0x0002389c                ATP_LAN_GetAddrMask
                0x0002392c                ATP_LAN_SetSpoofUpInfo
                0x00023ab4                LANPortPhysicalStatusChange
                0x00023bc0                ATP_LAN_SetDhcpSpoofRoute
                0x00023d0c                ATP_LAN_RemoveSpoofWAN
                0x00023e80                ATP_LAN_GetLANDeviceInfo
                0x00023f1c                ATP_LAN_GetIPAddrMaskFromDB
                0x000240c4                ATP_CheckIPAddressDuplicated
                0x00024280                ATP_LAN_DelLANIFByInterfaceName
                0x00024410                ATP_LAN_AddLANDeviceObj
                0x0002445c                ATP_LAN_AddLANIF2LDVByInterfaceName_LDVInst
                0x000245b4                ATP_LAN_Del_Recover_LANIF2LDV1_ByLDVInst
                0x00024718                ATP_LAN_Set_LANHostConfigManagement
                0x00024b34                ATP_LAN_GetPathByInterfaceName
                0x00024d0c                ATP_LAN_GetIndexByName
 .text          0x00024d98      0x8a4 /home/z00250609/hybrid/5115_GPL/Hybrid_security_baseline/output/host/usr/arm-unknown-linux-uclibcgnueabi/sysroot/lib/libdhcpscms.a(lanutil.o)
                0x00024d98                DhcpsSetAllowedMACAddr
                0x00024d9c                DhcpsValidateMacList
                0x00024e3c                DhcpsValidateDomainName
                0x00024ebc                DhcpsValidateAssConnWan
                0x00024fec                DhcpsValidateUAllctdWan
                0x00025064                DhcpsGetInterfacePath
                0x000251f4                DhcpsValidateCommaIPStr
                0x0002528c                DhcpsCheckAddr
                0x000253f8                isPoolIpAddrValid
                0x000255f0                CmsSendMsg2Dest
                0x00025608                CmsSendMsgProc
                0x00025624                DhcpsRestart
 .text          0x0002563c      0x220 /home/z00250609/hybrid/5115_GPL/Hybrid_security_baseline/output/host/usr/arm-unknown-linux-uclibcgnueabi/sysroot/lib/libdhcpscms.a(dhcpscmsinit.o)
                0x0002563c                LanSetUp
                0x000257e8                ATP_LAN_Init
 .text          0x0002585c      0x38c /home/z00250609/hybrid/5115_GPL/Hybrid_security_baseline/output/host/usr/arm-unknown-linux-uclibcgnueabi/sysroot/lib/libdhcpscms.a(dhcpscmsnotifymngr.o)
                0x00025934                DHCPSCMS_RecvDhpcsInit
                0x00025948                ATP_DHCPSCMS_OptionDoNotify
                0x00025a6c                ATP_DHCPSCMS_OptionUpdate
                0x00025af0                ATP_DHCPSCMS_OptionUnRegister
                0x00025b64                ATP_DHCPSCMS_OptionRegister
 .text          0x00025be8      0x304 /home/z00250609/hybrid/5115_GPL/Hybrid_security_baseline/output/host/usr/arm-unknown-linux-uclibcgnueabi/sysroot/lib/libdhcpscms.a(dhcpscmsmsgproc.o)
                0x00025bfc                DhcpSrvEnableChangedDoNotify
                0x00025c24                LanSrvNonBr0IPChangedDoNotify
                0x00025c4c                LanSrvIPChangedDoNotify
                0x00025c74                ATP_DhcpSrv_EnableChanged_NotifyRegister
                0x00025cc4                ATP_LAN_SrvNonBr0IPChanged_NotifyRegister
                0x00025d14                ATP_LAN_SrvIPChanged_NotifyRegister
 .text          0x00025eec     0x3db0 /home/z00250609/hybrid/5115_GPL/Hybrid_security_baseline/output/host/usr/arm-unknown-linux-uclibcgnueabi/sysroot/lib/libdhcpscms.a(dhcpscms.o)
                0x00025eec                ATP_UTIL_ValidateIpSameSubNet
                0x00025f5c                ATP_LDEV_LANDeviceCheckProc
                0x00025f64                ATP_LDEV_LANDeviceDelMsgProc
                0x00025f78                ATP_DHCP_SERVER_DelPoolOptionMsgProc
                0x00025fc0                ATP_DHCP_SERVER_DelPoolStaticAddrMsgProc
                0x00026008                ATP_DHCP_SERVER_DelOptionMsgProc
                0x00026050                ATP_DHCP_SERVER_DelStaticAddrMsgProc
                0x00026098                ATP_LDEV_LANDeviceAddSetMsgProc
                0x000260c0                ATP_LAN_DelIpInterfaceMsgProc
                0x0002615c                ATP_DHCP_SERVER_DelServingPoolMsgProc
                0x00026274                isOptionExistedInMainPool
                0x00026338                isOptionExistedInSubPool
                0x00026400                isStaticAddrExistedInMainPool
                0x00026520                isStaticAddrExistedInSubPool
                0x0002676c                isStaticAddrInCurPool
                0x000268c8                ATP_LAN_SetIpInterfaceMsgProc
                0x00026fd4                ATP_DHCP_SERVER_AddPoolOptionMsgProc
                0x00027090                ATP_DHCP_SERVER_AddPoolStaticAddrMsgProc
                0x000271ac                ATP_DHCP_SERVER_AddOptionMsgProc
                0x00027268                ATP_DHCP_SERVER_AddStaticAddrMsgProc
                0x00027384                ATP_DHCP_SERVER_AddServingPoolMsgProc
                0x000276b4                ATP_DHCP_SERVER_LanHostCfgMngSetObjProc
                0x00027cd4                ATP_DHCP_SERVER_AddPoolOptionCheckProc
                0x00027ea8                ATP_DHCP_SERVER_AddOptionCheckProc
                0x00028074                isIPInterfaceExistedInLAN
                0x000281bc                ATP_LAN_SetIpInterfaceCheckProc
                0x00028504                ATP_DHCP_SERVER_AddPoolStaticAddrCheckProc
                0x00028800                ATP_DHCP_SERVER_AddServingPoolCheckProc
                0x00029034                isStaticAddrInMainPool
                0x00029144                ATP_DHCP_SERVER_AddStaticAddrCheckProc
                0x00029450                isIPAddrExistedInLAN
                0x0002959c                ATP_DHCP_SERVER_LanHostCfgMngCheckProc
 .text          0x00029c9c      0x264 /home/z00250609/hybrid/5115_GPL/Hybrid_security_baseline/output/host/usr/arm-unknown-linux-uclibcgnueabi/sysroot/lib/libdnscms.a(dnscmsinit.o)
                0x00029db8                ATP_DNSCMS_Init
                0x00029e30                DnscmsSetServer
 .text          0x00029f00      0xc84 /home/z00250609/hybrid/5115_GPL/Hybrid_security_baseline/output/host/usr/arm-unknown-linux-uclibcgnueabi/sysroot/lib/libdnscms.a(dnscms.o)
                0x00029f00                ATP_DNSCMS_PPPTrigerChange2OnDemand
                0x00029f30                ATP_DNSCMS_FlushFilter
                0x00029f54                ATP_DNSCMS_SetMinTTL
                0x00029f78                ATP_DNSCMS_FlushResident
                0x00029f9c                ATP_DNSCMS_FlushRedirect
                0x0002a3c0                DnscmsWanDownProc
                0x0002a8d4                DnscmsWanUpProc
                0x0002aa7c                ATP_DNSCMS_DeleteFilter
                0x0002aaa8                ATP_DNSCMS_AppendFilter
                0x0002aad4                ATP_DNSCMS_DeleteResident
                0x0002ab00                ATP_DNSCMS_AppendResident
                0x0002ab2c                ATP_DNSCMS_DeleteRedirect
                0x0002ab58                ATP_DNSCMS_AppendRedirect
 .text          0x0002ab84      0x340 /home/z00250609/hybrid/5115_GPL/Hybrid_security_baseline/output/host/usr/arm-unknown-linux-uclibcgnueabi/sysroot/lib/liblanethcms.a(ethcms.o)
                0x0002ab84                EthEnableVport
                0x0002acb4                EthGetCfgFromDB
 .text          0x0002aec4      0xc2c /home/z00250609/hybrid/5115_GPL/Hybrid_security_baseline/output/host/usr/arm-unknown-linux-uclibcgnueabi/sysroot/lib/liblanethcms.a(ethapi.o)
                0x0002aec4                ATP_ETH_UnInit
                0x0002b174                ATP_ETH_GetNextInfo
                0x0002b1f0                ATP_ETH_ValidateDuplex
                0x0002b254                ATP_ETH_ValidateSpeed
                0x0002b2d0                ATP_ETH_GetInterfacePortNum
                0x0002b47c                ATP_ETH_GetInterfaceAlias
                0x0002b538                ATP_ETH_GetInterface
                0x0002b5f0                ATP_ETH_GetCfg
                0x0002b658                ATP_ETH_UpdateCfg
                0x0002b894                ATP_ETH_Init
 .text          0x0002baf0      0x5a0 /home/z00250609/hybrid/5115_GPL/Hybrid_security_baseline/output/host/usr/arm-unknown-linux-uclibcgnueabi/sysroot/lib/libwanethcms.a(wecms.o)
                0x0002baf0                WeDestoryInterface
                0x0002bb0c                WeGetIndexByInstId
                0x0002bb64                WeCreateInterface
                0x0002bb9c                WeGetDuplex
                0x0002bcc4                WeGetBitRate
                0x0002be18                WeGetMacAddr
                0x0002bf10                WeDefaultConfig
                0x0002bf38                WeGetDb
                0x0002c020                WeAllocIndex
 .text          0x0002c090      0x5f4 /home/z00250609/hybrid/5115_GPL/Hybrid_security_baseline/output/host/usr/arm-unknown-linux-uclibcgnueabi/sysroot/lib/libwanethcms.a(wecmsinit.o)
                0x0002c090                ATP_WE_Status
                0x0002c0a0                ATP_WE_GetConnNum
                0x0002c104                ATP_WE_GetInterface
                0x0002c198                ATP_WE_GetPhysicalStatus
                0x0002c21c                ATP_WE_GetName
                0x0002c2d8                ATP_WE_GetLinkStatus
                0x0002c318                ATP_WE_UnInit
                0x0002c378                ATP_WE_Init
 .text          0x0002c684      0x7c4 /home/z00250609/hybrid/5115_GPL/Hybrid_security_baseline/output/host/usr/arm-unknown-linux-uclibcgnueabi/sysroot/lib/libwanethcms.a(wecmsmsgproc.o)
                0x0002cbe4                ATP_WE_WanConnDevDelMsgProc
                0x0002cc6c                ATP_WE_WanConnDevAddMsgProc
                0x0002cd34                ATP_WE_Monitor
 .text          0x0002ce48      0x110 /home/z00250609/hybrid/5115_GPL/Hybrid_security_baseline/output/host/usr/arm-unknown-linux-uclibcgnueabi/sysroot/lib/libfirewallcms.a(firewallapi.o)
                0x0002ce48                ATP_FIREWALL_ServiceFtp
                0x0002ce50                ATP_FIREWALL_GetEnable
                0x0002ce68                ATP_FIREWALL_ServiceIpExt
                0x0002ce80                ATP_FIREWALL_ServiceSipAlg
                0x0002ce98                ATP_FIREWALL_LanChange
                0x0002ceb0                ATP_FIREWALL_WanClear
                0x0002cec0                ATP_FIREWALL_Ipv6WanAllowMcastNs
                0x0002ced0                ATP_IPV6_MSS_AdjustStop
                0x0002cee0                ATP_IPV6_MSS_AdjustStart
                0x0002cef0                ATP_FIREWALL_WanStop6
                0x0002cf00                ATP_FIREWALL_WanStart6
                0x0002cf10                ATP_FIREWALL_WanStop
                0x0002cf20                ATP_FIREWALL_WanStart
                0x0002cf30                ATP_FIREWALL_UnInit
                0x0002cf44                ATP_FIREWALL_Init
 .text          0x0002cf58     0x243c /home/z00250609/hybrid/5115_GPL/Hybrid_security_baseline/output/host/usr/arm-unknown-linux-uclibcgnueabi/sysroot/lib/libfirewallcms.a(firewallcmsmsgproc.o)
                0x0002d07c                ATP_FIREWALL_AclDelMsgProc
                0x0002d0b4                ATP_FIREWALL_AclAddSetMsgProc
                0x0002d3f4                ATP_FIREWALL_AclCheck
                0x0002d7bc                ATP_FIREWALL_DosAttackSetMsgProc
                0x0002d844                ATP_FIREWALL_DosAttackCheck
                0x0002d920                ATP_FIREWALL_AppFilterDelMsgProc
                0x0002d958                ATP_FIREWALL_AppFilterAddSetMsgProc
                0x0002da8c                ATP_FIREWALL_AppFilterCheck
                0x0002dcac                ATP_FIREWALL_UrlFilterDelMsgProc
                0x0002dce4                ATP_FIREWALL_UrlFilterAddSetMsgProc
                0x0002de80                ATP_FIREWALL_UrlFilterCheck
                0x0002dfe8                ATP_FIREWALL_IpFilterDelMsgProc
                0x0002e020                ATP_FIREWALL_IpFilterAddSetMsgProc
                0x0002e32c                ATP_FIREWALL_IpFilterCheck
                0x0002e8a4                ATP_FIREWALL_MacFilterDelMsgProc
                0x0002e8dc                ATP_FIREWALL_MacFilterAddSetMsgProc
                0x0002ec18                ATP_FIREWALL_MacFilterCheck
                0x0002ef34                ATP_FIREWALL_SetCurrLevelCheck
                0x0002f070                ATP_FIREWALL_SetCurrLevelSetMsgProc
 .text          0x0002f394      0x610 /home/z00250609/hybrid/5115_GPL/Hybrid_security_baseline/output/host/usr/arm-unknown-linux-uclibcgnueabi/sysroot/lib/libfirewallcms.a(firewallutil.o)
                0x0002f394                FireWallAddLevel
                0x0002f3e4                FireWallGetLevelByObjIndex
                0x0002f42c                FireWallGetIndexByLevel
                0x0002f450                FireWallPriorityInit
                0x0002f478                FireWallInsertPriority
                0x0002f4a8                FireWallSortPriority
                0x0002f570                FireWallGetPriorityByIndex
                0x0002f590                FireWallDelLevel
                0x0002f614                FireWallValidateMacAddress
                0x0002f704                FireWallJudgePermitSet
                0x0002f75c                FireWallSetLevelRight
                0x0002f7bc                FireWallSetLevelName
                0x0002f844                FireWallGetLevelByName
                0x0002f8b4                FireWallNameValidate
                0x0002f93c                FireWallPrintLevel
 .text          0x0002f9a4      0xd34 /home/z00250609/hybrid/5115_GPL/Hybrid_security_baseline/output/host/usr/arm-unknown-linux-uclibcgnueabi/sysroot/lib/libfirewallcms.a(firewallconfig.o)
                0x0002f9a4                FireWallForIP6tables
                0x0002fb6c                FireWallSyncToDb
                0x0002fba4                FireWallLanChange
                0x0002fbb4                FireWallWanClear
                0x0002fbd4                FireWallIpv6AllowWanMcastNs
                0x0002fbf4                FireWallIPv6MssStop
                0x0002fc14                FireWallIPv6MssStart
                0x0002fc34                FireWallWanStop6
                0x0002fc54                FireWallWanStart6
                0x0002fc74                FireWallWanStop
                0x0002fc94                FireWallWanStart
                0x0002fcb4                FireWallUnInit
                0x0002fce8                FireWallLevelChange
                0x0002ffbc                FireWallReadCurrLevel
                0x000300bc                FireWallReadAllLevel
                0x000301c4                FireWallSetUpBigRules
                0x00030568                FireWallInit
 .text          0x000306d8     0x199c /home/z00250609/hybrid/5115_GPL/Hybrid_security_baseline/output/host/usr/arm-unknown-linux-uclibcgnueabi/sysroot/lib/libfirewallcms.a(firewallservice.o)
                0x000306d8                FireWallServiceEffect6
                0x00030848                FireWallServiceEffect
                0x00030928                FireWallServiceIpExt
                0x000309ac                FireWallServiceSipAlgEffect
                0x00030acc                FireWallServiceFtpEffect
                0x00030ba8                FireWallServiceStop6
                0x00030d14                FireWallServiceStart6
                0x00030ef0                IPV6MssStop
                0x000311d0                IPV6MssStart
                0x000314a0                FireWallServiceIpv6AllowWanMcastNs
                0x00031764                FireWallServiceStop
                0x00031c84                FireWallServiceStart
 .text          0x00032074      0x144 /home/z00250609/hybrid/5115_GPL/Hybrid_security_baseline/output/host/usr/arm-unknown-linux-uclibcgnueabi/sysroot/lib/libfirewallcms.a(firewalllist.o)
                0x00032074                FireWallListGetHeader
                0x00032140                FireWallListRemove
 .text          0x000321b8     0x200c /home/z00250609/hybrid/5115_GPL/Hybrid_security_baseline/output/host/usr/arm-unknown-linux-uclibcgnueabi/sysroot/lib/libfirewallcms.a(macflt.o)
                0x000321b8                MacfltFindNode
                0x000321dc                MacfltFindPriority
                0x00032214                FireWallMacfltUnInit
                0x0003221c                FireWallMacfltAdddefaultRules
                0x00032400                FireWallMacfltLanIPChange
                0x000326c4                FireWallMacfltDelRule
                0x00032bd0                FireWallMacfltInit
                0x00032fac                MacfltSaveDB
                0x000330cc                MacfltValidateTime
                0x00033d14                FireWallMacfltEnable
                0x00033df0                FireWallMacfltListDisable
                0x00033e7c                MacfltSetRuleRun
                0x00033fb8                FireWallMacfltDisable
                0x00034038                MacfltSetRule
                0x00034144                MacfltDelRule
 .text          0x000341c4      0xf58 /home/z00250609/hybrid/5115_GPL/Hybrid_security_baseline/output/host/usr/arm-unknown-linux-uclibcgnueabi/sysroot/lib/libfirewallcms.a(urlflt.o)
                0x000341c4                UrlfltFindNode
                0x000341e8                UrlfltFindPriority
                0x00034220                UrlfltUpdatePriority
                0x00034280                FireWallUrlfltUnInit
                0x000347dc                FireWallUrlfltEnable
                0x000348b8                FireWallUrlfltListDisable
                0x0003493c                FireWallUrlfltDisable
                0x000349bc                UrlfltDelRule
                0x00034ab8                UrlfltSetRuleRun
                0x00034bc8                UrlfltSetRule
                0x00034ce4                FireWallUrlfltInit
 .text          0x0003511c     0x2b2c /home/z00250609/hybrid/5115_GPL/Hybrid_security_baseline/output/host/usr/arm-unknown-linux-uclibcgnueabi/sysroot/lib/libfirewallcms.a(ipflt.o)
                0x0003511c                IpfltFindPriority
                0x00035154                IpfltFindNode
                0x00035178                FireWallIpfltUnInit
                0x000358f8                FireWallIpfltStopByWan6
                0x00035968                FireWallIpfltStartByWan6
                0x00036130                FireWallIpfltStopByWan
                0x000361b8                IpfltDelRule
                0x000362ac                FireWallIpfltClearByWan
                0x0003635c                FireWallIpfltDisableArr
                0x00036438                FireWallIpfltDisable
                0x00036508                FireWallIpfltDelRule
                0x0003654c                FireWallIpfltEnable
                0x00036654                FireWallIpfltStartByWan
                0x00037730                FireWallIpfltInit
                0x00037758                IpfltSaveDB
                0x00037a7c                IpfltSetRuleRun
                0x00037b78                IpfltSetRule
 .text          0x00037c48     0x19fc /home/z00250609/hybrid/5115_GPL/Hybrid_security_baseline/output/host/usr/arm-unknown-linux-uclibcgnueabi/sysroot/lib/libfirewallcms.a(appflt.o)
                0x00037c48                AppfltFindNode
                0x00037c6c                FireWallAppfltUnInit
                0x00037c74                ATP_FIREWALL_AppFilterCheckDuplication
                0x00037d14                AppfltPortCheck
                0x00038cc0                FireWallAppfltEnable
                0x00038d40                FireWallAppfltDisable
                0x00038dc0                FireWallAppfltDelRule
                0x00038e04                AppfltDelRule
                0x00038f24                AppfltSetRule
                0x0003933c                FireWallAppfltInit
 .text          0x00039644      0x2f0 /home/z00250609/hybrid/5115_GPL/Hybrid_security_baseline/output/host/usr/arm-unknown-linux-uclibcgnueabi/sysroot/lib/libfirewallcms.a(dosattack.o)
                0x00039644                DosattackDisable
                0x00039710                DosattackEnable
                0x00039874                ATP_DosattackInit
 .text          0x00039934     0x1a34 /home/z00250609/hybrid/5115_GPL/Hybrid_security_baseline/output/host/usr/arm-unknown-linux-uclibcgnueabi/sysroot/lib/libfirewallcms.a(acl.o)
                0x00039934                AclFindNode
                0x00039958                AclCreatAclChain
                0x00039a7c                AclUsePort
                0x00039ae0                AclSaveDB
                0x00039bb0                AclDelAllRule
                0x00039d1c                AclDefaultRule
                0x0003a170                Acl_SetWanportPing
                0x0003a26c                AclEffect
                0x0003a940                AclPortNumChange
                0x0003aa54                AclSetRule
                0x0003ab44                AclDelRule
                0x0003abb8                AclDisable
                0x0003ac0c                ATP_ACL_UnInit
                0x0003ac34                AclEnable
                0x0003acd8                ATP_ACL_Init
                0x0003b310                FireWallAclSaveDefaultRule
 .text          0x0003b368       0xf0 /home/z00250609/hybrid/5115_GPL/Hybrid_security_baseline/output/host/usr/arm-unknown-linux-uclibcgnueabi/sysroot/lib/libfirewallcms.a(aclex.o)
                0x0003b368                PortNumChangeForAllLevels
                0x0003b420                EffectRulesForAllLevels
 .text          0x0003b458      0x19c /home/z00250609/hybrid/5115_GPL/Hybrid_security_baseline/output/host/usr/arm-unknown-linux-uclibcgnueabi/sysroot/lib/libipcheckcms.a(ipcheckcms.o)
                0x0003b458                ATP_IPCHECK_HostDelMsgProc
                0x0003b460                ATP_IPCHECK_HostCheckMsgProc
                0x0003b4b0                ATP_IPCHECK_HostSetMsgProc
                0x0003b540                ATP_IPCHECK_HostGetMsgProc
 .text          0x0003b5f4       0x20 /home/z00250609/hybrid/5115_GPL/Hybrid_security_baseline/output/host/usr/arm-unknown-linux-uclibcgnueabi/sysroot/lib/libipcheckcms.a(ipcheckcmsinit.o)
                0x0003b5f4                ATP_IPCHECK_Init
 .text          0x0003b614      0x258 /home/z00250609/hybrid/5115_GPL/Hybrid_security_baseline/output/host/usr/arm-unknown-linux-uclibcgnueabi/sysroot/lib/libipcheckcms.a(ipcheckcmsmsgproc.o)
                0x0003b748                IpcheckHostInfoUpdateDoNotify
                0x0003b770                IPCHECKCMS_RecvHostStatusChange
                0x0003b7cc                ATP_IPCHECK_HostRemove_NotifyRegister
                0x0003b81c                ATP_IPCHECK_HostInfoUpdate_NotifyRegister
 .text          0x0003b86c      0x900 /home/z00250609/hybrid/5115_GPL/Hybrid_security_baseline/output/host/usr/arm-unknown-linux-uclibcgnueabi/sysroot/lib/libiptunnelcms.a(iptunnelcmsinit.o)
                0x0003b86c                ATP_IPTunnel_UnInit
                0x0003b874                IpTunnel6in4CheckMsgProc
                0x0003b87c                IpTunnel4in6CheckMsgProc
                0x0003ba4c                IpTunnel4in6DelMsgProc
                0x0003bac0                IpTunnel6in4DelMsgProc
                0x0003bb34                IpTunnel4in6AddSetMsgProc
                0x0003bda0                IpTunnel4in6GetMsgProc
                0x0003be0c                IpTunnel6in4GetMsgProc
                0x0003be9c                IpTunnel6in4AddSetMsgProc
                0x0003c158                ATP_IPTunnel_Init
 .text          0x0003c16c      0x41c /home/z00250609/hybrid/5115_GPL/Hybrid_security_baseline/output/host/usr/arm-unknown-linux-uclibcgnueabi/sysroot/lib/libiptunnelcms.a(iptunnelcmsapi.o)
                0x0003c16c                ATP_IPTunnel_GetInstanceHeader
                0x0003c17c                ATP_IPTunnel_IsExistActivated6in4Tunnel
                0x0003c218                ATP_IPTunnel_GetInstanceByPath
                0x0003c25c                ATP_IPTunnel_GetInstanceByWanPath
                0x0003c2a0                ATP_IPTunnel_GetTunnelAlias
                0x0003c2f8                ATP_IPTunnel_ConfClear
                0x0003c308                ATP_IPTunnel_Start
                0x0003c358                ATP_IPTunnel_Stop
                0x0003c3a8                IpTunnelBrDelProcNotifierDoNotify
                0x0003c3d0                IpTunnelBrAddProcNotifierDoNotify
                0x0003c3f8                IpTunnelDownNotifierDoNotify
                0x0003c420                IpTunnelUpNotifierDoNotify
                0x0003c448                ATP_IPTunnel_BrDelProc_NotifyRegister
                0x0003c498                ATP_IPTunnel_BrAddProc_NotifyRegister
                0x0003c4e8                ATP_IPTunnel_Down_NotifyRegister
                0x0003c538                ATP_IPTunnel_Up_NotifyRegister
 .text          0x0003c588      0xbb4 /home/z00250609/hybrid/5115_GPL/Hybrid_security_baseline/output/host/usr/arm-unknown-linux-uclibcgnueabi/sysroot/lib/libiptunnelcms.a(iptunnelcms.o)
                0x0003c588                IpTunnelGetInstance
                0x0003c5b4                IpTunnelRegisterMechanism
                0x0003c600                IpTunnelReadDnsProbeInfo
                0x0003c698                IpTunnelNotifyLan
                0x0003c778                IpTunnelValidateWanPath
                0x0003c9b4                IpTunnelGetMechanismOps
                0x0003c9f8                IpTunnelStop
                0x0003ca58                IpTunnelStart
                0x0003cab8                IpTunnelKillDns
                0x0003cb18                IpTunnelDelInstance
                0x0003cb8c                IpTunnelDelConfFromDB
                0x0003cc54                IpTunnelAddInstance
                0x0003ce04                IpTunnelParamTo4in6
                0x0003ceb4                IpTunnelParamTo6in4
                0x0003cf9c                IpTunnelConfGetDB
                0x0003d0e4                IpTunnelConfInit
 .text          0x0003d13c      0xdb8 /home/z00250609/hybrid/5115_GPL/Hybrid_security_baseline/output/host/usr/arm-unknown-linux-uclibcgnueabi/sysroot/lib/libiptunnelcms.a(tunnel6rd.o)
                0x0003d13c                TunnelValidateIpv6Prefix
                0x0003d1a8                TunnelValidateIpv4Endpoint
                0x0003d204                TunnelValidate6in4Conf
                0x0003d400                Tunnel6rdRouteBind
                0x0003d514                Tunnel6rdStop
                0x0003d610                Tunnel6rdStart
                0x0003ded8                Tunnel6rdInit
 .text          0x0003def4      0x558 /home/z00250609/hybrid/5115_GPL/Hybrid_security_baseline/output/host/usr/arm-unknown-linux-uclibcgnueabi/sysroot/lib/libiptunnelcms.a(tunneldslite.o)
                0x0003def4                TunnelValidate4in6Conf
                0x0003dfe0                TunnelDsliteRouteBind
                0x0003e068                TunnelDsliteStop
                0x0003e134                TunnelDsliteStart
                0x0003e430                TunnelDsliteInit
 .text          0x0003e44c      0x8dc /home/z00250609/hybrid/5115_GPL/Hybrid_security_baseline/output/host/usr/arm-unknown-linux-uclibcgnueabi/sysroot/lib/liblannamecms.a(lannamecms.o)
                0x0003e66c                ATP_LANNAME_UnInit
                0x0003e848                LannameDelMsgProc
                0x0003e8d8                LannameAddSetMsgProc
                0x0003e9bc                LannameCheckMsgProc
                0x0003ea10                LannameSetDomainSearch
                0x0003eb68                ATP_LANNAME_SetLocalHost
                0x0003eb7c                ATP_LANNAME_SetDomainSearch
                0x0003eb90                LannameLanInfoChangeProc
                0x0003ec3c                ATP_LANNAME_Init
 .text          0x0003ed28       0x34 /home/z00250609/hybrid/5115_GPL/Hybrid_security_baseline/output/host/usr/arm-unknown-linux-uclibcgnueabi/sysroot/lib/liblannamecms.a(lannamecmsmsgproc.o)
 .text          0x0003ed5c      0x68c /home/z00250609/hybrid/5115_GPL/Hybrid_security_baseline/output/host/usr/arm-unknown-linux-uclibcgnueabi/sysroot/lib/libmldcms.a(mldcms.o)
                0x0003ed5c                ATP_MLD_UnInit
                0x0003ed64                ATP_MLD_EnableSnooping
                0x0003edc8                ATP_MLD_SetSnoopingEnable
                0x0003ee44                ATP_MLD_ProxyClear
                0x0003ef3c                ATP_MLD_ParaCheck
                0x0003efd8                ATP_MLD_ProxyReset
                0x0003f230                ATP_MLD_SetProxyInfo
                0x0003f2d0                ATP_MLD_Init
 .text          0x0003f3e8       0x94 /home/z00250609/hybrid/5115_GPL/Hybrid_security_baseline/output/host/usr/arm-unknown-linux-uclibcgnueabi/sysroot/lib/libmldcms.a(mldcmsmsgproc.o)
 .text          0x0003f47c      0xb74 /home/z00250609/hybrid/5115_GPL/Hybrid_security_baseline/output/host/usr/arm-unknown-linux-uclibcgnueabi/sysroot/lib/libnatcms.a(natcmsmsgproc.o)
                0x0003f6f4                NatPortMappingProcessUPnP
                0x0003f964                ATP_NAT_PORTMAPPING_UPNP_MSG_Process
                0x0003f9e4                ATP_NAT_PORTMAPPING_WEB_MSG_Process
                0x0003faa4                ATP_NAT_DMZCheck
                0x0003fac4                ATP_NAT_DmzAddSetMsgProc
                0x0003faf0                ATP_NAT_PortMapMsgProc
                0x0003fb24                ATP_NAT_PortMapDelMsgProc
                0x0003fb34                ATP_NAT_PortMapCheck
                0x0003fb54                ATP_NAT_PMGetNodeNums
                0x0003fb7c                ATP_NAT_CTclean
                0x0003fbd4                ATP_NAT_WanClear
                0x0003fc1c                ATP_NAT_WanStop
                0x0003fdf0                ATP_NAT_WanStart
 .text          0x0003fff0       0x30 /home/z00250609/hybrid/5115_GPL/Hybrid_security_baseline/output/host/usr/arm-unknown-linux-uclibcgnueabi/sysroot/lib/libnatcms.a(natcmsinit.o)
                0x0003fff0                ATP_NAT_Other_Init
                0x0004000c                ATP_NAT_Init
 .text          0x00040020      0x668 /home/z00250609/hybrid/5115_GPL/Hybrid_security_baseline/output/host/usr/arm-unknown-linux-uclibcgnueabi/sysroot/lib/libnatcms.a(natcms.o)
                0x00040020                ATP_NAT_ServiceIgmp
                0x00040158                ATP_NAT_ChgFtpPort
                0x00040168                ATP_NAT_ChgTelnetPort
                0x00040178                ATP_NAT_LanChange
                0x00040234                ATP_NAT_LoadModule
 .text          0x00040688      0x4fc /home/z00250609/hybrid/5115_GPL/Hybrid_security_baseline/output/host/usr/arm-unknown-linux-uclibcgnueabi/sysroot/lib/libnatcms.a(natutil.o)
                0x00040688                NatGetLeftMostOneBits
                0x000406dc                NatValidConeNatType
                0x00040700                NatKeyListToDomain
                0x0004075c                NatDelFromDB
                0x0004076c                NatGetLeftMostOneBitsInMask
                0x00040888                NatExec
                0x00040898                NatGetWanPathById
                0x00040944                NatIpNeedModify
                0x000409c8                CheckIpWithLocalIp
                0x00040af8                NatPortValidDescription
 .text          0x00040b84      0xbe8 /home/z00250609/hybrid/5115_GPL/Hybrid_security_baseline/output/host/usr/arm-unknown-linux-uclibcgnueabi/sysroot/lib/libnatcms.a(natdmz.o)
                0x00040b84                NatDMZCheck
                0x00040ec8                NatDmzClearByWan
                0x00040ff4                NatDmzUnInit
                0x00041028                NatDmzAdd
                0x000410ac                NatDmzEffect
                0x000412d8                NatDmzStopByWan
                0x00041328                NatDmzStartByWan
                0x00041374                NatDmzSet
                0x00041448                NatDmzSetMsgProc
                0x000415b4                NatDmzGetDb
                0x00041758                NatDmzInit
 .text          0x0004176c     0x1ff0 /home/z00250609/hybrid/5115_GPL/Hybrid_security_baseline/output/host/usr/arm-unknown-linux-uclibcgnueabi/sysroot/lib/libnatcms.a(natportmap.o)
                0x0004176c                NatPortMapGetNodeNumsAll
                0x00041794                NatPortMapExtPortValidate
                0x000418f4                NatPortMapGetNodeNums
                0x00041d64                NatPortMapCheck
                0x00042140                NatCheckHTTPSRuleSet
                0x00042244                NatPortMapComposeValidate
                0x0004230c                NatPortMapClearByWan
                0x00042438                NatPortMapUnInit
                0x0004246c                NatPortMapChgFtpPort
                0x00042574                NatPortMapChgTelnetPort
                0x0004267c                NatPortMapIptblCmd
                0x0004291c                NatPortMapEffect
                0x00042cf4                NatPortMapStopByWan
                0x00042d48                NatPortMapStartByWan
                0x00042da8                NatPortMapDel
                0x00042e5c                NatPortMapDelMsgProc
                0x00042ec8                NatPortMapSet
                0x00042ff8                NatPortMapSetMsgProc
                0x000433f8                NatPortMapAdd
                0x00043488                NatPortMapGetDb
                0x00043744                NatPortMapInit
 .text          0x0004375c       0xec /home/z00250609/hybrid/5115_GPL/Hybrid_security_baseline/output/host/usr/arm-unknown-linux-uclibcgnueabi/sysroot/lib/libnatcms.a(prttrgapi.o)
                0x0004375c                ATP_PT_WanRuleStop
                0x00043770                ATP_PT_WanRuleStart
                0x0004379c                ATP_PT_WanRuleClear
                0x000437bc                ATP_PT_DelMsgProc
                0x000437cc                ATP_PT_AddSetMsgProc
                0x00043800                ATP_PT_PTCheck
                0x00043820                ATP_PT_UnInit
                0x00043834                ATP_PT_Init
 .text          0x00043848     0x16fc /home/z00250609/hybrid/5115_GPL/Hybrid_security_baseline/output/host/usr/arm-unknown-linux-uclibcgnueabi/sysroot/lib/libnatcms.a(prttrgutil.o)
                0x00043848                PTGetEntryNum
                0x00043870                PTCheckFilterPort
                0x0004391c                PTFindEntry
                0x00043980                PTValidPortSum
                0x00043ad8                PTFindSameName
                0x00043b58                PTValidProto
                0x00043ce4                PTCheck
                0x00043da8                PTSyncToDb
                0x00043dc0                PTSetRule
                0x00044028                PTStopRule
                0x00044030                PTRulesClear
                0x00044164                PTRulesStop
                0x000441b4                PTStartRule
                0x000441bc                PTKeyListToDomain
                0x00044218                PTCheckWan
                0x00044278                PTValidAllParam
                0x00044648                PTGetWanStatus
                0x000446c0                PTEffCheck
                0x00044708                PTRulesStart
                0x00044768                PTRemoveEntries
                0x000447bc                PTDelEntry
                0x00044858                PTDelMsgProc
                0x000448f8                PTAddEntry
                0x000449c0                PTGetParaFromDB
                0x00044c48                PTSetEntry
                0x00044cfc                PTSetMsgProc
 .text          0x00044f44      0x1a4 /home/z00250609/hybrid/5115_GPL/Hybrid_security_baseline/output/host/usr/arm-unknown-linux-uclibcgnueabi/sysroot/lib/libnatcms.a(natconenat.o)
                0x00044f44                NatAllConeNatStart
                0x00044fac                NatAllConeNatStop
 .text          0x000450e8      0xe98 /home/z00250609/hybrid/5115_GPL/Hybrid_security_baseline/output/host/usr/arm-unknown-linux-uclibcgnueabi/sysroot/lib/libndiscms.a(wdsapi.o)
                0x000450e8                atp_qmi_api_get_version
                0x000450f4                atp_qmi_set_trigger