Archive member included because of file (symbol)

/home/liyupeng/zengyao/6.13/DT-W724V-20140311/output/host/usr/lib/libsecapi.a(secapi.o)
                              /home/liyupeng/zengyao/6.13/DT-W724V-20140311/output/package/host-km/storegen.o (ATP_SEC_DeleteContext)
/home/liyupeng/zengyao/6.13/DT-W724V-20140311/output/host/usr/lib/libsecapi.a(seckmapi.o)
                              /home/liyupeng/zengyao/6.13/DT-W724V-20140311/output/package/host-km/storegen.o (ATP_SEC_KM_GetKeyAttribute)
/home/liyupeng/zengyao/6.13/DT-W724V-20140311/output/host/usr/lib/libsecapi.a(storekeyutil.o)
                              /home/liyupeng/zengyao/6.13/DT-W724V-20140311/output/package/host-km/storegen.o (ATP_SEC_KM_DeleteStoreKeyDriver)
/home/liyupeng/zengyao/6.13/DT-W724V-20140311/output/host/usr/lib/libhttpcore.a(strfile.o)
                              /home/liyupeng/zengyao/6.13/DT-W724V-20140311/output/host/usr/lib/libsecapi.a(storekeyutil.o) (ATP_UTIL_StrFilePrintf)
/usr/lib/libc_nonshared.a(elf-init.oS)
                              /usr/lib/gcc/i586-suse-linux/4.3/../../../crt1.o (__libc_csu_fini)

Discarded input sections

 .note.GNU-stack
                0x0000000000000000        0x0 /usr/lib/gcc/i586-suse-linux/4.3/../../../crt1.o
 .debug_aranges
                0x0000000000000000       0x20 /usr/lib/gcc/i586-suse-linux/4.3/../../../crt1.o
 .debug_pubnames
                0x0000000000000000       0x25 /usr/lib/gcc/i586-suse-linux/4.3/../../../crt1.o
 .debug_info    0x0000000000000000       0xfa /usr/lib/gcc/i586-suse-linux/4.3/../../../crt1.o
 .debug_abbrev  0x0000000000000000       0x5f /usr/lib/gcc/i586-suse-linux/4.3/../../../crt1.o
 .debug_line    0x0000000000000000       0x82 /usr/lib/gcc/i586-suse-linux/4.3/../../../crt1.o
 .debug_str     0x0000000000000000       0xf5 /usr/lib/gcc/i586-suse-linux/4.3/../../../crt1.o
 .note.GNU-stack
                0x0000000000000000        0x0 /usr/lib/gcc/i586-suse-linux/4.3/../../../crti.o
 .note.GNU-stack
                0x0000000000000000        0x0 /usr/lib/gcc/i586-suse-linux/4.3/crtbegin.o
 .note.GNU-stack
                0x0000000000000000        0x0 /home/liyupeng/zengyao/6.13/DT-W724V-20140311/output/package/host-km/storegen.o
 .note.GNU-stack
                0x0000000000000000        0x0 /home/liyupeng/zengyao/6.13/DT-W724V-20140311/output/package/host-km/key1.o
 .note.GNU-stack
                0x0000000000000000        0x0 /home/liyupeng/zengyao/6.13/DT-W724V-20140311/output/package/host-km/key2.o
 .note.GNU-stack
                0x0000000000000000        0x0 /home/liyupeng/zengyao/6.13/DT-W724V-20140311/output/package/host-km/key3.o
 .note.GNU-stack
                0x0000000000000000        0x0 /home/liyupeng/zengyao/6.13/DT-W724V-20140311/output/package/host-km/key4.o
 .group         0x0000000000000000        0x8 /home/liyupeng/zengyao/6.13/DT-W724V-20140311/output/host/usr/lib/libsecapi.a(secapi.o)
 .note.GNU-stack
                0x0000000000000000        0x0 /home/liyupeng/zengyao/6.13/DT-W724V-20140311/output/host/usr/lib/libsecapi.a(secapi.o)
 .group         0x0000000000000000        0x8 /home/liyupeng/zengyao/6.13/DT-W724V-20140311/output/host/usr/lib/libsecapi.a(seckmapi.o)
 .text.__i686.get_pc_thunk.bx
                0x0000000000000000        0x4 /home/liyupeng/zengyao/6.13/DT-W724V-20140311/output/host/usr/lib/libsecapi.a(seckmapi.o)
 .note.GNU-stack
                0x0000000000000000        0x0 /home/liyupeng/zengyao/6.13/DT-W724V-20140311/output/host/usr/lib/libsecapi.a(seckmapi.o)
 .group         0x0000000000000000        0x8 /home/liyupeng/zengyao/6.13/DT-W724V-20140311/output/host/usr/lib/libsecapi.a(storekeyutil.o)
 .text.__i686.get_pc_thunk.bx
                0x0000000000000000        0x4 /home/liyupeng/zengyao/6.13/DT-W724V-20140311/output/host/usr/lib/libsecapi.a(storekeyutil.o)
 .note.GNU-stack
                0x0000000000000000        0x0 /home/liyupeng/zengyao/6.13/DT-W724V-20140311/output/host/usr/lib/libsecapi.a(storekeyutil.o)
 .group         0x0000000000000000        0x8 /home/liyupeng/zengyao/6.13/DT-W724V-20140311/output/host/usr/lib/libhttpcore.a(strfile.o)
 .text.__i686.get_pc_thunk.bx
                0x0000000000000000        0x4 /home/liyupeng/zengyao/6.13/DT-W724V-20140311/output/host/usr/lib/libhttpcore.a(strfile.o)
 .note.GNU-stack
                0x0000000000000000        0x0 /home/liyupeng/zengyao/6.13/DT-W724V-20140311/output/host/usr/lib/libhttpcore.a(strfile.o)
 .group         0x0000000000000000        0x8 /usr/lib/libc_nonshared.a(elf-init.oS)
 .debug_abbrev  0x0000000000000000       0xd6 /usr/lib/libc_nonshared.a(elf-init.oS)
 .debug_info    0x0000000000000000      0x11a /usr/lib/libc_nonshared.a(elf-init.oS)
 .debug_line    0x0000000000000000       0x7e /usr/lib/libc_nonshared.a(elf-init.oS)
 .debug_frame   0x0000000000000000       0x4c /usr/lib/libc_nonshared.a(elf-init.oS)
 .debug_loc     0x0000000000000000       0x6b /usr/lib/libc_nonshared.a(elf-init.oS)
 .debug_pubnames
                0x0000000000000000       0x3a /usr/lib/libc_nonshared.a(elf-init.oS)
 .debug_aranges
                0x0000000000000000       0x20 /usr/lib/libc_nonshared.a(elf-init.oS)
 .debug_str     0x0000000000000000       0xdb /usr/lib/libc_nonshared.a(elf-init.oS)
 .text.__i686.get_pc_thunk.bx
                0x0000000000000000        0x4 /usr/lib/libc_nonshared.a(elf-init.oS)
 .note.GNU-stack
                0x0000000000000000        0x0 /usr/lib/libc_nonshared.a(elf-init.oS)
 .note.GNU-stack
                0x0000000000000000        0x0 /usr/lib/gcc/i586-suse-linux/4.3/crtend.o
 .note.GNU-stack
                0x0000000000000000        0x0 /usr/lib/gcc/i586-suse-linux/4.3/../../../crtn.o

Memory Configuration

Name             Origin             Length             Attributes
*default*        0x0000000000000000 0xffffffffffffffff

Linker script and memory map

LOAD /usr/lib/gcc/i586-suse-linux/4.3/../../../crt1.o
LOAD /usr/lib/gcc/i586-suse-linux/4.3/../../../crti.o
LOAD /usr/lib/gcc/i586-suse-linux/4.3/crtbegin.o
LOAD /home/liyupeng/zengyao/6.13/DT-W724V-20140311/output/package/host-km/storegen.o
LOAD /home/liyupeng/zengyao/6.13/DT-W724V-20140311/output/package/host-km/key1.o
LOAD /home/liyupeng/zengyao/6.13/DT-W724V-20140311/output/package/host-km/key2.o
LOAD /home/liyupeng/zengyao/6.13/DT-W724V-20140311/output/package/host-km/key3.o
LOAD /home/liyupeng/zengyao/6.13/DT-W724V-20140311/output/package/host-km/key4.o
LOAD /home/liyupeng/zengyao/6.13/DT-W724V-20140311/output/host/usr/lib/libcrypto.so
LOAD /home/liyupeng/zengyao/6.13/DT-W724V-20140311/output/host/usr/lib/libsecapi.a
LOAD /home/liyupeng/zengyao/6.13/DT-W724V-20140311/output/host/usr/lib/libhttpcore.a
LOAD /usr/lib/gcc/i586-suse-linux/4.3/libgcc.a
LOAD /usr/lib/gcc/i586-suse-linux/4.3/libgcc_s.so
LOAD /usr/lib/gcc/i586-suse-linux/4.3/../../../libc.so
START GROUP
LOAD /lib/libc.so.6
LOAD /usr/lib/libc_nonshared.a
LOAD /lib/ld-linux.so.2
END GROUP
LOAD /usr/lib/gcc/i586-suse-linux/4.3/libgcc.a
LOAD /usr/lib/gcc/i586-suse-linux/4.3/libgcc_s.so
LOAD /usr/lib/gcc/i586-suse-linux/4.3/crtend.o
LOAD /usr/lib/gcc/i586-suse-linux/4.3/../../../crtn.o
                0x0000000008048000                PROVIDE (__executable_start, 0x8048000)
                0x0000000008048154                . = (0x8048000 + SIZEOF_HEADERS)

.interp         0x0000000008048154       0x13
 *(.interp)
 .interp        0x0000000008048154       0x13 /usr/lib/gcc/i586-suse-linux/4.3/../../../crt1.o

.note.ABI-tag   0x0000000008048168       0x20
 .note.ABI-tag  0x0000000008048168       0x20 /usr/lib/gcc/i586-suse-linux/4.3/../../../crt1.o

.note.SuSE      0x0000000008048188       0x18
 .note.SuSE     0x0000000008048188       0x18 /usr/lib/gcc/i586-suse-linux/4.3/../../../crt1.o

.note.gnu.build-id
                0x00000000080481a0       0x24
 *(.note.gnu.build-id)
 .note.gnu.build-id
                0x00000000080481a0       0x24 /usr/lib/gcc/i586-suse-linux/4.3/../../../crt1.o

.hash           0x00000000080481c4      0x19c
 *(.hash)
 .hash          0x00000000080481c4      0x19c /usr/lib/gcc/i586-suse-linux/4.3/../../../crt1.o

.gnu.hash       0x0000000008048360       0x44
 *(.gnu.hash)
 .gnu.hash      0x0000000008048360       0x44 /usr/lib/gcc/i586-suse-linux/4.3/../../../crt1.o

.dynsym         0x00000000080483a4      0x400
 *(.dynsym)
 .dynsym        0x00000000080483a4      0x400 /usr/lib/gcc/i586-suse-linux/4.3/../../../crt1.o

.dynstr         0x00000000080487a4      0x2e0
 *(.dynstr)
 .dynstr        0x00000000080487a4      0x2e0 /usr/lib/gcc/i586-suse-linux/4.3/../../../crt1.o

.gnu.version    0x0000000008048a84       0x80
 *(.gnu.version)
 .gnu.version   0x0000000008048a84       0x80 /usr/lib/gcc/i586-suse-linux/4.3/../../../crt1.o

.gnu.version_d  0x0000000008048b04        0x0
 *(.gnu.version_d)
 .gnu.version_d
                0x0000000000000000        0x0 /usr/lib/gcc/i586-suse-linux/4.3/../../../crt1.o

.gnu.version_r  0x0000000008048b04       0x40
 *(.gnu.version_r)
 .gnu.version_r
                0x0000000008048b04       0x40 /usr/lib/gcc/i586-suse-linux/4.3/../../../crt1.o

.rel.dyn        0x0000000008048b44       0xc0
 *(.rel.init)
 *(.rel.text .rel.text.* .rel.gnu.linkonce.t.*)
 .rel.text      0x0000000000000000        0x0 /usr/lib/gcc/i586-suse-linux/4.3/../../../crt1.o
 *(.rel.fini)
 *(.rel.rodata .rel.rodata.* .rel.gnu.linkonce.r.*)
 *(.rel.data.rel.ro* .rel.gnu.linkonce.d.rel.ro.*)
 *(.rel.data .rel.data.* .rel.gnu.linkonce.d.*)
 *(.rel.tdata .rel.tdata.* .rel.gnu.linkonce.td.*)
 *(.rel.tbss .rel.tbss.* .rel.gnu.linkonce.tb.*)
 *(.rel.ctors)
 *(.rel.dtors)
 *(.rel.got)
 .rel.got       0x0000000008048b44       0xb8 /usr/lib/gcc/i586-suse-linux/4.3/../../../crt1.o
 *(.rel.bss .rel.bss.* .rel.gnu.linkonce.b.*)
 .rel.bss       0x0000000008048bfc        0x8 /usr/lib/gcc/i586-suse-linux/4.3/../../../crt1.o
 *(.rel.ifunc)

.rel.plt        0x0000000008048c04      0x108
 *(.rel.plt)
 .rel.plt       0x0000000008048c04      0x108 /usr/lib/gcc/i586-suse-linux/4.3/../../../crt1.o
                0x0000000008048d0c                PROVIDE (__rel_iplt_start, .)
 *(.rel.iplt)
 .rel.iplt      0x0000000000000000        0x0 /usr/lib/gcc/i586-suse-linux/4.3/../../../crt1.o
                0x0000000008048d0c                PROVIDE (__rel_iplt_end, .)

.init           0x0000000008048d0c       0x30
 *(.init)
 .init          0x0000000008048d0c       0x22 /usr/lib/gcc/i586-suse-linux/4.3/../../../crti.o
                0x0000000008048d0c                _init
 .init          0x0000000008048d2e        0x5 /usr/lib/gcc/i586-suse-linux/4.3/crtbegin.o
 .init          0x0000000008048d33        0x5 /usr/lib/gcc/i586-suse-linux/4.3/crtend.o
 .init          0x0000000008048d38        0x4 /usr/lib/gcc/i586-suse-linux/4.3/../../../crtn.o

.plt            0x0000000008048d3c      0x220
 *(.plt)
 .plt           0x0000000008048d3c      0x220 /usr/lib/gcc/i586-suse-linux/4.3/../../../crt1.o
                0x0000000008048d4c                fputs@@GLIBC_2.0
                0x0000000008048d6c                realloc@@GLIBC_2.0
                0x0000000008048d7c                __isoc99_sscanf@@GLIBC_2.7
                0x0000000008048d8c                strchr@@GLIBC_2.0
                0x0000000008048d9c                vsnprintf@@GLIBC_2.0
                0x0000000008048dac                system@@GLIBC_2.0
                0x0000000008048dbc                fgets@@GLIBC_2.0
                0x0000000008048dcc                __libc_start_main@@GLIBC_2.0
                0x0000000008048ddc                free@@GLIBC_2.0
                0x0000000008048dec                access@@GLIBC_2.0
                0x0000000008048dfc                fflush@@GLIBC_2.0
                0x0000000008048e0c                getopt_long@@GLIBC_2.0
                0x0000000008048e1c                rsa_free
                0x0000000008048e2c                fseek@@GLIBC_2.0
                0x0000000008048e3c                fclose@@GLIBC_2.1
                0x0000000008048e4c                strtoul@@GLIBC_2.0
                0x0000000008048e5c                fopen@@GLIBC_2.1
                0x0000000008048e6c                unlink@@GLIBC_2.0
                0x0000000008048e7c                ftell@@GLIBC_2.0
                0x0000000008048e8c                printf@@GLIBC_2.0
                0x0000000008048e9c                fwrite@@GLIBC_2.0
                0x0000000008048eac                fprintf@@GLIBC_2.0
                0x0000000008048ebc                strstr@@GLIBC_2.0
                0x0000000008048ecc                mpi_read_binary
                0x0000000008048edc                malloc@@GLIBC_2.0
                0x0000000008048eec                mpi_msb
                0x0000000008048efc                rsa_init
                0x0000000008048f0c                puts@@GLIBC_2.0
                0x0000000008048f1c                strncmp@@GLIBC_2.0
                0x0000000008048f2c                vfprintf@@GLIBC_2.0
                0x0000000008048f3c                fread@@GLIBC_2.0
                0x0000000008048f4c                snprintf@@GLIBC_2.0
 *(.iplt)
 .iplt          0x0000000000000000        0x0 /usr/lib/gcc/i586-suse-linux/4.3/../../../crt1.o

.text           0x0000000008048f60     0x2b9c
 *(.text.unlikely .text.*_unlikely)
 *(.text .stub .text.* .gnu.linkonce.t.*)
 .text          0x0000000008048f60       0x24 /usr/lib/gcc/i586-suse-linux/4.3/../../../crt1.o
                0x0000000008048f60                _start
 .text          0x0000000008048f84        0x0 /usr/lib/gcc/i586-suse-linux/4.3/../../../crti.o
 *fill*         0x0000000008048f84        0xc 90909090
 .text          0x0000000008048f90       0x83 /usr/lib/gcc/i586-suse-linux/4.3/crtbegin.o
 *fill*         0x0000000008049013        0x1 90909090
 .text          0x0000000008049014      0x819 /home/liyupeng/zengyao/6.13/DT-W724V-20140311/output/package/host-km/storegen.o
                0x00000000080494e0                main
 *fill*         0x000000000804982d        0x3 90909090
 .text          0x0000000008049830       0x17 /home/liyupeng/zengyao/6.13/DT-W724V-20140311/output/package/host-km/key1.o
                0x0000000008049830                ATP_GetInfo1
 *fill*         0x0000000008049847        0x1 90909090
 .text          0x0000000008049848       0x17 /home/liyupeng/zengyao/6.13/DT-W724V-20140311/output/package/host-km/key2.o
                0x0000000008049848                ATP_GetInfo2
 *fill*         0x000000000804985f        0x1 90909090
 .text          0x0000000008049860       0x17 /home/liyupeng/zengyao/6.13/DT-W724V-20140311/output/package/host-km/key3.o
                0x0000000008049860                ATP_GetInfo3
 *fill*         0x0000000008049877        0x1 90909090
 .text          0x0000000008049878       0x17 /home/liyupeng/zengyao/6.13/DT-W724V-20140311/output/package/host-km/key4.o
                0x0000000008049878                ATP_GetInfo4
 *fill*         0x000000000804988f        0x1 90909090
 .text          0x0000000008049890      0xfac /home/liyupeng/zengyao/6.13/DT-W724V-20140311/output/host/usr/lib/libsecapi.a(secapi.o)
                0x0000000008049890                ATP_SEC_CreateAsymmetricContext
                0x00000000080498bc                ATP_SEC_DeleteContext
                0x00000000080498ea                ATP_SEC_CreateDigestContext
                0x0000000008049abf                ATP_SEC_DeleteData
                0x0000000008049afa                ATP_SEC_CreateData
                0x0000000008049b62                ATP_SEC_DigestDataEx
                0x0000000008049be2                ATP_SEC_VerifyData
                0x0000000008049c9a                ATP_SEC_SignData
                0x0000000008049d7e                ATP_SEC_DigestData
                0x0000000008049e29                ATP_SEC_CreateSymmetricContext
                0x0000000008049fa9                ATP_SEC_CreateSignatureContext
                0x000000000804a3bb                ATP_SEC_DecryptData
                0x000000000804a43d                ATP_SEC_DecryptDataEx
                0x000000000804a4be                ATP_SEC_EncryptData
                0x000000000804a61d                ATP_SEC_EncryptDataEx
                0x000000000804a673                ATP_SEC_DigestString
                0x000000000804a756                ATP_SEC_ReadFileToData
 .text.__i686.get_pc_thunk.bx
                0x000000000804a83c        0x4 /home/liyupeng/zengyao/6.13/DT-W724V-20140311/output/host/usr/lib/libsecapi.a(secapi.o)
                0x000000000804a83c                __i686.get_pc_thunk.bx
 .text          0x000000000804a840      0xc38 /home/liyupeng/zengyao/6.13/DT-W724V-20140311/output/host/usr/lib/libsecapi.a(seckmapi.o)
                0x000000000804a840                ATP_UTIL_ListAppend
                0x000000000804a855                ATP_UTIL_ListFindItem
                0x000000000804a889                ATP_SEC_SSL_GetCert
                0x000000000804a8d6                ATP_SEC_KM_GetKey
                0x000000000804a924                ATP_SEC_KM_InsertKeyList
                0x000000000804a962                ATP_SEC_KM_GetKeyAttribute
                0x000000000804a97f                ATP_SEC_KM_DeleteLoadKeyDriver
                0x000000000804a9a6                ATP_SEC_KM_DeleteKeyData
                0x000000000804a9e1                ATP_SEC_KM_DeleteKey
                0x000000000804aa32                ATP_SEC_KM_RemoveKey
                0x000000000804aa8c                ATP_SEC_KM_RemoveAllKey
                0x000000000804aac2                ATP_SEC_KM_Destroy
                0x000000000804ab47                ATP_SEC_KM_AddKey
                0x000000000804ab97                ATP_SEC_KM_AppendKeyAttribute
                0x000000000804ac06                ATP_SEC_KM_CreateKeyData
                0x000000000804ac69                ATP_SEC_KM_CreateKey
                0x000000000804acb1                ATP_SEC_KM_LoadKey
                0x000000000804af6e                ATP_SEC_KM_CreateLoadKeyDriver
                0x000000000804b145                ATP_SEC_KM_Init
 .text          0x000000000804b478      0x193 /home/liyupeng/zengyao/6.13/DT-W724V-20140311/output/host/usr/lib/libsecapi.a(storekeyutil.o)
                0x000000000804b478                ATP_SEC_KM_StoreKey
                0x000000000804b4a3                ATP_SEC_KM_DeleteStoreKeyDriver
                0x000000000804b4ca                ATP_SEC_KM_CreateFileStoreKeyDriver
 *fill*         0x000000000804b60b        0x1 90909090
 .text          0x000000000804b60c      0x44e /home/liyupeng/zengyao/6.13/DT-W724V-20140311/output/host/usr/lib/libhttpcore.a(strfile.o)
                0x000000000804b60c                ATP_UTIL_StrFileTell
                0x000000000804b61a                ATP_UTIL_StrFileBuffer
                0x000000000804b62e                ATP_UTIL_StrFileSetLen
                0x000000000804b657                ATP_UTIL_StrFileToBuf
                0x000000000804b716                ATP_UTIL_StrFileFlush
                0x000000000804b751                ATP_UTIL_StrFileClose
                0x000000000804b7ab                ATP_UTIL_StrFileReSize
                0x000000000804b807                ATP_UTIL_StrFileFOpen
                0x000000000804b86c                ATP_UTIL_StrFileOpen
                0x000000000804b8d8                ATP_UTIL_StrFilePrintf
                0x000000000804b97c                ATP_UTIL_StrFileWriteBin
                0x000000000804ba08                ATP_UTIL_StrFileOpenEx
 *fill*         0x000000000804ba5a        0x6 90909090
 .text          0x000000000804ba60       0x6a /usr/lib/libc_nonshared.a(elf-init.oS)
                0x000000000804ba60                __libc_csu_fini
                0x000000000804ba70                __libc_csu_init
 *fill*         0x000000000804baca        0x6 90909090
 .text          0x000000000804bad0       0x2a /usr/lib/gcc/i586-suse-linux/4.3/crtend.o
 *fill*         0x000000000804bafa        0x2 90909090
 .text          0x000000000804bafc        0x0 /usr/lib/gcc/i586-suse-linux/4.3/../../../crtn.o
 *(.gnu.warning)

.fini           0x000000000804bafc       0x1c
 *(.fini)
 .fini          0x000000000804bafc       0x13 /usr/lib/gcc/i586-suse-linux/4.3/../../../crti.o
                0x000000000804bafc                _fini
 .fini          0x000000000804bb0f        0x5 /usr/lib/gcc/i586-suse-linux/4.3/crtbegin.o
 .fini          0x000000000804bb14        0x4 /usr/lib/gcc/i586-suse-linux/4.3/../../../crtn.o
                0x000000000804bb18                PROVIDE (__etext, .)
                0x000000000804bb18                PROVIDE (_etext, .)
                0x000000000804bb18                PROVIDE (etext, .)

.rodata         0x000000000804bb18      0x3da
 *(.rodata .rodata.* .gnu.linkonce.r.*)
 .rodata        0x000000000804bb18        0x4 /usr/lib/gcc/i586-suse-linux/4.3/../../../crt1.o
                0x000000000804bb18                _fp_hw
 .rodata.cst4   0x000000000804bb1c        0x4 /usr/lib/gcc/i586-suse-linux/4.3/../../../crt1.o
                0x000000000804bb1c                _IO_stdin_used
 .rodata.str1.1
                0x000000000804bb20      0x2e0 /home/liyupeng/zengyao/6.13/DT-W724V-20140311/output/package/host-km/storegen.o
                                        0x2f7 (size before relaxing)
 .rodata        0x000000000804be00       0x24 /home/liyupeng/zengyao/6.13/DT-W724V-20140311/output/package/host-km/storegen.o
 .rodata.str1.1
                0x000000000804be24        0x8 /home/liyupeng/zengyao/6.13/DT-W724V-20140311/output/host/usr/lib/libsecapi.a(secapi.o)
 .rodata.str1.1
                0x000000000804be2c       0xc6 /home/liyupeng/zengyao/6.13/DT-W724V-20140311/output/host/usr/lib/libsecapi.a(seckmapi.o)
                                         0xd4 (size before relaxing)
 .rodata.str1.1
                0x0000000000000000       0x14 /home/liyupeng/zengyao/6.13/DT-W724V-20140311/output/host/usr/lib/libsecapi.a(storekeyutil.o)
 .rodata.str1.1
                0x0000000000000000        0x6 /home/liyupeng/zengyao/6.13/DT-W724V-20140311/output/host/usr/lib/libhttpcore.a(strfile.o)

.rodata1
 *(.rodata1)

.eh_frame_hdr   0x000000000804bef4       0x1c
 *(.eh_frame_hdr)
 .eh_frame_hdr  0x000000000804bef4       0x1c /usr/lib/libc_nonshared.a(elf-init.oS)

.eh_frame       0x000000000804bf10       0x58
 *(.eh_frame)
 .eh_frame      0x000000000804bf10       0x54 /usr/lib/libc_nonshared.a(elf-init.oS)
 .eh_frame      0x000000000804bf64        0x4 /usr/lib/gcc/i586-suse-linux/4.3/crtend.o

.gcc_except_table
 *(.gcc_except_table .gcc_except_table.*)
                0x000000000804bf68                . = (ALIGN (0x1000) - ((0x1000 - .) & 0xfff))
                0x000000000804ce9c                . = (0x1000 DATA_SEGMENT_ALIGN 0x1000)

.eh_frame
 *(.eh_frame)

.gcc_except_table
 *(.gcc_except_table .gcc_except_table.*)

.tdata
 *(.tdata .tdata.* .gnu.linkonce.td.*)

.tbss
 *(.tbss .tbss.* .gnu.linkonce.tb.*)
 *(.tcommon)

.preinit_array  0x000000000804ce9c        0x0
                0x000000000804ce9c                PROVIDE (__preinit_array_start, .)
 *(.preinit_array)
                0x000000000804ce9c                PROVIDE (__preinit_array_end, .)

.init_array     0x000000000804ce9c        0x0
                0x000000000804ce9c                PROVIDE (__init_array_start, .)
 *(SORT(.init_array.*))
 *(.init_array)
                0x000000000804ce9c                PROVIDE (__init_array_end, .)

.fini_array     0x000000000804ce9c        0x0
                0x000000000804ce9c                PROVIDE (__fini_array_start, .)
 *(.fini_array)
 *(SORT(.fini_array.*))
                0x000000000804ce9c                PROVIDE (__fini_array_end, .)

.ctors          0x000000000804ce9c        0x8
 *crtbegin.o(.ctors)
 .ctors         0x000000000804ce9c        0x4 /usr/lib/gcc/i586-suse-linux/4.3/crtbegin.o
 *crtbegin?.o(.ctors)
 *(EXCLUDE_FILE(*crtend?.o *crtend.o) .ctors)
 *(SORT(.ctors.*))
 *(.ctors)
 .ctors         0x000000000804cea0        0x4 /usr/lib/gcc/i586-suse-linux/4.3/crtend.o

.dtors          0x000000000804cea4        0x8
 *crtbegin.o(.dtors)
 .dtors         0x000000000804cea4        0x4 /usr/lib/gcc/i586-suse-linux/4.3/crtbegin.o
 *crtbegin?.o(.dtors)
 *(EXCLUDE_FILE(*crtend?.o *crtend.o) .dtors)
 *(SORT(.dtors.*))
 *(.dtors)
 .dtors         0x000000000804cea8        0x4 /usr/lib/gcc/i586-suse-linux/4.3/crtend.o
                0x000000000804cea8                __DTOR_END__

.jcr            0x000000000804ceac        0x4
 *(.jcr)
 .jcr           0x000000000804ceac        0x0 /usr/lib/gcc/i586-suse-linux/4.3/crtbegin.o
 .jcr           0x000000000804ceac        0x4 /usr/lib/gcc/i586-suse-linux/4.3/crtend.o

.data.rel.ro
 *(.data.rel.ro.local* .gnu.linkonce.d.rel.ro.local.*)
 *(.data.rel.ro* .gnu.linkonce.d.rel.ro.*)

.dynamic        0x000000000804ceb0       0xe8
 *(.dynamic)
 .dynamic       0x000000000804ceb0       0xe8 /usr/lib/gcc/i586-suse-linux/4.3/../../../crt1.o
                0x000000000804ceb0                _DYNAMIC

.got            0x000000000804cf98       0x5c
 *(.got)
 .got           0x000000000804cf98       0x5c /usr/lib/gcc/i586-suse-linux/4.3/../../../crt1.o
 *(.igot)
                0x000000000804cff4                . = (. DATA_SEGMENT_RELRO_END 0xc)

.got.plt        0x000000000804cff4       0x90
 *(.got.plt)
 .got.plt       0x000000000804cff4       0x90 /usr/lib/gcc/i586-suse-linux/4.3/../../../crt1.o
                0x000000000804cff4                _GLOBAL_OFFSET_TABLE_
 *(.igot.plt)
 .igot.plt      0x0000000000000000        0x0 /usr/lib/gcc/i586-suse-linux/4.3/../../../crt1.o

.data           0x000000000804d084      0x3a8
 *(.data .data.* .gnu.linkonce.d.*)
 .data          0x000000000804d084        0x4 /usr/lib/gcc/i586-suse-linux/4.3/../../../crt1.o
                0x000000000804d084                data_start
                0x000000000804d084                __data_start
 .data          0x000000000804d088        0x0 /usr/lib/gcc/i586-suse-linux/4.3/../../../crti.o
 .data          0x000000000804d088        0x4 /usr/lib/gcc/i586-suse-linux/4.3/crtbegin.o
                0x000000000804d088                __dso_handle
 .data          0x000000000804d08c       0x50 /home/liyupeng/zengyao/6.13/DT-W724V-20140311/output/package/host-km/storegen.o
 .data          0x000000000804d0dc       0xd4 /home/liyupeng/zengyao/6.13/DT-W724V-20140311/output/package/host-km/key1.o
 .data          0x000000000804d1b0       0xd4 /home/liyupeng/zengyao/6.13/DT-W724V-20140311/output/package/host-km/key2.o
 .data          0x000000000804d284       0xd4 /home/liyupeng/zengyao/6.13/DT-W724V-20140311/output/package/host-km/key3.o
 .data          0x000000000804d358       0xd4 /home/liyupeng/zengyao/6.13/DT-W724V-20140311/output/package/host-km/key4.o
 .data          0x000000000804d42c        0x0 /home/liyupeng/zengyao/6.13/DT-W724V-20140311/output/host/usr/lib/libsecapi.a(secapi.o)
 .data          0x000000000804d42c        0x0 /home/liyupeng/zengyao/6.13/DT-W724V-20140311/output/host/usr/lib/libsecapi.a(seckmapi.o)
 .data          0x000000000804d42c        0x0 /home/liyupeng/zengyao/6.13/DT-W724V-20140311/output/host/usr/lib/libsecapi.a(storekeyutil.o)
 .data          0x000000000804d42c        0x0 /home/liyupeng/zengyao/6.13/DT-W724V-20140311/output/host/usr/lib/libhttpcore.a(strfile.o)
 .data          0x000000000804d42c        0x0 /usr/lib/libc_nonshared.a(elf-init.oS)
 .data          0x000000000804d42c        0x0 /usr/lib/gcc/i586-suse-linux/4.3/crtend.o
 .data          0x000000000804d42c        0x0 /usr/lib/gcc/i586-suse-linux/4.3/../../../crtn.o

.data1
 *(.data1)
                0x000000000804d42c                _edata = .
                0x000000000804d42c                PROVIDE (edata, .)
                0x000000000804d42c                __bss_start = .

.bss            0x000000000804d42c       0x1c
 *(.dynbss)
 .dynbss        0x000000000804d42c        0x4 /usr/lib/gcc/i586-suse-linux/4.3/../../../crt1.o
                0x000000000804d42c                optarg@@GLIBC_2.0
 *(.bss .bss.* .gnu.linkonce.b.*)
 .bss           0x000000000804d430        0x0 /usr/lib/gcc/i586-suse-linux/4.3/../../../crt1.o
 .bss           0x000000000804d430        0x0 /usr/lib/gcc/i586-suse-linux/4.3/../../../crti.o
 .bss           0x000000000804d430        0x8 /usr/lib/gcc/i586-suse-linux/4.3/crtbegin.o
 .bss           0x000000000804d438        0x4 /home/liyupeng/zengyao/6.13/DT-W724V-20140311/output/package/host-km/storegen.o
 .bss           0x000000000804d43c        0x0 /home/liyupeng/zengyao/6.13/DT-W724V-20140311/output/package/host-km/key1.o
 .bss           0x000000000804d43c        0x0 /home/liyupeng/zengyao/6.13/DT-W724V-20140311/output/package/host-km/key2.o
 .bss           0x000000000804d43c        0x0 /home/liyupeng/zengyao/6.13/DT-W724V-20140311/output/package/host-km/key3.o
 .bss           0x000000000804d43c        0x0 /home/liyupeng/zengyao/6.13/DT-W724V-20140311/output/package/host-km/key4.o
 .bss           0x000000000804d43c        0x0 /home/liyupeng/zengyao/6.13/DT-W724V-20140311/output/host/usr/lib/libsecapi.a(secapi.o)
 .bss           0x000000000804d43c        0xc /home/liyupeng/zengyao/6.13/DT-W724V-20140311/output/host/usr/lib/libsecapi.a(seckmapi.o)
                0x000000000804d43c                g_pfSecLoadStaticKeysProc
 .bss           0x000000000804d448        0x0 /home/liyupeng/zengyao/6.13/DT-W724V-20140311/output/host/usr/lib/libsecapi.a(storekeyutil.o)
 .bss           0x000000000804d448        0x0 /home/liyupeng/zengyao/6.13/DT-W724V-20140311/output/host/usr/lib/libhttpcore.a(strfile.o)
 .bss           0x000000000804d448        0x0 /usr/lib/libc_nonshared.a(elf-init.oS)
 .bss           0x000000000804d448        0x0 /usr/lib/gcc/i586-suse-linux/4.3/crtend.o
 .bss           0x000000000804d448        0x0 /usr/lib/gcc/i586-suse-linux/4.3/../../../crtn.o
 *(COMMON)
                0x000000000804d448                . = ALIGN ((. != 0x0)?0x4:0x1)
                0x000000000804d448                . = ALIGN (0x4)
                0x000000000804d448                . = ALIGN (0x4)
                0x000000000804d448                _end = .
                0x000000000804d448                PROVIDE (end, .)
                0x000000000804d448                . = DATA_SEGMENT_END (.)

.stab
 *(.stab)

.stabstr
 *(.stabstr)

.stab.excl
 *(.stab.excl)

.stab.exclstr
 *(.stab.exclstr)

.stab.index
 *(.stab.index)

.stab.indexstr
 *(.stab.indexstr)

.comment.SUSE.OPTs
                0x0000000000000000        0x6
 .comment.SUSE.OPTs
                0x0000000000000000        0x6 /home/liyupeng/zengyao/6.13/DT-W724V-20140311/output/package/host-km/storegen.o
 .comment.SUSE.OPTs
                0x0000000000000000        0x6 /home/liyupeng/zengyao/6.13/DT-W724V-20140311/output/package/host-km/key1.o
 .comment.SUSE.OPTs
                0x0000000000000000        0x6 /home/liyupeng/zengyao/6.13/DT-W724V-20140311/output/package/host-km/key2.o
 .comment.SUSE.OPTs
                0x0000000000000000        0x6 /home/liyupeng/zengyao/6.13/DT-W724V-20140311/output/package/host-km/key3.o
 .comment.SUSE.OPTs
                0x0000000000000000        0x6 /home/liyupeng/zengyao/6.13/DT-W724V-20140311/output/package/host-km/key4.o
 .comment.SUSE.OPTs
                0x0000000000000000        0x6 /home/liyupeng/zengyao/6.13/DT-W724V-20140311/output/host/usr/lib/libsecapi.a(secapi.o)
 .comment.SUSE.OPTs
                0x0000000000000000        0x6 /home/liyupeng/zengyao/6.13/DT-W724V-20140311/output/host/usr/lib/libsecapi.a(seckmapi.o)
 .comment.SUSE.OPTs
                0x0000000000000000        0x6 /home/liyupeng/zengyao/6.13/DT-W724V-20140311/output/host/usr/lib/libsecapi.a(storekeyutil.o)
 .comment.SUSE.OPTs
                0x0000000000000000        0x6 /home/liyupeng/zengyao/6.13/DT-W724V-20140311/output/host/usr/lib/libhttpcore.a(strfile.o)

.comment        0x0000000000000000       0x39
 *(.comment)
 .comment       0x0000000000000000       0x39 /usr/lib/gcc/i586-suse-linux/4.3/../../../crt1.o
                                         0x3a (size before relaxing)
 .comment       0x0000000000000000       0x3a /usr/lib/gcc/i586-suse-linux/4.3/../../../crti.o
 .comment       0x0000000000000000       0x3a /usr/lib/gcc/i586-suse-linux/4.3/crtbegin.o
 .comment       0x0000000000000000       0x3a /home/liyupeng/zengyao/6.13/DT-W724V-20140311/output/package/host-km/storegen.o
 .comment       0x0000000000000000       0x3a /home/liyupeng/zengyao/6.13/DT-W724V-20140311/output/package/host-km/key1.o
 .comment       0x0000000000000000       0x3a /home/liyupeng/zengyao/6.13/DT-W724V-20140311/output/package/host-km/key2.o
 .comment       0x0000000000000000       0x3a /home/liyupeng/zengyao/6.13/DT-W724V-20140311/output/package/host-km/key3.o
 .comment       0x0000000000000000       0x3a /home/liyupeng/zengyao/6.13/DT-W724V-20140311/output/package/host-km/key4.o
 .comment       0x0000000000000000       0x3a /home/liyupeng/zengyao/6.13/DT-W724V-20140311/output/host/usr/lib/libsecapi.a(secapi.o)
 .comment       0x0000000000000000       0x3a /home/liyupeng/zengyao/6.13/DT-W724V-20140311/output/host/usr/lib/libsecapi.a(seckmapi.o)
 .comment       0x0000000000000000       0x3a /home/liyupeng/zengyao/6.13/DT-W724V-20140311/output/host/usr/lib/libsecapi.a(storekeyutil.o)
 .comment       0x0000000000000000       0x3a /home/liyupeng/zengyao/6.13/DT-W724V-20140311/output/host/usr/lib/libhttpcore.a(strfile.o)
 .comment       0x0000000000000000       0x3a /usr/lib/gcc/i586-suse-linux/4.3/crtend.o
 .comment       0x0000000000000000       0x3a /usr/lib/gcc/i586-suse-linux/4.3/../../../crtn.o

.debug
 *(.debug)

.line
 *(.line)

.debug_srcinfo
 *(.debug_srcinfo)

.debug_sfnames
 *(.debug_sfnames)

.debug_aranges
 *(.debug_aranges)

.debug_pubnames
 *(.debug_pubnames)

.debug_info
 *(.debug_info .gnu.linkonce.wi.*)

.debug_abbrev
 *(.debug_abbrev)

.debug_line
 *(.debug_line)

.debug_frame
 *(.debug_frame)

.debug_str
 *(.debug_str)

.debug_loc
 *(.debug_loc)

.debug_macinfo
 *(.debug_macinfo)

.debug_weaknames
 *(.debug_weaknames)

.debug_funcnames
 *(.debug_funcnames)

.debug_typenames
 *(.debug_typenames)

.debug_varnames
 *(.debug_varnames)

.debug_pubtypes
 *(.debug_pubtypes)

.debug_ranges
 *(.debug_ranges)

.gnu.attributes
 *(.gnu.attributes)

/DISCARD/
 *(.note.GNU-stack)
 *(.gnu_debuglink)
 *(.gnu.lto_*)
OUTPUT(/home/liyupeng/zengyao/6.13/DT-W724V-20140311/output/package/host-km/host-storegen elf32-i386)
