Archive member included because of file (symbol)

/usr/lib/libc_nonshared.a(elf-init.oS)
                              /usr/lib/gcc/i586-suse-linux/4.3/../../../crt1.o (__libc_csu_fini)

Discarded input sections

 .note.GNU-stack
                0x0000000000000000        0x0 /usr/lib/gcc/i586-suse-linux/4.3/../../../crt1.o
 .debug_aranges
                0x0000000000000000       0x20 /usr/lib/gcc/i586-suse-linux/4.3/../../../crt1.o
 .debug_pubnames
                0x0000000000000000       0x25 /usr/lib/gcc/i586-suse-linux/4.3/../../../crt1.o
 .debug_info    0x0000000000000000       0xfa /usr/lib/gcc/i586-suse-linux/4.3/../../../crt1.o
 .debug_abbrev  0x0000000000000000       0x5f /usr/lib/gcc/i586-suse-linux/4.3/../../../crt1.o
 .debug_line    0x0000000000000000       0x82 /usr/lib/gcc/i586-suse-linux/4.3/../../../crt1.o
 .debug_str     0x0000000000000000       0xf5 /usr/lib/gcc/i586-suse-linux/4.3/../../../crt1.o
 .note.GNU-stack
                0x0000000000000000        0x0 /usr/lib/gcc/i586-suse-linux/4.3/../../../crti.o
 .note.GNU-stack
                0x0000000000000000        0x0 /usr/lib/gcc/i586-suse-linux/4.3/crtbegin.o
 .note.GNU-stack
                0x0000000000000000        0x0 /home/liyupeng/zengyao/6.13/DT-W724V-20140311/output/package/host-atppkg/genFactoryPartition.o
 .group         0x0000000000000000        0x8 /usr/lib/libc_nonshared.a(elf-init.oS)
 .debug_abbrev  0x0000000000000000       0xd6 /usr/lib/libc_nonshared.a(elf-init.oS)
 .debug_info    0x0000000000000000      0x11a /usr/lib/libc_nonshared.a(elf-init.oS)
 .debug_line    0x0000000000000000       0x7e /usr/lib/libc_nonshared.a(elf-init.oS)
 .debug_frame   0x0000000000000000       0x4c /usr/lib/libc_nonshared.a(elf-init.oS)
 .debug_loc     0x0000000000000000       0x6b /usr/lib/libc_nonshared.a(elf-init.oS)
 .debug_pubnames
                0x0000000000000000       0x3a /usr/lib/libc_nonshared.a(elf-init.oS)
 .debug_aranges
                0x0000000000000000       0x20 /usr/lib/libc_nonshared.a(elf-init.oS)
 .debug_str     0x0000000000000000       0xdb /usr/lib/libc_nonshared.a(elf-init.oS)
 .note.GNU-stack
                0x0000000000000000        0x0 /usr/lib/libc_nonshared.a(elf-init.oS)
 .note.GNU-stack
                0x0000000000000000        0x0 /usr/lib/gcc/i586-suse-linux/4.3/crtend.o
 .note.GNU-stack
                0x0000000000000000        0x0 /usr/lib/gcc/i586-suse-linux/4.3/../../../crtn.o

Memory Configuration

Name             Origin             Length             Attributes
*default*        0x0000000000000000 0xffffffffffffffff

Linker script and memory map

LOAD /usr/lib/gcc/i586-suse-linux/4.3/../../../crt1.o
LOAD /usr/lib/gcc/i586-suse-linux/4.3/../../../crti.o
LOAD /usr/lib/gcc/i586-suse-linux/4.3/crtbegin.o
LOAD /home/liyupeng/zengyao/6.13/DT-W724V-20140311/output/package/host-atppkg/genFactoryPartition.o
LOAD /usr/lib/gcc/i586-suse-linux/4.3/../../../libm.so
LOAD /usr/lib/gcc/i586-suse-linux/4.3/libgcc.a
LOAD /usr/lib/gcc/i586-suse-linux/4.3/libgcc_s.so
LOAD /usr/lib/gcc/i586-suse-linux/4.3/../../../libc.so
START GROUP
LOAD /lib/libc.so.6
LOAD /usr/lib/libc_nonshared.a
LOAD /lib/ld-linux.so.2
END GROUP
LOAD /usr/lib/gcc/i586-suse-linux/4.3/libgcc.a
LOAD /usr/lib/gcc/i586-suse-linux/4.3/libgcc_s.so
LOAD /usr/lib/gcc/i586-suse-linux/4.3/crtend.o
LOAD /usr/lib/gcc/i586-suse-linux/4.3/../../../crtn.o
                0x0000000008048000                PROVIDE (__executable_start, 0x8048000)
                0x0000000008048154                . = (0x8048000 + SIZEOF_HEADERS)

.interp         0x0000000008048154       0x13
 *(.interp)
 .interp        0x0000000008048154       0x13 /usr/lib/gcc/i586-suse-linux/4.3/../../../crt1.o

.note.ABI-tag   0x0000000008048168       0x20
 .note.ABI-tag  0x0000000008048168       0x20 /usr/lib/gcc/i586-suse-linux/4.3/../../../crt1.o

.note.SuSE      0x0000000008048188       0x18
 .note.SuSE     0x0000000008048188       0x18 /usr/lib/gcc/i586-suse-linux/4.3/../../../crt1.o

.note.gnu.build-id
                0x00000000080481a0       0x24
 *(.note.gnu.build-id)
 .note.gnu.build-id
                0x00000000080481a0       0x24 /usr/lib/gcc/i586-suse-linux/4.3/../../../crt1.o

.hash           0x00000000080481c4       0xb4
 *(.hash)
 .hash          0x00000000080481c4       0xb4 /usr/lib/gcc/i586-suse-linux/4.3/../../../crt1.o

.gnu.hash       0x0000000008048278       0x30
 *(.gnu.hash)
 .gnu.hash      0x0000000008048278       0x30 /usr/lib/gcc/i586-suse-linux/4.3/../../../crt1.o

.dynsym         0x00000000080482a8      0x1a0
 *(.dynsym)
 .dynsym        0x00000000080482a8      0x1a0 /usr/lib/gcc/i586-suse-linux/4.3/../../../crt1.o

.dynstr         0x0000000008048448      0x133
 *(.dynstr)
 .dynstr        0x0000000008048448      0x133 /usr/lib/gcc/i586-suse-linux/4.3/../../../crt1.o

.gnu.version    0x000000000804857c       0x34
 *(.gnu.version)
 .gnu.version   0x000000000804857c       0x34 /usr/lib/gcc/i586-suse-linux/4.3/../../../crt1.o

.gnu.version_d  0x00000000080485b0        0x0
 *(.gnu.version_d)
 .gnu.version_d
                0x0000000000000000        0x0 /usr/lib/gcc/i586-suse-linux/4.3/../../../crt1.o

.gnu.version_r  0x00000000080485b0       0x50
 *(.gnu.version_r)
 .gnu.version_r
                0x00000000080485b0       0x50 /usr/lib/gcc/i586-suse-linux/4.3/../../../crt1.o

.rel.dyn        0x0000000008048600       0x20
 *(.rel.init)
 *(.rel.text .rel.text.* .rel.gnu.linkonce.t.*)
 .rel.text      0x0000000000000000        0x0 /usr/lib/gcc/i586-suse-linux/4.3/../../../crt1.o
 *(.rel.fini)
 *(.rel.rodata .rel.rodata.* .rel.gnu.linkonce.r.*)
 *(.rel.data.rel.ro* .rel.gnu.linkonce.d.rel.ro.*)
 *(.rel.data .rel.data.* .rel.gnu.linkonce.d.*)
 *(.rel.tdata .rel.tdata.* .rel.gnu.linkonce.td.*)
 *(.rel.tbss .rel.tbss.* .rel.gnu.linkonce.tb.*)
 *(.rel.ctors)
 *(.rel.dtors)
 *(.rel.got)
 .rel.got       0x0000000008048600        0x8 /usr/lib/gcc/i586-suse-linux/4.3/../../../crt1.o
 *(.rel.bss .rel.bss.* .rel.gnu.linkonce.b.*)
 .rel.bss       0x0000000008048608       0x18 /usr/lib/gcc/i586-suse-linux/4.3/../../../crt1.o
 *(.rel.ifunc)

.rel.plt        0x0000000008048620       0xa0
 *(.rel.plt)
 .rel.plt       0x0000000008048620       0xa0 /usr/lib/gcc/i586-suse-linux/4.3/../../../crt1.o
                0x00000000080486c0                PROVIDE (__rel_iplt_start, .)
 *(.rel.iplt)
 .rel.iplt      0x0000000000000000        0x0 /usr/lib/gcc/i586-suse-linux/4.3/../../../crt1.o
                0x00000000080486c0                PROVIDE (__rel_iplt_end, .)

.init           0x00000000080486c0       0x30
 *(.init)
 .init          0x00000000080486c0       0x22 /usr/lib/gcc/i586-suse-linux/4.3/../../../crti.o
                0x00000000080486c0                _init
 .init          0x00000000080486e2        0x5 /usr/lib/gcc/i586-suse-linux/4.3/crtbegin.o
 .init          0x00000000080486e7        0x5 /usr/lib/gcc/i586-suse-linux/4.3/crtend.o
 .init          0x00000000080486ec        0x4 /usr/lib/gcc/i586-suse-linux/4.3/../../../crtn.o

.plt            0x00000000080486f0      0x150
 *(.plt)
 .plt           0x00000000080486f0      0x150 /usr/lib/gcc/i586-suse-linux/4.3/../../../crt1.o
                0x0000000008048700                fputs@@GLIBC_2.0
                0x0000000008048720                __libc_start_main@@GLIBC_2.0
                0x0000000008048730                perror@@GLIBC_2.0
                0x0000000008048740                getopt_long@@GLIBC_2.0
                0x0000000008048750                fseek@@GLIBC_2.0
                0x0000000008048760                fclose@@GLIBC_2.1
                0x0000000008048770                fopen@@GLIBC_2.1
                0x0000000008048780                strcpy@@GLIBC_2.0
                0x0000000008048790                ftell@@GLIBC_2.0
                0x00000000080487a0                printf@@GLIBC_2.0
                0x00000000080487b0                fwrite@@GLIBC_2.0
                0x00000000080487c0                fprintf@@GLIBC_2.0
                0x00000000080487d0                fputc@@GLIBC_2.0
                0x00000000080487e0                puts@@GLIBC_2.0
                0x00000000080487f0                snprintf@@GLIBC_2.0
                0x0000000008048800                ferror@@GLIBC_2.0
                0x0000000008048810                strcmp@@GLIBC_2.0
                0x0000000008048820                exit@@GLIBC_2.0
                0x0000000008048830                ceil@@GLIBC_2.0
 *(.iplt)
 .iplt          0x0000000000000000        0x0 /usr/lib/gcc/i586-suse-linux/4.3/../../../crt1.o

.text           0x0000000008048840      0xb5c
 *(.text.unlikely .text.*_unlikely)
 *(.text .stub .text.* .gnu.linkonce.t.*)
 .text          0x0000000008048840       0x24 /usr/lib/gcc/i586-suse-linux/4.3/../../../crt1.o
                0x0000000008048840                _start
 .text          0x0000000008048864        0x0 /usr/lib/gcc/i586-suse-linux/4.3/../../../crti.o
 *fill*         0x0000000008048864        0xc 90909090
 .text          0x0000000008048870       0x83 /usr/lib/gcc/i586-suse-linux/4.3/crtbegin.o
 *fill*         0x00000000080488f3        0x1 90909090
 .text          0x00000000080488f4      0xa08 /home/liyupeng/zengyao/6.13/DT-W724V-20140311/output/package/host-atppkg/genFactoryPartition.o
                0x00000000080488f4                GetOffset
                0x0000000008048912                GetPartionSize
                0x0000000008048925                GetImageSize
                0x000000000804895c                BuildFactoryPartition
                0x000000000804902d                main
 *fill*         0x00000000080492fc        0x4 90909090
 .text          0x0000000008049300       0x6a /usr/lib/libc_nonshared.a(elf-init.oS)
                0x0000000008049300                __libc_csu_fini
                0x0000000008049310                __libc_csu_init
 .text.__i686.get_pc_thunk.bx
                0x000000000804936a        0x4 /usr/lib/libc_nonshared.a(elf-init.oS)
                0x000000000804936a                __i686.get_pc_thunk.bx
 *fill*         0x000000000804936e        0x2 90909090
 .text          0x0000000008049370       0x2a /usr/lib/gcc/i586-suse-linux/4.3/crtend.o
 *fill*         0x000000000804939a        0x2 90909090
 .text          0x000000000804939c        0x0 /usr/lib/gcc/i586-suse-linux/4.3/../../../crtn.o
 *(.gnu.warning)

.fini           0x000000000804939c       0x1c
 *(.fini)
 .fini          0x000000000804939c       0x13 /usr/lib/gcc/i586-suse-linux/4.3/../../../crti.o
                0x000000000804939c                _fini
 .fini          0x00000000080493af        0x5 /usr/lib/gcc/i586-suse-linux/4.3/crtbegin.o
 .fini          0x00000000080493b4        0x4 /usr/lib/gcc/i586-suse-linux/4.3/../../../crtn.o
                0x00000000080493b8                PROVIDE (__etext, .)
                0x00000000080493b8                PROVIDE (_etext, .)
                0x00000000080493b8                PROVIDE (etext, .)

.rodata         0x00000000080493b8      0x5cf
 *(.rodata .rodata.* .gnu.linkonce.r.*)
 .rodata        0x00000000080493b8        0x4 /usr/lib/gcc/i586-suse-linux/4.3/../../../crt1.o
                0x00000000080493b8                _fp_hw
 .rodata.cst4   0x00000000080493bc        0x4 /usr/lib/gcc/i586-suse-linux/4.3/../../../crt1.o
                0x00000000080493bc                _IO_stdin_used
 .rodata.str1.1
                0x00000000080493c0      0x5c7 /home/liyupeng/zengyao/6.13/DT-W724V-20140311/output/package/host-atppkg/genFactoryPartition.o
                                        0x5cb (size before relaxing)

.rodata1
 *(.rodata1)

.eh_frame_hdr   0x0000000008049988       0x1c
 *(.eh_frame_hdr)
 .eh_frame_hdr  0x0000000008049988       0x1c /usr/lib/libc_nonshared.a(elf-init.oS)

.eh_frame       0x00000000080499a4       0x58
 *(.eh_frame)
 .eh_frame      0x00000000080499a4       0x54 /usr/lib/libc_nonshared.a(elf-init.oS)
 .eh_frame      0x00000000080499f8        0x4 /usr/lib/gcc/i586-suse-linux/4.3/crtend.o

.gcc_except_table
 *(.gcc_except_table .gcc_except_table.*)
                0x00000000080499fc                . = (ALIGN (0x1000) - ((0x1000 - .) & 0xfff))
                0x000000000804aef4                . = (0x1000 DATA_SEGMENT_ALIGN 0x1000)

.eh_frame
 *(.eh_frame)

.gcc_except_table
 *(.gcc_except_table .gcc_except_table.*)

.tdata
 *(.tdata .tdata.* .gnu.linkonce.td.*)

.tbss
 *(.tbss .tbss.* .gnu.linkonce.tb.*)
 *(.tcommon)

.preinit_array  0x000000000804aef4        0x0
                0x000000000804aef4                PROVIDE (__preinit_array_start, .)
 *(.preinit_array)
                0x000000000804aef4                PROVIDE (__preinit_array_end, .)

.init_array     0x000000000804aef4        0x0
                0x000000000804aef4                PROVIDE (__init_array_start, .)
 *(SORT(.init_array.*))
 *(.init_array)
                0x000000000804aef4                PROVIDE (__init_array_end, .)

.fini_array     0x000000000804aef4        0x0
                0x000000000804aef4                PROVIDE (__fini_array_start, .)
 *(.fini_array)
 *(SORT(.fini_array.*))
                0x000000000804aef4                PROVIDE (__fini_array_end, .)

.ctors          0x000000000804aef4        0x8
 *crtbegin.o(.ctors)
 .ctors         0x000000000804aef4        0x4 /usr/lib/gcc/i586-suse-linux/4.3/crtbegin.o
 *crtbegin?.o(.ctors)
 *(EXCLUDE_FILE(*crtend?.o *crtend.o) .ctors)
 *(SORT(.ctors.*))
 *(.ctors)
 .ctors         0x000000000804aef8        0x4 /usr/lib/gcc/i586-suse-linux/4.3/crtend.o

.dtors          0x000000000804aefc        0x8
 *crtbegin.o(.dtors)
 .dtors         0x000000000804aefc        0x4 /usr/lib/gcc/i586-suse-linux/4.3/crtbegin.o
 *crtbegin?.o(.dtors)
 *(EXCLUDE_FILE(*crtend?.o *crtend.o) .dtors)
 *(SORT(.dtors.*))
 *(.dtors)
 .dtors         0x000000000804af00        0x4 /usr/lib/gcc/i586-suse-linux/4.3/crtend.o
                0x000000000804af00                __DTOR_END__

.jcr            0x000000000804af04        0x4
 *(.jcr)
 .jcr           0x000000000804af04        0x0 /usr/lib/gcc/i586-suse-linux/4.3/crtbegin.o
 .jcr           0x000000000804af04        0x4 /usr/lib/gcc/i586-suse-linux/4.3/crtend.o

.data.rel.ro
 *(.data.rel.ro.local* .gnu.linkonce.d.rel.ro.local.*)
 *(.data.rel.ro* .gnu.linkonce.d.rel.ro.*)

.dynamic        0x000000000804af08       0xe8
 *(.dynamic)
 .dynamic       0x000000000804af08       0xe8 /usr/lib/gcc/i586-suse-linux/4.3/../../../crt1.o
                0x000000000804af08                _DYNAMIC

.got            0x000000000804aff0        0x4
 *(.got)
 .got           0x000000000804aff0        0x4 /usr/lib/gcc/i586-suse-linux/4.3/../../../crt1.o
 *(.igot)
                0x000000000804aff4                . = (. DATA_SEGMENT_RELRO_END 0xc)

.got.plt        0x000000000804aff4       0x5c
 *(.got.plt)
 .got.plt       0x000000000804aff4       0x5c /usr/lib/gcc/i586-suse-linux/4.3/../../../crt1.o
                0x000000000804aff4                _GLOBAL_OFFSET_TABLE_
 *(.igot.plt)
 .igot.plt      0x0000000000000000        0x0 /usr/lib/gcc/i586-suse-linux/4.3/../../../crt1.o

.data           0x000000000804b050      0x1e0
 *(.data .data.* .gnu.linkonce.d.*)
 .data          0x000000000804b050        0x4 /usr/lib/gcc/i586-suse-linux/4.3/../../../crt1.o
                0x000000000804b050                data_start
                0x000000000804b050                __data_start
 .data          0x000000000804b054        0x0 /usr/lib/gcc/i586-suse-linux/4.3/../../../crti.o
 .data          0x000000000804b054        0x4 /usr/lib/gcc/i586-suse-linux/4.3/crtbegin.o
                0x000000000804b054                __dso_handle
 .data          0x000000000804b058      0x1d5 /home/liyupeng/zengyao/6.13/DT-W724V-20140311/output/package/host-atppkg/genFactoryPartition.o
                0x000000000804b058                g_ulFlashLayoutBegin
                0x000000000804b0c8                ucff
 *fill*         0x000000000804b22d        0x3 00
 .data          0x000000000804b230        0x0 /usr/lib/libc_nonshared.a(elf-init.oS)
 .data          0x000000000804b230        0x0 /usr/lib/gcc/i586-suse-linux/4.3/crtend.o
 .data          0x000000000804b230        0x0 /usr/lib/gcc/i586-suse-linux/4.3/../../../crtn.o

.data1
 *(.data1)
                0x000000000804b230                _edata = .
                0x000000000804b230                PROVIDE (edata, .)
                0x000000000804b230                __bss_start = .

.bss            0x000000000804b240       0x1c
 *(.dynbss)
 *fill*         0x000000000804b240        0x0 00
 .dynbss        0x000000000804b240        0xc /usr/lib/gcc/i586-suse-linux/4.3/../../../crt1.o
                0x000000000804b240                optind@@GLIBC_2.0
                0x000000000804b244                stderr@@GLIBC_2.0
                0x000000000804b248                optarg@@GLIBC_2.0
 *(.bss .bss.* .gnu.linkonce.b.*)
 .bss           0x000000000804b24c        0x0 /usr/lib/gcc/i586-suse-linux/4.3/../../../crt1.o
 .bss           0x000000000804b24c        0x0 /usr/lib/gcc/i586-suse-linux/4.3/../../../crti.o
 .bss           0x000000000804b24c        0x8 /usr/lib/gcc/i586-suse-linux/4.3/crtbegin.o
 .bss           0x000000000804b254        0x8 /home/liyupeng/zengyao/6.13/DT-W724V-20140311/output/package/host-atppkg/genFactoryPartition.o
                0x000000000804b254                uc00
 .bss           0x000000000804b25c        0x0 /usr/lib/libc_nonshared.a(elf-init.oS)
 .bss           0x000000000804b25c        0x0 /usr/lib/gcc/i586-suse-linux/4.3/crtend.o
 .bss           0x000000000804b25c        0x0 /usr/lib/gcc/i586-suse-linux/4.3/../../../crtn.o
 *(COMMON)
                0x000000000804b25c                . = ALIGN ((. != 0x0)?0x4:0x1)
                0x000000000804b25c                . = ALIGN (0x4)
                0x000000000804b25c                . = ALIGN (0x4)
                0x000000000804b25c                _end = .
                0x000000000804b25c                PROVIDE (end, .)
                0x000000000804b25c                . = DATA_SEGMENT_END (.)

.stab
 *(.stab)

.stabstr
 *(.stabstr)

.stab.excl
 *(.stab.excl)

.stab.exclstr
 *(.stab.exclstr)

.stab.index
 *(.stab.index)

.stab.indexstr
 *(.stab.indexstr)

.comment.SUSE.OPTs
                0x0000000000000000        0x6
 .comment.SUSE.OPTs
                0x0000000000000000        0x6 /home/liyupeng/zengyao/6.13/DT-W724V-20140311/output/package/host-atppkg/genFactoryPartition.o

.comment        0x0000000000000000       0x39
 *(.comment)
 .comment       0x0000000000000000       0x39 /usr/lib/gcc/i586-suse-linux/4.3/../../../crt1.o
                                         0x3a (size before relaxing)
 .comment       0x0000000000000000       0x3a /usr/lib/gcc/i586-suse-linux/4.3/../../../crti.o
 .comment       0x0000000000000000       0x3a /usr/lib/gcc/i586-suse-linux/4.3/crtbegin.o
 .comment       0x0000000000000000       0x3a /home/liyupeng/zengyao/6.13/DT-W724V-20140311/output/package/host-atppkg/genFactoryPartition.o
 .comment       0x0000000000000000       0x3a /usr/lib/gcc/i586-suse-linux/4.3/crtend.o
 .comment       0x0000000000000000       0x3a /usr/lib/gcc/i586-suse-linux/4.3/../../../crtn.o

.debug
 *(.debug)

.line
 *(.line)

.debug_srcinfo
 *(.debug_srcinfo)

.debug_sfnames
 *(.debug_sfnames)

.debug_aranges
 *(.debug_aranges)

.debug_pubnames
 *(.debug_pubnames)

.debug_info
 *(.debug_info .gnu.linkonce.wi.*)

.debug_abbrev
 *(.debug_abbrev)

.debug_line
 *(.debug_line)

.debug_frame
 *(.debug_frame)

.debug_str
 *(.debug_str)

.debug_loc
 *(.debug_loc)

.debug_macinfo
 *(.debug_macinfo)

.debug_weaknames
 *(.debug_weaknames)

.debug_funcnames
 *(.debug_funcnames)

.debug_typenames
 *(.debug_typenames)

.debug_varnames
 *(.debug_varnames)

.debug_pubtypes
 *(.debug_pubtypes)

.debug_ranges
 *(.debug_ranges)

.gnu.attributes
 *(.gnu.attributes)

/DISCARD/
 *(.note.GNU-stack)
 *(.gnu_debuglink)
 *(.gnu.lto_*)
OUTPUT(/home/liyupeng/zengyao/6.13/DT-W724V-20140311/output/package/host-atppkg/genFactoryPartition elf32-i386)
