Archive member included because of file (symbol)

/home/z00250609/hybrid/5115_GPL/Hybrid_security_baseline/output/host/usr/lib/libsecapi.a(secapi.o)
                              /home/z00250609/hybrid/5115_GPL/Hybrid_security_baseline/output/package/host-km/storegen.o (ATP_SEC_DeleteContext)
/home/z00250609/hybrid/5115_GPL/Hybrid_security_baseline/output/host/usr/lib/libsecapi.a(seckmapi.o)
                              /home/z00250609/hybrid/5115_GPL/Hybrid_security_baseline/output/package/host-km/storegen.o (ATP_SEC_KM_GetKeyAttribute)
/home/z00250609/hybrid/5115_GPL/Hybrid_security_baseline/output/host/usr/lib/libsecapi.a(storekeyutil.o)
                              /home/z00250609/hybrid/5115_GPL/Hybrid_security_baseline/output/package/host-km/storegen.o (ATP_SEC_KM_DeleteStoreKeyDriver)
/home/z00250609/hybrid/5115_GPL/Hybrid_security_baseline/output/host/usr/lib/libhttpcore.a(strfile.o)
                              /home/z00250609/hybrid/5115_GPL/Hybrid_security_baseline/output/host/usr/lib/libsecapi.a(storekeyutil.o) (ATP_UTIL_StrFilePrintf)
/usr/lib/libc_nonshared.a(elf-init.oS)
                              /usr/lib/gcc/i586-suse-linux/4.3/../../../crt1.o (__libc_csu_fini)

Discarded input sections

 .note.GNU-stack
                0x0000000000000000        0x0 /usr/lib/gcc/i586-suse-linux/4.3/../../../crt1.o
 .debug_aranges
                0x0000000000000000       0x20 /usr/lib/gcc/i586-suse-linux/4.3/../../../crt1.o
 .debug_pubnames
                0x0000000000000000       0x25 /usr/lib/gcc/i586-suse-linux/4.3/../../../crt1.o
 .debug_info    0x0000000000000000       0xfa /usr/lib/gcc/i586-suse-linux/4.3/../../../crt1.o
 .debug_abbrev  0x0000000000000000       0x5f /usr/lib/gcc/i586-suse-linux/4.3/../../../crt1.o
 .debug_line    0x0000000000000000       0x82 /usr/lib/gcc/i586-suse-linux/4.3/../../../crt1.o
 .debug_str     0x0000000000000000       0xf5 /usr/lib/gcc/i586-suse-linux/4.3/../../../crt1.o
 .note.GNU-stack
                0x0000000000000000        0x0 /usr/lib/gcc/i586-suse-linux/4.3/../../../crti.o
 .note.GNU-stack
                0x0000000000000000        0x0 /usr/lib/gcc/i586-suse-linux/4.3/crtbegin.o
 .note.GNU-stack
                0x0000000000000000        0x0 /home/z00250609/hybrid/5115_GPL/Hybrid_security_baseline/output/package/host-km/storegen.o
 .note.GNU-stack
                0x0000000000000000        0x0 /home/z00250609/hybrid/5115_GPL/Hybrid_security_baseline/output/package/host-km/key1.o
 .note.GNU-stack
                0x0000000000000000        0x0 /home/z00250609/hybrid/5115_GPL/Hybrid_security_baseline/output/package/host-km/key2.o
 .note.GNU-stack
                0x0000000000000000        0x0 /home/z00250609/hybrid/5115_GPL/Hybrid_security_baseline/output/package/host-km/key3.o
 .note.GNU-stack
                0x0000000000000000        0x0 /home/z00250609/hybrid/5115_GPL/Hybrid_security_baseline/output/package/host-km/key4.o
 .group         0x0000000000000000        0x8 /home/z00250609/hybrid/5115_GPL/Hybrid_security_baseline/output/host/usr/lib/libsecapi.a(secapi.o)
 .note.GNU-stack
                0x0000000000000000        0x0 /home/z00250609/hybrid/5115_GPL/Hybrid_security_baseline/output/host/usr/lib/libsecapi.a(secapi.o)
 .group         0x0000000000000000        0x8 /home/z00250609/hybrid/5115_GPL/Hybrid_security_baseline/output/host/usr/lib/libsecapi.a(seckmapi.o)
 .text.__i686.get_pc_thunk.bx
                0x0000000000000000        0x4 /home/z00250609/hybrid/5115_GPL/Hybrid_security_baseline/output/host/usr/lib/libsecapi.a(seckmapi.o)
 .note.GNU-stack
                0x0000000000000000        0x0 /home/z00250609/hybrid/5115_GPL/Hybrid_security_baseline/output/host/usr/lib/libsecapi.a(seckmapi.o)
 .group         0x0000000000000000        0x8 /home/z00250609/hybrid/5115_GPL/Hybrid_security_baseline/output/host/usr/lib/libsecapi.a(storekeyutil.o)
 .text.__i686.get_pc_thunk.bx
                0x0000000000000000        0x4 /home/z00250609/hybrid/5115_GPL/Hybrid_security_baseline/output/host/usr/lib/libsecapi.a(storekeyutil.o)
 .note.GNU-stack
                0x0000000000000000        0x0 /home/z00250609/hybrid/5115_GPL/Hybrid_security_baseline/output/host/usr/lib/libsecapi.a(storekeyutil.o)
 .group         0x0000000000000000        0x8 /home/z00250609/hybrid/5115_GPL/Hybrid_security_baseline/output/host/usr/lib/libhttpcore.a(strfile.o)
 .text.__i686.get_pc_thunk.bx
                0x0000000000000000        0x4 /home/z00250609/hybrid/5115_GPL/Hybrid_security_baseline/output/host/usr/lib/libhttpcore.a(strfile.o)
 .note.GNU-stack
                0x0000000000000000        0x0 /home/z00250609/hybrid/5115_GPL/Hybrid_security_baseline/output/host/usr/lib/libhttpcore.a(strfile.o)
 .group         0x0000000000000000        0x8 /usr/lib/libc_nonshared.a(elf-init.oS)
 .debug_abbrev  0x0000000000000000       0xd6 /usr/lib/libc_nonshared.a(elf-init.oS)
 .debug_info    0x0000000000000000      0x11a /usr/lib/libc_nonshared.a(elf-init.oS)
 .debug_line    0x0000000000000000       0x7e /usr/lib/libc_nonshared.a(elf-init.oS)
 .debug_frame   0x0000000000000000       0x4c /usr/lib/libc_nonshared.a(elf-init.oS)
 .debug_loc     0x0000000000000000       0x6b /usr/lib/libc_nonshared.a(elf-init.oS)
 .debug_pubnames
                0x0000000000000000       0x3a /usr/lib/libc_nonshared.a(elf-init.oS)
 .debug_aranges
                0x0000000000000000       0x20 /usr/lib/libc_nonshared.a(elf-init.oS)
 .debug_str     0x0000000000000000       0xdb /usr/lib/libc_nonshared.a(elf-init.oS)
 .text.__i686.get_pc_thunk.bx
                0x0000000000000000        0x4 /usr/lib/libc_nonshared.a(elf-init.oS)
 .note.GNU-stack
                0x0000000000000000        0x0 /usr/lib/libc_nonshared.a(elf-init.oS)
 .note.GNU-stack
                0x0000000000000000        0x0 /usr/lib/gcc/i586-suse-linux/4.3/crtend.o
 .note.GNU-stack
                0x0000000000000000        0x0 /usr/lib/gcc/i586-suse-linux/4.3/../../../crtn.o

Memory Configuration

Name             Origin             Length             Attributes
*default*        0x0000000000000000 0xffffffffffffffff

Linker script and memory map

LOAD /usr/lib/gcc/i586-suse-linux/4.3/../../../crt1.o
LOAD /usr/lib/gcc/i586-suse-linux/4.3/../../../crti.o
LOAD /usr/lib/gcc/i586-suse-linux/4.3/crtbegin.o
LOAD /home/z00250609/hybrid/5115_GPL/Hybrid_security_baseline/output/package/host-km/storegen.o
LOAD /home/z00250609/hybrid/5115_GPL/Hybrid_security_baseline/output/package/host-km/key1.o
LOAD /home/z00250609/hybrid/5115_GPL/Hybrid_security_baseline/output/package/host-km/key2.o
LOAD /home/z00250609/hybrid/5115_GPL/Hybrid_security_baseline/output/package/host-km/key3.o
LOAD /home/z00250609/hybrid/5115_GPL/Hybrid_security_baseline/output/package/host-km/key4.o
LOAD /home/z00250609/hybrid/5115_GPL/Hybrid_security_baseline/output/host/usr/lib/libcrypto.so
LOAD /home/z00250609/hybrid/5115_GPL/Hybrid_security_baseline/output/host/usr/lib/libsecapi.a
LOAD /home/z00250609/hybrid/5115_GPL/Hybrid_security_baseline/output/host/usr/lib/libhttpcore.a
LOAD /usr/lib/gcc/i586-suse-linux/4.3/libgcc.a
LOAD /usr/lib/gcc/i586-suse-linux/4.3/libgcc_s.so
LOAD /usr/lib/gcc/i586-suse-linux/4.3/../../../libc.so
START GROUP
LOAD /lib/libc.so.6
LOAD /usr/lib/libc_nonshared.a
LOAD /lib/ld-linux.so.2
END GROUP
LOAD /usr/lib/gcc/i586-suse-linux/4.3/libgcc.a
LOAD /usr/lib/gcc/i586-suse-linux/4.3/libgcc_s.so
LOAD /usr/lib/gcc/i586-suse-linux/4.3/crtend.o
LOAD /usr/lib/gcc/i586-suse-linux/4.3/../../../crtn.o
                0x0000000008048000                PROVIDE (__executable_start, 0x8048000)
                0x0000000008048154                . = (0x8048000 + SIZEOF_HEADERS)

.interp         0x0000000008048154       0x13
 *(.interp)
 .interp        0x0000000008048154       0x13 /usr/lib/gcc/i586-suse-linux/4.3/../../../crt1.o

.note.ABI-tag   0x0000000008048168       0x20
 .note.ABI-tag  0x0000000008048168       0x20 /usr/lib/gcc/i586-suse-linux/4.3/../../../crt1.o

.note.SuSE      0x0000000008048188       0x18
 .note.SuSE     0x0000000008048188       0x18 /usr/lib/gcc/i586-suse-linux/4.3/../../../crt1.o

.note.gnu.build-id
                0x00000000080481a0       0x24
 *(.note.gnu.build-id)
 .note.gnu.build-id
                0x00000000080481a0       0x24 /usr/lib/gcc/i586-suse-linux/4.3/../../../crt1.o

.hash           0x00000000080481c4      0x184
 *(.hash)
 .hash          0x00000000080481c4      0x184 /usr/lib/gcc/i586-suse-linux/4.3/../../../crt1.o

.gnu.hash       0x0000000008048348       0x44
 *(.gnu.hash)
 .gnu.hash      0x0000000008048348       0x44 /usr/lib/gcc/i586-suse-linux/4.3/../../../crt1.o

.dynsym         0x000000000804838c      0x3a0
 *(.dynsym)
 .dynsym        0x000000000804838c      0x3a0 /usr/lib/gcc/i586-suse-linux/4.3/../../../crt1.o

.dynstr         0x000000000804872c      0x2a3
 *(.dynstr)
 .dynstr        0x000000000804872c      0x2a3 /usr/lib/gcc/i586-suse-linux/4.3/../../../crt1.o

.gnu.version    0x00000000080489d0       0x74
 *(.gnu.version)
 .gnu.version   0x00000000080489d0       0x74 /usr/lib/gcc/i586-suse-linux/4.3/../../../crt1.o

.gnu.version_d  0x0000000008048a44        0x0
 *(.gnu.version_d)
 .gnu.version_d
                0x0000000000000000        0x0 /usr/lib/gcc/i586-suse-linux/4.3/../../../crt1.o

.gnu.version_r  0x0000000008048a44       0x40
 *(.gnu.version_r)
 .gnu.version_r
                0x0000000008048a44       0x40 /usr/lib/gcc/i586-suse-linux/4.3/../../../crt1.o

.rel.dyn        0x0000000008048a84       0x90
 *(.rel.init)
 *(.rel.text .rel.text.* .rel.gnu.linkonce.t.*)
 .rel.text      0x0000000000000000        0x0 /usr/lib/gcc/i586-suse-linux/4.3/../../../crt1.o
 *(.rel.fini)
 *(.rel.rodata .rel.rodata.* .rel.gnu.linkonce.r.*)
 *(.rel.data.rel.ro* .rel.gnu.linkonce.d.rel.ro.*)
 *(.rel.data .rel.data.* .rel.gnu.linkonce.d.*)
 *(.rel.tdata .rel.tdata.* .rel.gnu.linkonce.td.*)
 *(.rel.tbss .rel.tbss.* .rel.gnu.linkonce.tb.*)
 *(.rel.ctors)
 *(.rel.dtors)
 *(.rel.got)
 .rel.got       0x0000000008048a84       0x88 /usr/lib/gcc/i586-suse-linux/4.3/../../../crt1.o
 *(.rel.bss .rel.bss.* .rel.gnu.linkonce.b.*)
 .rel.bss       0x0000000008048b0c        0x8 /usr/lib/gcc/i586-suse-linux/4.3/../../../crt1.o
 *(.rel.ifunc)

.rel.plt        0x0000000008048b14      0x108
 *(.rel.plt)
 .rel.plt       0x0000000008048b14      0x108 /usr/lib/gcc/i586-suse-linux/4.3/../../../crt1.o
                0x0000000008048c1c                PROVIDE (__rel_iplt_start, .)
 *(.rel.iplt)
 .rel.iplt      0x0000000000000000        0x0 /usr/lib/gcc/i586-suse-linux/4.3/../../../crt1.o
                0x0000000008048c1c                PROVIDE (__rel_iplt_end, .)

.init           0x0000000008048c1c       0x30
 *(.init)
 .init          0x0000000008048c1c       0x22 /usr/lib/gcc/i586-suse-linux/4.3/../../../crti.o
                0x0000000008048c1c                _init
 .init          0x0000000008048c3e        0x5 /usr/lib/gcc/i586-suse-linux/4.3/crtbegin.o
 .init          0x0000000008048c43        0x5 /usr/lib/gcc/i586-suse-linux/4.3/crtend.o
 .init          0x0000000008048c48        0x4 /usr/lib/gcc/i586-suse-linux/4.3/../../../crtn.o

.plt            0x0000000008048c4c      0x220
 *(.plt)
 .plt           0x0000000008048c4c      0x220 /usr/lib/gcc/i586-suse-linux/4.3/../../../crt1.o
                0x0000000008048c5c                fputs@@GLIBC_2.0
                0x0000000008048c7c                realloc@@GLIBC_2.0
                0x0000000008048c8c                __isoc99_sscanf@@GLIBC_2.7
                0x0000000008048c9c                strchr@@GLIBC_2.0
                0x0000000008048cac                vsnprintf@@GLIBC_2.0
                0x0000000008048cbc                system@@GLIBC_2.0
                0x0000000008048ccc                fgets@@GLIBC_2.0
                0x0000000008048cdc                __libc_start_main@@GLIBC_2.0
                0x0000000008048cec                free@@GLIBC_2.0
                0x0000000008048cfc                access@@GLIBC_2.0
                0x0000000008048d0c                fflush@@GLIBC_2.0
                0x0000000008048d1c                getopt_long@@GLIBC_2.0
                0x0000000008048d2c                rsa_free
                0x0000000008048d3c                fseek@@GLIBC_2.0
                0x0000000008048d4c                fclose@@GLIBC_2.1
                0x0000000008048d5c                strtoul@@GLIBC_2.0
                0x0000000008048d6c                fopen@@GLIBC_2.1
                0x0000000008048d7c                unlink@@GLIBC_2.0
                0x0000000008048d8c                ftell@@GLIBC_2.0
                0x0000000008048d9c                printf@@GLIBC_2.0
                0x0000000008048dac                fwrite@@GLIBC_2.0
                0x0000000008048dbc                fprintf@@GLIBC_2.0
                0x0000000008048dcc                strstr@@GLIBC_2.0
                0x0000000008048ddc                mpi_read_binary
                0x0000000008048dec                malloc@@GLIBC_2.0
                0x0000000008048dfc                mpi_msb
                0x0000000008048e0c                rsa_init
                0x0000000008048e1c                puts@@GLIBC_2.0
                0x0000000008048e2c                strncmp@@GLIBC_2.0
                0x0000000008048e3c                vfprintf@@GLIBC_2.0
                0x0000000008048e4c                fread@@GLIBC_2.0
                0x0000000008048e5c                snprintf@@GLIBC_2.0
 *(.iplt)
 .iplt          0x0000000000000000        0x0 /usr/lib/gcc/i586-suse-linux/4.3/../../../crt1.o

.text           0x0000000008048e70     0x2a7c
 *(.text.unlikely .text.*_unlikely)
 *(.text .stub .text.* .gnu.linkonce.t.*)
 .text          0x0000000008048e70       0x24 /usr/lib/gcc/i586-suse-linux/4.3/../../../crt1.o
                0x0000000008048e70                _start
 .text          0x0000000008048e94        0x0 /usr/lib/gcc/i586-suse-linux/4.3/../../../crti.o
 *fill*         0x0000000008048e94        0xc 90909090
 .text          0x0000000008048ea0       0x83 /usr/lib/gcc/i586-suse-linux/4.3/crtbegin.o
 *fill*         0x0000000008048f23        0x1 90909090
 .text          0x0000000008048f24      0x874 /home/z00250609/hybrid/5115_GPL/Hybrid_security_baseline/output/package/host-km/storegen.o
                0x000000000804927f                main
 .text          0x0000000008049798       0x17 /home/z00250609/hybrid/5115_GPL/Hybrid_security_baseline/output/package/host-km/key1.o
                0x0000000008049798                ATP_GetInfo1
 *fill*         0x00000000080497af        0x1 90909090
 .text          0x00000000080497b0       0x17 /home/z00250609/hybrid/5115_GPL/Hybrid_security_baseline/output/package/host-km/key2.o
                0x00000000080497b0                ATP_GetInfo2
 *fill*         0x00000000080497c7        0x1 90909090
 .text          0x00000000080497c8       0x17 /home/z00250609/hybrid/5115_GPL/Hybrid_security_baseline/output/package/host-km/key3.o
                0x00000000080497c8                ATP_GetInfo3
 *fill*         0x00000000080497df        0x1 90909090
 .text          0x00000000080497e0       0x17 /home/z00250609/hybrid/5115_GPL/Hybrid_security_baseline/output/package/host-km/key4.o
                0x00000000080497e0                ATP_GetInfo4
 *fill*         0x00000000080497f7        0x1 90909090
 .text          0x00000000080497f8      0xec5 /home/z00250609/hybrid/5115_GPL/Hybrid_security_baseline/output/host/usr/lib/libsecapi.a(secapi.o)
                0x00000000080497f8                ATP_SEC_CreateAsymmetricContext
                0x0000000008049824                ATP_SEC_DeleteContext
                0x0000000008049852                ATP_SEC_CreateDigestContext
                0x000000000804998e                ATP_SEC_DeleteData
                0x00000000080499c9                ATP_SEC_CreateData
                0x0000000008049a31                ATP_SEC_DigestDataEx
                0x0000000008049ab1                ATP_SEC_VerifyData
                0x0000000008049b69                ATP_SEC_SignData
                0x0000000008049c4d                ATP_SEC_DigestData
                0x0000000008049cec                ATP_SEC_CreateSymmetricContext
                0x0000000008049e6c                ATP_SEC_CreateSignatureContext
                0x000000000804a23c                ATP_SEC_DecryptData
                0x000000000804a2be                ATP_SEC_DecryptDataEx
                0x000000000804a33f                ATP_SEC_EncryptData
                0x000000000804a49e                ATP_SEC_EncryptDataEx
                0x000000000804a4f4                ATP_SEC_DigestString
                0x000000000804a5d7                ATP_SEC_ReadFileToData
 .text.__i686.get_pc_thunk.bx
                0x000000000804a6bd        0x4 /home/z00250609/hybrid/5115_GPL/Hybrid_security_baseline/output/host/usr/lib/libsecapi.a(secapi.o)
                0x000000000804a6bd                __i686.get_pc_thunk.bx
 *fill*         0x000000000804a6c1        0x3 90909090
 .text          0x000000000804a6c4      0xbb3 /home/z00250609/hybrid/5115_GPL/Hybrid_security_baseline/output/host/usr/lib/libsecapi.a(seckmapi.o)
                0x000000000804a6c4                ATP_UTIL_ListAppend
                0x000000000804a6d9                ATP_UTIL_ListFindItem
                0x000000000804a70d                ATP_SEC_KM_LoadDeviceRuntimeKeys
                0x000000000804a710                ATP_SEC_SSL_GetCert
                0x000000000804a75d                ATP_SEC_KM_GetKey
                0x000000000804a79e                ATP_SEC_KM_InsertKeyList
                0x000000000804a7dc                ATP_SEC_KM_GetKeyAttribute
                0x000000000804a7f9                ATP_SEC_KM_DeleteLoadKeyDriver
                0x000000000804a820                ATP_SEC_KM_DeleteKeyData
                0x000000000804a85b                ATP_SEC_KM_DeleteKey
                0x000000000804a8ac                ATP_SEC_KM_RemoveKey
                0x000000000804a906                ATP_SEC_KM_RemoveAllKey
                0x000000000804a93c                ATP_SEC_KM_Destroy
                0x000000000804a9c1                ATP_SEC_KM_AddKey
                0x000000000804aa02                ATP_SEC_KM_AppendKeyAttribute
                0x000000000804aa71                ATP_SEC_KM_CreateKeyData
                0x000000000804aad4                ATP_SEC_KM_CreateKey
                0x000000000804ab1c                ATP_SEC_KM_LoadKey
                0x000000000804add9                ATP_SEC_KM_CreateLoadKeyDriver
                0x000000000804af00                ATP_SEC_KM_Init
 *fill*         0x000000000804b277        0x1 90909090
 .text          0x000000000804b278      0x193 /home/z00250609/hybrid/5115_GPL/Hybrid_security_baseline/output/host/usr/lib/libsecapi.a(storekeyutil.o)
                0x000000000804b278                ATP_SEC_KM_StoreKey
                0x000000000804b2a3                ATP_SEC_KM_DeleteStoreKeyDriver
                0x000000000804b2ca                ATP_SEC_KM_CreateFileStoreKeyDriver
 *fill*         0x000000000804b40b        0x1 90909090
 .text          0x000000000804b40c      0x437 /home/z00250609/hybrid/5115_GPL/Hybrid_security_baseline/output/host/usr/lib/libhttpcore.a(strfile.o)
                0x000000000804b40c                ATP_UTIL_StrFileTell
                0x000000000804b41a                ATP_UTIL_StrFileBuffer
                0x000000000804b42e                ATP_UTIL_StrFileSetLen
                0x000000000804b457                ATP_UTIL_StrFileToBuf
                0x000000000804b4ff                ATP_UTIL_StrFileFlush
                0x000000000804b53a                ATP_UTIL_StrFileClose
                0x000000000804b594                ATP_UTIL_StrFileReSize
                0x000000000804b5f0                ATP_UTIL_StrFileFOpen
                0x000000000804b655                ATP_UTIL_StrFileOpen
                0x000000000804b6c1                ATP_UTIL_StrFilePrintf
                0x000000000804b765                ATP_UTIL_StrFileWriteBin
                0x000000000804b7f1                ATP_UTIL_StrFileOpenEx
 *fill*         0x000000000804b843        0xd 90909090
 .text          0x000000000804b850       0x6a /usr/lib/libc_nonshared.a(elf-init.oS)
                0x000000000804b850                __libc_csu_fini
                0x000000000804b860                __libc_csu_init
 *fill*         0x000000000804b8ba        0x6 90909090
 .text          0x000000000804b8c0       0x2a /usr/lib/gcc/i586-suse-linux/4.3/crtend.o
 *fill*         0x000000000804b8ea        0x2 90909090
 .text          0x000000000804b8ec        0x0 /usr/lib/gcc/i586-suse-linux/4.3/../../../crtn.o
 *(.gnu.warning)

.fini           0x000000000804b8ec       0x1c
 *(.fini)
 .fini          0x000000000804b8ec       0x13 /usr/lib/gcc/i586-suse-linux/4.3/../../../crti.o
                0x000000000804b8ec                _fini
 .fini          0x000000000804b8ff        0x5 /usr/lib/gcc/i586-suse-linux/4.3/crtbegin.o
 .fini          0x000000000804b904        0x4 /usr/lib/gcc/i586-suse-linux/4.3/../../../crtn.o
                0x000000000804b908                PROVIDE (__etext, .)
                0x000000000804b908                PROVIDE (_etext, .)
                0x000000000804b908                PROVIDE (etext, .)

.rodata         0x000000000804b908      0x3a5
 *(.rodata .rodata.* .gnu.linkonce.r.*)
 .rodata        0x000000000804b908        0x4 /usr/lib/gcc/i586-suse-linux/4.3/../../../crt1.o
                0x000000000804b908                _fp_hw
 .rodata.cst4   0x000000000804b90c        0x4 /usr/lib/gcc/i586-suse-linux/4.3/../../../crt1.o
                0x000000000804b90c                _IO_stdin_used
 .rodata.str1.1
                0x000000000804b910      0x2e0 /home/z00250609/hybrid/5115_GPL/Hybrid_security_baseline/output/package/host-km/storegen.o
                                        0x2f7 (size before relaxing)
 .rodata        0x000000000804bbf0       0x24 /home/z00250609/hybrid/5115_GPL/Hybrid_security_baseline/output/package/host-km/storegen.o
 .rodata.str1.1
                0x000000000804bc14        0x8 /home/z00250609/hybrid/5115_GPL/Hybrid_security_baseline/output/host/usr/lib/libsecapi.a(secapi.o)
 .rodata.str1.1
                0x000000000804bc1c       0x91 /home/z00250609/hybrid/5115_GPL/Hybrid_security_baseline/output/host/usr/lib/libsecapi.a(seckmapi.o)
                                         0x9f (size before relaxing)
 .rodata.str1.1
                0x0000000000000000       0x14 /home/z00250609/hybrid/5115_GPL/Hybrid_security_baseline/output/host/usr/lib/libsecapi.a(storekeyutil.o)
 .rodata.str1.1
                0x0000000000000000        0x6 /home/z00250609/hybrid/5115_GPL/Hybrid_security_baseline/output/host/usr/lib/libhttpcore.a(strfile.o)

.rodata1
 *(.rodata1)

.eh_frame_hdr   0x000000000804bcb0       0x1c
 *(.eh_frame_hdr)
 .eh_frame_hdr  0x000000000804bcb0       0x1c /usr/lib/libc_nonshared.a(elf-init.oS)

.eh_frame       0x000000000804bccc       0x58
 *(.eh_frame)
 .eh_frame      0x000000000804bccc       0x54 /usr/lib/libc_nonshared.a(elf-init.oS)
 .eh_frame      0x000000000804bd20        0x4 /usr/lib/gcc/i586-suse-linux/4.3/crtend.o

.gcc_except_table
 *(.gcc_except_table .gcc_except_table.*)
                0x000000000804bd24                . = (ALIGN (0x1000) - ((0x1000 - .) & 0xfff))
                0x000000000804ceb4                . = (0x1000 DATA_SEGMENT_ALIGN 0x1000)

.eh_frame
 *(.eh_frame)

.gcc_except_table
 *(.gcc_except_table .gcc_except_table.*)

.tdata
 *(.tdata .tdata.* .gnu.linkonce.td.*)

.tbss
 *(.tbss .tbss.* .gnu.linkonce.tb.*)
 *(.tcommon)

.preinit_array  0x000000000804ceb4        0x0
                0x000000000804ceb4                PROVIDE (__preinit_array_start, .)
 *(.preinit_array)
                0x000000000804ceb4                PROVIDE (__preinit_array_end, .)

.init_array     0x000000000804ceb4        0x0
                0x000000000804ceb4                PROVIDE (__init_array_start, .)
 *(SORT(.init_array.*))
 *(.init_array)
                0x000000000804ceb4                PROVIDE (__init_array_end, .)

.fini_array     0x000000000804ceb4        0x0
                0x000000000804ceb4                PROVIDE (__fini_array_start, .)
 *(.fini_array)
 *(SORT(.fini_array.*))
                0x000000000804ceb4                PROVIDE (__fini_array_end, .)

.ctors          0x000000000804ceb4        0x8
 *crtbegin.o(.ctors)
 .ctors         0x000000000804ceb4        0x4 /usr/lib/gcc/i586-suse-linux/4.3/crtbegin.o
 *crtbegin?.o(.ctors)
 *(EXCLUDE_FILE(*crtend?.o *crtend.o) .ctors)
 *(SORT(.ctors.*))
 *(.ctors)
 .ctors         0x000000000804ceb8        0x4 /usr/lib/gcc/i586-suse-linux/4.3/crtend.o

.dtors          0x000000000804cebc        0x8
 *crtbegin.o(.dtors)
 .dtors         0x000000000804cebc        0x4 /usr/lib/gcc/i586-suse-linux/4.3/crtbegin.o
 *crtbegin?.o(.dtors)
 *(EXCLUDE_FILE(*crtend?.o *crtend.o) .dtors)
 *(SORT(.dtors.*))
 *(.dtors)
 .dtors         0x000000000804cec0        0x4 /usr/lib/gcc/i586-suse-linux/4.3/crtend.o
                0x000000000804cec0                __DTOR_END__

.jcr            0x000000000804cec4        0x4
 *(.jcr)
 .jcr           0x000000000804cec4        0x0 /usr/lib/gcc/i586-suse-linux/4.3/crtbegin.o
 .jcr           0x000000000804cec4        0x4 /usr/lib/gcc/i586-suse-linux/4.3/crtend.o

.data.rel.ro
 *(.data.rel.ro.local* .gnu.linkonce.d.rel.ro.local.*)
 *(.data.rel.ro* .gnu.linkonce.d.rel.ro.*)

.dynamic        0x000000000804cec8       0xe8
 *(.dynamic)
 .dynamic       0x000000000804cec8       0xe8 /usr/lib/gcc/i586-suse-linux/4.3/../../../crt1.o
                0x000000000804cec8                _DYNAMIC

.got            0x000000000804cfb0       0x44
 *(.got)
 .got           0x000000000804cfb0       0x44 /usr/lib/gcc/i586-suse-linux/4.3/../../../crt1.o
 *(.igot)
                0x000000000804cff4                . = (. DATA_SEGMENT_RELRO_END 0xc)

.got.plt        0x000000000804cff4       0x90
 *(.got.plt)
 .got.plt       0x000000000804cff4       0x90 /usr/lib/gcc/i586-suse-linux/4.3/../../../crt1.o
                0x000000000804cff4                _GLOBAL_OFFSET_TABLE_
 *(.igot.plt)
 .igot.plt      0x0000000000000000        0x0 /usr/lib/gcc/i586-suse-linux/4.3/../../../crt1.o

.data           0x000000000804d084      0x3a8
 *(.data .data.* .gnu.linkonce.d.*)
 .data          0x000000000804d084        0x4 /usr/lib/gcc/i586-suse-linux/4.3/../../../crt1.o
                0x000000000804d084                data_start
                0x000000000804d084                __data_start
 .data          0x000000000804d088        0x0 /usr/lib/gcc/i586-suse-linux/4.3/../../../crti.o
 .data          0x000000000804d088        0x4 /usr/lib/gcc/i586-suse-linux/4.3/crtbegin.o
                0x000000000804d088                __dso_handle
 .data          0x000000000804d08c       0x50 /home/z00250609/hybrid/5115_GPL/Hybrid_security_baseline/output/package/host-km/storegen.o
 .data          0x000000000804d0dc       0xd4 /home/z00250609/hybrid/5115_GPL/Hybrid_security_baseline/output/package/host-km/key1.o
 .data          0x000000000804d1b0       0xd4 /home/z00250609/hybrid/5115_GPL/Hybrid_security_baseline/output/package/host-km/key2.o
 .data          0x000000000804d284       0xd4 /home/z00250609/hybrid/5115_GPL/Hybrid_security_baseline/output/package/host-km/key3.o
 .data          0x000000000804d358       0xd4 /home/z00250609/hybrid/5115_GPL/Hybrid_security_baseline/output/package/host-km/key4.o
 .data          0x000000000804d42c        0x0 /home/z00250609/hybrid/5115_GPL/Hybrid_security_baseline/output/host/usr/lib/libsecapi.a(secapi.o)
 .data          0x000000000804d42c        0x0 /home/z00250609/hybrid/5115_GPL/Hybrid_security_baseline/output/host/usr/lib/libsecapi.a(seckmapi.o)
 .data          0x000000000804d42c        0x0 /home/z00250609/hybrid/5115_GPL/Hybrid_security_baseline/output/host/usr/lib/libsecapi.a(storekeyutil.o)
 .data          0x000000000804d42c        0x0 /home/z00250609/hybrid/5115_GPL/Hybrid_security_baseline/output/host/usr/lib/libhttpcore.a(strfile.o)
 .data          0x000000000804d42c        0x0 /usr/lib/libc_nonshared.a(elf-init.oS)
 .data          0x000000000804d42c        0x0 /usr/lib/gcc/i586-suse-linux/4.3/crtend.o
 .data          0x000000000804d42c        0x0 /usr/lib/gcc/i586-suse-linux/4.3/../../../crtn.o

.data1
 *(.data1)
                0x000000000804d42c                _edata = .
                0x000000000804d42c                PROVIDE (edata, .)
                0x000000000804d42c                __bss_start = .

.bss            0x000000000804d42c       0x1c
 *(.dynbss)
 .dynbss        0x000000000804d42c        0x4 /usr/lib/gcc/i586-suse-linux/4.3/../../../crt1.o
                0x000000000804d42c                optarg@@GLIBC_2.0
 *(.bss .bss.* .gnu.linkonce.b.*)
 .bss           0x000000000804d430        0x0 /usr/lib/gcc/i586-suse-linux/4.3/../../../crt1.o
 .bss           0x000000000804d430        0x0 /usr/lib/gcc/i586-suse-linux/4.3/../../../crti.o
 .bss           0x000000000804d430        0x8 /usr/lib/gcc/i586-suse-linux/4.3/crtbegin.o
 .bss           0x000000000804d438        0x4 /home/z00250609/hybrid/5115_GPL/Hybrid_security_baseline/output/package/host-km/storegen.o
 .bss           0x000000000804d43c        0x0 /home/z00250609/hybrid/5115_GPL/Hybrid_security_baseline/output/package/host-km/key1.o
 .bss           0x000000000804d43c        0x0 /home/z00250609/hybrid/5115_GPL/Hybrid_security_baseline/output/package/host-km/key2.o
 .bss           0x000000000804d43c        0x0 /home/z00250609/hybrid/5115_GPL/Hybrid_security_baseline/output/package/host-km/key3.o
 .bss           0x000000000804d43c        0x0 /home/z00250609/hybrid/5115_GPL/Hybrid_security_baseline/output/package/host-km/key4.o
 .bss           0x000000000804d43c        0x0 /home/z00250609/hybrid/5115_GPL/Hybrid_security_baseline/output/host/usr/lib/libsecapi.a(secapi.o)
 .bss           0x000000000804d43c        0xc /home/z00250609/hybrid/5115_GPL/Hybrid_security_baseline/output/host/usr/lib/libsecapi.a(seckmapi.o)
                0x000000000804d43c                g_pfSecLoadStaticKeysProc
 .bss           0x000000000804d448        0x0 /home/z00250609/hybrid/5115_GPL/Hybrid_security_baseline/output/host/usr/lib/libsecapi.a(storekeyutil.o)
 .bss           0x000000000804d448        0x0 /home/z00250609/hybrid/5115_GPL/Hybrid_security_baseline/output/host/usr/lib/libhttpcore.a(strfile.o)
 .bss           0x000000000804d448        0x0 /usr/lib/libc_nonshared.a(elf-init.oS)
 .bss           0x000000000804d448        0x0 /usr/lib/gcc/i586-suse-linux/4.3/crtend.o
 .bss           0x000000000804d448        0x0 /usr/lib/gcc/i586-suse-linux/4.3/../../../crtn.o
 *(COMMON)
                0x000000000804d448                . = ALIGN ((. != 0x0)?0x4:0x1)
                0x000000000804d448                . = ALIGN (0x4)
                0x000000000804d448                . = ALIGN (0x4)
                0x000000000804d448                _end = .
                0x000000000804d448                PROVIDE (end, .)
                0x000000000804d448                . = DATA_SEGMENT_END (.)

.stab
 *(.stab)

.stabstr
 *(.stabstr)

.stab.excl
 *(.stab.excl)

.stab.exclstr
 *(.stab.exclstr)

.stab.index
 *(.stab.index)

.stab.indexstr
 *(.stab.indexstr)

.comment.SUSE.OPTs
                0x0000000000000000        0x6
 .comment.SUSE.OPTs
                0x0000000000000000        0x6 /home/z00250609/hybrid/5115_GPL/Hybrid_security_baseline/output/package/host-km/storegen.o
 .comment.SUSE.OPTs
                0x0000000000000000        0x6 /home/z00250609/hybrid/5115_GPL/Hybrid_security_baseline/output/package/host-km/key1.o
 .comment.SUSE.OPTs
                0x0000000000000000        0x6 /home/z00250609/hybrid/5115_GPL/Hybrid_security_baseline/output/package/host-km/key2.o
 .comment.SUSE.OPTs
                0x0000000000000000        0x6 /home/z00250609/hybrid/5115_GPL/Hybrid_security_baseline/output/package/host-km/key3.o
 .comment.SUSE.OPTs
                0x0000000000000000        0x6 /home/z00250609/hybrid/5115_GPL/Hybrid_security_baseline/output/package/host-km/key4.o
 .comment.SUSE.OPTs
                0x0000000000000000        0x6 /home/z00250609/hybrid/5115_GPL/Hybrid_security_baseline/output/host/usr/lib/libsecapi.a(secapi.o)
 .comment.SUSE.OPTs
                0x0000000000000000        0x6 /home/z00250609/hybrid/5115_GPL/Hybrid_security_baseline/output/host/usr/lib/libsecapi.a(seckmapi.o)
 .comment.SUSE.OPTs
                0x0000000000000000        0x6 /home/z00250609/hybrid/5115_GPL/Hybrid_security_baseline/output/host/usr/lib/libsecapi.a(storekeyutil.o)
 .comment.SUSE.OPTs
                0x0000000000000000        0x6 /home/z00250609/hybrid/5115_GPL/Hybrid_security_baseline/output/host/usr/lib/libhttpcore.a(strfile.o)

.comment        0x0000000000000000       0x39
 *(.comment)
 .comment       0x0000000000000000       0x39 /usr/lib/gcc/i586-suse-linux/4.3/../../../crt1.o
                                         0x3a (size before relaxing)
 .comment       0x0000000000000000       0x3a /usr/lib/gcc/i586-suse-linux/4.3/../../../crti.o
 .comment       0x0000000000000000       0x3a /usr/lib/gcc/i586-suse-linux/4.3/crtbegin.o
 .comment       0x0000000000000000       0x3a /home/z00250609/hybrid/5115_GPL/Hybrid_security_baseline/output/package/host-km/storegen.o
 .comment       0x0000000000000000       0x3a /home/z00250609/hybrid/5115_GPL/Hybrid_security_baseline/output/package/host-km/key1.o
 .comment       0x0000000000000000       0x3a /home/z00250609/hybrid/5115_GPL/Hybrid_security_baseline/output/package/host-km/key2.o
 .comment       0x0000000000000000       0x3a /home/z00250609/hybrid/5115_GPL/Hybrid_security_baseline/output/package/host-km/key3.o
 .comment       0x0000000000000000       0x3a /home/z00250609/hybrid/5115_GPL/Hybrid_security_baseline/output/package/host-km/key4.o
 .comment       0x0000000000000000       0x3a /home/z00250609/hybrid/5115_GPL/Hybrid_security_baseline/output/host/usr/lib/libsecapi.a(secapi.o)
 .comment       0x0000000000000000       0x3a /home/z00250609/hybrid/5115_GPL/Hybrid_security_baseline/output/host/usr/lib/libsecapi.a(seckmapi.o)
 .comment       0x0000000000000000       0x3a /home/z00250609/hybrid/5115_GPL/Hybrid_security_baseline/output/host/usr/lib/libsecapi.a(storekeyutil.o)
 .comment       0x0000000000000000       0x3a /home/z00250609/hybrid/5115_GPL/Hybrid_security_baseline/output/host/usr/lib/libhttpcore.a(strfile.o)
 .comment       0x0000000000000000       0x3a /usr/lib/gcc/i586-suse-linux/4.3/crtend.o
 .comment       0x0000000000000000       0x3a /usr/lib/gcc/i586-suse-linux/4.3/../../../crtn.o

.debug
 *(.debug)

.line
 *(.line)

.debug_srcinfo
 *(.debug_srcinfo)

.debug_sfnames
 *(.debug_sfnames)

.debug_aranges
 *(.debug_aranges)

.debug_pubnames
 *(.debug_pubnames)

.debug_info
 *(.debug_info .gnu.linkonce.wi.*)

.debug_abbrev
 *(.debug_abbrev)

.debug_line
 *(.debug_line)

.debug_frame
 *(.debug_frame)

.debug_str
 *(.debug_str)

.debug_loc
 *(.debug_loc)

.debug_macinfo
 *(.debug_macinfo)

.debug_weaknames
 *(.debug_weaknames)

.debug_funcnames
 *(.debug_funcnames)

.debug_typenames
 *(.debug_typenames)

.debug_varnames
 *(.debug_varnames)

.debug_pubtypes
 *(.debug_pubtypes)

.debug_ranges
 *(.debug_ranges)

.gnu.attributes
 *(.gnu.attributes)

/DISCARD/
 *(.note.GNU-stack)
 *(.gnu_debuglink)
 *(.gnu.lto_*)
OUTPUT(/home/z00250609/hybrid/5115_GPL/Hybrid_security_baseline/output/package/host-km/host-storegen elf32-i386)
