
Discarded input sections

 .reginfo       0x0000000000000000       0x18 /opt/toolchains/crosstools-mips-gcc-4.6-linux-3.4-uclibc-0.9.32-binutils-2.21/usr/lib/gcc/mips-unknown-linux-uclibc/4.6.2/crtbeginS.o
 .reginfo       0x0000000000000000       0x18 /usr1/xuhui/DT-W724V-20140311/output/package/atp/libraries/opensrc/libupnp/ixml/attr.o
 .reginfo       0x0000000000000000       0x18 /usr1/xuhui/DT-W724V-20140311/output/package/atp/libraries/opensrc/libupnp/ixml/document.o
 .reginfo       0x0000000000000000       0x18 /usr1/xuhui/DT-W724V-20140311/output/package/atp/libraries/opensrc/libupnp/ixml/element.o
 .reginfo       0x0000000000000000       0x18 /usr1/xuhui/DT-W724V-20140311/output/package/atp/libraries/opensrc/libupnp/ixml/ixml.o
 .reginfo       0x0000000000000000       0x18 /usr1/xuhui/DT-W724V-20140311/output/package/atp/libraries/opensrc/libupnp/ixml/ixmlmembuf.o
 .reginfo       0x0000000000000000       0x18 /usr1/xuhui/DT-W724V-20140311/output/package/atp/libraries/opensrc/libupnp/ixml/ixmlparser.o
 .reginfo       0x0000000000000000       0x18 /usr1/xuhui/DT-W724V-20140311/output/package/atp/libraries/opensrc/libupnp/ixml/namedNodeMap.o
 .reginfo       0x0000000000000000       0x18 /usr1/xuhui/DT-W724V-20140311/output/package/atp/libraries/opensrc/libupnp/ixml/node.o
 .reginfo       0x0000000000000000       0x18 /usr1/xuhui/DT-W724V-20140311/output/package/atp/libraries/opensrc/libupnp/ixml/nodeList.o
 .reginfo       0x0000000000000000       0x18 /opt/toolchains/crosstools-mips-gcc-4.6-linux-3.4-uclibc-0.9.32-binutils-2.21/usr/lib/gcc/mips-unknown-linux-uclibc/4.6.2/crtendS.o
 .reginfo       0x0000000000000000       0x18 /usr1/xuhui/DT-W724V-20140311/output/host/usr/mips-unknown-linux-uclibc/sysroot/usr/lib/crtn.o

Memory Configuration

Name             Origin             Length             Attributes
*default*        0x0000000000000000 0xffffffffffffffff

Linker script and memory map

LOAD /usr1/xuhui/DT-W724V-20140311/output/host/usr/mips-unknown-linux-uclibc/sysroot/usr/lib/crti.o
LOAD /opt/toolchains/crosstools-mips-gcc-4.6-linux-3.4-uclibc-0.9.32-binutils-2.21/usr/lib/gcc/mips-unknown-linux-uclibc/4.6.2/crtbeginS.o
LOAD /usr1/xuhui/DT-W724V-20140311/output/package/atp/libraries/opensrc/libupnp/ixml/attr.o
LOAD /usr1/xuhui/DT-W724V-20140311/output/package/atp/libraries/opensrc/libupnp/ixml/document.o
LOAD /usr1/xuhui/DT-W724V-20140311/output/package/atp/libraries/opensrc/libupnp/ixml/element.o
LOAD /usr1/xuhui/DT-W724V-20140311/output/package/atp/libraries/opensrc/libupnp/ixml/ixml.o
LOAD /usr1/xuhui/DT-W724V-20140311/output/package/atp/libraries/opensrc/libupnp/ixml/ixmlmembuf.o
LOAD /usr1/xuhui/DT-W724V-20140311/output/package/atp/libraries/opensrc/libupnp/ixml/ixmlparser.o
LOAD /usr1/xuhui/DT-W724V-20140311/output/package/atp/libraries/opensrc/libupnp/ixml/namedNodeMap.o
LOAD /usr1/xuhui/DT-W724V-20140311/output/package/atp/libraries/opensrc/libupnp/ixml/node.o
LOAD /usr1/xuhui/DT-W724V-20140311/output/package/atp/libraries/opensrc/libupnp/ixml/nodeList.o
LOAD /opt/toolchains/crosstools-mips-gcc-4.6-linux-3.4-uclibc-0.9.32-binutils-2.21/usr/lib/gcc/mips-unknown-linux-uclibc/4.6.2/libgcc.a
LOAD /usr1/xuhui/DT-W724V-20140311/output/host/usr/mips-unknown-linux-uclibc/sysroot/lib/libgcc_s.so
LOAD /usr1/xuhui/DT-W724V-20140311/output/host/usr/mips-unknown-linux-uclibc/sysroot/usr/lib/libc.so
START GROUP
LOAD /usr1/xuhui/DT-W724V-20140311/output/host/usr/mips-unknown-linux-uclibc/sysroot/lib/libc.so.0
LOAD /usr1/xuhui/DT-W724V-20140311/output/host/usr/mips-unknown-linux-uclibc/sysroot/usr/lib/uclibc_nonshared.a
LOAD /usr1/xuhui/DT-W724V-20140311/output/host/usr/mips-unknown-linux-uclibc/sysroot/lib/ld-uClibc.so.0
END GROUP
LOAD /opt/toolchains/crosstools-mips-gcc-4.6-linux-3.4-uclibc-0.9.32-binutils-2.21/usr/lib/gcc/mips-unknown-linux-uclibc/4.6.2/libgcc.a
LOAD /usr1/xuhui/DT-W724V-20140311/output/host/usr/mips-unknown-linux-uclibc/sysroot/lib/libgcc_s.so
LOAD /opt/toolchains/crosstools-mips-gcc-4.6-linux-3.4-uclibc-0.9.32-binutils-2.21/usr/lib/gcc/mips-unknown-linux-uclibc/4.6.2/crtendS.o
LOAD /usr1/xuhui/DT-W724V-20140311/output/host/usr/mips-unknown-linux-uclibc/sysroot/usr/lib/crtn.o
                0x00000000000000d4                . = (0x0 + SIZEOF_HEADERS)

.reginfo        0x00000000000000d4       0x18
 *(.reginfo)
 .reginfo       0x00000000000000d4       0x18 /usr1/xuhui/DT-W724V-20140311/output/host/usr/mips-unknown-linux-uclibc/sysroot/usr/lib/crti.o

.note.gnu.build-id
 *(.note.gnu.build-id)

.dynamic        0x00000000000000ec       0xe8
 *(.dynamic)
 .dynamic       0x00000000000000ec       0xe8 /usr1/xuhui/DT-W724V-20140311/output/host/usr/mips-unknown-linux-uclibc/sysroot/usr/lib/crti.o
                0x00000000000000ec                _DYNAMIC

.hash           0x00000000000001d4      0x450
 *(.hash)
 .hash          0x00000000000001d4      0x450 /usr1/xuhui/DT-W724V-20140311/output/host/usr/mips-unknown-linux-uclibc/sysroot/usr/lib/crti.o

.gnu.hash
 *(.gnu.hash)

.dynsym         0x0000000000000624      0x8f0
 *(.dynsym)
 .dynsym        0x0000000000000624      0x8f0 /usr1/xuhui/DT-W724V-20140311/output/host/usr/mips-unknown-linux-uclibc/sysroot/usr/lib/crti.o

.dynstr         0x0000000000000f14      0xb33
 *(.dynstr)
 .dynstr        0x0000000000000f14      0xb33 /usr1/xuhui/DT-W724V-20140311/output/host/usr/mips-unknown-linux-uclibc/sysroot/usr/lib/crti.o

.gnu.version    0x0000000000001a48      0x11e
 *(.gnu.version)
 .gnu.version   0x0000000000001a48      0x11e /usr1/xuhui/DT-W724V-20140311/output/host/usr/mips-unknown-linux-uclibc/sysroot/usr/lib/crti.o

.gnu.version_d  0x0000000000001b68        0x0 load address 0x0000000000001b66
 *(.gnu.version_d)
 .gnu.version_d
                0x0000000000000000        0x0 /usr1/xuhui/DT-W724V-20140311/output/host/usr/mips-unknown-linux-uclibc/sysroot/usr/lib/crti.o

.gnu.version_r  0x0000000000001b68       0x20
 *(.gnu.version_r)
 .gnu.version_r
                0x0000000000001b68       0x20 /usr1/xuhui/DT-W724V-20140311/output/host/usr/mips-unknown-linux-uclibc/sysroot/usr/lib/crti.o

.rel.dyn        0x0000000000001b88       0x10
 *(.rel.init)
 *(.rel.text .rel.text.* .rel.gnu.linkonce.t.*)
 *(.rel.fini)
 *(.rel.rodata .rel.rodata.* .rel.gnu.linkonce.r.*)
 *(.rel.data.rel.ro* .rel.gnu.linkonce.d.rel.ro.*)
 *(.rel.data .rel.data.* .rel.gnu.linkonce.d.*)
 *(.rel.tdata .rel.tdata.* .rel.gnu.linkonce.td.*)
 *(.rel.tbss .rel.tbss.* .rel.gnu.linkonce.tb.*)
 *(.rel.ctors)
 *(.rel.dtors)
 *(.rel.got)
 *(.rel.dyn)
 .rel.dyn       0x0000000000001b88       0x10 /usr1/xuhui/DT-W724V-20140311/output/host/usr/mips-unknown-linux-uclibc/sysroot/usr/lib/crti.o
 *(.rel.sdata .rel.sdata.* .rel.gnu.linkonce.s.*)
 *(.rel.sbss .rel.sbss.* .rel.gnu.linkonce.sb.*)
 *(.rel.sdata2 .rel.sdata2.* .rel.gnu.linkonce.s2.*)
 *(.rel.sbss2 .rel.sbss2.* .rel.gnu.linkonce.sb2.*)
 *(.rel.bss .rel.bss.* .rel.gnu.linkonce.b.*)
 *(.rel.iplt)

.rela.dyn
 *(.rela.init)
 *(.rela.text .rela.text.* .rela.gnu.linkonce.t.*)
 *(.rela.fini)
 *(.rela.rodata .rela.rodata.* .rela.gnu.linkonce.r.*)
 *(.rela.data .rela.data.* .rela.gnu.linkonce.d.*)
 *(.rela.tdata .rela.tdata.* .rela.gnu.linkonce.td.*)
 *(.rela.tbss .rela.tbss.* .rela.gnu.linkonce.tb.*)
 *(.rela.ctors)
 *(.rela.dtors)
 *(.rela.got)
 *(.rela.sdata .rela.sdata.* .rela.gnu.linkonce.s.*)
 *(.rela.sbss .rela.sbss.* .rela.gnu.linkonce.sb.*)
 *(.rela.sdata2 .rela.sdata2.* .rela.gnu.linkonce.s2.*)
 *(.rela.sbss2 .rela.sbss2.* .rela.gnu.linkonce.sb2.*)
 *(.rela.bss .rela.bss.* .rela.gnu.linkonce.b.*)
 *(.rela.iplt)

.rel.plt        0x0000000000001b98        0x0
 *(.rel.plt)
 .rel.plt       0x0000000000000000        0x0 /usr1/xuhui/DT-W724V-20140311/output/host/usr/mips-unknown-linux-uclibc/sysroot/usr/lib/crti.o

.rela.plt
 *(.rela.plt)

.init           0x0000000000001b98       0x78
 *(.init)
 .init          0x0000000000001b98       0x1c /usr1/xuhui/DT-W724V-20140311/output/host/usr/mips-unknown-linux-uclibc/sysroot/usr/lib/crti.o
                0x0000000000001b98                _init
 .init          0x0000000000001bb4       0x28 /opt/toolchains/crosstools-mips-gcc-4.6-linux-3.4-uclibc-0.9.32-binutils-2.21/usr/lib/gcc/mips-unknown-linux-uclibc/4.6.2/crtbeginS.o
 .init          0x0000000000001bdc       0x28 /opt/toolchains/crosstools-mips-gcc-4.6-linux-3.4-uclibc-0.9.32-binutils-2.21/usr/lib/gcc/mips-unknown-linux-uclibc/4.6.2/crtendS.o
 .init          0x0000000000001c04        0xc /usr1/xuhui/DT-W724V-20140311/output/host/usr/mips-unknown-linux-uclibc/sysroot/usr/lib/crtn.o

.plt            0x0000000000001c10        0x0
 *(.plt)
 .plt           0x0000000000000000        0x0 /usr1/xuhui/DT-W724V-20140311/output/host/usr/mips-unknown-linux-uclibc/sysroot/usr/lib/crti.o

.iplt
 *(.iplt)

.text           0x0000000000001c10     0x7690
                0x0000000000001c10                _ftext = .
 *(.text.unlikely .text.*_unlikely)
 *(.text.exit .text.exit.*)
 *(.text.startup .text.startup.*)
 *(.text.hot .text.hot.*)
 *(.text .stub .text.* .gnu.linkonce.t.*)
 .text          0x0000000000001c10        0x0 /usr1/xuhui/DT-W724V-20140311/output/host/usr/mips-unknown-linux-uclibc/sysroot/usr/lib/crti.o
 .text          0x0000000000001c10      0x150 /opt/toolchains/crosstools-mips-gcc-4.6-linux-3.4-uclibc-0.9.32-binutils-2.21/usr/lib/gcc/mips-unknown-linux-uclibc/4.6.2/crtbeginS.o
 .text          0x0000000000001d60       0x60 /usr1/xuhui/DT-W724V-20140311/output/package/atp/libraries/opensrc/libupnp/ixml/attr.o
                0x0000000000001d60                ixmlAttr_init
                0x0000000000001d8c                ixmlAttr_free
 .text          0x0000000000001dc0      0xb00 /usr1/xuhui/DT-W724V-20140311/output/package/atp/libraries/opensrc/libupnp/ixml/document.o
                0x0000000000001e48                ixmlDocument_init
                0x0000000000001e64                ixmlDocument_free
                0x0000000000001e8c                ixmlDocument_importNode
                0x0000000000001f40                ixmlDocument_createElementEx
                0x0000000000002044                ixmlDocument_createElement
                0x0000000000002084                ixmlDocument_createDocumentEx
                0x0000000000002138                ixmlDocument_createDocument
                0x0000000000002170                ixmlDocument_createTextNodeEx
                0x0000000000002268                ixmlDocument_createTextNode
                0x00000000000022a0                ixmlDocument_createAttributeEx
                0x0000000000002388                ixmlDocument_createAttribute
                0x00000000000023c8                ixmlDocument_createAttributeNSEx
                0x00000000000024b8                ixmlDocument_createAttributeNS
                0x00000000000024f0                ixmlDocument_createCDATASectionEx
                0x00000000000025e8                ixmlDocument_createCDATASection
                0x0000000000002620                ixmlDocument_createElementNSEx
                0x0000000000002704                ixmlDocument_createElementNS
                0x000000000000273c                ixmlDocument_getElementsByTagName
                0x0000000000002780                ixmlDocument_getElementsByTagNameNS
                0x00000000000027cc                ixmlDocument_getElementById
 .text          0x00000000000028c0      0xdf0 /usr1/xuhui/DT-W724V-20140311/output/package/atp/libraries/opensrc/libupnp/ixml/element.o
                0x00000000000028c0                ixmlElement_init
                0x00000000000028ec                ixmlElement_getTagName
                0x0000000000002900                ixmlElement_setTagName
                0x0000000000002994                ixmlElement_getAttribute
                0x0000000000002a10                ixmlElement_removeAttribute
                0x0000000000002aa8                ixmlElement_getAttributeNode
                0x0000000000002b1c                ixmlElement_setAttributeNode
                0x0000000000002c50                ixmlElement_setAttribute
                0x0000000000002dbc                ixmlElement_removeAttributeNode
                0x0000000000002e88                ixmlElement_getElementsByTagName
                0x0000000000002ec8                ixmlElement_getAttributeNS
                0x0000000000002f70                ixmlElement_removeAttributeNS
                0x0000000000003034                ixmlElement_getAttributeNodeNS
                0x00000000000030d4                ixmlElement_setAttributeNodeNS
                0x0000000000003214                ixmlElement_setAttributeNS
                0x000000000000351c                ixmlElement_getElementsByTagNameNS
                0x0000000000003564                ixmlElement_hasAttribute
                0x00000000000035e0                ixmlElement_hasAttributeNS
                0x0000000000003688                ixmlElement_free
 .text          0x00000000000036b0      0xdb0 /usr1/xuhui/DT-W724V-20140311/output/package/atp/libraries/opensrc/libupnp/ixml/ixml.o
                0x0000000000004164                ixmlLoadDocumentEx
                0x0000000000004198                ixmlLoadDocument
                0x00000000000041d0                ixmlPrintDocument
                0x0000000000004248                ixmlPrintNode
                0x00000000000042a8                ixmlDocumenttoString
                0x0000000000004320                ixmlNodetoString
                0x0000000000004380                ixmlRelaxParser
                0x000000000000439c                ixmlParseBufferEx
                0x00000000000043dc                ixmlParseBuffer
                0x0000000000004414                ixmlCloneDOMString
                0x0000000000004438                ixmlFreeDOMString
 .text          0x0000000000004460      0x4b0 /usr1/xuhui/DT-W724V-20140311/output/package/atp/libraries/opensrc/libupnp/ixml/ixmlmembuf.o
                0x0000000000004558                ixml_membuf_init
                0x00000000000045b8                ixml_membuf_destroy
                0x0000000000004614                ixml_membuf_assign
                0x00000000000046e8                ixml_membuf_assign_str
                0x000000000000473c                ixml_membuf_insert
                0x0000000000004854                ixml_membuf_append_str
                0x00000000000048ac                ixml_membuf_append
 .text          0x0000000000004910     0x28e0 /usr1/xuhui/DT-W724V-20140311/output/package/atp/libraries/opensrc/libupnp/ixml/ixmlparser.o
                0x0000000000005a6c                Parser_isValidXmlName
                0x0000000000005b48                Parser_setErrorChar
                0x0000000000005b60                Parser_freeNodeContent
                0x0000000000005c10                Parser_setNodePrefixAndLocalName
                0x0000000000005d4c                Parser_LoadDocument
 .text          0x00000000000071f0      0x2d0 /usr1/xuhui/DT-W724V-20140311/output/package/atp/libraries/opensrc/libupnp/ixml/namedNodeMap.o
                0x00000000000071f0                ixmlNamedNodeMap_init
                0x0000000000007248                ixmlNamedNodeMap_getLength
                0x000000000000726c                ixmlNamedNodeMap_item
                0x00000000000072ec                ixmlNamedNodeMap_getNamedItem
                0x00000000000073ac                ixmlNamedNodeMap_free
                0x00000000000073f8                ixmlNamedNodeMap_addToNamedNodeMap
 .text          0x00000000000074c0     0x1b40 /usr1/xuhui/DT-W724V-20140311/output/package/atp/libraries/opensrc/libupnp/ixml/node.o
                0x00000000000077f0                ixmlNode_init
                0x0000000000007848                ixmlCDATASection_init
                0x0000000000007864                ixmlNode_free
                0x0000000000007974                ixmlCDATASection_free
                0x000000000000799c                ixmlNode_getNodeName
                0x00000000000079b0                ixmlNode_getLocalName
                0x00000000000079c4                ixmlNode_getNamespaceURI
                0x00000000000079d8                ixmlNode_getPrefix
                0x00000000000079ec                ixmlNode_getNodeValue
                0x0000000000007a00                ixmlNode_setNodeValue
                0x0000000000007a7c                ixmlNode_getNodeType
                0x0000000000007a90                ixmlNode_getParentNode
                0x0000000000007aa4                ixmlNode_getFirstChild
                0x0000000000007ab8                ixmlNode_getLastChild
                0x0000000000007ae0                ixmlNode_getPreviousSibling
                0x0000000000007af4                ixmlNode_getNextSibling
                0x0000000000007d9c                ixmlNode_getOwnerDocument
                0x0000000000007db0                ixmlNode_compare
                0x0000000000007eb8                ixmlNode_removeChild
                0x0000000000007f7c                ixmlNode_appendChild
                0x00000000000080a0                ixmlNode_insertBefore
                0x0000000000008204                ixmlNode_replaceChild
                0x0000000000008344                ixmlNode_getChildNodes
                0x00000000000083f4                ixmlNode_getAttributes
                0x00000000000084b8                ixmlNode_hasChildNodes
                0x00000000000084d0                ixmlNode_hasAttributes
                0x00000000000084f8                ixmlNode_getElementsByTagName
                0x0000000000008600                ixmlNode_getElementsByTagNameNS
                0x0000000000008778                ixmlNode_setNodeName
                0x0000000000008d9c                ixmlNode_cloneNode
                0x0000000000008ee4                ixmlNode_setNodeProperties
 .text          0x0000000000009000      0x240 /usr1/xuhui/DT-W724V-20140311/output/package/atp/libraries/opensrc/libupnp/ixml/nodeList.o
                0x0000000000009000                ixmlNodeList_init
                0x0000000000009058                ixmlNodeList_addToNodeList
                0x0000000000009140                ixmlNodeList_length
                0x000000000000915c                ixmlNodeList_item
                0x00000000000091f0                ixmlNodeList_free
 .text          0x0000000000009240       0x60 /opt/toolchains/crosstools-mips-gcc-4.6-linux-3.4-uclibc-0.9.32-binutils-2.21/usr/lib/gcc/mips-unknown-linux-uclibc/4.6.2/crtendS.o
 .text          0x00000000000092a0        0x0 /usr1/xuhui/DT-W724V-20140311/output/host/usr/mips-unknown-linux-uclibc/sysroot/usr/lib/crtn.o
 *(.gnu.warning)
 *(.mips16.fn.*)
 *(.mips16.call.*)

.MIPS.stubs     0x00000000000092a0      0x150
 .MIPS.stubs    0x00000000000092a0      0x150 /usr1/xuhui/DT-W724V-20140311/output/host/usr/mips-unknown-linux-uclibc/sysroot/usr/lib/crti.o
                0x00000000000092a0                memcpy
                0x00000000000092b0                realloc
                0x00000000000092c0                malloc
                0x00000000000092d0                strncmp
                0x00000000000092e0                strlen
                0x00000000000092f0                strncasecmp
                0x0000000000009300                __assert
                0x0000000000009310                memmove
                0x0000000000009320                fclose
                0x0000000000009330                fread
                0x0000000000009340                fopen
                0x0000000000009350                strncpy
                0x0000000000009360                memset
                0x0000000000009370                fseek
                0x0000000000009380                strstr
                0x0000000000009390                strcmp
                0x00000000000093a0                ftell
                0x00000000000093b0                free
                0x00000000000093c0                strchr
                0x00000000000093d0                strdup

.fini           0x00000000000093f0       0x50
 *(.fini)
 .fini          0x00000000000093f0       0x1c /usr1/xuhui/DT-W724V-20140311/output/host/usr/mips-unknown-linux-uclibc/sysroot/usr/lib/crti.o
                0x00000000000093f0                _fini
 .fini          0x000000000000940c       0x28 /opt/toolchains/crosstools-mips-gcc-4.6-linux-3.4-uclibc-0.9.32-binutils-2.21/usr/lib/gcc/mips-unknown-linux-uclibc/4.6.2/crtbeginS.o
 .fini          0x0000000000009434        0xc /usr1/xuhui/DT-W724V-20140311/output/host/usr/mips-unknown-linux-uclibc/sysroot/usr/lib/crtn.o
                0x0000000000009440                PROVIDE (__etext, .)
                0x0000000000009440                PROVIDE (_etext, .)
                0x0000000000009440                PROVIDE (etext, .)

.rodata         0x0000000000009440      0x8c0
 *(.rodata .rodata.* .gnu.linkonce.r.*)
 .rodata.str1.4
                0x0000000000009440       0x23 /usr1/xuhui/DT-W724V-20140311/output/package/atp/libraries/opensrc/libupnp/ixml/document.o
                                         0x24 (size before relaxing)
 *fill*         0x0000000000009463        0x1 00
 .rodata.str1.4
                0x0000000000009464       0x92 /usr1/xuhui/DT-W724V-20140311/output/package/atp/libraries/opensrc/libupnp/ixml/element.o
                                         0x94 (size before relaxing)
 *fill*         0x00000000000094f6        0xa 00
 .rodata        0x0000000000009500       0x20 /usr1/xuhui/DT-W724V-20140311/output/package/atp/libraries/opensrc/libupnp/ixml/element.o
 .rodata.str1.4
                0x0000000000009520       0x9c /usr1/xuhui/DT-W724V-20140311/output/package/atp/libraries/opensrc/libupnp/ixml/ixml.o
                                         0xa0 (size before relaxing)
 *fill*         0x00000000000095bc        0x4 00
 .rodata        0x00000000000095c0       0x30 /usr1/xuhui/DT-W724V-20140311/output/package/atp/libraries/opensrc/libupnp/ixml/ixml.o
 .rodata.str1.4
                0x00000000000095f0       0x40 /usr1/xuhui/DT-W724V-20140311/output/package/atp/libraries/opensrc/libupnp/ixml/ixmlmembuf.o
                                         0x54 (size before relaxing)
 .rodata        0x0000000000009630       0x70 /usr1/xuhui/DT-W724V-20140311/output/package/atp/libraries/opensrc/libupnp/ixml/ixmlmembuf.o
 .rodata.str1.4
                0x00000000000096a0      0x1ec /usr1/xuhui/DT-W724V-20140311/output/package/atp/libraries/opensrc/libupnp/ixml/ixmlparser.o
                                        0x254 (size before relaxing)
 *fill*         0x000000000000988c        0x4 00
 .rodata        0x0000000000009890      0x110 /usr1/xuhui/DT-W724V-20140311/output/package/atp/libraries/opensrc/libupnp/ixml/ixmlparser.o
 .rodata.str1.4
                0x00000000000099a0       0x27 /usr1/xuhui/DT-W724V-20140311/output/package/atp/libraries/opensrc/libupnp/ixml/namedNodeMap.o
                                         0x28 (size before relaxing)
 *fill*         0x00000000000099c7        0x9 00
 .rodata        0x00000000000099d0       0x20 /usr1/xuhui/DT-W724V-20140311/output/package/atp/libraries/opensrc/libupnp/ixml/namedNodeMap.o
 .rodata.str1.4
                0x00000000000099f0      0x162 /usr1/xuhui/DT-W724V-20140311/output/package/atp/libraries/opensrc/libupnp/ixml/node.o
                                        0x184 (size before relaxing)
 *fill*         0x0000000000009b52        0xe 00
 .rodata        0x0000000000009b60      0x130 /usr1/xuhui/DT-W724V-20140311/output/package/atp/libraries/opensrc/libupnp/ixml/node.o
 .rodata.str1.4
                0x0000000000009c90       0x38 /usr1/xuhui/DT-W724V-20140311/output/package/atp/libraries/opensrc/libupnp/ixml/nodeList.o
 *fill*         0x0000000000009cc8        0x8 00
 .rodata        0x0000000000009cd0       0x30 /usr1/xuhui/DT-W724V-20140311/output/package/atp/libraries/opensrc/libupnp/ixml/nodeList.o

.rodata1
 *(.rodata1)

.eh_frame_hdr   0x0000000000009d00        0x0
 *(.eh_frame_hdr)
 .eh_frame_hdr  0x0000000000000000        0x0 /usr1/xuhui/DT-W724V-20140311/output/host/usr/mips-unknown-linux-uclibc/sysroot/usr/lib/crtn.o

.eh_frame       0x0000000000009d00        0x4
 *(.eh_frame)
 .eh_frame      0x0000000000009d00        0x0 /opt/toolchains/crosstools-mips-gcc-4.6-linux-3.4-uclibc-0.9.32-binutils-2.21/usr/lib/gcc/mips-unknown-linux-uclibc/4.6.2/crtbeginS.o
 .eh_frame      0x0000000000009d00        0x4 /opt/toolchains/crosstools-mips-gcc-4.6-linux-3.4-uclibc-0.9.32-binutils-2.21/usr/lib/gcc/mips-unknown-linux-uclibc/4.6.2/crtendS.o

.gcc_except_table
 *(.gcc_except_table .gcc_except_table.*)
                0x0000000000009d04                . = (ALIGN (0x10000) - ((0x10000 - .) & 0xffff))
                0x000000000001a000                . = DATA_SEGMENT_ALIGN (0x10000, 0x1000)

.eh_frame
 *(.eh_frame)

.gcc_except_table
 *(.gcc_except_table .gcc_except_table.*)

.tdata
 *(.tdata .tdata.* .gnu.linkonce.td.*)

.tbss
 *(.tbss .tbss.* .gnu.linkonce.tb.*)
 *(.tcommon)

.preinit_array
 *(.preinit_array)

.init_array
 *(SORT(.init_array.*))
 *(.init_array)

.fini_array
 *(SORT(.fini_array.*))
 *(.fini_array)

.ctors          0x000000000001a000        0x8
 *crtbegin.o(.ctors)
 *crtbegin?.o(.ctors)
 .ctors         0x000000000001a000        0x4 /opt/toolchains/crosstools-mips-gcc-4.6-linux-3.4-uclibc-0.9.32-binutils-2.21/usr/lib/gcc/mips-unknown-linux-uclibc/4.6.2/crtbeginS.o
 *(EXCLUDE_FILE(*crtend?.o *crtend.o) .ctors)
 *(SORT(.ctors.*))
 *(.ctors)
 .ctors         0x000000000001a004        0x4 /opt/toolchains/crosstools-mips-gcc-4.6-linux-3.4-uclibc-0.9.32-binutils-2.21/usr/lib/gcc/mips-unknown-linux-uclibc/4.6.2/crtendS.o

.dtors          0x000000000001a008        0x8
 *crtbegin.o(.dtors)
 *crtbegin?.o(.dtors)
 .dtors         0x000000000001a008        0x4 /opt/toolchains/crosstools-mips-gcc-4.6-linux-3.4-uclibc-0.9.32-binutils-2.21/usr/lib/gcc/mips-unknown-linux-uclibc/4.6.2/crtbeginS.o
 *(EXCLUDE_FILE(*crtend?.o *crtend.o) .dtors)
 *(SORT(.dtors.*))
 *(.dtors)
 .dtors         0x000000000001a00c        0x4 /opt/toolchains/crosstools-mips-gcc-4.6-linux-3.4-uclibc-0.9.32-binutils-2.21/usr/lib/gcc/mips-unknown-linux-uclibc/4.6.2/crtendS.o
                0x000000000001a00c                __DTOR_END__

.jcr            0x000000000001a010        0x4
 *(.jcr)
 .jcr           0x000000000001a010        0x0 /opt/toolchains/crosstools-mips-gcc-4.6-linux-3.4-uclibc-0.9.32-binutils-2.21/usr/lib/gcc/mips-unknown-linux-uclibc/4.6.2/crtbeginS.o
 .jcr           0x000000000001a010        0x4 /opt/toolchains/crosstools-mips-gcc-4.6-linux-3.4-uclibc-0.9.32-binutils-2.21/usr/lib/gcc/mips-unknown-linux-uclibc/4.6.2/crtendS.o

.data.rel.ro
 *(.data.rel.ro.local* .gnu.linkonce.d.rel.ro.local.*)
 *(.data.rel.ro* .gnu.linkonce.d.rel.ro.*)
                0x000000000001a014                . = DATA_SEGMENT_RELRO_END (., 0x0)

.data           0x000000000001a020      0x530
                0x000000000001a020                _fdata = .
 *(.data .data.* .gnu.linkonce.d.*)
 .data          0x000000000001a020        0x0 /usr1/xuhui/DT-W724V-20140311/output/host/usr/mips-unknown-linux-uclibc/sysroot/usr/lib/crti.o
 .data          0x000000000001a020        0x0 /opt/toolchains/crosstools-mips-gcc-4.6-linux-3.4-uclibc-0.9.32-binutils-2.21/usr/lib/gcc/mips-unknown-linux-uclibc/4.6.2/crtbeginS.o
 .data          0x000000000001a020        0x0 /usr1/xuhui/DT-W724V-20140311/output/package/atp/libraries/opensrc/libupnp/ixml/attr.o
 .data          0x000000000001a020        0x0 /usr1/xuhui/DT-W724V-20140311/output/package/atp/libraries/opensrc/libupnp/ixml/document.o
 .data          0x000000000001a020        0x0 /usr1/xuhui/DT-W724V-20140311/output/package/atp/libraries/opensrc/libupnp/ixml/element.o
 .data          0x000000000001a020        0x0 /usr1/xuhui/DT-W724V-20140311/output/package/atp/libraries/opensrc/libupnp/ixml/ixml.o
 .data          0x000000000001a020        0x0 /usr1/xuhui/DT-W724V-20140311/output/package/atp/libraries/opensrc/libupnp/ixml/ixmlmembuf.o
 .data          0x000000000001a020      0x530 /usr1/xuhui/DT-W724V-20140311/output/package/atp/libraries/opensrc/libupnp/ixml/ixmlparser.o
 .data          0x000000000001a550        0x0 /usr1/xuhui/DT-W724V-20140311/output/package/atp/libraries/opensrc/libupnp/ixml/namedNodeMap.o
 .data          0x000000000001a550        0x0 /usr1/xuhui/DT-W724V-20140311/output/package/atp/libraries/opensrc/libupnp/ixml/node.o
 .data          0x000000000001a550        0x0 /usr1/xuhui/DT-W724V-20140311/output/package/atp/libraries/opensrc/libupnp/ixml/nodeList.o
 .data          0x000000000001a550        0x0 /opt/toolchains/crosstools-mips-gcc-4.6-linux-3.4-uclibc-0.9.32-binutils-2.21/usr/lib/gcc/mips-unknown-linux-uclibc/4.6.2/crtendS.o
 .data          0x000000000001a550        0x0 /usr1/xuhui/DT-W724V-20140311/output/host/usr/mips-unknown-linux-uclibc/sysroot/usr/lib/crtn.o

.data1
 *(.data1)

.got.plt        0x000000000001a550        0x0
 *(.got.plt)
 .got.plt       0x0000000000000000        0x0 /usr1/xuhui/DT-W724V-20140311/output/host/usr/mips-unknown-linux-uclibc/sysroot/usr/lib/crti.o
                0x000000000001a550                . = .
                0x0000000000022540                _gp = (ALIGN (0x10) + 0x7ff0)

.got            0x000000000001a550      0x178
 *(.got)
 .got           0x000000000001a550      0x178 /usr1/xuhui/DT-W724V-20140311/output/host/usr/mips-unknown-linux-uclibc/sysroot/usr/lib/crti.o
                0x000000000001a550                _GLOBAL_OFFSET_TABLE_

.sdata          0x000000000001a6c8        0x4
 *(.sdata2 .sdata2.* .gnu.linkonce.s2.*)
 *(.sdata .sdata.* .gnu.linkonce.s.*)
 .sdata         0x000000000001a6c8        0x4 /opt/toolchains/crosstools-mips-gcc-4.6-linux-3.4-uclibc-0.9.32-binutils-2.21/usr/lib/gcc/mips-unknown-linux-uclibc/4.6.2/crtbeginS.o
                0x000000000001a6c8                __dso_handle

.lit8
 *(.lit8)

.lit4
 *(.lit4)
                0x000000000001a6cc                _edata = .
                0x000000000001a6cc                PROVIDE (edata, .)
                0x000000000001a6cc                __bss_start = .
                0x000000000001a6cc                _fbss = .

.sbss
 *(.sbss2 .sbss2.* .gnu.linkonce.sb2.*)
 *(.dynsbss)
 *(.sbss .sbss.* .gnu.linkonce.sb.*)
 *(.scommon)

.bss            0x000000000001a6d0       0x30
 *(.dynbss)
 .dynbss        0x0000000000000000        0x0 /usr1/xuhui/DT-W724V-20140311/output/host/usr/mips-unknown-linux-uclibc/sysroot/usr/lib/crti.o
 *(.bss .bss.* .gnu.linkonce.b.*)
 .bss           0x000000000001a6d0        0x0 /usr1/xuhui/DT-W724V-20140311/output/host/usr/mips-unknown-linux-uclibc/sysroot/usr/lib/crti.o
 .bss           0x000000000001a6d0       0x20 /opt/toolchains/crosstools-mips-gcc-4.6-linux-3.4-uclibc-0.9.32-binutils-2.21/usr/lib/gcc/mips-unknown-linux-uclibc/4.6.2/crtbeginS.o
 .bss           0x000000000001a6f0        0x0 /usr1/xuhui/DT-W724V-20140311/output/package/atp/libraries/opensrc/libupnp/ixml/attr.o
 .bss           0x000000000001a6f0        0x0 /usr1/xuhui/DT-W724V-20140311/output/package/atp/libraries/opensrc/libupnp/ixml/document.o
 .bss           0x000000000001a6f0        0x0 /usr1/xuhui/DT-W724V-20140311/output/package/atp/libraries/opensrc/libupnp/ixml/element.o
 .bss           0x000000000001a6f0        0x0 /usr1/xuhui/DT-W724V-20140311/output/package/atp/libraries/opensrc/libupnp/ixml/ixml.o
 .bss           0x000000000001a6f0        0x0 /usr1/xuhui/DT-W724V-20140311/output/package/atp/libraries/opensrc/libupnp/ixml/ixmlmembuf.o
 .bss           0x000000000001a6f0       0x10 /usr1/xuhui/DT-W724V-20140311/output/package/atp/libraries/opensrc/libupnp/ixml/ixmlparser.o
 .bss           0x000000000001a700        0x0 /usr1/xuhui/DT-W724V-20140311/output/package/atp/libraries/opensrc/libupnp/ixml/namedNodeMap.o
 .bss           0x000000000001a700        0x0 /usr1/xuhui/DT-W724V-20140311/output/package/atp/libraries/opensrc/libupnp/ixml/node.o
 .bss           0x000000000001a700        0x0 /usr1/xuhui/DT-W724V-20140311/output/package/atp/libraries/opensrc/libupnp/ixml/nodeList.o
 .bss           0x000000000001a700        0x0 /opt/toolchains/crosstools-mips-gcc-4.6-linux-3.4-uclibc-0.9.32-binutils-2.21/usr/lib/gcc/mips-unknown-linux-uclibc/4.6.2/crtendS.o
 .bss           0x000000000001a700        0x0 /usr1/xuhui/DT-W724V-20140311/output/host/usr/mips-unknown-linux-uclibc/sysroot/usr/lib/crtn.o
 *(COMMON)
                0x000000000001a700                . = ALIGN ((. != 0x0)?0x4:0x1)
                0x000000000001a700                . = ALIGN (0x4)
                0x000000000001a700                . = ALIGN (0x4)
                0x000000000001a700                _end = .
                0x000000000001a700                PROVIDE (end, .)
                0x000000000001a700                . = DATA_SEGMENT_END (.)

.stab
 *(.stab)

.stabstr
 *(.stabstr)

.stab.excl
 *(.stab.excl)

.stab.exclstr
 *(.stab.exclstr)

.stab.index
 *(.stab.index)

.stab.indexstr
 *(.stab.indexstr)

.pdr            0x0000000000000000     0x11a0
 .pdr           0x0000000000000000       0x40 /usr1/xuhui/DT-W724V-20140311/output/host/usr/mips-unknown-linux-uclibc/sysroot/usr/lib/crti.o
 .pdr           0x0000000000000040        0x0 /opt/toolchains/crosstools-mips-gcc-4.6-linux-3.4-uclibc-0.9.32-binutils-2.21/usr/lib/gcc/mips-unknown-linux-uclibc/4.6.2/crtbeginS.o
 .pdr           0x0000000000000040       0x40 /usr1/xuhui/DT-W724V-20140311/output/package/atp/libraries/opensrc/libupnp/ixml/attr.o
 .pdr           0x0000000000000080      0x2a0 /usr1/xuhui/DT-W724V-20140311/output/package/atp/libraries/opensrc/libupnp/ixml/document.o
 .pdr           0x0000000000000320      0x260 /usr1/xuhui/DT-W724V-20140311/output/package/atp/libraries/opensrc/libupnp/ixml/element.o
 .pdr           0x0000000000000580      0x1e0 /usr1/xuhui/DT-W724V-20140311/output/package/atp/libraries/opensrc/libupnp/ixml/ixml.o
 .pdr           0x0000000000000760      0x100 /usr1/xuhui/DT-W724V-20140311/output/package/atp/libraries/opensrc/libupnp/ixml/ixmlmembuf.o
 .pdr           0x0000000000000860      0x260 /usr1/xuhui/DT-W724V-20140311/output/package/atp/libraries/opensrc/libupnp/ixml/ixmlparser.o
 .pdr           0x0000000000000ac0       0xc0 /usr1/xuhui/DT-W724V-20140311/output/package/atp/libraries/opensrc/libupnp/ixml/namedNodeMap.o
 .pdr           0x0000000000000b80      0x540 /usr1/xuhui/DT-W724V-20140311/output/package/atp/libraries/opensrc/libupnp/ixml/node.o
 .pdr           0x00000000000010c0       0xa0 /usr1/xuhui/DT-W724V-20140311/output/package/atp/libraries/opensrc/libupnp/ixml/nodeList.o
 .pdr           0x0000000000001160        0x0 /opt/toolchains/crosstools-mips-gcc-4.6-linux-3.4-uclibc-0.9.32-binutils-2.21/usr/lib/gcc/mips-unknown-linux-uclibc/4.6.2/crtendS.o
 .pdr           0x0000000000001160       0x40 /usr1/xuhui/DT-W724V-20140311/output/host/usr/mips-unknown-linux-uclibc/sysroot/usr/lib/crtn.o

.comment        0x0000000000000000       0x30
 *(.comment)
 .comment       0x0000000000000000       0x11 /usr1/xuhui/DT-W724V-20140311/output/host/usr/mips-unknown-linux-uclibc/sysroot/usr/lib/crti.o
                                         0x12 (size before relaxing)
 .comment       0x0000000000000011       0x1f /opt/toolchains/crosstools-mips-gcc-4.6-linux-3.4-uclibc-0.9.32-binutils-2.21/usr/lib/gcc/mips-unknown-linux-uclibc/4.6.2/crtbeginS.o
                                         0x20 (size before relaxing)
 .comment       0x0000000000000000       0x20 /usr1/xuhui/DT-W724V-20140311/output/package/atp/libraries/opensrc/libupnp/ixml/attr.o
 .comment       0x0000000000000000       0x20 /usr1/xuhui/DT-W724V-20140311/output/package/atp/libraries/opensrc/libupnp/ixml/document.o
 .comment       0x0000000000000000       0x20 /usr1/xuhui/DT-W724V-20140311/output/package/atp/libraries/opensrc/libupnp/ixml/element.o
 .comment       0x0000000000000000       0x20 /usr1/xuhui/DT-W724V-20140311/output/package/atp/libraries/opensrc/libupnp/ixml/ixml.o
 .comment       0x0000000000000000       0x20 /usr1/xuhui/DT-W724V-20140311/output/package/atp/libraries/opensrc/libupnp/ixml/ixmlmembuf.o
 .comment       0x0000000000000000       0x20 /usr1/xuhui/DT-W724V-20140311/output/package/atp/libraries/opensrc/libupnp/ixml/ixmlparser.o
 .comment       0x0000000000000000       0x20 /usr1/xuhui/DT-W724V-20140311/output/package/atp/libraries/opensrc/libupnp/ixml/namedNodeMap.o
 .comment       0x0000000000000000       0x20 /usr1/xuhui/DT-W724V-20140311/output/package/atp/libraries/opensrc/libupnp/ixml/node.o
 .comment       0x0000000000000000       0x20 /usr1/xuhui/DT-W724V-20140311/output/package/atp/libraries/opensrc/libupnp/ixml/nodeList.o
 .comment       0x0000000000000000       0x20 /opt/toolchains/crosstools-mips-gcc-4.6-linux-3.4-uclibc-0.9.32-binutils-2.21/usr/lib/gcc/mips-unknown-linux-uclibc/4.6.2/crtendS.o
 .comment       0x0000000000000000       0x12 /usr1/xuhui/DT-W724V-20140311/output/host/usr/mips-unknown-linux-uclibc/sysroot/usr/lib/crtn.o

.debug
 *(.debug)

.line
 *(.line)

.debug_srcinfo
 *(.debug_srcinfo .zdebug_srcinfo)

.debug_sfnames
 *(.debug_sfnames .zdebug_sfnames)

.debug_aranges
 *(.debug_aranges .zdebug_aranges)

.debug_pubnames
 *(.debug_pubnames .zdebug_pubnames)

.debug_info
 *(.debug_info .gnu.linkonce.wi.* .zdebug_info)

.debug_abbrev
 *(.debug_abbrev .zdebug_abbrev)

.debug_line
 *(.debug_line .zdebug_line)

.debug_frame
 *(.debug_frame .zdebug_frame)

.debug_str
 *(.debug_str .zdebug_str)

.debug_loc
 *(.debug_loc .zdebug_loc)

.debug_macinfo
 *(.debug_macinfo .zdebug_macinfo)

.debug_weaknames
 *(.debug_weaknames .zdebug_weaknames)

.debug_funcnames
 *(.debug_funcnames .zdebug_funcnames)

.debug_typenames
 *(.debug_typenames .zdebug_typenames)

.debug_varnames
 *(.debug_varnames .zdebug_varnames)

.debug_pubtypes
 *(.debug_pubtypes .zdebug_pubtypes)

.debug_ranges
 *(.debug_ranges .zdebug_ranges)

.gnu.attributes
                0x0000000000000000       0x10
 *(.gnu.attributes)
 .gnu.attributes
                0x0000000000000000       0x10 /opt/toolchains/crosstools-mips-gcc-4.6-linux-3.4-uclibc-0.9.32-binutils-2.21/usr/lib/gcc/mips-unknown-linux-uclibc/4.6.2/crtbeginS.o
 .gnu.attributes
                0x0000000000000010       0x10 /usr1/xuhui/DT-W724V-20140311/output/package/atp/libraries/opensrc/libupnp/ixml/attr.o
 .gnu.attributes
                0x0000000000000020       0x10 /usr1/xuhui/DT-W724V-20140311/output/package/atp/libraries/opensrc/libupnp/ixml/document.o
 .gnu.attributes
                0x0000000000000030       0x10 /usr1/xuhui/DT-W724V-20140311/output/package/atp/libraries/opensrc/libupnp/ixml/element.o
 .gnu.attributes
                0x0000000000000040       0x10 /usr1/xuhui/DT-W724V-20140311/output/package/atp/libraries/opensrc/libupnp/ixml/ixml.o
 .gnu.attributes
                0x0000000000000050       0x10 /usr1/xuhui/DT-W724V-20140311/output/package/atp/libraries/opensrc/libupnp/ixml/ixmlmembuf.o
 .gnu.attributes
                0x0000000000000060       0x10 /usr1/xuhui/DT-W724V-20140311/output/package/atp/libraries/opensrc/libupnp/ixml/ixmlparser.o
 .gnu.attributes
                0x0000000000000070       0x10 /usr1/xuhui/DT-W724V-20140311/output/package/atp/libraries/opensrc/libupnp/ixml/namedNodeMap.o
 .gnu.attributes
                0x0000000000000080       0x10 /usr1/xuhui/DT-W724V-20140311/output/package/atp/libraries/opensrc/libupnp/ixml/node.o
 .gnu.attributes
                0x0000000000000090       0x10 /usr1/xuhui/DT-W724V-20140311/output/package/atp/libraries/opensrc/libupnp/ixml/nodeList.o
 .gnu.attributes
                0x00000000000000a0       0x10 /opt/toolchains/crosstools-mips-gcc-4.6-linux-3.4-uclibc-0.9.32-binutils-2.21/usr/lib/gcc/mips-unknown-linux-uclibc/4.6.2/crtendS.o

.gptab.sdata
 *(.gptab.data)
 *(.gptab.sdata)

.gptab.sbss
 *(.gptab.bss)
 *(.gptab.sbss)

.mdebug.abi32   0x000000000001a700        0x0
 *(.mdebug.abi32)
 .mdebug.abi32  0x000000000001a700        0x0 /usr1/xuhui/DT-W724V-20140311/output/host/usr/mips-unknown-linux-uclibc/sysroot/usr/lib/crti.o
 .mdebug.abi32  0x000000000001a700        0x0 /opt/toolchains/crosstools-mips-gcc-4.6-linux-3.4-uclibc-0.9.32-binutils-2.21/usr/lib/gcc/mips-unknown-linux-uclibc/4.6.2/crtbeginS.o
 .mdebug.abi32  0x000000000001a700        0x0 /usr1/xuhui/DT-W724V-20140311/output/package/atp/libraries/opensrc/libupnp/ixml/attr.o
 .mdebug.abi32  0x000000000001a700        0x0 /usr1/xuhui/DT-W724V-20140311/output/package/atp/libraries/opensrc/libupnp/ixml/document.o
 .mdebug.abi32  0x000000000001a700        0x0 /usr1/xuhui/DT-W724V-20140311/output/package/atp/libraries/opensrc/libupnp/ixml/element.o
 .mdebug.abi32  0x000000000001a700        0x0 /usr1/xuhui/DT-W724V-20140311/output/package/atp/libraries/opensrc/libupnp/ixml/ixml.o
 .mdebug.abi32  0x000000000001a700        0x0 /usr1/xuhui/DT-W724V-20140311/output/package/atp/libraries/opensrc/libupnp/ixml/ixmlmembuf.o
 .mdebug.abi32  0x000000000001a700        0x0 /usr1/xuhui/DT-W724V-20140311/output/package/atp/libraries/opensrc/libupnp/ixml/ixmlparser.o
 .mdebug.abi32  0x000000000001a700        0x0 /usr1/xuhui/DT-W724V-20140311/output/package/atp/libraries/opensrc/libupnp/ixml/namedNodeMap.o
 .mdebug.abi32  0x000000000001a700        0x0 /usr1/xuhui/DT-W724V-20140311/output/package/atp/libraries/opensrc/libupnp/ixml/node.o
 .mdebug.abi32  0x000000000001a700        0x0 /usr1/xuhui/DT-W724V-20140311/output/package/atp/libraries/opensrc/libupnp/ixml/nodeList.o
 .mdebug.abi32  0x000000000001a700        0x0 /opt/toolchains/crosstools-mips-gcc-4.6-linux-3.4-uclibc-0.9.32-binutils-2.21/usr/lib/gcc/mips-unknown-linux-uclibc/4.6.2/crtendS.o
 .mdebug.abi32  0x000000000001a700        0x0 /usr1/xuhui/DT-W724V-20140311/output/host/usr/mips-unknown-linux-uclibc/sysroot/usr/lib/crtn.o

.mdebug.abiN32
 *(.mdebug.abiN32)

.mdebug.abi64
 *(.mdebug.abi64)

.mdebug.abiO64
 *(.mdebug.abiO64)

.mdebug.eabi32
 *(.mdebug.eabi32)

.mdebug.eabi64
 *(.mdebug.eabi64)

.gcc_compiled_long32
 *(.gcc_compiled_long32)

.gcc_compiled_long64
 *(.gcc_compiled_long64)

/DISCARD/
 *(.note.GNU-stack)
 *(.gnu_debuglink)
 *(.gnu.lto_*)
OUTPUT(/usr1/xuhui/DT-W724V-20140311/output/package/atp/libraries/opensrc/libupnp/ixml/libixml.so elf32-tradbigmips)
